ROOT: 207 D setup logging to DEBUG on pid 602529 [tox/report.py:221]
.pkg: 364 I find interpreter for spec PythonSpec(major=3, minor=11) [virtualenv/discovery/builtin.py:73]
.pkg: 365 D filesystem is case-sensitive [virtualenv/info.py:25]
.pkg: 365 I proposed PythonInfo(spec=CPython3.12.7.final.0-64, exe=/usr/bin/python, platform=linux, version='3.12.7 (main, Oct  1 2024, 11:15:50) [GCC 14.2.1 20240910]', encoding_fs_io=utf-8-utf-8) [virtualenv/discovery/builtin.py:80]
.pkg: 365 D discover PATH[0]=/home/kalle/projects/opengis/georama/.venv/bin [virtualenv/discovery/builtin.py:149]
.pkg: 367 D got python info of %s from (PosixPath('/home/kalle/projects/opengis/georama/.venv/bin/python3'), PosixPath('/home/kalle/.local/share/virtualenv/py_info/1/9f16c50666aa046809350f0916db9582445a84ae2df89b2efb735b8b76ad031d.json')) [virtualenv/app_data/via_disk_folder.py:131]
.pkg: 367 D discover exe for PathPythonInfo(spec=CPython3.10.4.final.0-64, exe=/home/kalle/projects/opengis/georama/.venv/bin/python3, platform=linux, version='3.10.4 (main, May 23 2024, 22:41:52) [GCC 14.1.1 20240507]', encoding_fs_io=utf-8-utf-8) in /home/kalle/.pyenv/versions/3.10.4 [virtualenv/discovery/py_info.py:437]
.pkg: 369 D got python info of %s from (PosixPath('/home/kalle/.pyenv/versions/3.10.4/bin/python3.10'), PosixPath('/home/kalle/.local/share/virtualenv/py_info/1/53f9a2c22fc57988c26f78387a6c1bbc0f73b5f3f5be7dd78154d32bc4d6e362.json')) [virtualenv/app_data/via_disk_folder.py:131]
.pkg: 369 I proposed PathPythonInfo(spec=CPython3.10.4.final.0-64, system=/home/kalle/.pyenv/versions/3.10.4/bin/python3.10, exe=/home/kalle/projects/opengis/georama/.venv/bin/python3, platform=linux, version='3.10.4 (main, May 23 2024, 22:41:52) [GCC 14.1.1 20240507]', encoding_fs_io=utf-8-utf-8) [virtualenv/discovery/builtin.py:80]
.pkg: 369 D discover PATH[1]=/home/kalle/.nvm/versions/node/v20.18.0/bin [virtualenv/discovery/builtin.py:149]
.pkg: 370 D discover PATH[2]=/home/kalle/.pyenv/shims [virtualenv/discovery/builtin.py:149]
.pkg: 370 D got python info of %s from (PosixPath('/home/kalle/.pyenv/shims/python3'), PosixPath('/home/kalle/.local/share/virtualenv/py_info/1/752ef4b005ba095d26ca3731709c526317b9113dd32ba464ef0a673359e44d69.json')) [virtualenv/app_data/via_disk_folder.py:131]
.pkg: 372 D got python info of %s from (PosixPath('/home/kalle/.pyenv/versions/3.10.4/bin/python3'), PosixPath('/home/kalle/.local/share/virtualenv/py_info/1/73d713d6f2e5ddc2da12f4283fe7dbad8e780592111d2b0451e525689acbd97f.json')) [virtualenv/app_data/via_disk_folder.py:131]
.pkg: 372 I proposed PathPythonInfo(spec=CPython3.10.4.final.0-64, system=/home/kalle/.pyenv/versions/3.10.4/bin/python3, exe=/home/kalle/.pyenv/shims/python3, platform=linux, version='3.10.4 (main, May 23 2024, 22:41:52) [GCC 14.1.1 20240507]', encoding_fs_io=utf-8-utf-8) [virtualenv/discovery/builtin.py:80]
.pkg: 372 D discover PATH[3]=/home/kalle/perl5/bin [virtualenv/discovery/builtin.py:149]
.pkg: 373 D discover PATH[4]=/home/kalle/.local/bin [virtualenv/discovery/builtin.py:149]
.pkg: 373 D discover PATH[5]=/usr/local/sbin [virtualenv/discovery/builtin.py:149]
.pkg: 373 D discover PATH[6]=/usr/local/bin [virtualenv/discovery/builtin.py:149]
.pkg: 373 D discover PATH[7]=/usr/bin [virtualenv/discovery/builtin.py:149]
.pkg: 396 D got python info of %s from (PosixPath('/usr/bin/python3'), PosixPath('/home/kalle/.local/share/virtualenv/py_info/1/31f2aee4e71d21fbe5cf8b01ff0e069b9275f58929596ceb00d14d90e3e16cd6.json')) [virtualenv/app_data/via_disk_folder.py:131]
.pkg: 397 I proposed PathPythonInfo(spec=CPython3.12.7.final.0-64, exe=/usr/bin/python3, platform=linux, version='3.12.7 (main, Oct  1 2024, 11:15:50) [GCC 14.2.1 20240910]', encoding_fs_io=utf-8-utf-8) [virtualenv/discovery/builtin.py:80]
.pkg: 398 D discover PATH[8]=/var/lib/flatpak/exports/bin [virtualenv/discovery/builtin.py:149]
.pkg: 398 D discover PATH[9]=/usr/lib/jvm/default/bin [virtualenv/discovery/builtin.py:149]
.pkg: 399 D discover PATH[10]=/usr/bin/site_perl [virtualenv/discovery/builtin.py:149]
.pkg: 399 D discover PATH[11]=/usr/bin/vendor_perl [virtualenv/discovery/builtin.py:149]
.pkg: 399 D discover PATH[12]=/usr/bin/core_perl [virtualenv/discovery/builtin.py:149]
.pkg: 399 D discover PATH[13]=/home/kalle/.local/share/JetBrains/Toolbox/scripts [virtualenv/discovery/builtin.py:149]
.pkg: 405 I find interpreter for spec PythonSpec(major=3, minor=11) [virtualenv/discovery/builtin.py:73]
.pkg: 405 I proposed PythonInfo(spec=CPython3.12.7.final.0-64, exe=/usr/bin/python, platform=linux, version='3.12.7 (main, Oct  1 2024, 11:15:50) [GCC 14.2.1 20240910]', encoding_fs_io=utf-8-utf-8) [virtualenv/discovery/builtin.py:80]
.pkg: 405 D discover PATH[0]=/home/kalle/projects/opengis/georama/.venv/bin [virtualenv/discovery/builtin.py:149]
.pkg: 406 D discover exe from cache /home/kalle/.pyenv/versions/3.10.4 - exact False: PathPythonInfo({'architecture': 64, 'base_exec_prefix': '/home/kalle/.pyenv/versions/3.10.4', 'base_prefix': '/home/kalle/.pyenv/versions/3.10.4', 'distutils_install': {'data': '', 'headers': 'include/python3.10/UNKNOWN', 'platlib': 'lib/python3.10/site-packages', 'purelib': 'lib/python3.10/site-packages', 'scripts': 'bin'}, 'exec_prefix': '/home/kalle/.pyenv/versions/3.10.4', 'executable': '/home/kalle/projects/opengis/georama/.venv/bin/python3', 'file_system_encoding': 'utf-8', 'has_venv': True, 'implementation': 'CPython', 'max_size': 9223372036854775807, 'original_executable': '/home/kalle/.pyenv/versions/3.10.4/bin/python3.10', 'os': 'posix', 'path': ['/usr/lib/python3.12/site-packages/virtualenv/discovery', '/home/kalle/.pyenv/versions/3.10.4/lib/python310.zip', '/home/kalle/.pyenv/versions/3.10.4/lib/python3.10', '/home/kalle/.pyenv/versions/3.10.4/lib/python3.10/lib-dynload', '/home/kalle/.local/lib/python3.10/site-packages', '/home/kalle/.pyenv/versions/3.10.4/lib/python3.10/site-packages'], 'platform': 'linux', 'prefix': '/home/kalle/.pyenv/versions/3.10.4', 'real_prefix': None, 'stdout_encoding': 'utf-8', 'sysconfig': {'makefile_filename': '/home/kalle/.pyenv/versions/3.10.4/lib/python3.10/config-3.10-x86_64-linux-gnu/Makefile'}, 'sysconfig_paths': {'data': '{base}', 'include': '{installed_base}/include/python{py_version_short}{abiflags}', 'platlib': '{platbase}/{platlibdir}/python{py_version_short}/site-packages', 'platstdlib': '{platbase}/{platlibdir}/python{py_version_short}', 'purelib': '{base}/lib/python{py_version_short}/site-packages', 'scripts': '{base}/bin', 'stdlib': '{installed_base}/{platlibdir}/python{py_version_short}'}, 'sysconfig_scheme': None, 'sysconfig_vars': {'PYTHONFRAMEWORK': '', 'abiflags': '', 'base': '/home/kalle/.pyenv/versions/3.10.4', 'installed_base': '/home/kalle/.pyenv/versions/3.10.4', 'platbase': '/home/kalle/.pyenv/versions/3.10.4', 'platlibdir': 'lib', 'py_version_short': '3.10'}, 'system_executable': '/home/kalle/.pyenv/versions/3.10.4/bin/python3.10', 'system_stdlib': '/home/kalle/.pyenv/versions/3.10.4/lib/python3.10', 'system_stdlib_platform': '/home/kalle/.pyenv/versions/3.10.4/lib/python3.10', 'version': '3.10.4 (main, May 23 2024, 22:41:52) [GCC 14.1.1 20240507]', 'version_info': VersionInfo(major=3, minor=10, micro=4, releaselevel='final', serial=0), 'version_nodot': '310'}) [virtualenv/discovery/py_info.py:435]
.pkg: 406 I proposed PathPythonInfo(spec=CPython3.10.4.final.0-64, system=/home/kalle/.pyenv/versions/3.10.4/bin/python3.10, exe=/home/kalle/projects/opengis/georama/.venv/bin/python3, platform=linux, version='3.10.4 (main, May 23 2024, 22:41:52) [GCC 14.1.1 20240507]', encoding_fs_io=utf-8-utf-8) [virtualenv/discovery/builtin.py:80]
.pkg: 406 D discover PATH[1]=/home/kalle/.nvm/versions/node/v20.18.0/bin [virtualenv/discovery/builtin.py:149]
.pkg: 406 D discover PATH[2]=/home/kalle/.pyenv/shims [virtualenv/discovery/builtin.py:149]
.pkg: 406 I proposed PathPythonInfo(spec=CPython3.10.4.final.0-64, system=/home/kalle/.pyenv/versions/3.10.4/bin/python3, exe=/home/kalle/.pyenv/shims/python3, platform=linux, version='3.10.4 (main, May 23 2024, 22:41:52) [GCC 14.1.1 20240507]', encoding_fs_io=utf-8-utf-8) [virtualenv/discovery/builtin.py:80]
.pkg: 407 D discover PATH[3]=/home/kalle/perl5/bin [virtualenv/discovery/builtin.py:149]
.pkg: 407 D discover PATH[4]=/home/kalle/.local/bin [virtualenv/discovery/builtin.py:149]
.pkg: 407 D discover PATH[5]=/usr/local/sbin [virtualenv/discovery/builtin.py:149]
.pkg: 407 D discover PATH[6]=/usr/local/bin [virtualenv/discovery/builtin.py:149]
.pkg: 408 D discover PATH[7]=/usr/bin [virtualenv/discovery/builtin.py:149]
.pkg: 431 I proposed PathPythonInfo(spec=CPython3.12.7.final.0-64, exe=/usr/bin/python3, platform=linux, version='3.12.7 (main, Oct  1 2024, 11:15:50) [GCC 14.2.1 20240910]', encoding_fs_io=utf-8-utf-8) [virtualenv/discovery/builtin.py:80]
.pkg: 432 D discover PATH[8]=/var/lib/flatpak/exports/bin [virtualenv/discovery/builtin.py:149]
.pkg: 433 D discover PATH[9]=/usr/lib/jvm/default/bin [virtualenv/discovery/builtin.py:149]
.pkg: 433 D discover PATH[10]=/usr/bin/site_perl [virtualenv/discovery/builtin.py:149]
.pkg: 433 D discover PATH[11]=/usr/bin/vendor_perl [virtualenv/discovery/builtin.py:149]
.pkg: 433 D discover PATH[12]=/usr/bin/core_perl [virtualenv/discovery/builtin.py:149]
.pkg: 434 D discover PATH[13]=/home/kalle/.local/share/JetBrains/Toolbox/scripts [virtualenv/discovery/builtin.py:149]
.pkg: 439 I find interpreter for spec PythonSpec(major=3, minor=11) [virtualenv/discovery/builtin.py:73]
.pkg: 439 I proposed PythonInfo(spec=CPython3.12.7.final.0-64, exe=/usr/bin/python, platform=linux, version='3.12.7 (main, Oct  1 2024, 11:15:50) [GCC 14.2.1 20240910]', encoding_fs_io=utf-8-utf-8) [virtualenv/discovery/builtin.py:80]
.pkg: 439 D discover PATH[0]=/home/kalle/projects/opengis/georama/.venv/bin [virtualenv/discovery/builtin.py:149]
.pkg: 440 D discover exe from cache /home/kalle/.pyenv/versions/3.10.4 - exact False: PathPythonInfo({'architecture': 64, 'base_exec_prefix': '/home/kalle/.pyenv/versions/3.10.4', 'base_prefix': '/home/kalle/.pyenv/versions/3.10.4', 'distutils_install': {'data': '', 'headers': 'include/python3.10/UNKNOWN', 'platlib': 'lib/python3.10/site-packages', 'purelib': 'lib/python3.10/site-packages', 'scripts': 'bin'}, 'exec_prefix': '/home/kalle/.pyenv/versions/3.10.4', 'executable': '/home/kalle/projects/opengis/georama/.venv/bin/python3', 'file_system_encoding': 'utf-8', 'has_venv': True, 'implementation': 'CPython', 'max_size': 9223372036854775807, 'original_executable': '/home/kalle/.pyenv/versions/3.10.4/bin/python3.10', 'os': 'posix', 'path': ['/usr/lib/python3.12/site-packages/virtualenv/discovery', '/home/kalle/.pyenv/versions/3.10.4/lib/python310.zip', '/home/kalle/.pyenv/versions/3.10.4/lib/python3.10', '/home/kalle/.pyenv/versions/3.10.4/lib/python3.10/lib-dynload', '/home/kalle/.local/lib/python3.10/site-packages', '/home/kalle/.pyenv/versions/3.10.4/lib/python3.10/site-packages'], 'platform': 'linux', 'prefix': '/home/kalle/.pyenv/versions/3.10.4', 'real_prefix': None, 'stdout_encoding': 'utf-8', 'sysconfig': {'makefile_filename': '/home/kalle/.pyenv/versions/3.10.4/lib/python3.10/config-3.10-x86_64-linux-gnu/Makefile'}, 'sysconfig_paths': {'data': '{base}', 'include': '{installed_base}/include/python{py_version_short}{abiflags}', 'platlib': '{platbase}/{platlibdir}/python{py_version_short}/site-packages', 'platstdlib': '{platbase}/{platlibdir}/python{py_version_short}', 'purelib': '{base}/lib/python{py_version_short}/site-packages', 'scripts': '{base}/bin', 'stdlib': '{installed_base}/{platlibdir}/python{py_version_short}'}, 'sysconfig_scheme': None, 'sysconfig_vars': {'PYTHONFRAMEWORK': '', 'abiflags': '', 'base': '/home/kalle/.pyenv/versions/3.10.4', 'installed_base': '/home/kalle/.pyenv/versions/3.10.4', 'platbase': '/home/kalle/.pyenv/versions/3.10.4', 'platlibdir': 'lib', 'py_version_short': '3.10'}, 'system_executable': '/home/kalle/.pyenv/versions/3.10.4/bin/python3.10', 'system_stdlib': '/home/kalle/.pyenv/versions/3.10.4/lib/python3.10', 'system_stdlib_platform': '/home/kalle/.pyenv/versions/3.10.4/lib/python3.10', 'version': '3.10.4 (main, May 23 2024, 22:41:52) [GCC 14.1.1 20240507]', 'version_info': VersionInfo(major=3, minor=10, micro=4, releaselevel='final', serial=0), 'version_nodot': '310'}) [virtualenv/discovery/py_info.py:435]
.pkg: 440 I proposed PathPythonInfo(spec=CPython3.10.4.final.0-64, system=/home/kalle/.pyenv/versions/3.10.4/bin/python3.10, exe=/home/kalle/projects/opengis/georama/.venv/bin/python3, platform=linux, version='3.10.4 (main, May 23 2024, 22:41:52) [GCC 14.1.1 20240507]', encoding_fs_io=utf-8-utf-8) [virtualenv/discovery/builtin.py:80]
.pkg: 440 D discover PATH[1]=/home/kalle/.nvm/versions/node/v20.18.0/bin [virtualenv/discovery/builtin.py:149]
.pkg: 440 D discover PATH[2]=/home/kalle/.pyenv/shims [virtualenv/discovery/builtin.py:149]
.pkg: 441 I proposed PathPythonInfo(spec=CPython3.10.4.final.0-64, system=/home/kalle/.pyenv/versions/3.10.4/bin/python3, exe=/home/kalle/.pyenv/shims/python3, platform=linux, version='3.10.4 (main, May 23 2024, 22:41:52) [GCC 14.1.1 20240507]', encoding_fs_io=utf-8-utf-8) [virtualenv/discovery/builtin.py:80]
.pkg: 441 D discover PATH[3]=/home/kalle/perl5/bin [virtualenv/discovery/builtin.py:149]
.pkg: 441 D discover PATH[4]=/home/kalle/.local/bin [virtualenv/discovery/builtin.py:149]
.pkg: 441 D discover PATH[5]=/usr/local/sbin [virtualenv/discovery/builtin.py:149]
.pkg: 441 D discover PATH[6]=/usr/local/bin [virtualenv/discovery/builtin.py:149]
.pkg: 442 D discover PATH[7]=/usr/bin [virtualenv/discovery/builtin.py:149]
.pkg: 465 I proposed PathPythonInfo(spec=CPython3.12.7.final.0-64, exe=/usr/bin/python3, platform=linux, version='3.12.7 (main, Oct  1 2024, 11:15:50) [GCC 14.2.1 20240910]', encoding_fs_io=utf-8-utf-8) [virtualenv/discovery/builtin.py:80]
.pkg: 466 D discover PATH[8]=/var/lib/flatpak/exports/bin [virtualenv/discovery/builtin.py:149]
.pkg: 467 D discover PATH[9]=/usr/lib/jvm/default/bin [virtualenv/discovery/builtin.py:149]
.pkg: 467 D discover PATH[10]=/usr/bin/site_perl [virtualenv/discovery/builtin.py:149]
.pkg: 467 D discover PATH[11]=/usr/bin/vendor_perl [virtualenv/discovery/builtin.py:149]
.pkg: 467 D discover PATH[12]=/usr/bin/core_perl [virtualenv/discovery/builtin.py:149]
.pkg: 468 D discover PATH[13]=/home/kalle/.local/share/JetBrains/Toolbox/scripts [virtualenv/discovery/builtin.py:149]
.pkg: 479 I find interpreter for spec PythonSpec(major=3, minor=10) [virtualenv/discovery/builtin.py:73]
.pkg: 479 I proposed PythonInfo(spec=CPython3.12.7.final.0-64, exe=/usr/bin/python, platform=linux, version='3.12.7 (main, Oct  1 2024, 11:15:50) [GCC 14.2.1 20240910]', encoding_fs_io=utf-8-utf-8) [virtualenv/discovery/builtin.py:80]
.pkg: 479 D discover PATH[0]=/home/kalle/projects/opengis/georama/.venv/bin [virtualenv/discovery/builtin.py:149]
.pkg: 480 D got python info of %s from (PosixPath('/home/kalle/projects/opengis/georama/.venv/bin/python3.10'), PosixPath('/home/kalle/.local/share/virtualenv/py_info/1/3c109eba4407bd5f7ff93831add49727172c2289383515f0fda750f939c8bb4c.json')) [virtualenv/app_data/via_disk_folder.py:131]
.pkg: 481 D discover exe from cache /home/kalle/.pyenv/versions/3.10.4 - exact False: PathPythonInfo({'architecture': 64, 'base_exec_prefix': '/home/kalle/.pyenv/versions/3.10.4', 'base_prefix': '/home/kalle/.pyenv/versions/3.10.4', 'distutils_install': {'data': '', 'headers': 'include/python3.10/UNKNOWN', 'platlib': 'lib/python3.10/site-packages', 'purelib': 'lib/python3.10/site-packages', 'scripts': 'bin'}, 'exec_prefix': '/home/kalle/.pyenv/versions/3.10.4', 'executable': '/home/kalle/projects/opengis/georama/.venv/bin/python3', 'file_system_encoding': 'utf-8', 'has_venv': True, 'implementation': 'CPython', 'max_size': 9223372036854775807, 'original_executable': '/home/kalle/.pyenv/versions/3.10.4/bin/python3.10', 'os': 'posix', 'path': ['/usr/lib/python3.12/site-packages/virtualenv/discovery', '/home/kalle/.pyenv/versions/3.10.4/lib/python310.zip', '/home/kalle/.pyenv/versions/3.10.4/lib/python3.10', '/home/kalle/.pyenv/versions/3.10.4/lib/python3.10/lib-dynload', '/home/kalle/.local/lib/python3.10/site-packages', '/home/kalle/.pyenv/versions/3.10.4/lib/python3.10/site-packages'], 'platform': 'linux', 'prefix': '/home/kalle/.pyenv/versions/3.10.4', 'real_prefix': None, 'stdout_encoding': 'utf-8', 'sysconfig': {'makefile_filename': '/home/kalle/.pyenv/versions/3.10.4/lib/python3.10/config-3.10-x86_64-linux-gnu/Makefile'}, 'sysconfig_paths': {'data': '{base}', 'include': '{installed_base}/include/python{py_version_short}{abiflags}', 'platlib': '{platbase}/{platlibdir}/python{py_version_short}/site-packages', 'platstdlib': '{platbase}/{platlibdir}/python{py_version_short}', 'purelib': '{base}/lib/python{py_version_short}/site-packages', 'scripts': '{base}/bin', 'stdlib': '{installed_base}/{platlibdir}/python{py_version_short}'}, 'sysconfig_scheme': None, 'sysconfig_vars': {'PYTHONFRAMEWORK': '', 'abiflags': '', 'base': '/home/kalle/.pyenv/versions/3.10.4', 'installed_base': '/home/kalle/.pyenv/versions/3.10.4', 'platbase': '/home/kalle/.pyenv/versions/3.10.4', 'platlibdir': 'lib', 'py_version_short': '3.10'}, 'system_executable': '/home/kalle/.pyenv/versions/3.10.4/bin/python3.10', 'system_stdlib': '/home/kalle/.pyenv/versions/3.10.4/lib/python3.10', 'system_stdlib_platform': '/home/kalle/.pyenv/versions/3.10.4/lib/python3.10', 'version': '3.10.4 (main, May 23 2024, 22:41:52) [GCC 14.1.1 20240507]', 'version_info': VersionInfo(major=3, minor=10, micro=4, releaselevel='final', serial=0), 'version_nodot': '310'}) [virtualenv/discovery/py_info.py:435]
.pkg: 481 I proposed PathPythonInfo(spec=CPython3.10.4.final.0-64, system=/home/kalle/.pyenv/versions/3.10.4/bin/python3.10, exe=/home/kalle/projects/opengis/georama/.venv/bin/python3.10, platform=linux, version='3.10.4 (main, May 23 2024, 22:41:52) [GCC 14.1.1 20240507]', encoding_fs_io=utf-8-utf-8) [virtualenv/discovery/builtin.py:80]
.pkg: 481 D accepted PathPythonInfo(spec=CPython3.10.4.final.0-64, system=/home/kalle/.pyenv/versions/3.10.4/bin/python3.10, exe=/home/kalle/projects/opengis/georama/.venv/bin/python3.10, platform=linux, version='3.10.4 (main, May 23 2024, 22:41:52) [GCC 14.1.1 20240507]', encoding_fs_io=utf-8-utf-8) [virtualenv/discovery/builtin.py:82]
.pkg: 526 I find interpreter for spec PythonSpec(path=/usr/bin/python) [virtualenv/discovery/builtin.py:73]
.pkg: 526 I proposed PythonInfo(spec=CPython3.12.7.final.0-64, exe=/usr/bin/python, platform=linux, version='3.12.7 (main, Oct  1 2024, 11:15:50) [GCC 14.2.1 20240910]', encoding_fs_io=utf-8-utf-8) [virtualenv/discovery/builtin.py:80]
.pkg: 526 D accepted PythonInfo(spec=CPython3.12.7.final.0-64, exe=/usr/bin/python, platform=linux, version='3.12.7 (main, Oct  1 2024, 11:15:50) [GCC 14.2.1 20240910]', encoding_fs_io=utf-8-utf-8) [virtualenv/discovery/builtin.py:82]
.pkg: 534 I find interpreter for spec PythonSpec(major=3, minor=10) [virtualenv/discovery/builtin.py:73]
.pkg: 535 I proposed PythonInfo(spec=CPython3.12.7.final.0-64, exe=/usr/bin/python, platform=linux, version='3.12.7 (main, Oct  1 2024, 11:15:50) [GCC 14.2.1 20240910]', encoding_fs_io=utf-8-utf-8) [virtualenv/discovery/builtin.py:80]
.pkg: 535 D discover PATH[0]=/home/kalle/projects/opengis/georama/.venv/bin [virtualenv/discovery/builtin.py:149]
.pkg: 535 D discover exe from cache /home/kalle/.pyenv/versions/3.10.4 - exact False: PathPythonInfo({'architecture': 64, 'base_exec_prefix': '/home/kalle/.pyenv/versions/3.10.4', 'base_prefix': '/home/kalle/.pyenv/versions/3.10.4', 'distutils_install': {'data': '', 'headers': 'include/python3.10/UNKNOWN', 'platlib': 'lib/python3.10/site-packages', 'purelib': 'lib/python3.10/site-packages', 'scripts': 'bin'}, 'exec_prefix': '/home/kalle/.pyenv/versions/3.10.4', 'executable': '/home/kalle/projects/opengis/georama/.venv/bin/python3.10', 'file_system_encoding': 'utf-8', 'has_venv': True, 'implementation': 'CPython', 'max_size': 9223372036854775807, 'original_executable': '/home/kalle/.pyenv/versions/3.10.4/bin/python3.10', 'os': 'posix', 'path': ['/usr/lib/python3.12/site-packages/virtualenv/discovery', '/home/kalle/.pyenv/versions/3.10.4/lib/python310.zip', '/home/kalle/.pyenv/versions/3.10.4/lib/python3.10', '/home/kalle/.pyenv/versions/3.10.4/lib/python3.10/lib-dynload', '/home/kalle/.local/lib/python3.10/site-packages', '/home/kalle/.pyenv/versions/3.10.4/lib/python3.10/site-packages'], 'platform': 'linux', 'prefix': '/home/kalle/.pyenv/versions/3.10.4', 'real_prefix': None, 'stdout_encoding': 'utf-8', 'sysconfig': {'makefile_filename': '/home/kalle/.pyenv/versions/3.10.4/lib/python3.10/config-3.10-x86_64-linux-gnu/Makefile'}, 'sysconfig_paths': {'data': '{base}', 'include': '{installed_base}/include/python{py_version_short}{abiflags}', 'platlib': '{platbase}/{platlibdir}/python{py_version_short}/site-packages', 'platstdlib': '{platbase}/{platlibdir}/python{py_version_short}', 'purelib': '{base}/lib/python{py_version_short}/site-packages', 'scripts': '{base}/bin', 'stdlib': '{installed_base}/{platlibdir}/python{py_version_short}'}, 'sysconfig_scheme': None, 'sysconfig_vars': {'PYTHONFRAMEWORK': '', 'abiflags': '', 'base': '/home/kalle/.pyenv/versions/3.10.4', 'installed_base': '/home/kalle/.pyenv/versions/3.10.4', 'platbase': '/home/kalle/.pyenv/versions/3.10.4', 'platlibdir': 'lib', 'py_version_short': '3.10'}, 'system_executable': '/home/kalle/.pyenv/versions/3.10.4/bin/python3.10', 'system_stdlib': '/home/kalle/.pyenv/versions/3.10.4/lib/python3.10', 'system_stdlib_platform': '/home/kalle/.pyenv/versions/3.10.4/lib/python3.10', 'version': '3.10.4 (main, May 23 2024, 22:41:52) [GCC 14.1.1 20240507]', 'version_info': VersionInfo(major=3, minor=10, micro=4, releaselevel='final', serial=0), 'version_nodot': '310'}) [virtualenv/discovery/py_info.py:435]
.pkg: 535 I proposed PathPythonInfo(spec=CPython3.10.4.final.0-64, system=/home/kalle/.pyenv/versions/3.10.4/bin/python3.10, exe=/home/kalle/projects/opengis/georama/.venv/bin/python3.10, platform=linux, version='3.10.4 (main, May 23 2024, 22:41:52) [GCC 14.1.1 20240507]', encoding_fs_io=utf-8-utf-8) [virtualenv/discovery/builtin.py:80]
.pkg: 535 D accepted PathPythonInfo(spec=CPython3.10.4.final.0-64, system=/home/kalle/.pyenv/versions/3.10.4/bin/python3.10, exe=/home/kalle/projects/opengis/georama/.venv/bin/python3.10, platform=linux, version='3.10.4 (main, May 23 2024, 22:41:52) [GCC 14.1.1 20240507]', encoding_fs_io=utf-8-utf-8) [virtualenv/discovery/builtin.py:82]
.pkg: 542 I find interpreter for spec PythonSpec(major=3, minor=10) [virtualenv/discovery/builtin.py:73]
.pkg: 542 I proposed PythonInfo(spec=CPython3.12.7.final.0-64, exe=/usr/bin/python, platform=linux, version='3.12.7 (main, Oct  1 2024, 11:15:50) [GCC 14.2.1 20240910]', encoding_fs_io=utf-8-utf-8) [virtualenv/discovery/builtin.py:80]
.pkg: 543 D discover PATH[0]=/home/kalle/projects/opengis/georama/.venv/bin [virtualenv/discovery/builtin.py:149]
.pkg: 543 D discover exe from cache /home/kalle/.pyenv/versions/3.10.4 - exact False: PathPythonInfo({'architecture': 64, 'base_exec_prefix': '/home/kalle/.pyenv/versions/3.10.4', 'base_prefix': '/home/kalle/.pyenv/versions/3.10.4', 'distutils_install': {'data': '', 'headers': 'include/python3.10/UNKNOWN', 'platlib': 'lib/python3.10/site-packages', 'purelib': 'lib/python3.10/site-packages', 'scripts': 'bin'}, 'exec_prefix': '/home/kalle/.pyenv/versions/3.10.4', 'executable': '/home/kalle/projects/opengis/georama/.venv/bin/python3.10', 'file_system_encoding': 'utf-8', 'has_venv': True, 'implementation': 'CPython', 'max_size': 9223372036854775807, 'original_executable': '/home/kalle/.pyenv/versions/3.10.4/bin/python3.10', 'os': 'posix', 'path': ['/usr/lib/python3.12/site-packages/virtualenv/discovery', '/home/kalle/.pyenv/versions/3.10.4/lib/python310.zip', '/home/kalle/.pyenv/versions/3.10.4/lib/python3.10', '/home/kalle/.pyenv/versions/3.10.4/lib/python3.10/lib-dynload', '/home/kalle/.local/lib/python3.10/site-packages', '/home/kalle/.pyenv/versions/3.10.4/lib/python3.10/site-packages'], 'platform': 'linux', 'prefix': '/home/kalle/.pyenv/versions/3.10.4', 'real_prefix': None, 'stdout_encoding': 'utf-8', 'sysconfig': {'makefile_filename': '/home/kalle/.pyenv/versions/3.10.4/lib/python3.10/config-3.10-x86_64-linux-gnu/Makefile'}, 'sysconfig_paths': {'data': '{base}', 'include': '{installed_base}/include/python{py_version_short}{abiflags}', 'platlib': '{platbase}/{platlibdir}/python{py_version_short}/site-packages', 'platstdlib': '{platbase}/{platlibdir}/python{py_version_short}', 'purelib': '{base}/lib/python{py_version_short}/site-packages', 'scripts': '{base}/bin', 'stdlib': '{installed_base}/{platlibdir}/python{py_version_short}'}, 'sysconfig_scheme': None, 'sysconfig_vars': {'PYTHONFRAMEWORK': '', 'abiflags': '', 'base': '/home/kalle/.pyenv/versions/3.10.4', 'installed_base': '/home/kalle/.pyenv/versions/3.10.4', 'platbase': '/home/kalle/.pyenv/versions/3.10.4', 'platlibdir': 'lib', 'py_version_short': '3.10'}, 'system_executable': '/home/kalle/.pyenv/versions/3.10.4/bin/python3.10', 'system_stdlib': '/home/kalle/.pyenv/versions/3.10.4/lib/python3.10', 'system_stdlib_platform': '/home/kalle/.pyenv/versions/3.10.4/lib/python3.10', 'version': '3.10.4 (main, May 23 2024, 22:41:52) [GCC 14.1.1 20240507]', 'version_info': VersionInfo(major=3, minor=10, micro=4, releaselevel='final', serial=0), 'version_nodot': '310'}) [virtualenv/discovery/py_info.py:435]
.pkg: 543 I proposed PathPythonInfo(spec=CPython3.10.4.final.0-64, system=/home/kalle/.pyenv/versions/3.10.4/bin/python3.10, exe=/home/kalle/projects/opengis/georama/.venv/bin/python3.10, platform=linux, version='3.10.4 (main, May 23 2024, 22:41:52) [GCC 14.1.1 20240507]', encoding_fs_io=utf-8-utf-8) [virtualenv/discovery/builtin.py:80]
.pkg: 543 D accepted PathPythonInfo(spec=CPython3.10.4.final.0-64, system=/home/kalle/.pyenv/versions/3.10.4/bin/python3.10, exe=/home/kalle/projects/opengis/georama/.venv/bin/python3.10, platform=linux, version='3.10.4 (main, May 23 2024, 22:41:52) [GCC 14.1.1 20240507]', encoding_fs_io=utf-8-utf-8) [virtualenv/discovery/builtin.py:82]
.pkg: 555 I find interpreter for spec PythonSpec(major=3, minor=9) [virtualenv/discovery/builtin.py:73]
.pkg: 556 I proposed PythonInfo(spec=CPython3.12.7.final.0-64, exe=/usr/bin/python, platform=linux, version='3.12.7 (main, Oct  1 2024, 11:15:50) [GCC 14.2.1 20240910]', encoding_fs_io=utf-8-utf-8) [virtualenv/discovery/builtin.py:80]
.pkg: 556 D discover PATH[0]=/home/kalle/projects/opengis/georama/.venv/bin [virtualenv/discovery/builtin.py:149]
.pkg: 556 D discover exe from cache /home/kalle/.pyenv/versions/3.10.4 - exact False: PathPythonInfo({'architecture': 64, 'base_exec_prefix': '/home/kalle/.pyenv/versions/3.10.4', 'base_prefix': '/home/kalle/.pyenv/versions/3.10.4', 'distutils_install': {'data': '', 'headers': 'include/python3.10/UNKNOWN', 'platlib': 'lib/python3.10/site-packages', 'purelib': 'lib/python3.10/site-packages', 'scripts': 'bin'}, 'exec_prefix': '/home/kalle/.pyenv/versions/3.10.4', 'executable': '/home/kalle/projects/opengis/georama/.venv/bin/python3.10', 'file_system_encoding': 'utf-8', 'has_venv': True, 'implementation': 'CPython', 'max_size': 9223372036854775807, 'original_executable': '/home/kalle/.pyenv/versions/3.10.4/bin/python3.10', 'os': 'posix', 'path': ['/usr/lib/python3.12/site-packages/virtualenv/discovery', '/home/kalle/.pyenv/versions/3.10.4/lib/python310.zip', '/home/kalle/.pyenv/versions/3.10.4/lib/python3.10', '/home/kalle/.pyenv/versions/3.10.4/lib/python3.10/lib-dynload', '/home/kalle/.local/lib/python3.10/site-packages', '/home/kalle/.pyenv/versions/3.10.4/lib/python3.10/site-packages'], 'platform': 'linux', 'prefix': '/home/kalle/.pyenv/versions/3.10.4', 'real_prefix': None, 'stdout_encoding': 'utf-8', 'sysconfig': {'makefile_filename': '/home/kalle/.pyenv/versions/3.10.4/lib/python3.10/config-3.10-x86_64-linux-gnu/Makefile'}, 'sysconfig_paths': {'data': '{base}', 'include': '{installed_base}/include/python{py_version_short}{abiflags}', 'platlib': '{platbase}/{platlibdir}/python{py_version_short}/site-packages', 'platstdlib': '{platbase}/{platlibdir}/python{py_version_short}', 'purelib': '{base}/lib/python{py_version_short}/site-packages', 'scripts': '{base}/bin', 'stdlib': '{installed_base}/{platlibdir}/python{py_version_short}'}, 'sysconfig_scheme': None, 'sysconfig_vars': {'PYTHONFRAMEWORK': '', 'abiflags': '', 'base': '/home/kalle/.pyenv/versions/3.10.4', 'installed_base': '/home/kalle/.pyenv/versions/3.10.4', 'platbase': '/home/kalle/.pyenv/versions/3.10.4', 'platlibdir': 'lib', 'py_version_short': '3.10'}, 'system_executable': '/home/kalle/.pyenv/versions/3.10.4/bin/python3.10', 'system_stdlib': '/home/kalle/.pyenv/versions/3.10.4/lib/python3.10', 'system_stdlib_platform': '/home/kalle/.pyenv/versions/3.10.4/lib/python3.10', 'version': '3.10.4 (main, May 23 2024, 22:41:52) [GCC 14.1.1 20240507]', 'version_info': VersionInfo(major=3, minor=10, micro=4, releaselevel='final', serial=0), 'version_nodot': '310'}) [virtualenv/discovery/py_info.py:435]
.pkg: 557 I proposed PathPythonInfo(spec=CPython3.10.4.final.0-64, system=/home/kalle/.pyenv/versions/3.10.4/bin/python3.10, exe=/home/kalle/projects/opengis/georama/.venv/bin/python3, platform=linux, version='3.10.4 (main, May 23 2024, 22:41:52) [GCC 14.1.1 20240507]', encoding_fs_io=utf-8-utf-8) [virtualenv/discovery/builtin.py:80]
.pkg: 557 D discover PATH[1]=/home/kalle/.nvm/versions/node/v20.18.0/bin [virtualenv/discovery/builtin.py:149]
.pkg: 557 D discover PATH[2]=/home/kalle/.pyenv/shims [virtualenv/discovery/builtin.py:149]
.pkg: 557 I proposed PathPythonInfo(spec=CPython3.10.4.final.0-64, system=/home/kalle/.pyenv/versions/3.10.4/bin/python3, exe=/home/kalle/.pyenv/shims/python3, platform=linux, version='3.10.4 (main, May 23 2024, 22:41:52) [GCC 14.1.1 20240507]', encoding_fs_io=utf-8-utf-8) [virtualenv/discovery/builtin.py:80]
.pkg: 558 D discover PATH[3]=/home/kalle/perl5/bin [virtualenv/discovery/builtin.py:149]
.pkg: 558 D discover PATH[4]=/home/kalle/.local/bin [virtualenv/discovery/builtin.py:149]
.pkg: 558 D discover PATH[5]=/usr/local/sbin [virtualenv/discovery/builtin.py:149]
.pkg: 558 D discover PATH[6]=/usr/local/bin [virtualenv/discovery/builtin.py:149]
.pkg: 559 D discover PATH[7]=/usr/bin [virtualenv/discovery/builtin.py:149]
.pkg: 581 I proposed PathPythonInfo(spec=CPython3.12.7.final.0-64, exe=/usr/bin/python3, platform=linux, version='3.12.7 (main, Oct  1 2024, 11:15:50) [GCC 14.2.1 20240910]', encoding_fs_io=utf-8-utf-8) [virtualenv/discovery/builtin.py:80]
.pkg: 583 D discover PATH[8]=/var/lib/flatpak/exports/bin [virtualenv/discovery/builtin.py:149]
.pkg: 583 D discover PATH[9]=/usr/lib/jvm/default/bin [virtualenv/discovery/builtin.py:149]
.pkg: 583 D discover PATH[10]=/usr/bin/site_perl [virtualenv/discovery/builtin.py:149]
.pkg: 583 D discover PATH[11]=/usr/bin/vendor_perl [virtualenv/discovery/builtin.py:149]
.pkg: 584 D discover PATH[12]=/usr/bin/core_perl [virtualenv/discovery/builtin.py:149]
.pkg: 584 D discover PATH[13]=/home/kalle/.local/share/JetBrains/Toolbox/scripts [virtualenv/discovery/builtin.py:149]
.pkg: 597 I find interpreter for spec PythonSpec(major=3, minor=9) [virtualenv/discovery/builtin.py:73]
.pkg: 597 I proposed PythonInfo(spec=CPython3.12.7.final.0-64, exe=/usr/bin/python, platform=linux, version='3.12.7 (main, Oct  1 2024, 11:15:50) [GCC 14.2.1 20240910]', encoding_fs_io=utf-8-utf-8) [virtualenv/discovery/builtin.py:80]
.pkg: 598 D discover PATH[0]=/home/kalle/projects/opengis/georama/.venv/bin [virtualenv/discovery/builtin.py:149]
.pkg: 598 D discover exe from cache /home/kalle/.pyenv/versions/3.10.4 - exact False: PathPythonInfo({'architecture': 64, 'base_exec_prefix': '/home/kalle/.pyenv/versions/3.10.4', 'base_prefix': '/home/kalle/.pyenv/versions/3.10.4', 'distutils_install': {'data': '', 'headers': 'include/python3.10/UNKNOWN', 'platlib': 'lib/python3.10/site-packages', 'purelib': 'lib/python3.10/site-packages', 'scripts': 'bin'}, 'exec_prefix': '/home/kalle/.pyenv/versions/3.10.4', 'executable': '/home/kalle/projects/opengis/georama/.venv/bin/python3', 'file_system_encoding': 'utf-8', 'has_venv': True, 'implementation': 'CPython', 'max_size': 9223372036854775807, 'original_executable': '/home/kalle/.pyenv/versions/3.10.4/bin/python3.10', 'os': 'posix', 'path': ['/usr/lib/python3.12/site-packages/virtualenv/discovery', '/home/kalle/.pyenv/versions/3.10.4/lib/python310.zip', '/home/kalle/.pyenv/versions/3.10.4/lib/python3.10', '/home/kalle/.pyenv/versions/3.10.4/lib/python3.10/lib-dynload', '/home/kalle/.local/lib/python3.10/site-packages', '/home/kalle/.pyenv/versions/3.10.4/lib/python3.10/site-packages'], 'platform': 'linux', 'prefix': '/home/kalle/.pyenv/versions/3.10.4', 'real_prefix': None, 'stdout_encoding': 'utf-8', 'sysconfig': {'makefile_filename': '/home/kalle/.pyenv/versions/3.10.4/lib/python3.10/config-3.10-x86_64-linux-gnu/Makefile'}, 'sysconfig_paths': {'data': '{base}', 'include': '{installed_base}/include/python{py_version_short}{abiflags}', 'platlib': '{platbase}/{platlibdir}/python{py_version_short}/site-packages', 'platstdlib': '{platbase}/{platlibdir}/python{py_version_short}', 'purelib': '{base}/lib/python{py_version_short}/site-packages', 'scripts': '{base}/bin', 'stdlib': '{installed_base}/{platlibdir}/python{py_version_short}'}, 'sysconfig_scheme': None, 'sysconfig_vars': {'PYTHONFRAMEWORK': '', 'abiflags': '', 'base': '/home/kalle/.pyenv/versions/3.10.4', 'installed_base': '/home/kalle/.pyenv/versions/3.10.4', 'platbase': '/home/kalle/.pyenv/versions/3.10.4', 'platlibdir': 'lib', 'py_version_short': '3.10'}, 'system_executable': '/home/kalle/.pyenv/versions/3.10.4/bin/python3.10', 'system_stdlib': '/home/kalle/.pyenv/versions/3.10.4/lib/python3.10', 'system_stdlib_platform': '/home/kalle/.pyenv/versions/3.10.4/lib/python3.10', 'version': '3.10.4 (main, May 23 2024, 22:41:52) [GCC 14.1.1 20240507]', 'version_info': VersionInfo(major=3, minor=10, micro=4, releaselevel='final', serial=0), 'version_nodot': '310'}) [virtualenv/discovery/py_info.py:435]
.pkg: 598 I proposed PathPythonInfo(spec=CPython3.10.4.final.0-64, system=/home/kalle/.pyenv/versions/3.10.4/bin/python3.10, exe=/home/kalle/projects/opengis/georama/.venv/bin/python3, platform=linux, version='3.10.4 (main, May 23 2024, 22:41:52) [GCC 14.1.1 20240507]', encoding_fs_io=utf-8-utf-8) [virtualenv/discovery/builtin.py:80]
.pkg: 598 D discover PATH[1]=/home/kalle/.nvm/versions/node/v20.18.0/bin [virtualenv/discovery/builtin.py:149]
.pkg: 599 D discover PATH[2]=/home/kalle/.pyenv/shims [virtualenv/discovery/builtin.py:149]
.pkg: 599 I proposed PathPythonInfo(spec=CPython3.10.4.final.0-64, system=/home/kalle/.pyenv/versions/3.10.4/bin/python3, exe=/home/kalle/.pyenv/shims/python3, platform=linux, version='3.10.4 (main, May 23 2024, 22:41:52) [GCC 14.1.1 20240507]', encoding_fs_io=utf-8-utf-8) [virtualenv/discovery/builtin.py:80]
.pkg: 599 D discover PATH[3]=/home/kalle/perl5/bin [virtualenv/discovery/builtin.py:149]
.pkg: 599 D discover PATH[4]=/home/kalle/.local/bin [virtualenv/discovery/builtin.py:149]
.pkg: 600 D discover PATH[5]=/usr/local/sbin [virtualenv/discovery/builtin.py:149]
.pkg: 600 D discover PATH[6]=/usr/local/bin [virtualenv/discovery/builtin.py:149]
.pkg: 600 D discover PATH[7]=/usr/bin [virtualenv/discovery/builtin.py:149]
.pkg: 622 I proposed PathPythonInfo(spec=CPython3.12.7.final.0-64, exe=/usr/bin/python3, platform=linux, version='3.12.7 (main, Oct  1 2024, 11:15:50) [GCC 14.2.1 20240910]', encoding_fs_io=utf-8-utf-8) [virtualenv/discovery/builtin.py:80]
.pkg: 624 D discover PATH[8]=/var/lib/flatpak/exports/bin [virtualenv/discovery/builtin.py:149]
.pkg: 624 D discover PATH[9]=/usr/lib/jvm/default/bin [virtualenv/discovery/builtin.py:149]
.pkg: 624 D discover PATH[10]=/usr/bin/site_perl [virtualenv/discovery/builtin.py:149]
.pkg: 624 D discover PATH[11]=/usr/bin/vendor_perl [virtualenv/discovery/builtin.py:149]
.pkg: 625 D discover PATH[12]=/usr/bin/core_perl [virtualenv/discovery/builtin.py:149]
.pkg: 625 D discover PATH[13]=/home/kalle/.local/share/JetBrains/Toolbox/scripts [virtualenv/discovery/builtin.py:149]
.pkg: 631 I find interpreter for spec PythonSpec(major=3, minor=9) [virtualenv/discovery/builtin.py:73]
.pkg: 631 I proposed PythonInfo(spec=CPython3.12.7.final.0-64, exe=/usr/bin/python, platform=linux, version='3.12.7 (main, Oct  1 2024, 11:15:50) [GCC 14.2.1 20240910]', encoding_fs_io=utf-8-utf-8) [virtualenv/discovery/builtin.py:80]
.pkg: 631 D discover PATH[0]=/home/kalle/projects/opengis/georama/.venv/bin [virtualenv/discovery/builtin.py:149]
.pkg: 631 D discover exe from cache /home/kalle/.pyenv/versions/3.10.4 - exact False: PathPythonInfo({'architecture': 64, 'base_exec_prefix': '/home/kalle/.pyenv/versions/3.10.4', 'base_prefix': '/home/kalle/.pyenv/versions/3.10.4', 'distutils_install': {'data': '', 'headers': 'include/python3.10/UNKNOWN', 'platlib': 'lib/python3.10/site-packages', 'purelib': 'lib/python3.10/site-packages', 'scripts': 'bin'}, 'exec_prefix': '/home/kalle/.pyenv/versions/3.10.4', 'executable': '/home/kalle/projects/opengis/georama/.venv/bin/python3', 'file_system_encoding': 'utf-8', 'has_venv': True, 'implementation': 'CPython', 'max_size': 9223372036854775807, 'original_executable': '/home/kalle/.pyenv/versions/3.10.4/bin/python3.10', 'os': 'posix', 'path': ['/usr/lib/python3.12/site-packages/virtualenv/discovery', '/home/kalle/.pyenv/versions/3.10.4/lib/python310.zip', '/home/kalle/.pyenv/versions/3.10.4/lib/python3.10', '/home/kalle/.pyenv/versions/3.10.4/lib/python3.10/lib-dynload', '/home/kalle/.local/lib/python3.10/site-packages', '/home/kalle/.pyenv/versions/3.10.4/lib/python3.10/site-packages'], 'platform': 'linux', 'prefix': '/home/kalle/.pyenv/versions/3.10.4', 'real_prefix': None, 'stdout_encoding': 'utf-8', 'sysconfig': {'makefile_filename': '/home/kalle/.pyenv/versions/3.10.4/lib/python3.10/config-3.10-x86_64-linux-gnu/Makefile'}, 'sysconfig_paths': {'data': '{base}', 'include': '{installed_base}/include/python{py_version_short}{abiflags}', 'platlib': '{platbase}/{platlibdir}/python{py_version_short}/site-packages', 'platstdlib': '{platbase}/{platlibdir}/python{py_version_short}', 'purelib': '{base}/lib/python{py_version_short}/site-packages', 'scripts': '{base}/bin', 'stdlib': '{installed_base}/{platlibdir}/python{py_version_short}'}, 'sysconfig_scheme': None, 'sysconfig_vars': {'PYTHONFRAMEWORK': '', 'abiflags': '', 'base': '/home/kalle/.pyenv/versions/3.10.4', 'installed_base': '/home/kalle/.pyenv/versions/3.10.4', 'platbase': '/home/kalle/.pyenv/versions/3.10.4', 'platlibdir': 'lib', 'py_version_short': '3.10'}, 'system_executable': '/home/kalle/.pyenv/versions/3.10.4/bin/python3.10', 'system_stdlib': '/home/kalle/.pyenv/versions/3.10.4/lib/python3.10', 'system_stdlib_platform': '/home/kalle/.pyenv/versions/3.10.4/lib/python3.10', 'version': '3.10.4 (main, May 23 2024, 22:41:52) [GCC 14.1.1 20240507]', 'version_info': VersionInfo(major=3, minor=10, micro=4, releaselevel='final', serial=0), 'version_nodot': '310'}) [virtualenv/discovery/py_info.py:435]
.pkg: 632 I proposed PathPythonInfo(spec=CPython3.10.4.final.0-64, system=/home/kalle/.pyenv/versions/3.10.4/bin/python3.10, exe=/home/kalle/projects/opengis/georama/.venv/bin/python3, platform=linux, version='3.10.4 (main, May 23 2024, 22:41:52) [GCC 14.1.1 20240507]', encoding_fs_io=utf-8-utf-8) [virtualenv/discovery/builtin.py:80]
.pkg: 632 D discover PATH[1]=/home/kalle/.nvm/versions/node/v20.18.0/bin [virtualenv/discovery/builtin.py:149]
.pkg: 632 D discover PATH[2]=/home/kalle/.pyenv/shims [virtualenv/discovery/builtin.py:149]
.pkg: 632 I proposed PathPythonInfo(spec=CPython3.10.4.final.0-64, system=/home/kalle/.pyenv/versions/3.10.4/bin/python3, exe=/home/kalle/.pyenv/shims/python3, platform=linux, version='3.10.4 (main, May 23 2024, 22:41:52) [GCC 14.1.1 20240507]', encoding_fs_io=utf-8-utf-8) [virtualenv/discovery/builtin.py:80]
.pkg: 632 D discover PATH[3]=/home/kalle/perl5/bin [virtualenv/discovery/builtin.py:149]
.pkg: 633 D discover PATH[4]=/home/kalle/.local/bin [virtualenv/discovery/builtin.py:149]
.pkg: 633 D discover PATH[5]=/usr/local/sbin [virtualenv/discovery/builtin.py:149]
.pkg: 633 D discover PATH[6]=/usr/local/bin [virtualenv/discovery/builtin.py:149]
.pkg: 633 D discover PATH[7]=/usr/bin [virtualenv/discovery/builtin.py:149]
.pkg: 657 I proposed PathPythonInfo(spec=CPython3.12.7.final.0-64, exe=/usr/bin/python3, platform=linux, version='3.12.7 (main, Oct  1 2024, 11:15:50) [GCC 14.2.1 20240910]', encoding_fs_io=utf-8-utf-8) [virtualenv/discovery/builtin.py:80]
.pkg: 658 D discover PATH[8]=/var/lib/flatpak/exports/bin [virtualenv/discovery/builtin.py:149]
.pkg: 658 D discover PATH[9]=/usr/lib/jvm/default/bin [virtualenv/discovery/builtin.py:149]
.pkg: 659 D discover PATH[10]=/usr/bin/site_perl [virtualenv/discovery/builtin.py:149]
.pkg: 659 D discover PATH[11]=/usr/bin/vendor_perl [virtualenv/discovery/builtin.py:149]
.pkg: 659 D discover PATH[12]=/usr/bin/core_perl [virtualenv/discovery/builtin.py:149]
.pkg: 659 D discover PATH[13]=/home/kalle/.local/share/JetBrains/Toolbox/scripts [virtualenv/discovery/builtin.py:149]
.pkg: 669 I find interpreter for spec PythonSpec(major=3, minor=8) [virtualenv/discovery/builtin.py:73]
.pkg: 669 I proposed PythonInfo(spec=CPython3.12.7.final.0-64, exe=/usr/bin/python, platform=linux, version='3.12.7 (main, Oct  1 2024, 11:15:50) [GCC 14.2.1 20240910]', encoding_fs_io=utf-8-utf-8) [virtualenv/discovery/builtin.py:80]
.pkg: 670 D discover PATH[0]=/home/kalle/projects/opengis/georama/.venv/bin [virtualenv/discovery/builtin.py:149]
.pkg: 670 D discover exe from cache /home/kalle/.pyenv/versions/3.10.4 - exact False: PathPythonInfo({'architecture': 64, 'base_exec_prefix': '/home/kalle/.pyenv/versions/3.10.4', 'base_prefix': '/home/kalle/.pyenv/versions/3.10.4', 'distutils_install': {'data': '', 'headers': 'include/python3.10/UNKNOWN', 'platlib': 'lib/python3.10/site-packages', 'purelib': 'lib/python3.10/site-packages', 'scripts': 'bin'}, 'exec_prefix': '/home/kalle/.pyenv/versions/3.10.4', 'executable': '/home/kalle/projects/opengis/georama/.venv/bin/python3', 'file_system_encoding': 'utf-8', 'has_venv': True, 'implementation': 'CPython', 'max_size': 9223372036854775807, 'original_executable': '/home/kalle/.pyenv/versions/3.10.4/bin/python3.10', 'os': 'posix', 'path': ['/usr/lib/python3.12/site-packages/virtualenv/discovery', '/home/kalle/.pyenv/versions/3.10.4/lib/python310.zip', '/home/kalle/.pyenv/versions/3.10.4/lib/python3.10', '/home/kalle/.pyenv/versions/3.10.4/lib/python3.10/lib-dynload', '/home/kalle/.local/lib/python3.10/site-packages', '/home/kalle/.pyenv/versions/3.10.4/lib/python3.10/site-packages'], 'platform': 'linux', 'prefix': '/home/kalle/.pyenv/versions/3.10.4', 'real_prefix': None, 'stdout_encoding': 'utf-8', 'sysconfig': {'makefile_filename': '/home/kalle/.pyenv/versions/3.10.4/lib/python3.10/config-3.10-x86_64-linux-gnu/Makefile'}, 'sysconfig_paths': {'data': '{base}', 'include': '{installed_base}/include/python{py_version_short}{abiflags}', 'platlib': '{platbase}/{platlibdir}/python{py_version_short}/site-packages', 'platstdlib': '{platbase}/{platlibdir}/python{py_version_short}', 'purelib': '{base}/lib/python{py_version_short}/site-packages', 'scripts': '{base}/bin', 'stdlib': '{installed_base}/{platlibdir}/python{py_version_short}'}, 'sysconfig_scheme': None, 'sysconfig_vars': {'PYTHONFRAMEWORK': '', 'abiflags': '', 'base': '/home/kalle/.pyenv/versions/3.10.4', 'installed_base': '/home/kalle/.pyenv/versions/3.10.4', 'platbase': '/home/kalle/.pyenv/versions/3.10.4', 'platlibdir': 'lib', 'py_version_short': '3.10'}, 'system_executable': '/home/kalle/.pyenv/versions/3.10.4/bin/python3.10', 'system_stdlib': '/home/kalle/.pyenv/versions/3.10.4/lib/python3.10', 'system_stdlib_platform': '/home/kalle/.pyenv/versions/3.10.4/lib/python3.10', 'version': '3.10.4 (main, May 23 2024, 22:41:52) [GCC 14.1.1 20240507]', 'version_info': VersionInfo(major=3, minor=10, micro=4, releaselevel='final', serial=0), 'version_nodot': '310'}) [virtualenv/discovery/py_info.py:435]
.pkg: 670 I proposed PathPythonInfo(spec=CPython3.10.4.final.0-64, system=/home/kalle/.pyenv/versions/3.10.4/bin/python3.10, exe=/home/kalle/projects/opengis/georama/.venv/bin/python3, platform=linux, version='3.10.4 (main, May 23 2024, 22:41:52) [GCC 14.1.1 20240507]', encoding_fs_io=utf-8-utf-8) [virtualenv/discovery/builtin.py:80]
.pkg: 670 D discover PATH[1]=/home/kalle/.nvm/versions/node/v20.18.0/bin [virtualenv/discovery/builtin.py:149]
.pkg: 671 D discover PATH[2]=/home/kalle/.pyenv/shims [virtualenv/discovery/builtin.py:149]
.pkg: 671 I proposed PathPythonInfo(spec=CPython3.10.4.final.0-64, system=/home/kalle/.pyenv/versions/3.10.4/bin/python3, exe=/home/kalle/.pyenv/shims/python3, platform=linux, version='3.10.4 (main, May 23 2024, 22:41:52) [GCC 14.1.1 20240507]', encoding_fs_io=utf-8-utf-8) [virtualenv/discovery/builtin.py:80]
.pkg: 671 D discover PATH[3]=/home/kalle/perl5/bin [virtualenv/discovery/builtin.py:149]
.pkg: 671 D discover PATH[4]=/home/kalle/.local/bin [virtualenv/discovery/builtin.py:149]
.pkg: 672 D discover PATH[5]=/usr/local/sbin [virtualenv/discovery/builtin.py:149]
.pkg: 672 D discover PATH[6]=/usr/local/bin [virtualenv/discovery/builtin.py:149]
.pkg: 672 D discover PATH[7]=/usr/bin [virtualenv/discovery/builtin.py:149]
.pkg: 694 I proposed PathPythonInfo(spec=CPython3.12.7.final.0-64, exe=/usr/bin/python3, platform=linux, version='3.12.7 (main, Oct  1 2024, 11:15:50) [GCC 14.2.1 20240910]', encoding_fs_io=utf-8-utf-8) [virtualenv/discovery/builtin.py:80]
.pkg: 695 D discover PATH[8]=/var/lib/flatpak/exports/bin [virtualenv/discovery/builtin.py:149]
.pkg: 695 D discover PATH[9]=/usr/lib/jvm/default/bin [virtualenv/discovery/builtin.py:149]
.pkg: 695 D discover PATH[10]=/usr/bin/site_perl [virtualenv/discovery/builtin.py:149]
.pkg: 695 D discover PATH[11]=/usr/bin/vendor_perl [virtualenv/discovery/builtin.py:149]
.pkg: 695 D discover PATH[12]=/usr/bin/core_perl [virtualenv/discovery/builtin.py:149]
.pkg: 695 D discover PATH[13]=/home/kalle/.local/share/JetBrains/Toolbox/scripts [virtualenv/discovery/builtin.py:149]
.pkg: 698 I find interpreter for spec PythonSpec(major=3, minor=8) [virtualenv/discovery/builtin.py:73]
.pkg: 698 I proposed PythonInfo(spec=CPython3.12.7.final.0-64, exe=/usr/bin/python, platform=linux, version='3.12.7 (main, Oct  1 2024, 11:15:50) [GCC 14.2.1 20240910]', encoding_fs_io=utf-8-utf-8) [virtualenv/discovery/builtin.py:80]
.pkg: 698 D discover PATH[0]=/home/kalle/projects/opengis/georama/.venv/bin [virtualenv/discovery/builtin.py:149]
.pkg: 698 D discover exe from cache /home/kalle/.pyenv/versions/3.10.4 - exact False: PathPythonInfo({'architecture': 64, 'base_exec_prefix': '/home/kalle/.pyenv/versions/3.10.4', 'base_prefix': '/home/kalle/.pyenv/versions/3.10.4', 'distutils_install': {'data': '', 'headers': 'include/python3.10/UNKNOWN', 'platlib': 'lib/python3.10/site-packages', 'purelib': 'lib/python3.10/site-packages', 'scripts': 'bin'}, 'exec_prefix': '/home/kalle/.pyenv/versions/3.10.4', 'executable': '/home/kalle/projects/opengis/georama/.venv/bin/python3', 'file_system_encoding': 'utf-8', 'has_venv': True, 'implementation': 'CPython', 'max_size': 9223372036854775807, 'original_executable': '/home/kalle/.pyenv/versions/3.10.4/bin/python3.10', 'os': 'posix', 'path': ['/usr/lib/python3.12/site-packages/virtualenv/discovery', '/home/kalle/.pyenv/versions/3.10.4/lib/python310.zip', '/home/kalle/.pyenv/versions/3.10.4/lib/python3.10', '/home/kalle/.pyenv/versions/3.10.4/lib/python3.10/lib-dynload', '/home/kalle/.local/lib/python3.10/site-packages', '/home/kalle/.pyenv/versions/3.10.4/lib/python3.10/site-packages'], 'platform': 'linux', 'prefix': '/home/kalle/.pyenv/versions/3.10.4', 'real_prefix': None, 'stdout_encoding': 'utf-8', 'sysconfig': {'makefile_filename': '/home/kalle/.pyenv/versions/3.10.4/lib/python3.10/config-3.10-x86_64-linux-gnu/Makefile'}, 'sysconfig_paths': {'data': '{base}', 'include': '{installed_base}/include/python{py_version_short}{abiflags}', 'platlib': '{platbase}/{platlibdir}/python{py_version_short}/site-packages', 'platstdlib': '{platbase}/{platlibdir}/python{py_version_short}', 'purelib': '{base}/lib/python{py_version_short}/site-packages', 'scripts': '{base}/bin', 'stdlib': '{installed_base}/{platlibdir}/python{py_version_short}'}, 'sysconfig_scheme': None, 'sysconfig_vars': {'PYTHONFRAMEWORK': '', 'abiflags': '', 'base': '/home/kalle/.pyenv/versions/3.10.4', 'installed_base': '/home/kalle/.pyenv/versions/3.10.4', 'platbase': '/home/kalle/.pyenv/versions/3.10.4', 'platlibdir': 'lib', 'py_version_short': '3.10'}, 'system_executable': '/home/kalle/.pyenv/versions/3.10.4/bin/python3.10', 'system_stdlib': '/home/kalle/.pyenv/versions/3.10.4/lib/python3.10', 'system_stdlib_platform': '/home/kalle/.pyenv/versions/3.10.4/lib/python3.10', 'version': '3.10.4 (main, May 23 2024, 22:41:52) [GCC 14.1.1 20240507]', 'version_info': VersionInfo(major=3, minor=10, micro=4, releaselevel='final', serial=0), 'version_nodot': '310'}) [virtualenv/discovery/py_info.py:435]
.pkg: 698 I proposed PathPythonInfo(spec=CPython3.10.4.final.0-64, system=/home/kalle/.pyenv/versions/3.10.4/bin/python3.10, exe=/home/kalle/projects/opengis/georama/.venv/bin/python3, platform=linux, version='3.10.4 (main, May 23 2024, 22:41:52) [GCC 14.1.1 20240507]', encoding_fs_io=utf-8-utf-8) [virtualenv/discovery/builtin.py:80]
.pkg: 699 D discover PATH[1]=/home/kalle/.nvm/versions/node/v20.18.0/bin [virtualenv/discovery/builtin.py:149]
.pkg: 699 D discover PATH[2]=/home/kalle/.pyenv/shims [virtualenv/discovery/builtin.py:149]
.pkg: 699 I proposed PathPythonInfo(spec=CPython3.10.4.final.0-64, system=/home/kalle/.pyenv/versions/3.10.4/bin/python3, exe=/home/kalle/.pyenv/shims/python3, platform=linux, version='3.10.4 (main, May 23 2024, 22:41:52) [GCC 14.1.1 20240507]', encoding_fs_io=utf-8-utf-8) [virtualenv/discovery/builtin.py:80]
.pkg: 699 D discover PATH[3]=/home/kalle/perl5/bin [virtualenv/discovery/builtin.py:149]
.pkg: 699 D discover PATH[4]=/home/kalle/.local/bin [virtualenv/discovery/builtin.py:149]
.pkg: 699 D discover PATH[5]=/usr/local/sbin [virtualenv/discovery/builtin.py:149]
.pkg: 699 D discover PATH[6]=/usr/local/bin [virtualenv/discovery/builtin.py:149]
.pkg: 699 D discover PATH[7]=/usr/bin [virtualenv/discovery/builtin.py:149]
.pkg: 711 I proposed PathPythonInfo(spec=CPython3.12.7.final.0-64, exe=/usr/bin/python3, platform=linux, version='3.12.7 (main, Oct  1 2024, 11:15:50) [GCC 14.2.1 20240910]', encoding_fs_io=utf-8-utf-8) [virtualenv/discovery/builtin.py:80]
.pkg: 711 D discover PATH[8]=/var/lib/flatpak/exports/bin [virtualenv/discovery/builtin.py:149]
.pkg: 712 D discover PATH[9]=/usr/lib/jvm/default/bin [virtualenv/discovery/builtin.py:149]
.pkg: 712 D discover PATH[10]=/usr/bin/site_perl [virtualenv/discovery/builtin.py:149]
.pkg: 712 D discover PATH[11]=/usr/bin/vendor_perl [virtualenv/discovery/builtin.py:149]
.pkg: 712 D discover PATH[12]=/usr/bin/core_perl [virtualenv/discovery/builtin.py:149]
.pkg: 712 D discover PATH[13]=/home/kalle/.local/share/JetBrains/Toolbox/scripts [virtualenv/discovery/builtin.py:149]
.pkg: 715 I find interpreter for spec PythonSpec(major=3, minor=8) [virtualenv/discovery/builtin.py:73]
.pkg: 715 I proposed PythonInfo(spec=CPython3.12.7.final.0-64, exe=/usr/bin/python, platform=linux, version='3.12.7 (main, Oct  1 2024, 11:15:50) [GCC 14.2.1 20240910]', encoding_fs_io=utf-8-utf-8) [virtualenv/discovery/builtin.py:80]
.pkg: 715 D discover PATH[0]=/home/kalle/projects/opengis/georama/.venv/bin [virtualenv/discovery/builtin.py:149]
.pkg: 715 D discover exe from cache /home/kalle/.pyenv/versions/3.10.4 - exact False: PathPythonInfo({'architecture': 64, 'base_exec_prefix': '/home/kalle/.pyenv/versions/3.10.4', 'base_prefix': '/home/kalle/.pyenv/versions/3.10.4', 'distutils_install': {'data': '', 'headers': 'include/python3.10/UNKNOWN', 'platlib': 'lib/python3.10/site-packages', 'purelib': 'lib/python3.10/site-packages', 'scripts': 'bin'}, 'exec_prefix': '/home/kalle/.pyenv/versions/3.10.4', 'executable': '/home/kalle/projects/opengis/georama/.venv/bin/python3', 'file_system_encoding': 'utf-8', 'has_venv': True, 'implementation': 'CPython', 'max_size': 9223372036854775807, 'original_executable': '/home/kalle/.pyenv/versions/3.10.4/bin/python3.10', 'os': 'posix', 'path': ['/usr/lib/python3.12/site-packages/virtualenv/discovery', '/home/kalle/.pyenv/versions/3.10.4/lib/python310.zip', '/home/kalle/.pyenv/versions/3.10.4/lib/python3.10', '/home/kalle/.pyenv/versions/3.10.4/lib/python3.10/lib-dynload', '/home/kalle/.local/lib/python3.10/site-packages', '/home/kalle/.pyenv/versions/3.10.4/lib/python3.10/site-packages'], 'platform': 'linux', 'prefix': '/home/kalle/.pyenv/versions/3.10.4', 'real_prefix': None, 'stdout_encoding': 'utf-8', 'sysconfig': {'makefile_filename': '/home/kalle/.pyenv/versions/3.10.4/lib/python3.10/config-3.10-x86_64-linux-gnu/Makefile'}, 'sysconfig_paths': {'data': '{base}', 'include': '{installed_base}/include/python{py_version_short}{abiflags}', 'platlib': '{platbase}/{platlibdir}/python{py_version_short}/site-packages', 'platstdlib': '{platbase}/{platlibdir}/python{py_version_short}', 'purelib': '{base}/lib/python{py_version_short}/site-packages', 'scripts': '{base}/bin', 'stdlib': '{installed_base}/{platlibdir}/python{py_version_short}'}, 'sysconfig_scheme': None, 'sysconfig_vars': {'PYTHONFRAMEWORK': '', 'abiflags': '', 'base': '/home/kalle/.pyenv/versions/3.10.4', 'installed_base': '/home/kalle/.pyenv/versions/3.10.4', 'platbase': '/home/kalle/.pyenv/versions/3.10.4', 'platlibdir': 'lib', 'py_version_short': '3.10'}, 'system_executable': '/home/kalle/.pyenv/versions/3.10.4/bin/python3.10', 'system_stdlib': '/home/kalle/.pyenv/versions/3.10.4/lib/python3.10', 'system_stdlib_platform': '/home/kalle/.pyenv/versions/3.10.4/lib/python3.10', 'version': '3.10.4 (main, May 23 2024, 22:41:52) [GCC 14.1.1 20240507]', 'version_info': VersionInfo(major=3, minor=10, micro=4, releaselevel='final', serial=0), 'version_nodot': '310'}) [virtualenv/discovery/py_info.py:435]
.pkg: 715 I proposed PathPythonInfo(spec=CPython3.10.4.final.0-64, system=/home/kalle/.pyenv/versions/3.10.4/bin/python3.10, exe=/home/kalle/projects/opengis/georama/.venv/bin/python3, platform=linux, version='3.10.4 (main, May 23 2024, 22:41:52) [GCC 14.1.1 20240507]', encoding_fs_io=utf-8-utf-8) [virtualenv/discovery/builtin.py:80]
.pkg: 715 D discover PATH[1]=/home/kalle/.nvm/versions/node/v20.18.0/bin [virtualenv/discovery/builtin.py:149]
.pkg: 715 D discover PATH[2]=/home/kalle/.pyenv/shims [virtualenv/discovery/builtin.py:149]
.pkg: 715 I proposed PathPythonInfo(spec=CPython3.10.4.final.0-64, system=/home/kalle/.pyenv/versions/3.10.4/bin/python3, exe=/home/kalle/.pyenv/shims/python3, platform=linux, version='3.10.4 (main, May 23 2024, 22:41:52) [GCC 14.1.1 20240507]', encoding_fs_io=utf-8-utf-8) [virtualenv/discovery/builtin.py:80]
.pkg: 715 D discover PATH[3]=/home/kalle/perl5/bin [virtualenv/discovery/builtin.py:149]
.pkg: 716 D discover PATH[4]=/home/kalle/.local/bin [virtualenv/discovery/builtin.py:149]
.pkg: 716 D discover PATH[5]=/usr/local/sbin [virtualenv/discovery/builtin.py:149]
.pkg: 716 D discover PATH[6]=/usr/local/bin [virtualenv/discovery/builtin.py:149]
.pkg: 716 D discover PATH[7]=/usr/bin [virtualenv/discovery/builtin.py:149]
.pkg: 728 I proposed PathPythonInfo(spec=CPython3.12.7.final.0-64, exe=/usr/bin/python3, platform=linux, version='3.12.7 (main, Oct  1 2024, 11:15:50) [GCC 14.2.1 20240910]', encoding_fs_io=utf-8-utf-8) [virtualenv/discovery/builtin.py:80]
.pkg: 729 D discover PATH[8]=/var/lib/flatpak/exports/bin [virtualenv/discovery/builtin.py:149]
.pkg: 729 D discover PATH[9]=/usr/lib/jvm/default/bin [virtualenv/discovery/builtin.py:149]
.pkg: 729 D discover PATH[10]=/usr/bin/site_perl [virtualenv/discovery/builtin.py:149]
.pkg: 729 D discover PATH[11]=/usr/bin/vendor_perl [virtualenv/discovery/builtin.py:149]
.pkg: 729 D discover PATH[12]=/usr/bin/core_perl [virtualenv/discovery/builtin.py:149]
.pkg: 730 D discover PATH[13]=/home/kalle/.local/share/JetBrains/Toolbox/scripts [virtualenv/discovery/builtin.py:149]
.pkg: 735 I find interpreter for spec PythonSpec(major=3, minor=7) [virtualenv/discovery/builtin.py:73]
.pkg: 735 I proposed PythonInfo(spec=CPython3.12.7.final.0-64, exe=/usr/bin/python, platform=linux, version='3.12.7 (main, Oct  1 2024, 11:15:50) [GCC 14.2.1 20240910]', encoding_fs_io=utf-8-utf-8) [virtualenv/discovery/builtin.py:80]
.pkg: 735 D discover PATH[0]=/home/kalle/projects/opengis/georama/.venv/bin [virtualenv/discovery/builtin.py:149]
.pkg: 735 D discover exe from cache /home/kalle/.pyenv/versions/3.10.4 - exact False: PathPythonInfo({'architecture': 64, 'base_exec_prefix': '/home/kalle/.pyenv/versions/3.10.4', 'base_prefix': '/home/kalle/.pyenv/versions/3.10.4', 'distutils_install': {'data': '', 'headers': 'include/python3.10/UNKNOWN', 'platlib': 'lib/python3.10/site-packages', 'purelib': 'lib/python3.10/site-packages', 'scripts': 'bin'}, 'exec_prefix': '/home/kalle/.pyenv/versions/3.10.4', 'executable': '/home/kalle/projects/opengis/georama/.venv/bin/python3', 'file_system_encoding': 'utf-8', 'has_venv': True, 'implementation': 'CPython', 'max_size': 9223372036854775807, 'original_executable': '/home/kalle/.pyenv/versions/3.10.4/bin/python3.10', 'os': 'posix', 'path': ['/usr/lib/python3.12/site-packages/virtualenv/discovery', '/home/kalle/.pyenv/versions/3.10.4/lib/python310.zip', '/home/kalle/.pyenv/versions/3.10.4/lib/python3.10', '/home/kalle/.pyenv/versions/3.10.4/lib/python3.10/lib-dynload', '/home/kalle/.local/lib/python3.10/site-packages', '/home/kalle/.pyenv/versions/3.10.4/lib/python3.10/site-packages'], 'platform': 'linux', 'prefix': '/home/kalle/.pyenv/versions/3.10.4', 'real_prefix': None, 'stdout_encoding': 'utf-8', 'sysconfig': {'makefile_filename': '/home/kalle/.pyenv/versions/3.10.4/lib/python3.10/config-3.10-x86_64-linux-gnu/Makefile'}, 'sysconfig_paths': {'data': '{base}', 'include': '{installed_base}/include/python{py_version_short}{abiflags}', 'platlib': '{platbase}/{platlibdir}/python{py_version_short}/site-packages', 'platstdlib': '{platbase}/{platlibdir}/python{py_version_short}', 'purelib': '{base}/lib/python{py_version_short}/site-packages', 'scripts': '{base}/bin', 'stdlib': '{installed_base}/{platlibdir}/python{py_version_short}'}, 'sysconfig_scheme': None, 'sysconfig_vars': {'PYTHONFRAMEWORK': '', 'abiflags': '', 'base': '/home/kalle/.pyenv/versions/3.10.4', 'installed_base': '/home/kalle/.pyenv/versions/3.10.4', 'platbase': '/home/kalle/.pyenv/versions/3.10.4', 'platlibdir': 'lib', 'py_version_short': '3.10'}, 'system_executable': '/home/kalle/.pyenv/versions/3.10.4/bin/python3.10', 'system_stdlib': '/home/kalle/.pyenv/versions/3.10.4/lib/python3.10', 'system_stdlib_platform': '/home/kalle/.pyenv/versions/3.10.4/lib/python3.10', 'version': '3.10.4 (main, May 23 2024, 22:41:52) [GCC 14.1.1 20240507]', 'version_info': VersionInfo(major=3, minor=10, micro=4, releaselevel='final', serial=0), 'version_nodot': '310'}) [virtualenv/discovery/py_info.py:435]
.pkg: 735 I proposed PathPythonInfo(spec=CPython3.10.4.final.0-64, system=/home/kalle/.pyenv/versions/3.10.4/bin/python3.10, exe=/home/kalle/projects/opengis/georama/.venv/bin/python3, platform=linux, version='3.10.4 (main, May 23 2024, 22:41:52) [GCC 14.1.1 20240507]', encoding_fs_io=utf-8-utf-8) [virtualenv/discovery/builtin.py:80]
.pkg: 735 D discover PATH[1]=/home/kalle/.nvm/versions/node/v20.18.0/bin [virtualenv/discovery/builtin.py:149]
.pkg: 736 D discover PATH[2]=/home/kalle/.pyenv/shims [virtualenv/discovery/builtin.py:149]
.pkg: 736 I proposed PathPythonInfo(spec=CPython3.10.4.final.0-64, system=/home/kalle/.pyenv/versions/3.10.4/bin/python3, exe=/home/kalle/.pyenv/shims/python3, platform=linux, version='3.10.4 (main, May 23 2024, 22:41:52) [GCC 14.1.1 20240507]', encoding_fs_io=utf-8-utf-8) [virtualenv/discovery/builtin.py:80]
.pkg: 736 D discover PATH[3]=/home/kalle/perl5/bin [virtualenv/discovery/builtin.py:149]
.pkg: 736 D discover PATH[4]=/home/kalle/.local/bin [virtualenv/discovery/builtin.py:149]
.pkg: 736 D discover PATH[5]=/usr/local/sbin [virtualenv/discovery/builtin.py:149]
.pkg: 736 D discover PATH[6]=/usr/local/bin [virtualenv/discovery/builtin.py:149]
.pkg: 736 D discover PATH[7]=/usr/bin [virtualenv/discovery/builtin.py:149]
.pkg: 748 I proposed PathPythonInfo(spec=CPython3.12.7.final.0-64, exe=/usr/bin/python3, platform=linux, version='3.12.7 (main, Oct  1 2024, 11:15:50) [GCC 14.2.1 20240910]', encoding_fs_io=utf-8-utf-8) [virtualenv/discovery/builtin.py:80]
.pkg: 749 D discover PATH[8]=/var/lib/flatpak/exports/bin [virtualenv/discovery/builtin.py:149]
.pkg: 749 D discover PATH[9]=/usr/lib/jvm/default/bin [virtualenv/discovery/builtin.py:149]
.pkg: 749 D discover PATH[10]=/usr/bin/site_perl [virtualenv/discovery/builtin.py:149]
.pkg: 749 D discover PATH[11]=/usr/bin/vendor_perl [virtualenv/discovery/builtin.py:149]
.pkg: 750 D discover PATH[12]=/usr/bin/core_perl [virtualenv/discovery/builtin.py:149]
.pkg: 750 D discover PATH[13]=/home/kalle/.local/share/JetBrains/Toolbox/scripts [virtualenv/discovery/builtin.py:149]
.pkg: 752 I find interpreter for spec PythonSpec(major=3, minor=7) [virtualenv/discovery/builtin.py:73]
.pkg: 753 I proposed PythonInfo(spec=CPython3.12.7.final.0-64, exe=/usr/bin/python, platform=linux, version='3.12.7 (main, Oct  1 2024, 11:15:50) [GCC 14.2.1 20240910]', encoding_fs_io=utf-8-utf-8) [virtualenv/discovery/builtin.py:80]
.pkg: 753 D discover PATH[0]=/home/kalle/projects/opengis/georama/.venv/bin [virtualenv/discovery/builtin.py:149]
.pkg: 753 D discover exe from cache /home/kalle/.pyenv/versions/3.10.4 - exact False: PathPythonInfo({'architecture': 64, 'base_exec_prefix': '/home/kalle/.pyenv/versions/3.10.4', 'base_prefix': '/home/kalle/.pyenv/versions/3.10.4', 'distutils_install': {'data': '', 'headers': 'include/python3.10/UNKNOWN', 'platlib': 'lib/python3.10/site-packages', 'purelib': 'lib/python3.10/site-packages', 'scripts': 'bin'}, 'exec_prefix': '/home/kalle/.pyenv/versions/3.10.4', 'executable': '/home/kalle/projects/opengis/georama/.venv/bin/python3', 'file_system_encoding': 'utf-8', 'has_venv': True, 'implementation': 'CPython', 'max_size': 9223372036854775807, 'original_executable': '/home/kalle/.pyenv/versions/3.10.4/bin/python3.10', 'os': 'posix', 'path': ['/usr/lib/python3.12/site-packages/virtualenv/discovery', '/home/kalle/.pyenv/versions/3.10.4/lib/python310.zip', '/home/kalle/.pyenv/versions/3.10.4/lib/python3.10', '/home/kalle/.pyenv/versions/3.10.4/lib/python3.10/lib-dynload', '/home/kalle/.local/lib/python3.10/site-packages', '/home/kalle/.pyenv/versions/3.10.4/lib/python3.10/site-packages'], 'platform': 'linux', 'prefix': '/home/kalle/.pyenv/versions/3.10.4', 'real_prefix': None, 'stdout_encoding': 'utf-8', 'sysconfig': {'makefile_filename': '/home/kalle/.pyenv/versions/3.10.4/lib/python3.10/config-3.10-x86_64-linux-gnu/Makefile'}, 'sysconfig_paths': {'data': '{base}', 'include': '{installed_base}/include/python{py_version_short}{abiflags}', 'platlib': '{platbase}/{platlibdir}/python{py_version_short}/site-packages', 'platstdlib': '{platbase}/{platlibdir}/python{py_version_short}', 'purelib': '{base}/lib/python{py_version_short}/site-packages', 'scripts': '{base}/bin', 'stdlib': '{installed_base}/{platlibdir}/python{py_version_short}'}, 'sysconfig_scheme': None, 'sysconfig_vars': {'PYTHONFRAMEWORK': '', 'abiflags': '', 'base': '/home/kalle/.pyenv/versions/3.10.4', 'installed_base': '/home/kalle/.pyenv/versions/3.10.4', 'platbase': '/home/kalle/.pyenv/versions/3.10.4', 'platlibdir': 'lib', 'py_version_short': '3.10'}, 'system_executable': '/home/kalle/.pyenv/versions/3.10.4/bin/python3.10', 'system_stdlib': '/home/kalle/.pyenv/versions/3.10.4/lib/python3.10', 'system_stdlib_platform': '/home/kalle/.pyenv/versions/3.10.4/lib/python3.10', 'version': '3.10.4 (main, May 23 2024, 22:41:52) [GCC 14.1.1 20240507]', 'version_info': VersionInfo(major=3, minor=10, micro=4, releaselevel='final', serial=0), 'version_nodot': '310'}) [virtualenv/discovery/py_info.py:435]
.pkg: 753 I proposed PathPythonInfo(spec=CPython3.10.4.final.0-64, system=/home/kalle/.pyenv/versions/3.10.4/bin/python3.10, exe=/home/kalle/projects/opengis/georama/.venv/bin/python3, platform=linux, version='3.10.4 (main, May 23 2024, 22:41:52) [GCC 14.1.1 20240507]', encoding_fs_io=utf-8-utf-8) [virtualenv/discovery/builtin.py:80]
.pkg: 753 D discover PATH[1]=/home/kalle/.nvm/versions/node/v20.18.0/bin [virtualenv/discovery/builtin.py:149]
.pkg: 753 D discover PATH[2]=/home/kalle/.pyenv/shims [virtualenv/discovery/builtin.py:149]
.pkg: 754 I proposed PathPythonInfo(spec=CPython3.10.4.final.0-64, system=/home/kalle/.pyenv/versions/3.10.4/bin/python3, exe=/home/kalle/.pyenv/shims/python3, platform=linux, version='3.10.4 (main, May 23 2024, 22:41:52) [GCC 14.1.1 20240507]', encoding_fs_io=utf-8-utf-8) [virtualenv/discovery/builtin.py:80]
.pkg: 754 D discover PATH[3]=/home/kalle/perl5/bin [virtualenv/discovery/builtin.py:149]
.pkg: 754 D discover PATH[4]=/home/kalle/.local/bin [virtualenv/discovery/builtin.py:149]
.pkg: 754 D discover PATH[5]=/usr/local/sbin [virtualenv/discovery/builtin.py:149]
.pkg: 754 D discover PATH[6]=/usr/local/bin [virtualenv/discovery/builtin.py:149]
.pkg: 754 D discover PATH[7]=/usr/bin [virtualenv/discovery/builtin.py:149]
.pkg: 766 I proposed PathPythonInfo(spec=CPython3.12.7.final.0-64, exe=/usr/bin/python3, platform=linux, version='3.12.7 (main, Oct  1 2024, 11:15:50) [GCC 14.2.1 20240910]', encoding_fs_io=utf-8-utf-8) [virtualenv/discovery/builtin.py:80]
.pkg: 766 D discover PATH[8]=/var/lib/flatpak/exports/bin [virtualenv/discovery/builtin.py:149]
.pkg: 766 D discover PATH[9]=/usr/lib/jvm/default/bin [virtualenv/discovery/builtin.py:149]
.pkg: 767 D discover PATH[10]=/usr/bin/site_perl [virtualenv/discovery/builtin.py:149]
.pkg: 767 D discover PATH[11]=/usr/bin/vendor_perl [virtualenv/discovery/builtin.py:149]
.pkg: 767 D discover PATH[12]=/usr/bin/core_perl [virtualenv/discovery/builtin.py:149]
.pkg: 767 D discover PATH[13]=/home/kalle/.local/share/JetBrains/Toolbox/scripts [virtualenv/discovery/builtin.py:149]
.pkg: 770 I find interpreter for spec PythonSpec(major=3, minor=7) [virtualenv/discovery/builtin.py:73]
.pkg: 770 I proposed PythonInfo(spec=CPython3.12.7.final.0-64, exe=/usr/bin/python, platform=linux, version='3.12.7 (main, Oct  1 2024, 11:15:50) [GCC 14.2.1 20240910]', encoding_fs_io=utf-8-utf-8) [virtualenv/discovery/builtin.py:80]
.pkg: 770 D discover PATH[0]=/home/kalle/projects/opengis/georama/.venv/bin [virtualenv/discovery/builtin.py:149]
.pkg: 770 D discover exe from cache /home/kalle/.pyenv/versions/3.10.4 - exact False: PathPythonInfo({'architecture': 64, 'base_exec_prefix': '/home/kalle/.pyenv/versions/3.10.4', 'base_prefix': '/home/kalle/.pyenv/versions/3.10.4', 'distutils_install': {'data': '', 'headers': 'include/python3.10/UNKNOWN', 'platlib': 'lib/python3.10/site-packages', 'purelib': 'lib/python3.10/site-packages', 'scripts': 'bin'}, 'exec_prefix': '/home/kalle/.pyenv/versions/3.10.4', 'executable': '/home/kalle/projects/opengis/georama/.venv/bin/python3', 'file_system_encoding': 'utf-8', 'has_venv': True, 'implementation': 'CPython', 'max_size': 9223372036854775807, 'original_executable': '/home/kalle/.pyenv/versions/3.10.4/bin/python3.10', 'os': 'posix', 'path': ['/usr/lib/python3.12/site-packages/virtualenv/discovery', '/home/kalle/.pyenv/versions/3.10.4/lib/python310.zip', '/home/kalle/.pyenv/versions/3.10.4/lib/python3.10', '/home/kalle/.pyenv/versions/3.10.4/lib/python3.10/lib-dynload', '/home/kalle/.local/lib/python3.10/site-packages', '/home/kalle/.pyenv/versions/3.10.4/lib/python3.10/site-packages'], 'platform': 'linux', 'prefix': '/home/kalle/.pyenv/versions/3.10.4', 'real_prefix': None, 'stdout_encoding': 'utf-8', 'sysconfig': {'makefile_filename': '/home/kalle/.pyenv/versions/3.10.4/lib/python3.10/config-3.10-x86_64-linux-gnu/Makefile'}, 'sysconfig_paths': {'data': '{base}', 'include': '{installed_base}/include/python{py_version_short}{abiflags}', 'platlib': '{platbase}/{platlibdir}/python{py_version_short}/site-packages', 'platstdlib': '{platbase}/{platlibdir}/python{py_version_short}', 'purelib': '{base}/lib/python{py_version_short}/site-packages', 'scripts': '{base}/bin', 'stdlib': '{installed_base}/{platlibdir}/python{py_version_short}'}, 'sysconfig_scheme': None, 'sysconfig_vars': {'PYTHONFRAMEWORK': '', 'abiflags': '', 'base': '/home/kalle/.pyenv/versions/3.10.4', 'installed_base': '/home/kalle/.pyenv/versions/3.10.4', 'platbase': '/home/kalle/.pyenv/versions/3.10.4', 'platlibdir': 'lib', 'py_version_short': '3.10'}, 'system_executable': '/home/kalle/.pyenv/versions/3.10.4/bin/python3.10', 'system_stdlib': '/home/kalle/.pyenv/versions/3.10.4/lib/python3.10', 'system_stdlib_platform': '/home/kalle/.pyenv/versions/3.10.4/lib/python3.10', 'version': '3.10.4 (main, May 23 2024, 22:41:52) [GCC 14.1.1 20240507]', 'version_info': VersionInfo(major=3, minor=10, micro=4, releaselevel='final', serial=0), 'version_nodot': '310'}) [virtualenv/discovery/py_info.py:435]
.pkg: 770 I proposed PathPythonInfo(spec=CPython3.10.4.final.0-64, system=/home/kalle/.pyenv/versions/3.10.4/bin/python3.10, exe=/home/kalle/projects/opengis/georama/.venv/bin/python3, platform=linux, version='3.10.4 (main, May 23 2024, 22:41:52) [GCC 14.1.1 20240507]', encoding_fs_io=utf-8-utf-8) [virtualenv/discovery/builtin.py:80]
.pkg: 770 D discover PATH[1]=/home/kalle/.nvm/versions/node/v20.18.0/bin [virtualenv/discovery/builtin.py:149]
.pkg: 770 D discover PATH[2]=/home/kalle/.pyenv/shims [virtualenv/discovery/builtin.py:149]
.pkg: 770 I proposed PathPythonInfo(spec=CPython3.10.4.final.0-64, system=/home/kalle/.pyenv/versions/3.10.4/bin/python3, exe=/home/kalle/.pyenv/shims/python3, platform=linux, version='3.10.4 (main, May 23 2024, 22:41:52) [GCC 14.1.1 20240507]', encoding_fs_io=utf-8-utf-8) [virtualenv/discovery/builtin.py:80]
.pkg: 771 D discover PATH[3]=/home/kalle/perl5/bin [virtualenv/discovery/builtin.py:149]
.pkg: 771 D discover PATH[4]=/home/kalle/.local/bin [virtualenv/discovery/builtin.py:149]
.pkg: 771 D discover PATH[5]=/usr/local/sbin [virtualenv/discovery/builtin.py:149]
.pkg: 771 D discover PATH[6]=/usr/local/bin [virtualenv/discovery/builtin.py:149]
.pkg: 771 D discover PATH[7]=/usr/bin [virtualenv/discovery/builtin.py:149]
.pkg: 782 I proposed PathPythonInfo(spec=CPython3.12.7.final.0-64, exe=/usr/bin/python3, platform=linux, version='3.12.7 (main, Oct  1 2024, 11:15:50) [GCC 14.2.1 20240910]', encoding_fs_io=utf-8-utf-8) [virtualenv/discovery/builtin.py:80]
.pkg: 783 D discover PATH[8]=/var/lib/flatpak/exports/bin [virtualenv/discovery/builtin.py:149]
.pkg: 783 D discover PATH[9]=/usr/lib/jvm/default/bin [virtualenv/discovery/builtin.py:149]
.pkg: 783 D discover PATH[10]=/usr/bin/site_perl [virtualenv/discovery/builtin.py:149]
.pkg: 783 D discover PATH[11]=/usr/bin/vendor_perl [virtualenv/discovery/builtin.py:149]
.pkg: 784 D discover PATH[12]=/usr/bin/core_perl [virtualenv/discovery/builtin.py:149]
.pkg: 784 D discover PATH[13]=/home/kalle/.local/share/JetBrains/Toolbox/scripts [virtualenv/discovery/builtin.py:149]
.pkg: 789 I find interpreter for spec PythonSpec(major=3, minor=6) [virtualenv/discovery/builtin.py:73]
.pkg: 789 I proposed PythonInfo(spec=CPython3.12.7.final.0-64, exe=/usr/bin/python, platform=linux, version='3.12.7 (main, Oct  1 2024, 11:15:50) [GCC 14.2.1 20240910]', encoding_fs_io=utf-8-utf-8) [virtualenv/discovery/builtin.py:80]
.pkg: 789 D discover PATH[0]=/home/kalle/projects/opengis/georama/.venv/bin [virtualenv/discovery/builtin.py:149]
.pkg: 789 D discover exe from cache /home/kalle/.pyenv/versions/3.10.4 - exact False: PathPythonInfo({'architecture': 64, 'base_exec_prefix': '/home/kalle/.pyenv/versions/3.10.4', 'base_prefix': '/home/kalle/.pyenv/versions/3.10.4', 'distutils_install': {'data': '', 'headers': 'include/python3.10/UNKNOWN', 'platlib': 'lib/python3.10/site-packages', 'purelib': 'lib/python3.10/site-packages', 'scripts': 'bin'}, 'exec_prefix': '/home/kalle/.pyenv/versions/3.10.4', 'executable': '/home/kalle/projects/opengis/georama/.venv/bin/python3', 'file_system_encoding': 'utf-8', 'has_venv': True, 'implementation': 'CPython', 'max_size': 9223372036854775807, 'original_executable': '/home/kalle/.pyenv/versions/3.10.4/bin/python3.10', 'os': 'posix', 'path': ['/usr/lib/python3.12/site-packages/virtualenv/discovery', '/home/kalle/.pyenv/versions/3.10.4/lib/python310.zip', '/home/kalle/.pyenv/versions/3.10.4/lib/python3.10', '/home/kalle/.pyenv/versions/3.10.4/lib/python3.10/lib-dynload', '/home/kalle/.local/lib/python3.10/site-packages', '/home/kalle/.pyenv/versions/3.10.4/lib/python3.10/site-packages'], 'platform': 'linux', 'prefix': '/home/kalle/.pyenv/versions/3.10.4', 'real_prefix': None, 'stdout_encoding': 'utf-8', 'sysconfig': {'makefile_filename': '/home/kalle/.pyenv/versions/3.10.4/lib/python3.10/config-3.10-x86_64-linux-gnu/Makefile'}, 'sysconfig_paths': {'data': '{base}', 'include': '{installed_base}/include/python{py_version_short}{abiflags}', 'platlib': '{platbase}/{platlibdir}/python{py_version_short}/site-packages', 'platstdlib': '{platbase}/{platlibdir}/python{py_version_short}', 'purelib': '{base}/lib/python{py_version_short}/site-packages', 'scripts': '{base}/bin', 'stdlib': '{installed_base}/{platlibdir}/python{py_version_short}'}, 'sysconfig_scheme': None, 'sysconfig_vars': {'PYTHONFRAMEWORK': '', 'abiflags': '', 'base': '/home/kalle/.pyenv/versions/3.10.4', 'installed_base': '/home/kalle/.pyenv/versions/3.10.4', 'platbase': '/home/kalle/.pyenv/versions/3.10.4', 'platlibdir': 'lib', 'py_version_short': '3.10'}, 'system_executable': '/home/kalle/.pyenv/versions/3.10.4/bin/python3.10', 'system_stdlib': '/home/kalle/.pyenv/versions/3.10.4/lib/python3.10', 'system_stdlib_platform': '/home/kalle/.pyenv/versions/3.10.4/lib/python3.10', 'version': '3.10.4 (main, May 23 2024, 22:41:52) [GCC 14.1.1 20240507]', 'version_info': VersionInfo(major=3, minor=10, micro=4, releaselevel='final', serial=0), 'version_nodot': '310'}) [virtualenv/discovery/py_info.py:435]
.pkg: 789 I proposed PathPythonInfo(spec=CPython3.10.4.final.0-64, system=/home/kalle/.pyenv/versions/3.10.4/bin/python3.10, exe=/home/kalle/projects/opengis/georama/.venv/bin/python3, platform=linux, version='3.10.4 (main, May 23 2024, 22:41:52) [GCC 14.1.1 20240507]', encoding_fs_io=utf-8-utf-8) [virtualenv/discovery/builtin.py:80]
.pkg: 789 D discover PATH[1]=/home/kalle/.nvm/versions/node/v20.18.0/bin [virtualenv/discovery/builtin.py:149]
.pkg: 790 D discover PATH[2]=/home/kalle/.pyenv/shims [virtualenv/discovery/builtin.py:149]
.pkg: 790 I proposed PathPythonInfo(spec=CPython3.10.4.final.0-64, system=/home/kalle/.pyenv/versions/3.10.4/bin/python3, exe=/home/kalle/.pyenv/shims/python3, platform=linux, version='3.10.4 (main, May 23 2024, 22:41:52) [GCC 14.1.1 20240507]', encoding_fs_io=utf-8-utf-8) [virtualenv/discovery/builtin.py:80]
.pkg: 790 D discover PATH[3]=/home/kalle/perl5/bin [virtualenv/discovery/builtin.py:149]
.pkg: 790 D discover PATH[4]=/home/kalle/.local/bin [virtualenv/discovery/builtin.py:149]
.pkg: 790 D discover PATH[5]=/usr/local/sbin [virtualenv/discovery/builtin.py:149]
.pkg: 790 D discover PATH[6]=/usr/local/bin [virtualenv/discovery/builtin.py:149]
.pkg: 790 D discover PATH[7]=/usr/bin [virtualenv/discovery/builtin.py:149]
.pkg: 801 I proposed PathPythonInfo(spec=CPython3.12.7.final.0-64, exe=/usr/bin/python3, platform=linux, version='3.12.7 (main, Oct  1 2024, 11:15:50) [GCC 14.2.1 20240910]', encoding_fs_io=utf-8-utf-8) [virtualenv/discovery/builtin.py:80]
.pkg: 802 D discover PATH[8]=/var/lib/flatpak/exports/bin [virtualenv/discovery/builtin.py:149]
.pkg: 802 D discover PATH[9]=/usr/lib/jvm/default/bin [virtualenv/discovery/builtin.py:149]
.pkg: 802 D discover PATH[10]=/usr/bin/site_perl [virtualenv/discovery/builtin.py:149]
.pkg: 803 D discover PATH[11]=/usr/bin/vendor_perl [virtualenv/discovery/builtin.py:149]
.pkg: 803 D discover PATH[12]=/usr/bin/core_perl [virtualenv/discovery/builtin.py:149]
.pkg: 803 D discover PATH[13]=/home/kalle/.local/share/JetBrains/Toolbox/scripts [virtualenv/discovery/builtin.py:149]
.pkg: 805 I find interpreter for spec PythonSpec(major=3, minor=6) [virtualenv/discovery/builtin.py:73]
.pkg: 805 I proposed PythonInfo(spec=CPython3.12.7.final.0-64, exe=/usr/bin/python, platform=linux, version='3.12.7 (main, Oct  1 2024, 11:15:50) [GCC 14.2.1 20240910]', encoding_fs_io=utf-8-utf-8) [virtualenv/discovery/builtin.py:80]
.pkg: 805 D discover PATH[0]=/home/kalle/projects/opengis/georama/.venv/bin [virtualenv/discovery/builtin.py:149]
.pkg: 806 D discover exe from cache /home/kalle/.pyenv/versions/3.10.4 - exact False: PathPythonInfo({'architecture': 64, 'base_exec_prefix': '/home/kalle/.pyenv/versions/3.10.4', 'base_prefix': '/home/kalle/.pyenv/versions/3.10.4', 'distutils_install': {'data': '', 'headers': 'include/python3.10/UNKNOWN', 'platlib': 'lib/python3.10/site-packages', 'purelib': 'lib/python3.10/site-packages', 'scripts': 'bin'}, 'exec_prefix': '/home/kalle/.pyenv/versions/3.10.4', 'executable': '/home/kalle/projects/opengis/georama/.venv/bin/python3', 'file_system_encoding': 'utf-8', 'has_venv': True, 'implementation': 'CPython', 'max_size': 9223372036854775807, 'original_executable': '/home/kalle/.pyenv/versions/3.10.4/bin/python3.10', 'os': 'posix', 'path': ['/usr/lib/python3.12/site-packages/virtualenv/discovery', '/home/kalle/.pyenv/versions/3.10.4/lib/python310.zip', '/home/kalle/.pyenv/versions/3.10.4/lib/python3.10', '/home/kalle/.pyenv/versions/3.10.4/lib/python3.10/lib-dynload', '/home/kalle/.local/lib/python3.10/site-packages', '/home/kalle/.pyenv/versions/3.10.4/lib/python3.10/site-packages'], 'platform': 'linux', 'prefix': '/home/kalle/.pyenv/versions/3.10.4', 'real_prefix': None, 'stdout_encoding': 'utf-8', 'sysconfig': {'makefile_filename': '/home/kalle/.pyenv/versions/3.10.4/lib/python3.10/config-3.10-x86_64-linux-gnu/Makefile'}, 'sysconfig_paths': {'data': '{base}', 'include': '{installed_base}/include/python{py_version_short}{abiflags}', 'platlib': '{platbase}/{platlibdir}/python{py_version_short}/site-packages', 'platstdlib': '{platbase}/{platlibdir}/python{py_version_short}', 'purelib': '{base}/lib/python{py_version_short}/site-packages', 'scripts': '{base}/bin', 'stdlib': '{installed_base}/{platlibdir}/python{py_version_short}'}, 'sysconfig_scheme': None, 'sysconfig_vars': {'PYTHONFRAMEWORK': '', 'abiflags': '', 'base': '/home/kalle/.pyenv/versions/3.10.4', 'installed_base': '/home/kalle/.pyenv/versions/3.10.4', 'platbase': '/home/kalle/.pyenv/versions/3.10.4', 'platlibdir': 'lib', 'py_version_short': '3.10'}, 'system_executable': '/home/kalle/.pyenv/versions/3.10.4/bin/python3.10', 'system_stdlib': '/home/kalle/.pyenv/versions/3.10.4/lib/python3.10', 'system_stdlib_platform': '/home/kalle/.pyenv/versions/3.10.4/lib/python3.10', 'version': '3.10.4 (main, May 23 2024, 22:41:52) [GCC 14.1.1 20240507]', 'version_info': VersionInfo(major=3, minor=10, micro=4, releaselevel='final', serial=0), 'version_nodot': '310'}) [virtualenv/discovery/py_info.py:435]
.pkg: 806 I proposed PathPythonInfo(spec=CPython3.10.4.final.0-64, system=/home/kalle/.pyenv/versions/3.10.4/bin/python3.10, exe=/home/kalle/projects/opengis/georama/.venv/bin/python3, platform=linux, version='3.10.4 (main, May 23 2024, 22:41:52) [GCC 14.1.1 20240507]', encoding_fs_io=utf-8-utf-8) [virtualenv/discovery/builtin.py:80]
.pkg: 806 D discover PATH[1]=/home/kalle/.nvm/versions/node/v20.18.0/bin [virtualenv/discovery/builtin.py:149]
.pkg: 806 D discover PATH[2]=/home/kalle/.pyenv/shims [virtualenv/discovery/builtin.py:149]
.pkg: 806 I proposed PathPythonInfo(spec=CPython3.10.4.final.0-64, system=/home/kalle/.pyenv/versions/3.10.4/bin/python3, exe=/home/kalle/.pyenv/shims/python3, platform=linux, version='3.10.4 (main, May 23 2024, 22:41:52) [GCC 14.1.1 20240507]', encoding_fs_io=utf-8-utf-8) [virtualenv/discovery/builtin.py:80]
.pkg: 806 D discover PATH[3]=/home/kalle/perl5/bin [virtualenv/discovery/builtin.py:149]
.pkg: 806 D discover PATH[4]=/home/kalle/.local/bin [virtualenv/discovery/builtin.py:149]
.pkg: 807 D discover PATH[5]=/usr/local/sbin [virtualenv/discovery/builtin.py:149]
.pkg: 807 D discover PATH[6]=/usr/local/bin [virtualenv/discovery/builtin.py:149]
.pkg: 807 D discover PATH[7]=/usr/bin [virtualenv/discovery/builtin.py:149]
.pkg: 818 I proposed PathPythonInfo(spec=CPython3.12.7.final.0-64, exe=/usr/bin/python3, platform=linux, version='3.12.7 (main, Oct  1 2024, 11:15:50) [GCC 14.2.1 20240910]', encoding_fs_io=utf-8-utf-8) [virtualenv/discovery/builtin.py:80]
.pkg: 819 D discover PATH[8]=/var/lib/flatpak/exports/bin [virtualenv/discovery/builtin.py:149]
.pkg: 819 D discover PATH[9]=/usr/lib/jvm/default/bin [virtualenv/discovery/builtin.py:149]
.pkg: 819 D discover PATH[10]=/usr/bin/site_perl [virtualenv/discovery/builtin.py:149]
.pkg: 819 D discover PATH[11]=/usr/bin/vendor_perl [virtualenv/discovery/builtin.py:149]
.pkg: 819 D discover PATH[12]=/usr/bin/core_perl [virtualenv/discovery/builtin.py:149]
.pkg: 819 D discover PATH[13]=/home/kalle/.local/share/JetBrains/Toolbox/scripts [virtualenv/discovery/builtin.py:149]
.pkg: 822 I find interpreter for spec PythonSpec(major=3, minor=6) [virtualenv/discovery/builtin.py:73]
.pkg: 822 I proposed PythonInfo(spec=CPython3.12.7.final.0-64, exe=/usr/bin/python, platform=linux, version='3.12.7 (main, Oct  1 2024, 11:15:50) [GCC 14.2.1 20240910]', encoding_fs_io=utf-8-utf-8) [virtualenv/discovery/builtin.py:80]
.pkg: 822 D discover PATH[0]=/home/kalle/projects/opengis/georama/.venv/bin [virtualenv/discovery/builtin.py:149]
.pkg: 822 D discover exe from cache /home/kalle/.pyenv/versions/3.10.4 - exact False: PathPythonInfo({'architecture': 64, 'base_exec_prefix': '/home/kalle/.pyenv/versions/3.10.4', 'base_prefix': '/home/kalle/.pyenv/versions/3.10.4', 'distutils_install': {'data': '', 'headers': 'include/python3.10/UNKNOWN', 'platlib': 'lib/python3.10/site-packages', 'purelib': 'lib/python3.10/site-packages', 'scripts': 'bin'}, 'exec_prefix': '/home/kalle/.pyenv/versions/3.10.4', 'executable': '/home/kalle/projects/opengis/georama/.venv/bin/python3', 'file_system_encoding': 'utf-8', 'has_venv': True, 'implementation': 'CPython', 'max_size': 9223372036854775807, 'original_executable': '/home/kalle/.pyenv/versions/3.10.4/bin/python3.10', 'os': 'posix', 'path': ['/usr/lib/python3.12/site-packages/virtualenv/discovery', '/home/kalle/.pyenv/versions/3.10.4/lib/python310.zip', '/home/kalle/.pyenv/versions/3.10.4/lib/python3.10', '/home/kalle/.pyenv/versions/3.10.4/lib/python3.10/lib-dynload', '/home/kalle/.local/lib/python3.10/site-packages', '/home/kalle/.pyenv/versions/3.10.4/lib/python3.10/site-packages'], 'platform': 'linux', 'prefix': '/home/kalle/.pyenv/versions/3.10.4', 'real_prefix': None, 'stdout_encoding': 'utf-8', 'sysconfig': {'makefile_filename': '/home/kalle/.pyenv/versions/3.10.4/lib/python3.10/config-3.10-x86_64-linux-gnu/Makefile'}, 'sysconfig_paths': {'data': '{base}', 'include': '{installed_base}/include/python{py_version_short}{abiflags}', 'platlib': '{platbase}/{platlibdir}/python{py_version_short}/site-packages', 'platstdlib': '{platbase}/{platlibdir}/python{py_version_short}', 'purelib': '{base}/lib/python{py_version_short}/site-packages', 'scripts': '{base}/bin', 'stdlib': '{installed_base}/{platlibdir}/python{py_version_short}'}, 'sysconfig_scheme': None, 'sysconfig_vars': {'PYTHONFRAMEWORK': '', 'abiflags': '', 'base': '/home/kalle/.pyenv/versions/3.10.4', 'installed_base': '/home/kalle/.pyenv/versions/3.10.4', 'platbase': '/home/kalle/.pyenv/versions/3.10.4', 'platlibdir': 'lib', 'py_version_short': '3.10'}, 'system_executable': '/home/kalle/.pyenv/versions/3.10.4/bin/python3.10', 'system_stdlib': '/home/kalle/.pyenv/versions/3.10.4/lib/python3.10', 'system_stdlib_platform': '/home/kalle/.pyenv/versions/3.10.4/lib/python3.10', 'version': '3.10.4 (main, May 23 2024, 22:41:52) [GCC 14.1.1 20240507]', 'version_info': VersionInfo(major=3, minor=10, micro=4, releaselevel='final', serial=0), 'version_nodot': '310'}) [virtualenv/discovery/py_info.py:435]
.pkg: 823 I proposed PathPythonInfo(spec=CPython3.10.4.final.0-64, system=/home/kalle/.pyenv/versions/3.10.4/bin/python3.10, exe=/home/kalle/projects/opengis/georama/.venv/bin/python3, platform=linux, version='3.10.4 (main, May 23 2024, 22:41:52) [GCC 14.1.1 20240507]', encoding_fs_io=utf-8-utf-8) [virtualenv/discovery/builtin.py:80]
.pkg: 823 D discover PATH[1]=/home/kalle/.nvm/versions/node/v20.18.0/bin [virtualenv/discovery/builtin.py:149]
.pkg: 823 D discover PATH[2]=/home/kalle/.pyenv/shims [virtualenv/discovery/builtin.py:149]
.pkg: 823 I proposed PathPythonInfo(spec=CPython3.10.4.final.0-64, system=/home/kalle/.pyenv/versions/3.10.4/bin/python3, exe=/home/kalle/.pyenv/shims/python3, platform=linux, version='3.10.4 (main, May 23 2024, 22:41:52) [GCC 14.1.1 20240507]', encoding_fs_io=utf-8-utf-8) [virtualenv/discovery/builtin.py:80]
.pkg: 823 D discover PATH[3]=/home/kalle/perl5/bin [virtualenv/discovery/builtin.py:149]
.pkg: 823 D discover PATH[4]=/home/kalle/.local/bin [virtualenv/discovery/builtin.py:149]
.pkg: 823 D discover PATH[5]=/usr/local/sbin [virtualenv/discovery/builtin.py:149]
.pkg: 823 D discover PATH[6]=/usr/local/bin [virtualenv/discovery/builtin.py:149]
.pkg: 823 D discover PATH[7]=/usr/bin [virtualenv/discovery/builtin.py:149]
.pkg: 835 I proposed PathPythonInfo(spec=CPython3.12.7.final.0-64, exe=/usr/bin/python3, platform=linux, version='3.12.7 (main, Oct  1 2024, 11:15:50) [GCC 14.2.1 20240910]', encoding_fs_io=utf-8-utf-8) [virtualenv/discovery/builtin.py:80]
.pkg: 835 D discover PATH[8]=/var/lib/flatpak/exports/bin [virtualenv/discovery/builtin.py:149]
.pkg: 835 D discover PATH[9]=/usr/lib/jvm/default/bin [virtualenv/discovery/builtin.py:149]
.pkg: 836 D discover PATH[10]=/usr/bin/site_perl [virtualenv/discovery/builtin.py:149]
.pkg: 836 D discover PATH[11]=/usr/bin/vendor_perl [virtualenv/discovery/builtin.py:149]
.pkg: 836 D discover PATH[12]=/usr/bin/core_perl [virtualenv/discovery/builtin.py:149]
.pkg: 836 D discover PATH[13]=/home/kalle/.local/share/JetBrains/Toolbox/scripts [virtualenv/discovery/builtin.py:149]
.pkg: 841 I find interpreter for spec PythonSpec(major=3, minor=11) [virtualenv/discovery/builtin.py:73]
.pkg: 841 I proposed PythonInfo(spec=CPython3.12.7.final.0-64, exe=/usr/bin/python, platform=linux, version='3.12.7 (main, Oct  1 2024, 11:15:50) [GCC 14.2.1 20240910]', encoding_fs_io=utf-8-utf-8) [virtualenv/discovery/builtin.py:80]
.pkg: 841 D discover PATH[0]=/home/kalle/projects/opengis/georama/.venv/bin [virtualenv/discovery/builtin.py:149]
.pkg: 842 D discover exe from cache /home/kalle/.pyenv/versions/3.10.4 - exact False: PathPythonInfo({'architecture': 64, 'base_exec_prefix': '/home/kalle/.pyenv/versions/3.10.4', 'base_prefix': '/home/kalle/.pyenv/versions/3.10.4', 'distutils_install': {'data': '', 'headers': 'include/python3.10/UNKNOWN', 'platlib': 'lib/python3.10/site-packages', 'purelib': 'lib/python3.10/site-packages', 'scripts': 'bin'}, 'exec_prefix': '/home/kalle/.pyenv/versions/3.10.4', 'executable': '/home/kalle/projects/opengis/georama/.venv/bin/python3', 'file_system_encoding': 'utf-8', 'has_venv': True, 'implementation': 'CPython', 'max_size': 9223372036854775807, 'original_executable': '/home/kalle/.pyenv/versions/3.10.4/bin/python3.10', 'os': 'posix', 'path': ['/usr/lib/python3.12/site-packages/virtualenv/discovery', '/home/kalle/.pyenv/versions/3.10.4/lib/python310.zip', '/home/kalle/.pyenv/versions/3.10.4/lib/python3.10', '/home/kalle/.pyenv/versions/3.10.4/lib/python3.10/lib-dynload', '/home/kalle/.local/lib/python3.10/site-packages', '/home/kalle/.pyenv/versions/3.10.4/lib/python3.10/site-packages'], 'platform': 'linux', 'prefix': '/home/kalle/.pyenv/versions/3.10.4', 'real_prefix': None, 'stdout_encoding': 'utf-8', 'sysconfig': {'makefile_filename': '/home/kalle/.pyenv/versions/3.10.4/lib/python3.10/config-3.10-x86_64-linux-gnu/Makefile'}, 'sysconfig_paths': {'data': '{base}', 'include': '{installed_base}/include/python{py_version_short}{abiflags}', 'platlib': '{platbase}/{platlibdir}/python{py_version_short}/site-packages', 'platstdlib': '{platbase}/{platlibdir}/python{py_version_short}', 'purelib': '{base}/lib/python{py_version_short}/site-packages', 'scripts': '{base}/bin', 'stdlib': '{installed_base}/{platlibdir}/python{py_version_short}'}, 'sysconfig_scheme': None, 'sysconfig_vars': {'PYTHONFRAMEWORK': '', 'abiflags': '', 'base': '/home/kalle/.pyenv/versions/3.10.4', 'installed_base': '/home/kalle/.pyenv/versions/3.10.4', 'platbase': '/home/kalle/.pyenv/versions/3.10.4', 'platlibdir': 'lib', 'py_version_short': '3.10'}, 'system_executable': '/home/kalle/.pyenv/versions/3.10.4/bin/python3.10', 'system_stdlib': '/home/kalle/.pyenv/versions/3.10.4/lib/python3.10', 'system_stdlib_platform': '/home/kalle/.pyenv/versions/3.10.4/lib/python3.10', 'version': '3.10.4 (main, May 23 2024, 22:41:52) [GCC 14.1.1 20240507]', 'version_info': VersionInfo(major=3, minor=10, micro=4, releaselevel='final', serial=0), 'version_nodot': '310'}) [virtualenv/discovery/py_info.py:435]
.pkg: 842 I proposed PathPythonInfo(spec=CPython3.10.4.final.0-64, system=/home/kalle/.pyenv/versions/3.10.4/bin/python3.10, exe=/home/kalle/projects/opengis/georama/.venv/bin/python3, platform=linux, version='3.10.4 (main, May 23 2024, 22:41:52) [GCC 14.1.1 20240507]', encoding_fs_io=utf-8-utf-8) [virtualenv/discovery/builtin.py:80]
.pkg: 842 D discover PATH[1]=/home/kalle/.nvm/versions/node/v20.18.0/bin [virtualenv/discovery/builtin.py:149]
.pkg: 842 D discover PATH[2]=/home/kalle/.pyenv/shims [virtualenv/discovery/builtin.py:149]
.pkg: 842 I proposed PathPythonInfo(spec=CPython3.10.4.final.0-64, system=/home/kalle/.pyenv/versions/3.10.4/bin/python3, exe=/home/kalle/.pyenv/shims/python3, platform=linux, version='3.10.4 (main, May 23 2024, 22:41:52) [GCC 14.1.1 20240507]', encoding_fs_io=utf-8-utf-8) [virtualenv/discovery/builtin.py:80]
.pkg: 842 D discover PATH[3]=/home/kalle/perl5/bin [virtualenv/discovery/builtin.py:149]
.pkg: 842 D discover PATH[4]=/home/kalle/.local/bin [virtualenv/discovery/builtin.py:149]
.pkg: 842 D discover PATH[5]=/usr/local/sbin [virtualenv/discovery/builtin.py:149]
.pkg: 842 D discover PATH[6]=/usr/local/bin [virtualenv/discovery/builtin.py:149]
.pkg: 842 D discover PATH[7]=/usr/bin [virtualenv/discovery/builtin.py:149]
.pkg: 854 I proposed PathPythonInfo(spec=CPython3.12.7.final.0-64, exe=/usr/bin/python3, platform=linux, version='3.12.7 (main, Oct  1 2024, 11:15:50) [GCC 14.2.1 20240910]', encoding_fs_io=utf-8-utf-8) [virtualenv/discovery/builtin.py:80]
.pkg: 855 D discover PATH[8]=/var/lib/flatpak/exports/bin [virtualenv/discovery/builtin.py:149]
.pkg: 855 D discover PATH[9]=/usr/lib/jvm/default/bin [virtualenv/discovery/builtin.py:149]
.pkg: 855 D discover PATH[10]=/usr/bin/site_perl [virtualenv/discovery/builtin.py:149]
.pkg: 856 D discover PATH[11]=/usr/bin/vendor_perl [virtualenv/discovery/builtin.py:149]
.pkg: 856 D discover PATH[12]=/usr/bin/core_perl [virtualenv/discovery/builtin.py:149]
.pkg: 856 D discover PATH[13]=/home/kalle/.local/share/JetBrains/Toolbox/scripts [virtualenv/discovery/builtin.py:149]
.pkg: 859 I find interpreter for spec PythonSpec(major=3, minor=10) [virtualenv/discovery/builtin.py:73]
.pkg: 859 I proposed PythonInfo(spec=CPython3.12.7.final.0-64, exe=/usr/bin/python, platform=linux, version='3.12.7 (main, Oct  1 2024, 11:15:50) [GCC 14.2.1 20240910]', encoding_fs_io=utf-8-utf-8) [virtualenv/discovery/builtin.py:80]
.pkg: 859 D discover PATH[0]=/home/kalle/projects/opengis/georama/.venv/bin [virtualenv/discovery/builtin.py:149]
.pkg: 860 D discover exe from cache /home/kalle/.pyenv/versions/3.10.4 - exact False: PathPythonInfo({'architecture': 64, 'base_exec_prefix': '/home/kalle/.pyenv/versions/3.10.4', 'base_prefix': '/home/kalle/.pyenv/versions/3.10.4', 'distutils_install': {'data': '', 'headers': 'include/python3.10/UNKNOWN', 'platlib': 'lib/python3.10/site-packages', 'purelib': 'lib/python3.10/site-packages', 'scripts': 'bin'}, 'exec_prefix': '/home/kalle/.pyenv/versions/3.10.4', 'executable': '/home/kalle/projects/opengis/georama/.venv/bin/python3', 'file_system_encoding': 'utf-8', 'has_venv': True, 'implementation': 'CPython', 'max_size': 9223372036854775807, 'original_executable': '/home/kalle/.pyenv/versions/3.10.4/bin/python3.10', 'os': 'posix', 'path': ['/usr/lib/python3.12/site-packages/virtualenv/discovery', '/home/kalle/.pyenv/versions/3.10.4/lib/python310.zip', '/home/kalle/.pyenv/versions/3.10.4/lib/python3.10', '/home/kalle/.pyenv/versions/3.10.4/lib/python3.10/lib-dynload', '/home/kalle/.local/lib/python3.10/site-packages', '/home/kalle/.pyenv/versions/3.10.4/lib/python3.10/site-packages'], 'platform': 'linux', 'prefix': '/home/kalle/.pyenv/versions/3.10.4', 'real_prefix': None, 'stdout_encoding': 'utf-8', 'sysconfig': {'makefile_filename': '/home/kalle/.pyenv/versions/3.10.4/lib/python3.10/config-3.10-x86_64-linux-gnu/Makefile'}, 'sysconfig_paths': {'data': '{base}', 'include': '{installed_base}/include/python{py_version_short}{abiflags}', 'platlib': '{platbase}/{platlibdir}/python{py_version_short}/site-packages', 'platstdlib': '{platbase}/{platlibdir}/python{py_version_short}', 'purelib': '{base}/lib/python{py_version_short}/site-packages', 'scripts': '{base}/bin', 'stdlib': '{installed_base}/{platlibdir}/python{py_version_short}'}, 'sysconfig_scheme': None, 'sysconfig_vars': {'PYTHONFRAMEWORK': '', 'abiflags': '', 'base': '/home/kalle/.pyenv/versions/3.10.4', 'installed_base': '/home/kalle/.pyenv/versions/3.10.4', 'platbase': '/home/kalle/.pyenv/versions/3.10.4', 'platlibdir': 'lib', 'py_version_short': '3.10'}, 'system_executable': '/home/kalle/.pyenv/versions/3.10.4/bin/python3.10', 'system_stdlib': '/home/kalle/.pyenv/versions/3.10.4/lib/python3.10', 'system_stdlib_platform': '/home/kalle/.pyenv/versions/3.10.4/lib/python3.10', 'version': '3.10.4 (main, May 23 2024, 22:41:52) [GCC 14.1.1 20240507]', 'version_info': VersionInfo(major=3, minor=10, micro=4, releaselevel='final', serial=0), 'version_nodot': '310'}) [virtualenv/discovery/py_info.py:435]
.pkg: 860 I proposed PathPythonInfo(spec=CPython3.10.4.final.0-64, system=/home/kalle/.pyenv/versions/3.10.4/bin/python3.10, exe=/home/kalle/projects/opengis/georama/.venv/bin/python3.10, platform=linux, version='3.10.4 (main, May 23 2024, 22:41:52) [GCC 14.1.1 20240507]', encoding_fs_io=utf-8-utf-8) [virtualenv/discovery/builtin.py:80]
.pkg: 860 D accepted PathPythonInfo(spec=CPython3.10.4.final.0-64, system=/home/kalle/.pyenv/versions/3.10.4/bin/python3.10, exe=/home/kalle/projects/opengis/georama/.venv/bin/python3.10, platform=linux, version='3.10.4 (main, May 23 2024, 22:41:52) [GCC 14.1.1 20240507]', encoding_fs_io=utf-8-utf-8) [virtualenv/discovery/builtin.py:82]
.pkg: 863 I find interpreter for spec PythonSpec(major=3, minor=9) [virtualenv/discovery/builtin.py:73]
.pkg: 863 I proposed PythonInfo(spec=CPython3.12.7.final.0-64, exe=/usr/bin/python, platform=linux, version='3.12.7 (main, Oct  1 2024, 11:15:50) [GCC 14.2.1 20240910]', encoding_fs_io=utf-8-utf-8) [virtualenv/discovery/builtin.py:80]
.pkg: 863 D discover PATH[0]=/home/kalle/projects/opengis/georama/.venv/bin [virtualenv/discovery/builtin.py:149]
.pkg: 863 D discover exe from cache /home/kalle/.pyenv/versions/3.10.4 - exact False: PathPythonInfo({'architecture': 64, 'base_exec_prefix': '/home/kalle/.pyenv/versions/3.10.4', 'base_prefix': '/home/kalle/.pyenv/versions/3.10.4', 'distutils_install': {'data': '', 'headers': 'include/python3.10/UNKNOWN', 'platlib': 'lib/python3.10/site-packages', 'purelib': 'lib/python3.10/site-packages', 'scripts': 'bin'}, 'exec_prefix': '/home/kalle/.pyenv/versions/3.10.4', 'executable': '/home/kalle/projects/opengis/georama/.venv/bin/python3.10', 'file_system_encoding': 'utf-8', 'has_venv': True, 'implementation': 'CPython', 'max_size': 9223372036854775807, 'original_executable': '/home/kalle/.pyenv/versions/3.10.4/bin/python3.10', 'os': 'posix', 'path': ['/usr/lib/python3.12/site-packages/virtualenv/discovery', '/home/kalle/.pyenv/versions/3.10.4/lib/python310.zip', '/home/kalle/.pyenv/versions/3.10.4/lib/python3.10', '/home/kalle/.pyenv/versions/3.10.4/lib/python3.10/lib-dynload', '/home/kalle/.local/lib/python3.10/site-packages', '/home/kalle/.pyenv/versions/3.10.4/lib/python3.10/site-packages'], 'platform': 'linux', 'prefix': '/home/kalle/.pyenv/versions/3.10.4', 'real_prefix': None, 'stdout_encoding': 'utf-8', 'sysconfig': {'makefile_filename': '/home/kalle/.pyenv/versions/3.10.4/lib/python3.10/config-3.10-x86_64-linux-gnu/Makefile'}, 'sysconfig_paths': {'data': '{base}', 'include': '{installed_base}/include/python{py_version_short}{abiflags}', 'platlib': '{platbase}/{platlibdir}/python{py_version_short}/site-packages', 'platstdlib': '{platbase}/{platlibdir}/python{py_version_short}', 'purelib': '{base}/lib/python{py_version_short}/site-packages', 'scripts': '{base}/bin', 'stdlib': '{installed_base}/{platlibdir}/python{py_version_short}'}, 'sysconfig_scheme': None, 'sysconfig_vars': {'PYTHONFRAMEWORK': '', 'abiflags': '', 'base': '/home/kalle/.pyenv/versions/3.10.4', 'installed_base': '/home/kalle/.pyenv/versions/3.10.4', 'platbase': '/home/kalle/.pyenv/versions/3.10.4', 'platlibdir': 'lib', 'py_version_short': '3.10'}, 'system_executable': '/home/kalle/.pyenv/versions/3.10.4/bin/python3.10', 'system_stdlib': '/home/kalle/.pyenv/versions/3.10.4/lib/python3.10', 'system_stdlib_platform': '/home/kalle/.pyenv/versions/3.10.4/lib/python3.10', 'version': '3.10.4 (main, May 23 2024, 22:41:52) [GCC 14.1.1 20240507]', 'version_info': VersionInfo(major=3, minor=10, micro=4, releaselevel='final', serial=0), 'version_nodot': '310'}) [virtualenv/discovery/py_info.py:435]
.pkg: 864 I proposed PathPythonInfo(spec=CPython3.10.4.final.0-64, system=/home/kalle/.pyenv/versions/3.10.4/bin/python3.10, exe=/home/kalle/projects/opengis/georama/.venv/bin/python3, platform=linux, version='3.10.4 (main, May 23 2024, 22:41:52) [GCC 14.1.1 20240507]', encoding_fs_io=utf-8-utf-8) [virtualenv/discovery/builtin.py:80]
.pkg: 864 D discover PATH[1]=/home/kalle/.nvm/versions/node/v20.18.0/bin [virtualenv/discovery/builtin.py:149]
.pkg: 864 D discover PATH[2]=/home/kalle/.pyenv/shims [virtualenv/discovery/builtin.py:149]
.pkg: 864 I proposed PathPythonInfo(spec=CPython3.10.4.final.0-64, system=/home/kalle/.pyenv/versions/3.10.4/bin/python3, exe=/home/kalle/.pyenv/shims/python3, platform=linux, version='3.10.4 (main, May 23 2024, 22:41:52) [GCC 14.1.1 20240507]', encoding_fs_io=utf-8-utf-8) [virtualenv/discovery/builtin.py:80]
.pkg: 864 D discover PATH[3]=/home/kalle/perl5/bin [virtualenv/discovery/builtin.py:149]
.pkg: 864 D discover PATH[4]=/home/kalle/.local/bin [virtualenv/discovery/builtin.py:149]
.pkg: 864 D discover PATH[5]=/usr/local/sbin [virtualenv/discovery/builtin.py:149]
.pkg: 864 D discover PATH[6]=/usr/local/bin [virtualenv/discovery/builtin.py:149]
.pkg: 865 D discover PATH[7]=/usr/bin [virtualenv/discovery/builtin.py:149]
.pkg: 876 I proposed PathPythonInfo(spec=CPython3.12.7.final.0-64, exe=/usr/bin/python3, platform=linux, version='3.12.7 (main, Oct  1 2024, 11:15:50) [GCC 14.2.1 20240910]', encoding_fs_io=utf-8-utf-8) [virtualenv/discovery/builtin.py:80]
.pkg: 876 D discover PATH[8]=/var/lib/flatpak/exports/bin [virtualenv/discovery/builtin.py:149]
.pkg: 877 D discover PATH[9]=/usr/lib/jvm/default/bin [virtualenv/discovery/builtin.py:149]
.pkg: 877 D discover PATH[10]=/usr/bin/site_perl [virtualenv/discovery/builtin.py:149]
.pkg: 877 D discover PATH[11]=/usr/bin/vendor_perl [virtualenv/discovery/builtin.py:149]
.pkg: 877 D discover PATH[12]=/usr/bin/core_perl [virtualenv/discovery/builtin.py:149]
.pkg: 877 D discover PATH[13]=/home/kalle/.local/share/JetBrains/Toolbox/scripts [virtualenv/discovery/builtin.py:149]
.pkg: 880 I find interpreter for spec PythonSpec(major=3, minor=8) [virtualenv/discovery/builtin.py:73]
.pkg: 880 I proposed PythonInfo(spec=CPython3.12.7.final.0-64, exe=/usr/bin/python, platform=linux, version='3.12.7 (main, Oct  1 2024, 11:15:50) [GCC 14.2.1 20240910]', encoding_fs_io=utf-8-utf-8) [virtualenv/discovery/builtin.py:80]
.pkg: 880 D discover PATH[0]=/home/kalle/projects/opengis/georama/.venv/bin [virtualenv/discovery/builtin.py:149]
.pkg: 880 D discover exe from cache /home/kalle/.pyenv/versions/3.10.4 - exact False: PathPythonInfo({'architecture': 64, 'base_exec_prefix': '/home/kalle/.pyenv/versions/3.10.4', 'base_prefix': '/home/kalle/.pyenv/versions/3.10.4', 'distutils_install': {'data': '', 'headers': 'include/python3.10/UNKNOWN', 'platlib': 'lib/python3.10/site-packages', 'purelib': 'lib/python3.10/site-packages', 'scripts': 'bin'}, 'exec_prefix': '/home/kalle/.pyenv/versions/3.10.4', 'executable': '/home/kalle/projects/opengis/georama/.venv/bin/python3', 'file_system_encoding': 'utf-8', 'has_venv': True, 'implementation': 'CPython', 'max_size': 9223372036854775807, 'original_executable': '/home/kalle/.pyenv/versions/3.10.4/bin/python3.10', 'os': 'posix', 'path': ['/usr/lib/python3.12/site-packages/virtualenv/discovery', '/home/kalle/.pyenv/versions/3.10.4/lib/python310.zip', '/home/kalle/.pyenv/versions/3.10.4/lib/python3.10', '/home/kalle/.pyenv/versions/3.10.4/lib/python3.10/lib-dynload', '/home/kalle/.local/lib/python3.10/site-packages', '/home/kalle/.pyenv/versions/3.10.4/lib/python3.10/site-packages'], 'platform': 'linux', 'prefix': '/home/kalle/.pyenv/versions/3.10.4', 'real_prefix': None, 'stdout_encoding': 'utf-8', 'sysconfig': {'makefile_filename': '/home/kalle/.pyenv/versions/3.10.4/lib/python3.10/config-3.10-x86_64-linux-gnu/Makefile'}, 'sysconfig_paths': {'data': '{base}', 'include': '{installed_base}/include/python{py_version_short}{abiflags}', 'platlib': '{platbase}/{platlibdir}/python{py_version_short}/site-packages', 'platstdlib': '{platbase}/{platlibdir}/python{py_version_short}', 'purelib': '{base}/lib/python{py_version_short}/site-packages', 'scripts': '{base}/bin', 'stdlib': '{installed_base}/{platlibdir}/python{py_version_short}'}, 'sysconfig_scheme': None, 'sysconfig_vars': {'PYTHONFRAMEWORK': '', 'abiflags': '', 'base': '/home/kalle/.pyenv/versions/3.10.4', 'installed_base': '/home/kalle/.pyenv/versions/3.10.4', 'platbase': '/home/kalle/.pyenv/versions/3.10.4', 'platlibdir': 'lib', 'py_version_short': '3.10'}, 'system_executable': '/home/kalle/.pyenv/versions/3.10.4/bin/python3.10', 'system_stdlib': '/home/kalle/.pyenv/versions/3.10.4/lib/python3.10', 'system_stdlib_platform': '/home/kalle/.pyenv/versions/3.10.4/lib/python3.10', 'version': '3.10.4 (main, May 23 2024, 22:41:52) [GCC 14.1.1 20240507]', 'version_info': VersionInfo(major=3, minor=10, micro=4, releaselevel='final', serial=0), 'version_nodot': '310'}) [virtualenv/discovery/py_info.py:435]
.pkg: 880 I proposed PathPythonInfo(spec=CPython3.10.4.final.0-64, system=/home/kalle/.pyenv/versions/3.10.4/bin/python3.10, exe=/home/kalle/projects/opengis/georama/.venv/bin/python3, platform=linux, version='3.10.4 (main, May 23 2024, 22:41:52) [GCC 14.1.1 20240507]', encoding_fs_io=utf-8-utf-8) [virtualenv/discovery/builtin.py:80]
.pkg: 880 D discover PATH[1]=/home/kalle/.nvm/versions/node/v20.18.0/bin [virtualenv/discovery/builtin.py:149]
.pkg: 881 D discover PATH[2]=/home/kalle/.pyenv/shims [virtualenv/discovery/builtin.py:149]
.pkg: 881 I proposed PathPythonInfo(spec=CPython3.10.4.final.0-64, system=/home/kalle/.pyenv/versions/3.10.4/bin/python3, exe=/home/kalle/.pyenv/shims/python3, platform=linux, version='3.10.4 (main, May 23 2024, 22:41:52) [GCC 14.1.1 20240507]', encoding_fs_io=utf-8-utf-8) [virtualenv/discovery/builtin.py:80]
.pkg: 881 D discover PATH[3]=/home/kalle/perl5/bin [virtualenv/discovery/builtin.py:149]
.pkg: 881 D discover PATH[4]=/home/kalle/.local/bin [virtualenv/discovery/builtin.py:149]
.pkg: 881 D discover PATH[5]=/usr/local/sbin [virtualenv/discovery/builtin.py:149]
.pkg: 881 D discover PATH[6]=/usr/local/bin [virtualenv/discovery/builtin.py:149]
.pkg: 881 D discover PATH[7]=/usr/bin [virtualenv/discovery/builtin.py:149]
.pkg: 893 I proposed PathPythonInfo(spec=CPython3.12.7.final.0-64, exe=/usr/bin/python3, platform=linux, version='3.12.7 (main, Oct  1 2024, 11:15:50) [GCC 14.2.1 20240910]', encoding_fs_io=utf-8-utf-8) [virtualenv/discovery/builtin.py:80]
.pkg: 894 D discover PATH[8]=/var/lib/flatpak/exports/bin [virtualenv/discovery/builtin.py:149]
.pkg: 894 D discover PATH[9]=/usr/lib/jvm/default/bin [virtualenv/discovery/builtin.py:149]
.pkg: 894 D discover PATH[10]=/usr/bin/site_perl [virtualenv/discovery/builtin.py:149]
.pkg: 894 D discover PATH[11]=/usr/bin/vendor_perl [virtualenv/discovery/builtin.py:149]
.pkg: 894 D discover PATH[12]=/usr/bin/core_perl [virtualenv/discovery/builtin.py:149]
.pkg: 895 D discover PATH[13]=/home/kalle/.local/share/JetBrains/Toolbox/scripts [virtualenv/discovery/builtin.py:149]
.pkg: 897 I find interpreter for spec PythonSpec(major=3, minor=7) [virtualenv/discovery/builtin.py:73]
.pkg: 897 I proposed PythonInfo(spec=CPython3.12.7.final.0-64, exe=/usr/bin/python, platform=linux, version='3.12.7 (main, Oct  1 2024, 11:15:50) [GCC 14.2.1 20240910]', encoding_fs_io=utf-8-utf-8) [virtualenv/discovery/builtin.py:80]
.pkg: 897 D discover PATH[0]=/home/kalle/projects/opengis/georama/.venv/bin [virtualenv/discovery/builtin.py:149]
.pkg: 898 D discover exe from cache /home/kalle/.pyenv/versions/3.10.4 - exact False: PathPythonInfo({'architecture': 64, 'base_exec_prefix': '/home/kalle/.pyenv/versions/3.10.4', 'base_prefix': '/home/kalle/.pyenv/versions/3.10.4', 'distutils_install': {'data': '', 'headers': 'include/python3.10/UNKNOWN', 'platlib': 'lib/python3.10/site-packages', 'purelib': 'lib/python3.10/site-packages', 'scripts': 'bin'}, 'exec_prefix': '/home/kalle/.pyenv/versions/3.10.4', 'executable': '/home/kalle/projects/opengis/georama/.venv/bin/python3', 'file_system_encoding': 'utf-8', 'has_venv': True, 'implementation': 'CPython', 'max_size': 9223372036854775807, 'original_executable': '/home/kalle/.pyenv/versions/3.10.4/bin/python3.10', 'os': 'posix', 'path': ['/usr/lib/python3.12/site-packages/virtualenv/discovery', '/home/kalle/.pyenv/versions/3.10.4/lib/python310.zip', '/home/kalle/.pyenv/versions/3.10.4/lib/python3.10', '/home/kalle/.pyenv/versions/3.10.4/lib/python3.10/lib-dynload', '/home/kalle/.local/lib/python3.10/site-packages', '/home/kalle/.pyenv/versions/3.10.4/lib/python3.10/site-packages'], 'platform': 'linux', 'prefix': '/home/kalle/.pyenv/versions/3.10.4', 'real_prefix': None, 'stdout_encoding': 'utf-8', 'sysconfig': {'makefile_filename': '/home/kalle/.pyenv/versions/3.10.4/lib/python3.10/config-3.10-x86_64-linux-gnu/Makefile'}, 'sysconfig_paths': {'data': '{base}', 'include': '{installed_base}/include/python{py_version_short}{abiflags}', 'platlib': '{platbase}/{platlibdir}/python{py_version_short}/site-packages', 'platstdlib': '{platbase}/{platlibdir}/python{py_version_short}', 'purelib': '{base}/lib/python{py_version_short}/site-packages', 'scripts': '{base}/bin', 'stdlib': '{installed_base}/{platlibdir}/python{py_version_short}'}, 'sysconfig_scheme': None, 'sysconfig_vars': {'PYTHONFRAMEWORK': '', 'abiflags': '', 'base': '/home/kalle/.pyenv/versions/3.10.4', 'installed_base': '/home/kalle/.pyenv/versions/3.10.4', 'platbase': '/home/kalle/.pyenv/versions/3.10.4', 'platlibdir': 'lib', 'py_version_short': '3.10'}, 'system_executable': '/home/kalle/.pyenv/versions/3.10.4/bin/python3.10', 'system_stdlib': '/home/kalle/.pyenv/versions/3.10.4/lib/python3.10', 'system_stdlib_platform': '/home/kalle/.pyenv/versions/3.10.4/lib/python3.10', 'version': '3.10.4 (main, May 23 2024, 22:41:52) [GCC 14.1.1 20240507]', 'version_info': VersionInfo(major=3, minor=10, micro=4, releaselevel='final', serial=0), 'version_nodot': '310'}) [virtualenv/discovery/py_info.py:435]
.pkg: 898 I proposed PathPythonInfo(spec=CPython3.10.4.final.0-64, system=/home/kalle/.pyenv/versions/3.10.4/bin/python3.10, exe=/home/kalle/projects/opengis/georama/.venv/bin/python3, platform=linux, version='3.10.4 (main, May 23 2024, 22:41:52) [GCC 14.1.1 20240507]', encoding_fs_io=utf-8-utf-8) [virtualenv/discovery/builtin.py:80]
.pkg: 898 D discover PATH[1]=/home/kalle/.nvm/versions/node/v20.18.0/bin [virtualenv/discovery/builtin.py:149]
.pkg: 898 D discover PATH[2]=/home/kalle/.pyenv/shims [virtualenv/discovery/builtin.py:149]
.pkg: 898 I proposed PathPythonInfo(spec=CPython3.10.4.final.0-64, system=/home/kalle/.pyenv/versions/3.10.4/bin/python3, exe=/home/kalle/.pyenv/shims/python3, platform=linux, version='3.10.4 (main, May 23 2024, 22:41:52) [GCC 14.1.1 20240507]', encoding_fs_io=utf-8-utf-8) [virtualenv/discovery/builtin.py:80]
.pkg: 898 D discover PATH[3]=/home/kalle/perl5/bin [virtualenv/discovery/builtin.py:149]
.pkg: 898 D discover PATH[4]=/home/kalle/.local/bin [virtualenv/discovery/builtin.py:149]
.pkg: 898 D discover PATH[5]=/usr/local/sbin [virtualenv/discovery/builtin.py:149]
.pkg: 898 D discover PATH[6]=/usr/local/bin [virtualenv/discovery/builtin.py:149]
.pkg: 899 D discover PATH[7]=/usr/bin [virtualenv/discovery/builtin.py:149]
.pkg: 910 I proposed PathPythonInfo(spec=CPython3.12.7.final.0-64, exe=/usr/bin/python3, platform=linux, version='3.12.7 (main, Oct  1 2024, 11:15:50) [GCC 14.2.1 20240910]', encoding_fs_io=utf-8-utf-8) [virtualenv/discovery/builtin.py:80]
.pkg: 911 D discover PATH[8]=/var/lib/flatpak/exports/bin [virtualenv/discovery/builtin.py:149]
.pkg: 911 D discover PATH[9]=/usr/lib/jvm/default/bin [virtualenv/discovery/builtin.py:149]
.pkg: 911 D discover PATH[10]=/usr/bin/site_perl [virtualenv/discovery/builtin.py:149]
.pkg: 911 D discover PATH[11]=/usr/bin/vendor_perl [virtualenv/discovery/builtin.py:149]
.pkg: 911 D discover PATH[12]=/usr/bin/core_perl [virtualenv/discovery/builtin.py:149]
.pkg: 911 D discover PATH[13]=/home/kalle/.local/share/JetBrains/Toolbox/scripts [virtualenv/discovery/builtin.py:149]
.pkg: 914 I find interpreter for spec PythonSpec(major=3, minor=6) [virtualenv/discovery/builtin.py:73]
.pkg: 914 I proposed PythonInfo(spec=CPython3.12.7.final.0-64, exe=/usr/bin/python, platform=linux, version='3.12.7 (main, Oct  1 2024, 11:15:50) [GCC 14.2.1 20240910]', encoding_fs_io=utf-8-utf-8) [virtualenv/discovery/builtin.py:80]
.pkg: 915 D discover PATH[0]=/home/kalle/projects/opengis/georama/.venv/bin [virtualenv/discovery/builtin.py:149]
.pkg: 915 D discover exe from cache /home/kalle/.pyenv/versions/3.10.4 - exact False: PathPythonInfo({'architecture': 64, 'base_exec_prefix': '/home/kalle/.pyenv/versions/3.10.4', 'base_prefix': '/home/kalle/.pyenv/versions/3.10.4', 'distutils_install': {'data': '', 'headers': 'include/python3.10/UNKNOWN', 'platlib': 'lib/python3.10/site-packages', 'purelib': 'lib/python3.10/site-packages', 'scripts': 'bin'}, 'exec_prefix': '/home/kalle/.pyenv/versions/3.10.4', 'executable': '/home/kalle/projects/opengis/georama/.venv/bin/python3', 'file_system_encoding': 'utf-8', 'has_venv': True, 'implementation': 'CPython', 'max_size': 9223372036854775807, 'original_executable': '/home/kalle/.pyenv/versions/3.10.4/bin/python3.10', 'os': 'posix', 'path': ['/usr/lib/python3.12/site-packages/virtualenv/discovery', '/home/kalle/.pyenv/versions/3.10.4/lib/python310.zip', '/home/kalle/.pyenv/versions/3.10.4/lib/python3.10', '/home/kalle/.pyenv/versions/3.10.4/lib/python3.10/lib-dynload', '/home/kalle/.local/lib/python3.10/site-packages', '/home/kalle/.pyenv/versions/3.10.4/lib/python3.10/site-packages'], 'platform': 'linux', 'prefix': '/home/kalle/.pyenv/versions/3.10.4', 'real_prefix': None, 'stdout_encoding': 'utf-8', 'sysconfig': {'makefile_filename': '/home/kalle/.pyenv/versions/3.10.4/lib/python3.10/config-3.10-x86_64-linux-gnu/Makefile'}, 'sysconfig_paths': {'data': '{base}', 'include': '{installed_base}/include/python{py_version_short}{abiflags}', 'platlib': '{platbase}/{platlibdir}/python{py_version_short}/site-packages', 'platstdlib': '{platbase}/{platlibdir}/python{py_version_short}', 'purelib': '{base}/lib/python{py_version_short}/site-packages', 'scripts': '{base}/bin', 'stdlib': '{installed_base}/{platlibdir}/python{py_version_short}'}, 'sysconfig_scheme': None, 'sysconfig_vars': {'PYTHONFRAMEWORK': '', 'abiflags': '', 'base': '/home/kalle/.pyenv/versions/3.10.4', 'installed_base': '/home/kalle/.pyenv/versions/3.10.4', 'platbase': '/home/kalle/.pyenv/versions/3.10.4', 'platlibdir': 'lib', 'py_version_short': '3.10'}, 'system_executable': '/home/kalle/.pyenv/versions/3.10.4/bin/python3.10', 'system_stdlib': '/home/kalle/.pyenv/versions/3.10.4/lib/python3.10', 'system_stdlib_platform': '/home/kalle/.pyenv/versions/3.10.4/lib/python3.10', 'version': '3.10.4 (main, May 23 2024, 22:41:52) [GCC 14.1.1 20240507]', 'version_info': VersionInfo(major=3, minor=10, micro=4, releaselevel='final', serial=0), 'version_nodot': '310'}) [virtualenv/discovery/py_info.py:435]
.pkg: 915 I proposed PathPythonInfo(spec=CPython3.10.4.final.0-64, system=/home/kalle/.pyenv/versions/3.10.4/bin/python3.10, exe=/home/kalle/projects/opengis/georama/.venv/bin/python3, platform=linux, version='3.10.4 (main, May 23 2024, 22:41:52) [GCC 14.1.1 20240507]', encoding_fs_io=utf-8-utf-8) [virtualenv/discovery/builtin.py:80]
.pkg: 915 D discover PATH[1]=/home/kalle/.nvm/versions/node/v20.18.0/bin [virtualenv/discovery/builtin.py:149]
.pkg: 915 D discover PATH[2]=/home/kalle/.pyenv/shims [virtualenv/discovery/builtin.py:149]
.pkg: 915 I proposed PathPythonInfo(spec=CPython3.10.4.final.0-64, system=/home/kalle/.pyenv/versions/3.10.4/bin/python3, exe=/home/kalle/.pyenv/shims/python3, platform=linux, version='3.10.4 (main, May 23 2024, 22:41:52) [GCC 14.1.1 20240507]', encoding_fs_io=utf-8-utf-8) [virtualenv/discovery/builtin.py:80]
.pkg: 915 D discover PATH[3]=/home/kalle/perl5/bin [virtualenv/discovery/builtin.py:149]
.pkg: 915 D discover PATH[4]=/home/kalle/.local/bin [virtualenv/discovery/builtin.py:149]
.pkg: 916 D discover PATH[5]=/usr/local/sbin [virtualenv/discovery/builtin.py:149]
.pkg: 916 D discover PATH[6]=/usr/local/bin [virtualenv/discovery/builtin.py:149]
.pkg: 916 D discover PATH[7]=/usr/bin [virtualenv/discovery/builtin.py:149]
.pkg: 927 I proposed PathPythonInfo(spec=CPython3.12.7.final.0-64, exe=/usr/bin/python3, platform=linux, version='3.12.7 (main, Oct  1 2024, 11:15:50) [GCC 14.2.1 20240910]', encoding_fs_io=utf-8-utf-8) [virtualenv/discovery/builtin.py:80]
.pkg: 928 D discover PATH[8]=/var/lib/flatpak/exports/bin [virtualenv/discovery/builtin.py:149]
.pkg: 928 D discover PATH[9]=/usr/lib/jvm/default/bin [virtualenv/discovery/builtin.py:149]
.pkg: 929 D discover PATH[10]=/usr/bin/site_perl [virtualenv/discovery/builtin.py:149]
.pkg: 929 D discover PATH[11]=/usr/bin/vendor_perl [virtualenv/discovery/builtin.py:149]
.pkg: 929 D discover PATH[12]=/usr/bin/core_perl [virtualenv/discovery/builtin.py:149]
.pkg: 929 D discover PATH[13]=/home/kalle/.local/share/JetBrains/Toolbox/scripts [virtualenv/discovery/builtin.py:149]
.pkg: 932 I find interpreter for spec PythonSpec(implementation=pypy, major=3) [virtualenv/discovery/builtin.py:73]
.pkg: 932 I proposed PythonInfo(spec=CPython3.12.7.final.0-64, exe=/usr/bin/python, platform=linux, version='3.12.7 (main, Oct  1 2024, 11:15:50) [GCC 14.2.1 20240910]', encoding_fs_io=utf-8-utf-8) [virtualenv/discovery/builtin.py:80]
.pkg: 932 D discover PATH[0]=/home/kalle/projects/opengis/georama/.venv/bin [virtualenv/discovery/builtin.py:149]
.pkg: 932 D discover exe from cache /home/kalle/.pyenv/versions/3.10.4 - exact False: PathPythonInfo({'architecture': 64, 'base_exec_prefix': '/home/kalle/.pyenv/versions/3.10.4', 'base_prefix': '/home/kalle/.pyenv/versions/3.10.4', 'distutils_install': {'data': '', 'headers': 'include/python3.10/UNKNOWN', 'platlib': 'lib/python3.10/site-packages', 'purelib': 'lib/python3.10/site-packages', 'scripts': 'bin'}, 'exec_prefix': '/home/kalle/.pyenv/versions/3.10.4', 'executable': '/home/kalle/projects/opengis/georama/.venv/bin/python3', 'file_system_encoding': 'utf-8', 'has_venv': True, 'implementation': 'CPython', 'max_size': 9223372036854775807, 'original_executable': '/home/kalle/.pyenv/versions/3.10.4/bin/python3.10', 'os': 'posix', 'path': ['/usr/lib/python3.12/site-packages/virtualenv/discovery', '/home/kalle/.pyenv/versions/3.10.4/lib/python310.zip', '/home/kalle/.pyenv/versions/3.10.4/lib/python3.10', '/home/kalle/.pyenv/versions/3.10.4/lib/python3.10/lib-dynload', '/home/kalle/.local/lib/python3.10/site-packages', '/home/kalle/.pyenv/versions/3.10.4/lib/python3.10/site-packages'], 'platform': 'linux', 'prefix': '/home/kalle/.pyenv/versions/3.10.4', 'real_prefix': None, 'stdout_encoding': 'utf-8', 'sysconfig': {'makefile_filename': '/home/kalle/.pyenv/versions/3.10.4/lib/python3.10/config-3.10-x86_64-linux-gnu/Makefile'}, 'sysconfig_paths': {'data': '{base}', 'include': '{installed_base}/include/python{py_version_short}{abiflags}', 'platlib': '{platbase}/{platlibdir}/python{py_version_short}/site-packages', 'platstdlib': '{platbase}/{platlibdir}/python{py_version_short}', 'purelib': '{base}/lib/python{py_version_short}/site-packages', 'scripts': '{base}/bin', 'stdlib': '{installed_base}/{platlibdir}/python{py_version_short}'}, 'sysconfig_scheme': None, 'sysconfig_vars': {'PYTHONFRAMEWORK': '', 'abiflags': '', 'base': '/home/kalle/.pyenv/versions/3.10.4', 'installed_base': '/home/kalle/.pyenv/versions/3.10.4', 'platbase': '/home/kalle/.pyenv/versions/3.10.4', 'platlibdir': 'lib', 'py_version_short': '3.10'}, 'system_executable': '/home/kalle/.pyenv/versions/3.10.4/bin/python3.10', 'system_stdlib': '/home/kalle/.pyenv/versions/3.10.4/lib/python3.10', 'system_stdlib_platform': '/home/kalle/.pyenv/versions/3.10.4/lib/python3.10', 'version': '3.10.4 (main, May 23 2024, 22:41:52) [GCC 14.1.1 20240507]', 'version_info': VersionInfo(major=3, minor=10, micro=4, releaselevel='final', serial=0), 'version_nodot': '310'}) [virtualenv/discovery/py_info.py:435]
.pkg: 932 I proposed PathPythonInfo(spec=CPython3.10.4.final.0-64, system=/home/kalle/.pyenv/versions/3.10.4/bin/python3.10, exe=/home/kalle/projects/opengis/georama/.venv/bin/python3.10, platform=linux, version='3.10.4 (main, May 23 2024, 22:41:52) [GCC 14.1.1 20240507]', encoding_fs_io=utf-8-utf-8) [virtualenv/discovery/builtin.py:80]
.pkg: 932 D discover exe from cache /home/kalle/.pyenv/versions/3.10.4 - exact False: PathPythonInfo({'architecture': 64, 'base_exec_prefix': '/home/kalle/.pyenv/versions/3.10.4', 'base_prefix': '/home/kalle/.pyenv/versions/3.10.4', 'distutils_install': {'data': '', 'headers': 'include/python3.10/UNKNOWN', 'platlib': 'lib/python3.10/site-packages', 'purelib': 'lib/python3.10/site-packages', 'scripts': 'bin'}, 'exec_prefix': '/home/kalle/.pyenv/versions/3.10.4', 'executable': '/home/kalle/projects/opengis/georama/.venv/bin/python3.10', 'file_system_encoding': 'utf-8', 'has_venv': True, 'implementation': 'CPython', 'max_size': 9223372036854775807, 'original_executable': '/home/kalle/.pyenv/versions/3.10.4/bin/python3.10', 'os': 'posix', 'path': ['/usr/lib/python3.12/site-packages/virtualenv/discovery', '/home/kalle/.pyenv/versions/3.10.4/lib/python310.zip', '/home/kalle/.pyenv/versions/3.10.4/lib/python3.10', '/home/kalle/.pyenv/versions/3.10.4/lib/python3.10/lib-dynload', '/home/kalle/.local/lib/python3.10/site-packages', '/home/kalle/.pyenv/versions/3.10.4/lib/python3.10/site-packages'], 'platform': 'linux', 'prefix': '/home/kalle/.pyenv/versions/3.10.4', 'real_prefix': None, 'stdout_encoding': 'utf-8', 'sysconfig': {'makefile_filename': '/home/kalle/.pyenv/versions/3.10.4/lib/python3.10/config-3.10-x86_64-linux-gnu/Makefile'}, 'sysconfig_paths': {'data': '{base}', 'include': '{installed_base}/include/python{py_version_short}{abiflags}', 'platlib': '{platbase}/{platlibdir}/python{py_version_short}/site-packages', 'platstdlib': '{platbase}/{platlibdir}/python{py_version_short}', 'purelib': '{base}/lib/python{py_version_short}/site-packages', 'scripts': '{base}/bin', 'stdlib': '{installed_base}/{platlibdir}/python{py_version_short}'}, 'sysconfig_scheme': None, 'sysconfig_vars': {'PYTHONFRAMEWORK': '', 'abiflags': '', 'base': '/home/kalle/.pyenv/versions/3.10.4', 'installed_base': '/home/kalle/.pyenv/versions/3.10.4', 'platbase': '/home/kalle/.pyenv/versions/3.10.4', 'platlibdir': 'lib', 'py_version_short': '3.10'}, 'system_executable': '/home/kalle/.pyenv/versions/3.10.4/bin/python3.10', 'system_stdlib': '/home/kalle/.pyenv/versions/3.10.4/lib/python3.10', 'system_stdlib_platform': '/home/kalle/.pyenv/versions/3.10.4/lib/python3.10', 'version': '3.10.4 (main, May 23 2024, 22:41:52) [GCC 14.1.1 20240507]', 'version_info': VersionInfo(major=3, minor=10, micro=4, releaselevel='final', serial=0), 'version_nodot': '310'}) [virtualenv/discovery/py_info.py:435]
.pkg: 932 D discover PATH[1]=/home/kalle/.nvm/versions/node/v20.18.0/bin [virtualenv/discovery/builtin.py:149]
.pkg: 933 D discover PATH[2]=/home/kalle/.pyenv/shims [virtualenv/discovery/builtin.py:149]
.pkg: 933 D got python info of %s from (PosixPath('/home/kalle/.pyenv/shims/python3.10'), PosixPath('/home/kalle/.local/share/virtualenv/py_info/1/85b10d1ede846190c23bed0af991ae0b90163f9fc4241d4cdc328fe83b10fc1c.json')) [virtualenv/app_data/via_disk_folder.py:131]
.pkg: 933 I proposed PathPythonInfo(spec=CPython3.10.4.final.0-64, system=/home/kalle/.pyenv/versions/3.10.4/bin/python3, exe=/home/kalle/.pyenv/shims/python3, platform=linux, version='3.10.4 (main, May 23 2024, 22:41:52) [GCC 14.1.1 20240507]', encoding_fs_io=utf-8-utf-8) [virtualenv/discovery/builtin.py:80]
.pkg: 933 D discover PATH[3]=/home/kalle/perl5/bin [virtualenv/discovery/builtin.py:149]
.pkg: 934 D discover PATH[4]=/home/kalle/.local/bin [virtualenv/discovery/builtin.py:149]
.pkg: 934 D discover PATH[5]=/usr/local/sbin [virtualenv/discovery/builtin.py:149]
.pkg: 934 D discover PATH[6]=/usr/local/bin [virtualenv/discovery/builtin.py:149]
.pkg: 934 D discover PATH[7]=/usr/bin [virtualenv/discovery/builtin.py:149]
.pkg: 945 D got python info of %s from (PosixPath('/usr/bin/python3.12'), PosixPath('/home/kalle/.local/share/virtualenv/py_info/1/f0d7a494a3f776233427cb85a7e198c7cf4913b50a203c6febc678cc4f5bf265.json')) [virtualenv/app_data/via_disk_folder.py:131]
.pkg: 945 I proposed PathPythonInfo(spec=CPython3.12.7.final.0-64, exe=/usr/bin/python3.12, platform=linux, version='3.12.7 (main, Oct  1 2024, 11:15:50) [GCC 14.2.1 20240910]', encoding_fs_io=utf-8-utf-8) [virtualenv/discovery/builtin.py:80]
.pkg: 946 I proposed PathPythonInfo(spec=CPython3.12.7.final.0-64, exe=/usr/bin/python3, platform=linux, version='3.12.7 (main, Oct  1 2024, 11:15:50) [GCC 14.2.1 20240910]', encoding_fs_io=utf-8-utf-8) [virtualenv/discovery/builtin.py:80]
.pkg: 947 D discover PATH[8]=/var/lib/flatpak/exports/bin [virtualenv/discovery/builtin.py:149]
.pkg: 947 D discover PATH[9]=/usr/lib/jvm/default/bin [virtualenv/discovery/builtin.py:149]
.pkg: 947 D discover PATH[10]=/usr/bin/site_perl [virtualenv/discovery/builtin.py:149]
.pkg: 947 D discover PATH[11]=/usr/bin/vendor_perl [virtualenv/discovery/builtin.py:149]
.pkg: 947 D discover PATH[12]=/usr/bin/core_perl [virtualenv/discovery/builtin.py:149]
.pkg: 948 D discover PATH[13]=/home/kalle/.local/share/JetBrains/Toolbox/scripts [virtualenv/discovery/builtin.py:149]
.pkg: 951 I find interpreter for spec PythonSpec(implementation=pypy, major=3) [virtualenv/discovery/builtin.py:73]
.pkg: 951 I proposed PythonInfo(spec=CPython3.12.7.final.0-64, exe=/usr/bin/python, platform=linux, version='3.12.7 (main, Oct  1 2024, 11:15:50) [GCC 14.2.1 20240910]', encoding_fs_io=utf-8-utf-8) [virtualenv/discovery/builtin.py:80]
.pkg: 951 D discover PATH[0]=/home/kalle/projects/opengis/georama/.venv/bin [virtualenv/discovery/builtin.py:149]
.pkg: 951 D discover exe from cache /home/kalle/.pyenv/versions/3.10.4 - exact False: PathPythonInfo({'architecture': 64, 'base_exec_prefix': '/home/kalle/.pyenv/versions/3.10.4', 'base_prefix': '/home/kalle/.pyenv/versions/3.10.4', 'distutils_install': {'data': '', 'headers': 'include/python3.10/UNKNOWN', 'platlib': 'lib/python3.10/site-packages', 'purelib': 'lib/python3.10/site-packages', 'scripts': 'bin'}, 'exec_prefix': '/home/kalle/.pyenv/versions/3.10.4', 'executable': '/home/kalle/.pyenv/shims/python3.10', 'file_system_encoding': 'utf-8', 'has_venv': True, 'implementation': 'CPython', 'max_size': 9223372036854775807, 'original_executable': '/home/kalle/.pyenv/versions/3.10.4/bin/python3.10', 'os': 'posix', 'path': ['/usr/lib/python3.12/site-packages/virtualenv/discovery', '/home/kalle/.pyenv/versions/3.10.4/lib/python310.zip', '/home/kalle/.pyenv/versions/3.10.4/lib/python3.10', '/home/kalle/.pyenv/versions/3.10.4/lib/python3.10/lib-dynload', '/home/kalle/.local/lib/python3.10/site-packages', '/home/kalle/.pyenv/versions/3.10.4/lib/python3.10/site-packages'], 'platform': 'linux', 'prefix': '/home/kalle/.pyenv/versions/3.10.4', 'real_prefix': None, 'stdout_encoding': 'utf-8', 'sysconfig': {'makefile_filename': '/home/kalle/.pyenv/versions/3.10.4/lib/python3.10/config-3.10-x86_64-linux-gnu/Makefile'}, 'sysconfig_paths': {'data': '{base}', 'include': '{installed_base}/include/python{py_version_short}{abiflags}', 'platlib': '{platbase}/{platlibdir}/python{py_version_short}/site-packages', 'platstdlib': '{platbase}/{platlibdir}/python{py_version_short}', 'purelib': '{base}/lib/python{py_version_short}/site-packages', 'scripts': '{base}/bin', 'stdlib': '{installed_base}/{platlibdir}/python{py_version_short}'}, 'sysconfig_scheme': None, 'sysconfig_vars': {'PYTHONFRAMEWORK': '', 'abiflags': '', 'base': '/home/kalle/.pyenv/versions/3.10.4', 'installed_base': '/home/kalle/.pyenv/versions/3.10.4', 'platbase': '/home/kalle/.pyenv/versions/3.10.4', 'platlibdir': 'lib', 'py_version_short': '3.10'}, 'system_executable': '/home/kalle/.pyenv/versions/3.10.4/bin/python3.10', 'system_stdlib': '/home/kalle/.pyenv/versions/3.10.4/lib/python3.10', 'system_stdlib_platform': '/home/kalle/.pyenv/versions/3.10.4/lib/python3.10', 'version': '3.10.4 (main, May 23 2024, 22:41:52) [GCC 14.1.1 20240507]', 'version_info': VersionInfo(major=3, minor=10, micro=4, releaselevel='final', serial=0), 'version_nodot': '310'}) [virtualenv/discovery/py_info.py:435]
.pkg: 951 I proposed PathPythonInfo(spec=CPython3.10.4.final.0-64, system=/home/kalle/.pyenv/versions/3.10.4/bin/python3.10, exe=/home/kalle/projects/opengis/georama/.venv/bin/python3.10, platform=linux, version='3.10.4 (main, May 23 2024, 22:41:52) [GCC 14.1.1 20240507]', encoding_fs_io=utf-8-utf-8) [virtualenv/discovery/builtin.py:80]
.pkg: 951 D discover exe from cache /home/kalle/.pyenv/versions/3.10.4 - exact False: PathPythonInfo({'architecture': 64, 'base_exec_prefix': '/home/kalle/.pyenv/versions/3.10.4', 'base_prefix': '/home/kalle/.pyenv/versions/3.10.4', 'distutils_install': {'data': '', 'headers': 'include/python3.10/UNKNOWN', 'platlib': 'lib/python3.10/site-packages', 'purelib': 'lib/python3.10/site-packages', 'scripts': 'bin'}, 'exec_prefix': '/home/kalle/.pyenv/versions/3.10.4', 'executable': '/home/kalle/projects/opengis/georama/.venv/bin/python3.10', 'file_system_encoding': 'utf-8', 'has_venv': True, 'implementation': 'CPython', 'max_size': 9223372036854775807, 'original_executable': '/home/kalle/.pyenv/versions/3.10.4/bin/python3.10', 'os': 'posix', 'path': ['/usr/lib/python3.12/site-packages/virtualenv/discovery', '/home/kalle/.pyenv/versions/3.10.4/lib/python310.zip', '/home/kalle/.pyenv/versions/3.10.4/lib/python3.10', '/home/kalle/.pyenv/versions/3.10.4/lib/python3.10/lib-dynload', '/home/kalle/.local/lib/python3.10/site-packages', '/home/kalle/.pyenv/versions/3.10.4/lib/python3.10/site-packages'], 'platform': 'linux', 'prefix': '/home/kalle/.pyenv/versions/3.10.4', 'real_prefix': None, 'stdout_encoding': 'utf-8', 'sysconfig': {'makefile_filename': '/home/kalle/.pyenv/versions/3.10.4/lib/python3.10/config-3.10-x86_64-linux-gnu/Makefile'}, 'sysconfig_paths': {'data': '{base}', 'include': '{installed_base}/include/python{py_version_short}{abiflags}', 'platlib': '{platbase}/{platlibdir}/python{py_version_short}/site-packages', 'platstdlib': '{platbase}/{platlibdir}/python{py_version_short}', 'purelib': '{base}/lib/python{py_version_short}/site-packages', 'scripts': '{base}/bin', 'stdlib': '{installed_base}/{platlibdir}/python{py_version_short}'}, 'sysconfig_scheme': None, 'sysconfig_vars': {'PYTHONFRAMEWORK': '', 'abiflags': '', 'base': '/home/kalle/.pyenv/versions/3.10.4', 'installed_base': '/home/kalle/.pyenv/versions/3.10.4', 'platbase': '/home/kalle/.pyenv/versions/3.10.4', 'platlibdir': 'lib', 'py_version_short': '3.10'}, 'system_executable': '/home/kalle/.pyenv/versions/3.10.4/bin/python3.10', 'system_stdlib': '/home/kalle/.pyenv/versions/3.10.4/lib/python3.10', 'system_stdlib_platform': '/home/kalle/.pyenv/versions/3.10.4/lib/python3.10', 'version': '3.10.4 (main, May 23 2024, 22:41:52) [GCC 14.1.1 20240507]', 'version_info': VersionInfo(major=3, minor=10, micro=4, releaselevel='final', serial=0), 'version_nodot': '310'}) [virtualenv/discovery/py_info.py:435]
.pkg: 951 D discover PATH[1]=/home/kalle/.nvm/versions/node/v20.18.0/bin [virtualenv/discovery/builtin.py:149]
.pkg: 951 D discover PATH[2]=/home/kalle/.pyenv/shims [virtualenv/discovery/builtin.py:149]
.pkg: 952 I proposed PathPythonInfo(spec=CPython3.10.4.final.0-64, system=/home/kalle/.pyenv/versions/3.10.4/bin/python3, exe=/home/kalle/.pyenv/shims/python3, platform=linux, version='3.10.4 (main, May 23 2024, 22:41:52) [GCC 14.1.1 20240507]', encoding_fs_io=utf-8-utf-8) [virtualenv/discovery/builtin.py:80]
.pkg: 952 D discover PATH[3]=/home/kalle/perl5/bin [virtualenv/discovery/builtin.py:149]
.pkg: 952 D discover PATH[4]=/home/kalle/.local/bin [virtualenv/discovery/builtin.py:149]
.pkg: 952 D discover PATH[5]=/usr/local/sbin [virtualenv/discovery/builtin.py:149]
.pkg: 952 D discover PATH[6]=/usr/local/bin [virtualenv/discovery/builtin.py:149]
.pkg: 952 D discover PATH[7]=/usr/bin [virtualenv/discovery/builtin.py:149]
.pkg: 963 I proposed PathPythonInfo(spec=CPython3.12.7.final.0-64, exe=/usr/bin/python3.12, platform=linux, version='3.12.7 (main, Oct  1 2024, 11:15:50) [GCC 14.2.1 20240910]', encoding_fs_io=utf-8-utf-8) [virtualenv/discovery/builtin.py:80]
.pkg: 964 I proposed PathPythonInfo(spec=CPython3.12.7.final.0-64, exe=/usr/bin/python3, platform=linux, version='3.12.7 (main, Oct  1 2024, 11:15:50) [GCC 14.2.1 20240910]', encoding_fs_io=utf-8-utf-8) [virtualenv/discovery/builtin.py:80]
.pkg: 965 D discover PATH[8]=/var/lib/flatpak/exports/bin [virtualenv/discovery/builtin.py:149]
.pkg: 965 D discover PATH[9]=/usr/lib/jvm/default/bin [virtualenv/discovery/builtin.py:149]
.pkg: 965 D discover PATH[10]=/usr/bin/site_perl [virtualenv/discovery/builtin.py:149]
.pkg: 965 D discover PATH[11]=/usr/bin/vendor_perl [virtualenv/discovery/builtin.py:149]
.pkg: 965 D discover PATH[12]=/usr/bin/core_perl [virtualenv/discovery/builtin.py:149]
.pkg: 966 D discover PATH[13]=/home/kalle/.local/share/JetBrains/Toolbox/scripts [virtualenv/discovery/builtin.py:149]
.pkg: 968 I find interpreter for spec PythonSpec(implementation=pypy, major=3) [virtualenv/discovery/builtin.py:73]
.pkg: 968 I proposed PythonInfo(spec=CPython3.12.7.final.0-64, exe=/usr/bin/python, platform=linux, version='3.12.7 (main, Oct  1 2024, 11:15:50) [GCC 14.2.1 20240910]', encoding_fs_io=utf-8-utf-8) [virtualenv/discovery/builtin.py:80]
.pkg: 968 D discover PATH[0]=/home/kalle/projects/opengis/georama/.venv/bin [virtualenv/discovery/builtin.py:149]
.pkg: 969 D discover exe from cache /home/kalle/.pyenv/versions/3.10.4 - exact False: PathPythonInfo({'architecture': 64, 'base_exec_prefix': '/home/kalle/.pyenv/versions/3.10.4', 'base_prefix': '/home/kalle/.pyenv/versions/3.10.4', 'distutils_install': {'data': '', 'headers': 'include/python3.10/UNKNOWN', 'platlib': 'lib/python3.10/site-packages', 'purelib': 'lib/python3.10/site-packages', 'scripts': 'bin'}, 'exec_prefix': '/home/kalle/.pyenv/versions/3.10.4', 'executable': '/home/kalle/.pyenv/shims/python3.10', 'file_system_encoding': 'utf-8', 'has_venv': True, 'implementation': 'CPython', 'max_size': 9223372036854775807, 'original_executable': '/home/kalle/.pyenv/versions/3.10.4/bin/python3.10', 'os': 'posix', 'path': ['/usr/lib/python3.12/site-packages/virtualenv/discovery', '/home/kalle/.pyenv/versions/3.10.4/lib/python310.zip', '/home/kalle/.pyenv/versions/3.10.4/lib/python3.10', '/home/kalle/.pyenv/versions/3.10.4/lib/python3.10/lib-dynload', '/home/kalle/.local/lib/python3.10/site-packages', '/home/kalle/.pyenv/versions/3.10.4/lib/python3.10/site-packages'], 'platform': 'linux', 'prefix': '/home/kalle/.pyenv/versions/3.10.4', 'real_prefix': None, 'stdout_encoding': 'utf-8', 'sysconfig': {'makefile_filename': '/home/kalle/.pyenv/versions/3.10.4/lib/python3.10/config-3.10-x86_64-linux-gnu/Makefile'}, 'sysconfig_paths': {'data': '{base}', 'include': '{installed_base}/include/python{py_version_short}{abiflags}', 'platlib': '{platbase}/{platlibdir}/python{py_version_short}/site-packages', 'platstdlib': '{platbase}/{platlibdir}/python{py_version_short}', 'purelib': '{base}/lib/python{py_version_short}/site-packages', 'scripts': '{base}/bin', 'stdlib': '{installed_base}/{platlibdir}/python{py_version_short}'}, 'sysconfig_scheme': None, 'sysconfig_vars': {'PYTHONFRAMEWORK': '', 'abiflags': '', 'base': '/home/kalle/.pyenv/versions/3.10.4', 'installed_base': '/home/kalle/.pyenv/versions/3.10.4', 'platbase': '/home/kalle/.pyenv/versions/3.10.4', 'platlibdir': 'lib', 'py_version_short': '3.10'}, 'system_executable': '/home/kalle/.pyenv/versions/3.10.4/bin/python3.10', 'system_stdlib': '/home/kalle/.pyenv/versions/3.10.4/lib/python3.10', 'system_stdlib_platform': '/home/kalle/.pyenv/versions/3.10.4/lib/python3.10', 'version': '3.10.4 (main, May 23 2024, 22:41:52) [GCC 14.1.1 20240507]', 'version_info': VersionInfo(major=3, minor=10, micro=4, releaselevel='final', serial=0), 'version_nodot': '310'}) [virtualenv/discovery/py_info.py:435]
.pkg: 969 I proposed PathPythonInfo(spec=CPython3.10.4.final.0-64, system=/home/kalle/.pyenv/versions/3.10.4/bin/python3.10, exe=/home/kalle/projects/opengis/georama/.venv/bin/python3.10, platform=linux, version='3.10.4 (main, May 23 2024, 22:41:52) [GCC 14.1.1 20240507]', encoding_fs_io=utf-8-utf-8) [virtualenv/discovery/builtin.py:80]
.pkg: 969 D discover exe from cache /home/kalle/.pyenv/versions/3.10.4 - exact False: PathPythonInfo({'architecture': 64, 'base_exec_prefix': '/home/kalle/.pyenv/versions/3.10.4', 'base_prefix': '/home/kalle/.pyenv/versions/3.10.4', 'distutils_install': {'data': '', 'headers': 'include/python3.10/UNKNOWN', 'platlib': 'lib/python3.10/site-packages', 'purelib': 'lib/python3.10/site-packages', 'scripts': 'bin'}, 'exec_prefix': '/home/kalle/.pyenv/versions/3.10.4', 'executable': '/home/kalle/projects/opengis/georama/.venv/bin/python3.10', 'file_system_encoding': 'utf-8', 'has_venv': True, 'implementation': 'CPython', 'max_size': 9223372036854775807, 'original_executable': '/home/kalle/.pyenv/versions/3.10.4/bin/python3.10', 'os': 'posix', 'path': ['/usr/lib/python3.12/site-packages/virtualenv/discovery', '/home/kalle/.pyenv/versions/3.10.4/lib/python310.zip', '/home/kalle/.pyenv/versions/3.10.4/lib/python3.10', '/home/kalle/.pyenv/versions/3.10.4/lib/python3.10/lib-dynload', '/home/kalle/.local/lib/python3.10/site-packages', '/home/kalle/.pyenv/versions/3.10.4/lib/python3.10/site-packages'], 'platform': 'linux', 'prefix': '/home/kalle/.pyenv/versions/3.10.4', 'real_prefix': None, 'stdout_encoding': 'utf-8', 'sysconfig': {'makefile_filename': '/home/kalle/.pyenv/versions/3.10.4/lib/python3.10/config-3.10-x86_64-linux-gnu/Makefile'}, 'sysconfig_paths': {'data': '{base}', 'include': '{installed_base}/include/python{py_version_short}{abiflags}', 'platlib': '{platbase}/{platlibdir}/python{py_version_short}/site-packages', 'platstdlib': '{platbase}/{platlibdir}/python{py_version_short}', 'purelib': '{base}/lib/python{py_version_short}/site-packages', 'scripts': '{base}/bin', 'stdlib': '{installed_base}/{platlibdir}/python{py_version_short}'}, 'sysconfig_scheme': None, 'sysconfig_vars': {'PYTHONFRAMEWORK': '', 'abiflags': '', 'base': '/home/kalle/.pyenv/versions/3.10.4', 'installed_base': '/home/kalle/.pyenv/versions/3.10.4', 'platbase': '/home/kalle/.pyenv/versions/3.10.4', 'platlibdir': 'lib', 'py_version_short': '3.10'}, 'system_executable': '/home/kalle/.pyenv/versions/3.10.4/bin/python3.10', 'system_stdlib': '/home/kalle/.pyenv/versions/3.10.4/lib/python3.10', 'system_stdlib_platform': '/home/kalle/.pyenv/versions/3.10.4/lib/python3.10', 'version': '3.10.4 (main, May 23 2024, 22:41:52) [GCC 14.1.1 20240507]', 'version_info': VersionInfo(major=3, minor=10, micro=4, releaselevel='final', serial=0), 'version_nodot': '310'}) [virtualenv/discovery/py_info.py:435]
.pkg: 969 D discover PATH[1]=/home/kalle/.nvm/versions/node/v20.18.0/bin [virtualenv/discovery/builtin.py:149]
.pkg: 969 D discover PATH[2]=/home/kalle/.pyenv/shims [virtualenv/discovery/builtin.py:149]
.pkg: 969 I proposed PathPythonInfo(spec=CPython3.10.4.final.0-64, system=/home/kalle/.pyenv/versions/3.10.4/bin/python3, exe=/home/kalle/.pyenv/shims/python3, platform=linux, version='3.10.4 (main, May 23 2024, 22:41:52) [GCC 14.1.1 20240507]', encoding_fs_io=utf-8-utf-8) [virtualenv/discovery/builtin.py:80]
.pkg: 969 D discover PATH[3]=/home/kalle/perl5/bin [virtualenv/discovery/builtin.py:149]
.pkg: 969 D discover PATH[4]=/home/kalle/.local/bin [virtualenv/discovery/builtin.py:149]
.pkg: 970 D discover PATH[5]=/usr/local/sbin [virtualenv/discovery/builtin.py:149]
.pkg: 970 D discover PATH[6]=/usr/local/bin [virtualenv/discovery/builtin.py:149]
.pkg: 970 D discover PATH[7]=/usr/bin [virtualenv/discovery/builtin.py:149]
.pkg: 980 I proposed PathPythonInfo(spec=CPython3.12.7.final.0-64, exe=/usr/bin/python3.12, platform=linux, version='3.12.7 (main, Oct  1 2024, 11:15:50) [GCC 14.2.1 20240910]', encoding_fs_io=utf-8-utf-8) [virtualenv/discovery/builtin.py:80]
.pkg: 981 I proposed PathPythonInfo(spec=CPython3.12.7.final.0-64, exe=/usr/bin/python3, platform=linux, version='3.12.7 (main, Oct  1 2024, 11:15:50) [GCC 14.2.1 20240910]', encoding_fs_io=utf-8-utf-8) [virtualenv/discovery/builtin.py:80]
.pkg: 982 D discover PATH[8]=/var/lib/flatpak/exports/bin [virtualenv/discovery/builtin.py:149]
.pkg: 982 D discover PATH[9]=/usr/lib/jvm/default/bin [virtualenv/discovery/builtin.py:149]
.pkg: 982 D discover PATH[10]=/usr/bin/site_perl [virtualenv/discovery/builtin.py:149]
.pkg: 982 D discover PATH[11]=/usr/bin/vendor_perl [virtualenv/discovery/builtin.py:149]
.pkg: 983 D discover PATH[12]=/usr/bin/core_perl [virtualenv/discovery/builtin.py:149]
.pkg: 983 D discover PATH[13]=/home/kalle/.local/share/JetBrains/Toolbox/scripts [virtualenv/discovery/builtin.py:149]
.pkg: 986 I find interpreter for spec PythonSpec(implementation=pypy, major=3) [virtualenv/discovery/builtin.py:73]
.pkg: 986 I proposed PythonInfo(spec=CPython3.12.7.final.0-64, exe=/usr/bin/python, platform=linux, version='3.12.7 (main, Oct  1 2024, 11:15:50) [GCC 14.2.1 20240910]', encoding_fs_io=utf-8-utf-8) [virtualenv/discovery/builtin.py:80]
.pkg: 986 D discover PATH[0]=/home/kalle/projects/opengis/georama/.venv/bin [virtualenv/discovery/builtin.py:149]
.pkg: 986 D discover exe from cache /home/kalle/.pyenv/versions/3.10.4 - exact False: PathPythonInfo({'architecture': 64, 'base_exec_prefix': '/home/kalle/.pyenv/versions/3.10.4', 'base_prefix': '/home/kalle/.pyenv/versions/3.10.4', 'distutils_install': {'data': '', 'headers': 'include/python3.10/UNKNOWN', 'platlib': 'lib/python3.10/site-packages', 'purelib': 'lib/python3.10/site-packages', 'scripts': 'bin'}, 'exec_prefix': '/home/kalle/.pyenv/versions/3.10.4', 'executable': '/home/kalle/.pyenv/shims/python3.10', 'file_system_encoding': 'utf-8', 'has_venv': True, 'implementation': 'CPython', 'max_size': 9223372036854775807, 'original_executable': '/home/kalle/.pyenv/versions/3.10.4/bin/python3.10', 'os': 'posix', 'path': ['/usr/lib/python3.12/site-packages/virtualenv/discovery', '/home/kalle/.pyenv/versions/3.10.4/lib/python310.zip', '/home/kalle/.pyenv/versions/3.10.4/lib/python3.10', '/home/kalle/.pyenv/versions/3.10.4/lib/python3.10/lib-dynload', '/home/kalle/.local/lib/python3.10/site-packages', '/home/kalle/.pyenv/versions/3.10.4/lib/python3.10/site-packages'], 'platform': 'linux', 'prefix': '/home/kalle/.pyenv/versions/3.10.4', 'real_prefix': None, 'stdout_encoding': 'utf-8', 'sysconfig': {'makefile_filename': '/home/kalle/.pyenv/versions/3.10.4/lib/python3.10/config-3.10-x86_64-linux-gnu/Makefile'}, 'sysconfig_paths': {'data': '{base}', 'include': '{installed_base}/include/python{py_version_short}{abiflags}', 'platlib': '{platbase}/{platlibdir}/python{py_version_short}/site-packages', 'platstdlib': '{platbase}/{platlibdir}/python{py_version_short}', 'purelib': '{base}/lib/python{py_version_short}/site-packages', 'scripts': '{base}/bin', 'stdlib': '{installed_base}/{platlibdir}/python{py_version_short}'}, 'sysconfig_scheme': None, 'sysconfig_vars': {'PYTHONFRAMEWORK': '', 'abiflags': '', 'base': '/home/kalle/.pyenv/versions/3.10.4', 'installed_base': '/home/kalle/.pyenv/versions/3.10.4', 'platbase': '/home/kalle/.pyenv/versions/3.10.4', 'platlibdir': 'lib', 'py_version_short': '3.10'}, 'system_executable': '/home/kalle/.pyenv/versions/3.10.4/bin/python3.10', 'system_stdlib': '/home/kalle/.pyenv/versions/3.10.4/lib/python3.10', 'system_stdlib_platform': '/home/kalle/.pyenv/versions/3.10.4/lib/python3.10', 'version': '3.10.4 (main, May 23 2024, 22:41:52) [GCC 14.1.1 20240507]', 'version_info': VersionInfo(major=3, minor=10, micro=4, releaselevel='final', serial=0), 'version_nodot': '310'}) [virtualenv/discovery/py_info.py:435]
.pkg: 986 I proposed PathPythonInfo(spec=CPython3.10.4.final.0-64, system=/home/kalle/.pyenv/versions/3.10.4/bin/python3.10, exe=/home/kalle/projects/opengis/georama/.venv/bin/python3.10, platform=linux, version='3.10.4 (main, May 23 2024, 22:41:52) [GCC 14.1.1 20240507]', encoding_fs_io=utf-8-utf-8) [virtualenv/discovery/builtin.py:80]
.pkg: 986 D discover exe from cache /home/kalle/.pyenv/versions/3.10.4 - exact False: PathPythonInfo({'architecture': 64, 'base_exec_prefix': '/home/kalle/.pyenv/versions/3.10.4', 'base_prefix': '/home/kalle/.pyenv/versions/3.10.4', 'distutils_install': {'data': '', 'headers': 'include/python3.10/UNKNOWN', 'platlib': 'lib/python3.10/site-packages', 'purelib': 'lib/python3.10/site-packages', 'scripts': 'bin'}, 'exec_prefix': '/home/kalle/.pyenv/versions/3.10.4', 'executable': '/home/kalle/projects/opengis/georama/.venv/bin/python3.10', 'file_system_encoding': 'utf-8', 'has_venv': True, 'implementation': 'CPython', 'max_size': 9223372036854775807, 'original_executable': '/home/kalle/.pyenv/versions/3.10.4/bin/python3.10', 'os': 'posix', 'path': ['/usr/lib/python3.12/site-packages/virtualenv/discovery', '/home/kalle/.pyenv/versions/3.10.4/lib/python310.zip', '/home/kalle/.pyenv/versions/3.10.4/lib/python3.10', '/home/kalle/.pyenv/versions/3.10.4/lib/python3.10/lib-dynload', '/home/kalle/.local/lib/python3.10/site-packages', '/home/kalle/.pyenv/versions/3.10.4/lib/python3.10/site-packages'], 'platform': 'linux', 'prefix': '/home/kalle/.pyenv/versions/3.10.4', 'real_prefix': None, 'stdout_encoding': 'utf-8', 'sysconfig': {'makefile_filename': '/home/kalle/.pyenv/versions/3.10.4/lib/python3.10/config-3.10-x86_64-linux-gnu/Makefile'}, 'sysconfig_paths': {'data': '{base}', 'include': '{installed_base}/include/python{py_version_short}{abiflags}', 'platlib': '{platbase}/{platlibdir}/python{py_version_short}/site-packages', 'platstdlib': '{platbase}/{platlibdir}/python{py_version_short}', 'purelib': '{base}/lib/python{py_version_short}/site-packages', 'scripts': '{base}/bin', 'stdlib': '{installed_base}/{platlibdir}/python{py_version_short}'}, 'sysconfig_scheme': None, 'sysconfig_vars': {'PYTHONFRAMEWORK': '', 'abiflags': '', 'base': '/home/kalle/.pyenv/versions/3.10.4', 'installed_base': '/home/kalle/.pyenv/versions/3.10.4', 'platbase': '/home/kalle/.pyenv/versions/3.10.4', 'platlibdir': 'lib', 'py_version_short': '3.10'}, 'system_executable': '/home/kalle/.pyenv/versions/3.10.4/bin/python3.10', 'system_stdlib': '/home/kalle/.pyenv/versions/3.10.4/lib/python3.10', 'system_stdlib_platform': '/home/kalle/.pyenv/versions/3.10.4/lib/python3.10', 'version': '3.10.4 (main, May 23 2024, 22:41:52) [GCC 14.1.1 20240507]', 'version_info': VersionInfo(major=3, minor=10, micro=4, releaselevel='final', serial=0), 'version_nodot': '310'}) [virtualenv/discovery/py_info.py:435]
.pkg: 986 D discover PATH[1]=/home/kalle/.nvm/versions/node/v20.18.0/bin [virtualenv/discovery/builtin.py:149]
.pkg: 986 D discover PATH[2]=/home/kalle/.pyenv/shims [virtualenv/discovery/builtin.py:149]
.pkg: 986 I proposed PathPythonInfo(spec=CPython3.10.4.final.0-64, system=/home/kalle/.pyenv/versions/3.10.4/bin/python3, exe=/home/kalle/.pyenv/shims/python3, platform=linux, version='3.10.4 (main, May 23 2024, 22:41:52) [GCC 14.1.1 20240507]', encoding_fs_io=utf-8-utf-8) [virtualenv/discovery/builtin.py:80]
.pkg: 987 D discover PATH[3]=/home/kalle/perl5/bin [virtualenv/discovery/builtin.py:149]
.pkg: 987 D discover PATH[4]=/home/kalle/.local/bin [virtualenv/discovery/builtin.py:149]
.pkg: 987 D discover PATH[5]=/usr/local/sbin [virtualenv/discovery/builtin.py:149]
.pkg: 987 D discover PATH[6]=/usr/local/bin [virtualenv/discovery/builtin.py:149]
.pkg: 987 D discover PATH[7]=/usr/bin [virtualenv/discovery/builtin.py:149]
.pkg: 998 I proposed PathPythonInfo(spec=CPython3.12.7.final.0-64, exe=/usr/bin/python3.12, platform=linux, version='3.12.7 (main, Oct  1 2024, 11:15:50) [GCC 14.2.1 20240910]', encoding_fs_io=utf-8-utf-8) [virtualenv/discovery/builtin.py:80]
.pkg: 999 I proposed PathPythonInfo(spec=CPython3.12.7.final.0-64, exe=/usr/bin/python3, platform=linux, version='3.12.7 (main, Oct  1 2024, 11:15:50) [GCC 14.2.1 20240910]', encoding_fs_io=utf-8-utf-8) [virtualenv/discovery/builtin.py:80]
.pkg: 1000 D discover PATH[8]=/var/lib/flatpak/exports/bin [virtualenv/discovery/builtin.py:149]
.pkg: 1000 D discover PATH[9]=/usr/lib/jvm/default/bin [virtualenv/discovery/builtin.py:149]
.pkg: 1000 D discover PATH[10]=/usr/bin/site_perl [virtualenv/discovery/builtin.py:149]
.pkg: 1000 D discover PATH[11]=/usr/bin/vendor_perl [virtualenv/discovery/builtin.py:149]
.pkg: 1000 D discover PATH[12]=/usr/bin/core_perl [virtualenv/discovery/builtin.py:149]
.pkg: 1000 D discover PATH[13]=/home/kalle/.local/share/JetBrains/Toolbox/scripts [virtualenv/discovery/builtin.py:149]
.pkg: 1003 I find interpreter for spec PythonSpec(path=/usr/bin/python) [virtualenv/discovery/builtin.py:73]
.pkg: 1003 I proposed PythonInfo(spec=CPython3.12.7.final.0-64, exe=/usr/bin/python, platform=linux, version='3.12.7 (main, Oct  1 2024, 11:15:50) [GCC 14.2.1 20240910]', encoding_fs_io=utf-8-utf-8) [virtualenv/discovery/builtin.py:80]
.pkg: 1003 D accepted PythonInfo(spec=CPython3.12.7.final.0-64, exe=/usr/bin/python, platform=linux, version='3.12.7 (main, Oct  1 2024, 11:15:50) [GCC 14.2.1 20240910]', encoding_fs_io=utf-8-utf-8) [virtualenv/discovery/builtin.py:82]
.pkg: 1006 I find interpreter for spec PythonSpec(path=/usr/bin/python) [virtualenv/discovery/builtin.py:73]
.pkg: 1006 I proposed PythonInfo(spec=CPython3.12.7.final.0-64, exe=/usr/bin/python, platform=linux, version='3.12.7 (main, Oct  1 2024, 11:15:50) [GCC 14.2.1 20240910]', encoding_fs_io=utf-8-utf-8) [virtualenv/discovery/builtin.py:80]
.pkg: 1006 D accepted PythonInfo(spec=CPython3.12.7.final.0-64, exe=/usr/bin/python, platform=linux, version='3.12.7 (main, Oct  1 2024, 11:15:50) [GCC 14.2.1 20240910]', encoding_fs_io=utf-8-utf-8) [virtualenv/discovery/builtin.py:82]
.pkg: 1010 I find interpreter for spec PythonSpec(path=/usr/bin/python) [virtualenv/discovery/builtin.py:73]
.pkg: 1010 I proposed PythonInfo(spec=CPython3.12.7.final.0-64, exe=/usr/bin/python, platform=linux, version='3.12.7 (main, Oct  1 2024, 11:15:50) [GCC 14.2.1 20240910]', encoding_fs_io=utf-8-utf-8) [virtualenv/discovery/builtin.py:80]
.pkg: 1010 D accepted PythonInfo(spec=CPython3.12.7.final.0-64, exe=/usr/bin/python, platform=linux, version='3.12.7 (main, Oct  1 2024, 11:15:50) [GCC 14.2.1 20240910]', encoding_fs_io=utf-8-utf-8) [virtualenv/discovery/builtin.py:82]
.pkg: 1013 I find interpreter for spec PythonSpec(path=/usr/bin/python) [virtualenv/discovery/builtin.py:73]
.pkg: 1013 I proposed PythonInfo(spec=CPython3.12.7.final.0-64, exe=/usr/bin/python, platform=linux, version='3.12.7 (main, Oct  1 2024, 11:15:50) [GCC 14.2.1 20240910]', encoding_fs_io=utf-8-utf-8) [virtualenv/discovery/builtin.py:80]
.pkg: 1013 D accepted PythonInfo(spec=CPython3.12.7.final.0-64, exe=/usr/bin/python, platform=linux, version='3.12.7 (main, Oct  1 2024, 11:15:50) [GCC 14.2.1 20240910]', encoding_fs_io=utf-8-utf-8) [virtualenv/discovery/builtin.py:82]
.pkg: 1055 I find interpreter for spec PythonSpec(major=3) [virtualenv/discovery/builtin.py:73]
.pkg: 1055 I proposed PythonInfo(spec=CPython3.12.7.final.0-64, exe=/usr/bin/python, platform=linux, version='3.12.7 (main, Oct  1 2024, 11:15:50) [GCC 14.2.1 20240910]', encoding_fs_io=utf-8-utf-8) [virtualenv/discovery/builtin.py:80]
.pkg: 1055 D accepted PythonInfo(spec=CPython3.12.7.final.0-64, exe=/usr/bin/python, platform=linux, version='3.12.7 (main, Oct  1 2024, 11:15:50) [GCC 14.2.1 20240910]', encoding_fs_io=utf-8-utf-8) [virtualenv/discovery/builtin.py:82]
.pkg: 1059 I find interpreter for spec PythonSpec(major=3) [virtualenv/discovery/builtin.py:73]
.pkg: 1059 I proposed PythonInfo(spec=CPython3.12.7.final.0-64, exe=/usr/bin/python, platform=linux, version='3.12.7 (main, Oct  1 2024, 11:15:50) [GCC 14.2.1 20240910]', encoding_fs_io=utf-8-utf-8) [virtualenv/discovery/builtin.py:80]
.pkg: 1059 D accepted PythonInfo(spec=CPython3.12.7.final.0-64, exe=/usr/bin/python, platform=linux, version='3.12.7 (main, Oct  1 2024, 11:15:50) [GCC 14.2.1 20240910]', encoding_fs_io=utf-8-utf-8) [virtualenv/discovery/builtin.py:82]
.pkg: 1063 I find interpreter for spec PythonSpec(major=3) [virtualenv/discovery/builtin.py:73]
.pkg: 1063 I proposed PythonInfo(spec=CPython3.12.7.final.0-64, exe=/usr/bin/python, platform=linux, version='3.12.7 (main, Oct  1 2024, 11:15:50) [GCC 14.2.1 20240910]', encoding_fs_io=utf-8-utf-8) [virtualenv/discovery/builtin.py:80]
.pkg: 1063 D accepted PythonInfo(spec=CPython3.12.7.final.0-64, exe=/usr/bin/python, platform=linux, version='3.12.7 (main, Oct  1 2024, 11:15:50) [GCC 14.2.1 20240910]', encoding_fs_io=utf-8-utf-8) [virtualenv/discovery/builtin.py:82]
.pkg: 1067 I find interpreter for spec PythonSpec(major=3) [virtualenv/discovery/builtin.py:73]
.pkg: 1067 I proposed PythonInfo(spec=CPython3.12.7.final.0-64, exe=/usr/bin/python, platform=linux, version='3.12.7 (main, Oct  1 2024, 11:15:50) [GCC 14.2.1 20240910]', encoding_fs_io=utf-8-utf-8) [virtualenv/discovery/builtin.py:80]
.pkg: 1067 D accepted PythonInfo(spec=CPython3.12.7.final.0-64, exe=/usr/bin/python, platform=linux, version='3.12.7 (main, Oct  1 2024, 11:15:50) [GCC 14.2.1 20240910]', encoding_fs_io=utf-8-utf-8) [virtualenv/discovery/builtin.py:82]
.pkg: 1073 I find interpreter for spec PythonSpec(path=/usr/bin/python) [virtualenv/discovery/builtin.py:73]
.pkg: 1073 I proposed PythonInfo(spec=CPython3.12.7.final.0-64, exe=/usr/bin/python, platform=linux, version='3.12.7 (main, Oct  1 2024, 11:15:50) [GCC 14.2.1 20240910]', encoding_fs_io=utf-8-utf-8) [virtualenv/discovery/builtin.py:80]
.pkg: 1073 D accepted PythonInfo(spec=CPython3.12.7.final.0-64, exe=/usr/bin/python, platform=linux, version='3.12.7 (main, Oct  1 2024, 11:15:50) [GCC 14.2.1 20240910]', encoding_fs_io=utf-8-utf-8) [virtualenv/discovery/builtin.py:82]
.pkg: 1077 I find interpreter for spec PythonSpec(major=3) [virtualenv/discovery/builtin.py:73]
.pkg: 1077 I proposed PythonInfo(spec=CPython3.12.7.final.0-64, exe=/usr/bin/python, platform=linux, version='3.12.7 (main, Oct  1 2024, 11:15:50) [GCC 14.2.1 20240910]', encoding_fs_io=utf-8-utf-8) [virtualenv/discovery/builtin.py:80]
.pkg: 1077 D accepted PythonInfo(spec=CPython3.12.7.final.0-64, exe=/usr/bin/python, platform=linux, version='3.12.7 (main, Oct  1 2024, 11:15:50) [GCC 14.2.1 20240910]', encoding_fs_io=utf-8-utf-8) [virtualenv/discovery/builtin.py:82]
py311-edit-linux: 1093 E failed with could not find python interpreter matching any of the specs py311 [tox/session/cmd/run/single.py:57]
py311-edit-linux: FAIL ✖ in 0 seconds
py311-edit-macos: 1094 E failed with could not find python interpreter matching any of the specs py311 [tox/session/cmd/run/single.py:57]
py311-edit-macos: FAIL ✖ in 0 seconds
py311-edit-windows: 1095 E failed with could not find python interpreter matching any of the specs py311 [tox/session/cmd/run/single.py:57]
py311-edit-windows: FAIL ✖ in 0 seconds
py311-sdist-linux: 1098 I find interpreter for spec PythonSpec(major=3, minor=11) [virtualenv/discovery/builtin.py:73]
py311-sdist-linux: 1098 I proposed PythonInfo(spec=CPython3.12.7.final.0-64, exe=/usr/bin/python, platform=linux, version='3.12.7 (main, Oct  1 2024, 11:15:50) [GCC 14.2.1 20240910]', encoding_fs_io=utf-8-utf-8) [virtualenv/discovery/builtin.py:80]
py311-sdist-linux: 1098 D discover PATH[0]=/home/kalle/projects/opengis/georama/.venv/bin [virtualenv/discovery/builtin.py:149]
py311-sdist-linux: 1098 D discover exe from cache /home/kalle/.pyenv/versions/3.10.4 - exact False: PathPythonInfo({'architecture': 64, 'base_exec_prefix': '/home/kalle/.pyenv/versions/3.10.4', 'base_prefix': '/home/kalle/.pyenv/versions/3.10.4', 'distutils_install': {'data': '', 'headers': 'include/python3.10/UNKNOWN', 'platlib': 'lib/python3.10/site-packages', 'purelib': 'lib/python3.10/site-packages', 'scripts': 'bin'}, 'exec_prefix': '/home/kalle/.pyenv/versions/3.10.4', 'executable': '/home/kalle/.pyenv/shims/python3.10', 'file_system_encoding': 'utf-8', 'has_venv': True, 'implementation': 'CPython', 'max_size': 9223372036854775807, 'original_executable': '/home/kalle/.pyenv/versions/3.10.4/bin/python3.10', 'os': 'posix', 'path': ['/usr/lib/python3.12/site-packages/virtualenv/discovery', '/home/kalle/.pyenv/versions/3.10.4/lib/python310.zip', '/home/kalle/.pyenv/versions/3.10.4/lib/python3.10', '/home/kalle/.pyenv/versions/3.10.4/lib/python3.10/lib-dynload', '/home/kalle/.local/lib/python3.10/site-packages', '/home/kalle/.pyenv/versions/3.10.4/lib/python3.10/site-packages'], 'platform': 'linux', 'prefix': '/home/kalle/.pyenv/versions/3.10.4', 'real_prefix': None, 'stdout_encoding': 'utf-8', 'sysconfig': {'makefile_filename': '/home/kalle/.pyenv/versions/3.10.4/lib/python3.10/config-3.10-x86_64-linux-gnu/Makefile'}, 'sysconfig_paths': {'data': '{base}', 'include': '{installed_base}/include/python{py_version_short}{abiflags}', 'platlib': '{platbase}/{platlibdir}/python{py_version_short}/site-packages', 'platstdlib': '{platbase}/{platlibdir}/python{py_version_short}', 'purelib': '{base}/lib/python{py_version_short}/site-packages', 'scripts': '{base}/bin', 'stdlib': '{installed_base}/{platlibdir}/python{py_version_short}'}, 'sysconfig_scheme': None, 'sysconfig_vars': {'PYTHONFRAMEWORK': '', 'abiflags': '', 'base': '/home/kalle/.pyenv/versions/3.10.4', 'installed_base': '/home/kalle/.pyenv/versions/3.10.4', 'platbase': '/home/kalle/.pyenv/versions/3.10.4', 'platlibdir': 'lib', 'py_version_short': '3.10'}, 'system_executable': '/home/kalle/.pyenv/versions/3.10.4/bin/python3.10', 'system_stdlib': '/home/kalle/.pyenv/versions/3.10.4/lib/python3.10', 'system_stdlib_platform': '/home/kalle/.pyenv/versions/3.10.4/lib/python3.10', 'version': '3.10.4 (main, May 23 2024, 22:41:52) [GCC 14.1.1 20240507]', 'version_info': VersionInfo(major=3, minor=10, micro=4, releaselevel='final', serial=0), 'version_nodot': '310'}) [virtualenv/discovery/py_info.py:435]
py311-sdist-linux: 1099 I proposed PathPythonInfo(spec=CPython3.10.4.final.0-64, system=/home/kalle/.pyenv/versions/3.10.4/bin/python3.10, exe=/home/kalle/projects/opengis/georama/.venv/bin/python3, platform=linux, version='3.10.4 (main, May 23 2024, 22:41:52) [GCC 14.1.1 20240507]', encoding_fs_io=utf-8-utf-8) [virtualenv/discovery/builtin.py:80]
py311-sdist-linux: 1099 D discover PATH[1]=/home/kalle/.nvm/versions/node/v20.18.0/bin [virtualenv/discovery/builtin.py:149]
py311-sdist-linux: 1099 D discover PATH[2]=/home/kalle/.pyenv/shims [virtualenv/discovery/builtin.py:149]
py311-sdist-linux: 1099 I proposed PathPythonInfo(spec=CPython3.10.4.final.0-64, system=/home/kalle/.pyenv/versions/3.10.4/bin/python3, exe=/home/kalle/.pyenv/shims/python3, platform=linux, version='3.10.4 (main, May 23 2024, 22:41:52) [GCC 14.1.1 20240507]', encoding_fs_io=utf-8-utf-8) [virtualenv/discovery/builtin.py:80]
py311-sdist-linux: 1099 D discover PATH[3]=/home/kalle/perl5/bin [virtualenv/discovery/builtin.py:149]
py311-sdist-linux: 1099 D discover PATH[4]=/home/kalle/.local/bin [virtualenv/discovery/builtin.py:149]
py311-sdist-linux: 1099 D discover PATH[5]=/usr/local/sbin [virtualenv/discovery/builtin.py:149]
py311-sdist-linux: 1099 D discover PATH[6]=/usr/local/bin [virtualenv/discovery/builtin.py:149]
py311-sdist-linux: 1099 D discover PATH[7]=/usr/bin [virtualenv/discovery/builtin.py:149]
py311-sdist-linux: 1111 I proposed PathPythonInfo(spec=CPython3.12.7.final.0-64, exe=/usr/bin/python3, platform=linux, version='3.12.7 (main, Oct  1 2024, 11:15:50) [GCC 14.2.1 20240910]', encoding_fs_io=utf-8-utf-8) [virtualenv/discovery/builtin.py:80]
py311-sdist-linux: 1112 D discover PATH[8]=/var/lib/flatpak/exports/bin [virtualenv/discovery/builtin.py:149]
py311-sdist-linux: 1112 D discover PATH[9]=/usr/lib/jvm/default/bin [virtualenv/discovery/builtin.py:149]
py311-sdist-linux: 1112 D discover PATH[10]=/usr/bin/site_perl [virtualenv/discovery/builtin.py:149]
py311-sdist-linux: 1112 D discover PATH[11]=/usr/bin/vendor_perl [virtualenv/discovery/builtin.py:149]
py311-sdist-linux: 1112 D discover PATH[12]=/usr/bin/core_perl [virtualenv/discovery/builtin.py:149]
py311-sdist-linux: 1113 D discover PATH[13]=/home/kalle/.local/share/JetBrains/Toolbox/scripts [virtualenv/discovery/builtin.py:149]
py311-sdist-linux: 1113 E failed with could not find python interpreter matching any of the specs py311 [tox/session/cmd/run/single.py:57]
py311-sdist-linux: FAIL ✖ in 0.02 seconds
py311-sdist-macos: 1116 I find interpreter for spec PythonSpec(major=3, minor=11) [virtualenv/discovery/builtin.py:73]
py311-sdist-macos: 1116 I proposed PythonInfo(spec=CPython3.12.7.final.0-64, exe=/usr/bin/python, platform=linux, version='3.12.7 (main, Oct  1 2024, 11:15:50) [GCC 14.2.1 20240910]', encoding_fs_io=utf-8-utf-8) [virtualenv/discovery/builtin.py:80]
py311-sdist-macos: 1116 D discover PATH[0]=/home/kalle/projects/opengis/georama/.venv/bin [virtualenv/discovery/builtin.py:149]
py311-sdist-macos: 1116 D discover exe from cache /home/kalle/.pyenv/versions/3.10.4 - exact False: PathPythonInfo({'architecture': 64, 'base_exec_prefix': '/home/kalle/.pyenv/versions/3.10.4', 'base_prefix': '/home/kalle/.pyenv/versions/3.10.4', 'distutils_install': {'data': '', 'headers': 'include/python3.10/UNKNOWN', 'platlib': 'lib/python3.10/site-packages', 'purelib': 'lib/python3.10/site-packages', 'scripts': 'bin'}, 'exec_prefix': '/home/kalle/.pyenv/versions/3.10.4', 'executable': '/home/kalle/projects/opengis/georama/.venv/bin/python3', 'file_system_encoding': 'utf-8', 'has_venv': True, 'implementation': 'CPython', 'max_size': 9223372036854775807, 'original_executable': '/home/kalle/.pyenv/versions/3.10.4/bin/python3.10', 'os': 'posix', 'path': ['/usr/lib/python3.12/site-packages/virtualenv/discovery', '/home/kalle/.pyenv/versions/3.10.4/lib/python310.zip', '/home/kalle/.pyenv/versions/3.10.4/lib/python3.10', '/home/kalle/.pyenv/versions/3.10.4/lib/python3.10/lib-dynload', '/home/kalle/.local/lib/python3.10/site-packages', '/home/kalle/.pyenv/versions/3.10.4/lib/python3.10/site-packages'], 'platform': 'linux', 'prefix': '/home/kalle/.pyenv/versions/3.10.4', 'real_prefix': None, 'stdout_encoding': 'utf-8', 'sysconfig': {'makefile_filename': '/home/kalle/.pyenv/versions/3.10.4/lib/python3.10/config-3.10-x86_64-linux-gnu/Makefile'}, 'sysconfig_paths': {'data': '{base}', 'include': '{installed_base}/include/python{py_version_short}{abiflags}', 'platlib': '{platbase}/{platlibdir}/python{py_version_short}/site-packages', 'platstdlib': '{platbase}/{platlibdir}/python{py_version_short}', 'purelib': '{base}/lib/python{py_version_short}/site-packages', 'scripts': '{base}/bin', 'stdlib': '{installed_base}/{platlibdir}/python{py_version_short}'}, 'sysconfig_scheme': None, 'sysconfig_vars': {'PYTHONFRAMEWORK': '', 'abiflags': '', 'base': '/home/kalle/.pyenv/versions/3.10.4', 'installed_base': '/home/kalle/.pyenv/versions/3.10.4', 'platbase': '/home/kalle/.pyenv/versions/3.10.4', 'platlibdir': 'lib', 'py_version_short': '3.10'}, 'system_executable': '/home/kalle/.pyenv/versions/3.10.4/bin/python3.10', 'system_stdlib': '/home/kalle/.pyenv/versions/3.10.4/lib/python3.10', 'system_stdlib_platform': '/home/kalle/.pyenv/versions/3.10.4/lib/python3.10', 'version': '3.10.4 (main, May 23 2024, 22:41:52) [GCC 14.1.1 20240507]', 'version_info': VersionInfo(major=3, minor=10, micro=4, releaselevel='final', serial=0), 'version_nodot': '310'}) [virtualenv/discovery/py_info.py:435]
py311-sdist-macos: 1116 I proposed PathPythonInfo(spec=CPython3.10.4.final.0-64, system=/home/kalle/.pyenv/versions/3.10.4/bin/python3.10, exe=/home/kalle/projects/opengis/georama/.venv/bin/python3, platform=linux, version='3.10.4 (main, May 23 2024, 22:41:52) [GCC 14.1.1 20240507]', encoding_fs_io=utf-8-utf-8) [virtualenv/discovery/builtin.py:80]
py311-sdist-macos: 1116 D discover PATH[1]=/home/kalle/.nvm/versions/node/v20.18.0/bin [virtualenv/discovery/builtin.py:149]
py311-sdist-macos: 1116 D discover PATH[2]=/home/kalle/.pyenv/shims [virtualenv/discovery/builtin.py:149]
py311-sdist-macos: 1117 I proposed PathPythonInfo(spec=CPython3.10.4.final.0-64, system=/home/kalle/.pyenv/versions/3.10.4/bin/python3, exe=/home/kalle/.pyenv/shims/python3, platform=linux, version='3.10.4 (main, May 23 2024, 22:41:52) [GCC 14.1.1 20240507]', encoding_fs_io=utf-8-utf-8) [virtualenv/discovery/builtin.py:80]
py311-sdist-macos: 1117 D discover PATH[3]=/home/kalle/perl5/bin [virtualenv/discovery/builtin.py:149]
py311-sdist-macos: 1117 D discover PATH[4]=/home/kalle/.local/bin [virtualenv/discovery/builtin.py:149]
py311-sdist-macos: 1117 D discover PATH[5]=/usr/local/sbin [virtualenv/discovery/builtin.py:149]
py311-sdist-macos: 1117 D discover PATH[6]=/usr/local/bin [virtualenv/discovery/builtin.py:149]
py311-sdist-macos: 1117 D discover PATH[7]=/usr/bin [virtualenv/discovery/builtin.py:149]
py311-sdist-macos: 1129 I proposed PathPythonInfo(spec=CPython3.12.7.final.0-64, exe=/usr/bin/python3, platform=linux, version='3.12.7 (main, Oct  1 2024, 11:15:50) [GCC 14.2.1 20240910]', encoding_fs_io=utf-8-utf-8) [virtualenv/discovery/builtin.py:80]
py311-sdist-macos: 1129 D discover PATH[8]=/var/lib/flatpak/exports/bin [virtualenv/discovery/builtin.py:149]
py311-sdist-macos: 1130 D discover PATH[9]=/usr/lib/jvm/default/bin [virtualenv/discovery/builtin.py:149]
py311-sdist-macos: 1130 D discover PATH[10]=/usr/bin/site_perl [virtualenv/discovery/builtin.py:149]
py311-sdist-macos: 1130 D discover PATH[11]=/usr/bin/vendor_perl [virtualenv/discovery/builtin.py:149]
py311-sdist-macos: 1130 D discover PATH[12]=/usr/bin/core_perl [virtualenv/discovery/builtin.py:149]
py311-sdist-macos: 1130 D discover PATH[13]=/home/kalle/.local/share/JetBrains/Toolbox/scripts [virtualenv/discovery/builtin.py:149]
py311-sdist-macos: 1130 E failed with could not find python interpreter matching any of the specs py311 [tox/session/cmd/run/single.py:57]
py311-sdist-macos: FAIL ✖ in 0.02 seconds
py311-sdist-windows: 1133 I find interpreter for spec PythonSpec(major=3, minor=11) [virtualenv/discovery/builtin.py:73]
py311-sdist-windows: 1133 I proposed PythonInfo(spec=CPython3.12.7.final.0-64, exe=/usr/bin/python, platform=linux, version='3.12.7 (main, Oct  1 2024, 11:15:50) [GCC 14.2.1 20240910]', encoding_fs_io=utf-8-utf-8) [virtualenv/discovery/builtin.py:80]
py311-sdist-windows: 1133 D discover PATH[0]=/home/kalle/projects/opengis/georama/.venv/bin [virtualenv/discovery/builtin.py:149]
py311-sdist-windows: 1133 D discover exe from cache /home/kalle/.pyenv/versions/3.10.4 - exact False: PathPythonInfo({'architecture': 64, 'base_exec_prefix': '/home/kalle/.pyenv/versions/3.10.4', 'base_prefix': '/home/kalle/.pyenv/versions/3.10.4', 'distutils_install': {'data': '', 'headers': 'include/python3.10/UNKNOWN', 'platlib': 'lib/python3.10/site-packages', 'purelib': 'lib/python3.10/site-packages', 'scripts': 'bin'}, 'exec_prefix': '/home/kalle/.pyenv/versions/3.10.4', 'executable': '/home/kalle/projects/opengis/georama/.venv/bin/python3', 'file_system_encoding': 'utf-8', 'has_venv': True, 'implementation': 'CPython', 'max_size': 9223372036854775807, 'original_executable': '/home/kalle/.pyenv/versions/3.10.4/bin/python3.10', 'os': 'posix', 'path': ['/usr/lib/python3.12/site-packages/virtualenv/discovery', '/home/kalle/.pyenv/versions/3.10.4/lib/python310.zip', '/home/kalle/.pyenv/versions/3.10.4/lib/python3.10', '/home/kalle/.pyenv/versions/3.10.4/lib/python3.10/lib-dynload', '/home/kalle/.local/lib/python3.10/site-packages', '/home/kalle/.pyenv/versions/3.10.4/lib/python3.10/site-packages'], 'platform': 'linux', 'prefix': '/home/kalle/.pyenv/versions/3.10.4', 'real_prefix': None, 'stdout_encoding': 'utf-8', 'sysconfig': {'makefile_filename': '/home/kalle/.pyenv/versions/3.10.4/lib/python3.10/config-3.10-x86_64-linux-gnu/Makefile'}, 'sysconfig_paths': {'data': '{base}', 'include': '{installed_base}/include/python{py_version_short}{abiflags}', 'platlib': '{platbase}/{platlibdir}/python{py_version_short}/site-packages', 'platstdlib': '{platbase}/{platlibdir}/python{py_version_short}', 'purelib': '{base}/lib/python{py_version_short}/site-packages', 'scripts': '{base}/bin', 'stdlib': '{installed_base}/{platlibdir}/python{py_version_short}'}, 'sysconfig_scheme': None, 'sysconfig_vars': {'PYTHONFRAMEWORK': '', 'abiflags': '', 'base': '/home/kalle/.pyenv/versions/3.10.4', 'installed_base': '/home/kalle/.pyenv/versions/3.10.4', 'platbase': '/home/kalle/.pyenv/versions/3.10.4', 'platlibdir': 'lib', 'py_version_short': '3.10'}, 'system_executable': '/home/kalle/.pyenv/versions/3.10.4/bin/python3.10', 'system_stdlib': '/home/kalle/.pyenv/versions/3.10.4/lib/python3.10', 'system_stdlib_platform': '/home/kalle/.pyenv/versions/3.10.4/lib/python3.10', 'version': '3.10.4 (main, May 23 2024, 22:41:52) [GCC 14.1.1 20240507]', 'version_info': VersionInfo(major=3, minor=10, micro=4, releaselevel='final', serial=0), 'version_nodot': '310'}) [virtualenv/discovery/py_info.py:435]
py311-sdist-windows: 1133 I proposed PathPythonInfo(spec=CPython3.10.4.final.0-64, system=/home/kalle/.pyenv/versions/3.10.4/bin/python3.10, exe=/home/kalle/projects/opengis/georama/.venv/bin/python3, platform=linux, version='3.10.4 (main, May 23 2024, 22:41:52) [GCC 14.1.1 20240507]', encoding_fs_io=utf-8-utf-8) [virtualenv/discovery/builtin.py:80]
py311-sdist-windows: 1133 D discover PATH[1]=/home/kalle/.nvm/versions/node/v20.18.0/bin [virtualenv/discovery/builtin.py:149]
py311-sdist-windows: 1133 D discover PATH[2]=/home/kalle/.pyenv/shims [virtualenv/discovery/builtin.py:149]
py311-sdist-windows: 1134 I proposed PathPythonInfo(spec=CPython3.10.4.final.0-64, system=/home/kalle/.pyenv/versions/3.10.4/bin/python3, exe=/home/kalle/.pyenv/shims/python3, platform=linux, version='3.10.4 (main, May 23 2024, 22:41:52) [GCC 14.1.1 20240507]', encoding_fs_io=utf-8-utf-8) [virtualenv/discovery/builtin.py:80]
py311-sdist-windows: 1134 D discover PATH[3]=/home/kalle/perl5/bin [virtualenv/discovery/builtin.py:149]
py311-sdist-windows: 1134 D discover PATH[4]=/home/kalle/.local/bin [virtualenv/discovery/builtin.py:149]
py311-sdist-windows: 1134 D discover PATH[5]=/usr/local/sbin [virtualenv/discovery/builtin.py:149]
py311-sdist-windows: 1134 D discover PATH[6]=/usr/local/bin [virtualenv/discovery/builtin.py:149]
py311-sdist-windows: 1134 D discover PATH[7]=/usr/bin [virtualenv/discovery/builtin.py:149]
py311-sdist-windows: 1144 I proposed PathPythonInfo(spec=CPython3.12.7.final.0-64, exe=/usr/bin/python3, platform=linux, version='3.12.7 (main, Oct  1 2024, 11:15:50) [GCC 14.2.1 20240910]', encoding_fs_io=utf-8-utf-8) [virtualenv/discovery/builtin.py:80]
py311-sdist-windows: 1145 D discover PATH[8]=/var/lib/flatpak/exports/bin [virtualenv/discovery/builtin.py:149]
py311-sdist-windows: 1145 D discover PATH[9]=/usr/lib/jvm/default/bin [virtualenv/discovery/builtin.py:149]
py311-sdist-windows: 1145 D discover PATH[10]=/usr/bin/site_perl [virtualenv/discovery/builtin.py:149]
py311-sdist-windows: 1145 D discover PATH[11]=/usr/bin/vendor_perl [virtualenv/discovery/builtin.py:149]
py311-sdist-windows: 1145 D discover PATH[12]=/usr/bin/core_perl [virtualenv/discovery/builtin.py:149]
py311-sdist-windows: 1146 D discover PATH[13]=/home/kalle/.local/share/JetBrains/Toolbox/scripts [virtualenv/discovery/builtin.py:149]
py311-sdist-windows: 1146 E failed with could not find python interpreter matching any of the specs py311 [tox/session/cmd/run/single.py:57]
py311-sdist-windows: FAIL ✖ in 0.02 seconds
py311-wheel-linux: 1151 E failed with env name py311-wheel-linux conflicting with base python python3 [tox/session/cmd/run/single.py:57]
py311-wheel-linux: FAIL ✖ in 0 seconds
py311-wheel-macos: 1152 E failed with env name py311-wheel-macos conflicting with base python python3 [tox/session/cmd/run/single.py:57]
py311-wheel-macos: FAIL ✖ in 0 seconds
py311-wheel-windows: 1154 E failed with env name py311-wheel-windows conflicting with base python python3 [tox/session/cmd/run/single.py:57]
py311-wheel-windows: FAIL ✖ in 0 seconds
py310-edit-linux: 1154 I create virtual environment via CPython3Posix(dest=/home/kalle/projects/opengis/georama/.tox/py310-edit-linux, clear=False, no_vcs_ignore=False, global=False) [virtualenv/run/session.py:50]
py310-edit-linux: 1155 D create folder /home/kalle/projects/opengis/georama/.tox/py310-edit-linux/bin [virtualenv/util/path/_sync.py:12]
py310-edit-linux: 1155 D create folder /home/kalle/projects/opengis/georama/.tox/py310-edit-linux/lib/python3.10/site-packages [virtualenv/util/path/_sync.py:12]
py310-edit-linux: 1155 D write /home/kalle/projects/opengis/georama/.tox/py310-edit-linux/pyvenv.cfg [virtualenv/create/pyenv_cfg.py:33]
py310-edit-linux: 1155 D 	home = /home/kalle/.pyenv/versions/3.10.4/bin [virtualenv/create/pyenv_cfg.py:38]
py310-edit-linux: 1155 D 	implementation = CPython [virtualenv/create/pyenv_cfg.py:38]
py310-edit-linux: 1155 D 	version_info = 3.10.4.final.0 [virtualenv/create/pyenv_cfg.py:38]
py310-edit-linux: 1155 D 	virtualenv = 20.27.1 [virtualenv/create/pyenv_cfg.py:38]
py310-edit-linux: 1155 D 	include-system-site-packages = false [virtualenv/create/pyenv_cfg.py:38]
py310-edit-linux: 1155 D 	base-prefix = /home/kalle/.pyenv/versions/3.10.4 [virtualenv/create/pyenv_cfg.py:38]
py310-edit-linux: 1155 D 	base-exec-prefix = /home/kalle/.pyenv/versions/3.10.4 [virtualenv/create/pyenv_cfg.py:38]
py310-edit-linux: 1155 D 	base-executable = /home/kalle/.pyenv/versions/3.10.4/bin/python3.10 [virtualenv/create/pyenv_cfg.py:38]
py310-edit-linux: 1156 D symlink /home/kalle/.pyenv/versions/3.10.4/bin/python3.10 to /home/kalle/projects/opengis/georama/.tox/py310-edit-linux/bin/python [virtualenv/util/path/_sync.py:32]
py310-edit-linux: 1156 D create virtualenv import hook file /home/kalle/projects/opengis/georama/.tox/py310-edit-linux/lib/python3.10/site-packages/_virtualenv.pth [virtualenv/create/via_global_ref/api.py:91]
py310-edit-linux: 1156 D create /home/kalle/projects/opengis/georama/.tox/py310-edit-linux/lib/python3.10/site-packages/_virtualenv.py [virtualenv/create/via_global_ref/api.py:94]
py310-edit-linux: 1156 D ============================== target debug ============================== [virtualenv/run/session.py:52]
py310-edit-linux: 1156 D debug via /home/kalle/projects/opengis/georama/.tox/py310-edit-linux/bin/python /usr/lib/python3.12/site-packages/virtualenv/create/debug.py [virtualenv/create/creator.py:200]
py310-edit-linux: 1156 D {
  "sys": {
    "executable": "/home/kalle/projects/opengis/georama/.tox/py310-edit-linux/bin/python",
    "_base_executable": "/home/kalle/projects/opengis/georama/.tox/py310-edit-linux/bin/python",
    "prefix": "/home/kalle/projects/opengis/georama/.tox/py310-edit-linux",
    "base_prefix": "/home/kalle/.pyenv/versions/3.10.4",
    "real_prefix": null,
    "exec_prefix": "/home/kalle/projects/opengis/georama/.tox/py310-edit-linux",
    "base_exec_prefix": "/home/kalle/.pyenv/versions/3.10.4",
    "path": [
      "/home/kalle/.pyenv/versions/3.10.4/lib/python310.zip",
      "/home/kalle/.pyenv/versions/3.10.4/lib/python3.10",
      "/home/kalle/.pyenv/versions/3.10.4/lib/python3.10/lib-dynload",
      "/home/kalle/projects/opengis/georama/.tox/py310-edit-linux/lib/python3.10/site-packages"
    ],
    "meta_path": [
      "<class '_virtualenv._Finder'>",
      "<class '_frozen_importlib.BuiltinImporter'>",
      "<class '_frozen_importlib.FrozenImporter'>",
      "<class '_frozen_importlib_external.PathFinder'>"
    ],
    "fs_encoding": "utf-8",
    "io_encoding": "utf-8"
  },
  "version": "3.10.4 (main, May 23 2024, 22:41:52) [GCC 14.1.1 20240507]",
  "makefile_filename": "/home/kalle/.pyenv/versions/3.10.4/lib/python3.10/config-3.10-x86_64-linux-gnu/Makefile",
  "os": "<module 'os' from '/home/kalle/.pyenv/versions/3.10.4/lib/python3.10/os.py'>",
  "site": "<module 'site' from '/home/kalle/.pyenv/versions/3.10.4/lib/python3.10/site.py'>",
  "datetime": "<module 'datetime' from '/home/kalle/.pyenv/versions/3.10.4/lib/python3.10/datetime.py'>",
  "math": "<module 'math' from '/home/kalle/.pyenv/versions/3.10.4/lib/python3.10/lib-dynload/math.cpython-310-x86_64-linux-gnu.so'>",
  "json": "<module 'json' from '/home/kalle/.pyenv/versions/3.10.4/lib/python3.10/json/__init__.py'>"
} [virtualenv/run/session.py:53]
py310-edit-linux: 1185 I add seed packages via FromAppData(download=False, pip=bundle, setuptools=bundle, wheel=bundle, via=copy, app_data_dir=/home/kalle/.local/share/virtualenv) [virtualenv/run/session.py:57]
py310-edit-linux: 1197 D got embed update of distribution %s from ('wheel', PosixPath('/home/kalle/.local/share/virtualenv/wheel/3.10/embed/3/wheel.json')) [virtualenv/app_data/via_disk_folder.py:131]
py310-edit-linux: 1197 D got embed update of distribution %s from ('setuptools', PosixPath('/home/kalle/.local/share/virtualenv/wheel/3.10/embed/3/setuptools.json')) [virtualenv/app_data/via_disk_folder.py:131]
py310-edit-linux: 1197 D got embed update of distribution %s from ('pip', PosixPath('/home/kalle/.local/share/virtualenv/wheel/3.10/embed/3/pip.json')) [virtualenv/app_data/via_disk_folder.py:131]
py310-edit-linux: 1199 D using periodically updated wheel /home/kalle/.local/share/virtualenv/wheel/house/pip-24.2-py3-none-any.whl [virtualenv/seed/wheels/periodic_update.py:48]
py310-edit-linux: 1200 D using periodically updated wheel /home/kalle/.local/share/virtualenv/wheel/house/setuptools-74.0.0-py3-none-any.whl [virtualenv/seed/wheels/periodic_update.py:48]
py310-edit-linux: 1200 D install wheel from wheel /usr/lib/python3.12/site-packages/virtualenv/seed/wheels/embed/wheel-0.44.0-py3-none-any.whl via CopyPipInstall [virtualenv/seed/embed/via_app_data/via_app_data.py:49]
py310-edit-linux: 1200 D install pip from wheel /home/kalle/.local/share/virtualenv/wheel/house/pip-24.2-py3-none-any.whl via CopyPipInstall [virtualenv/seed/embed/via_app_data/via_app_data.py:49]
py310-edit-linux: 1200 D install setuptools from wheel /home/kalle/.local/share/virtualenv/wheel/house/setuptools-74.0.0-py3-none-any.whl via CopyPipInstall [virtualenv/seed/embed/via_app_data/via_app_data.py:49]
py310-edit-linux: 1202 D copy directory /home/kalle/.local/share/virtualenv/wheel/3.10/image/1/CopyPipInstall/pip-24.2-py3-none-any/pip-24.2.dist-info to /home/kalle/projects/opengis/georama/.tox/py310-edit-linux/lib/python3.10/site-packages/pip-24.2.dist-info [virtualenv/util/path/_sync.py:40]
py310-edit-linux: 1202 D copy /home/kalle/.local/share/virtualenv/wheel/3.10/image/1/CopyPipInstall/setuptools-74.0.0-py3-none-any/setuptools-74.0.0.virtualenv to /home/kalle/projects/opengis/georama/.tox/py310-edit-linux/lib/python3.10/site-packages/setuptools-74.0.0.virtualenv [virtualenv/util/path/_sync.py:40]
py310-edit-linux: 1202 D copy /home/kalle/.local/share/virtualenv/wheel/3.10/image/1/CopyPipInstall/wheel-0.44.0-py3-none-any/wheel-0.44.0.virtualenv to /home/kalle/projects/opengis/georama/.tox/py310-edit-linux/lib/python3.10/site-packages/wheel-0.44.0.virtualenv [virtualenv/util/path/_sync.py:40]
py310-edit-linux: 1203 D copy directory /home/kalle/.local/share/virtualenv/wheel/3.10/image/1/CopyPipInstall/setuptools-74.0.0-py3-none-any/setuptools-74.0.0.dist-info to /home/kalle/projects/opengis/georama/.tox/py310-edit-linux/lib/python3.10/site-packages/setuptools-74.0.0.dist-info [virtualenv/util/path/_sync.py:40]
py310-edit-linux: 1203 D copy directory /home/kalle/.local/share/virtualenv/wheel/3.10/image/1/CopyPipInstall/wheel-0.44.0-py3-none-any/wheel-0.44.0.dist-info to /home/kalle/projects/opengis/georama/.tox/py310-edit-linux/lib/python3.10/site-packages/wheel-0.44.0.dist-info [virtualenv/util/path/_sync.py:40]
py310-edit-linux: 1205 D copy directory /home/kalle/.local/share/virtualenv/wheel/3.10/image/1/CopyPipInstall/wheel-0.44.0-py3-none-any/wheel to /home/kalle/projects/opengis/georama/.tox/py310-edit-linux/lib/python3.10/site-packages/wheel [virtualenv/util/path/_sync.py:40]
py310-edit-linux: 1205 D copy directory /home/kalle/.local/share/virtualenv/wheel/3.10/image/1/CopyPipInstall/pip-24.2-py3-none-any/pip to /home/kalle/projects/opengis/georama/.tox/py310-edit-linux/lib/python3.10/site-packages/pip [virtualenv/util/path/_sync.py:40]
py310-edit-linux: 1207 D copy directory /home/kalle/.local/share/virtualenv/wheel/3.10/image/1/CopyPipInstall/setuptools-74.0.0-py3-none-any/_distutils_hack to /home/kalle/projects/opengis/georama/.tox/py310-edit-linux/lib/python3.10/site-packages/_distutils_hack [virtualenv/util/path/_sync.py:40]
py310-edit-linux: 1209 D copy /home/kalle/.local/share/virtualenv/wheel/3.10/image/1/CopyPipInstall/setuptools-74.0.0-py3-none-any/distutils-precedence.pth to /home/kalle/projects/opengis/georama/.tox/py310-edit-linux/lib/python3.10/site-packages/distutils-precedence.pth [virtualenv/util/path/_sync.py:40]
py310-edit-linux: 1209 D copy directory /home/kalle/.local/share/virtualenv/wheel/3.10/image/1/CopyPipInstall/setuptools-74.0.0-py3-none-any/pkg_resources to /home/kalle/projects/opengis/georama/.tox/py310-edit-linux/lib/python3.10/site-packages/pkg_resources [virtualenv/util/path/_sync.py:40]
py310-edit-linux: 1218 D generated console scripts wheel wheel3.10 wheel3 wheel-3.10 [virtualenv/seed/embed/via_app_data/pip_install/base.py:43]
py310-edit-linux: 1219 D copy directory /home/kalle/.local/share/virtualenv/wheel/3.10/image/1/CopyPipInstall/setuptools-74.0.0-py3-none-any/setuptools to /home/kalle/projects/opengis/georama/.tox/py310-edit-linux/lib/python3.10/site-packages/setuptools [virtualenv/util/path/_sync.py:40]
py310-edit-linux: 1335 D copy /home/kalle/.local/share/virtualenv/wheel/3.10/image/1/CopyPipInstall/pip-24.2-py3-none-any/pip-24.2.virtualenv to /home/kalle/projects/opengis/georama/.tox/py310-edit-linux/lib/python3.10/site-packages/pip-24.2.virtualenv [virtualenv/util/path/_sync.py:40]
py310-edit-linux: 1336 D generated console scripts pip3 pip-3.10 pip pip3.10 [virtualenv/seed/embed/via_app_data/pip_install/base.py:43]
py310-edit-linux: 1358 D generated console scripts  [virtualenv/seed/embed/via_app_data/pip_install/base.py:43]
py310-edit-linux: 1359 I add activators for Bash, CShell, Fish, Nushell, PowerShell, Python [virtualenv/run/session.py:63]
py310-edit-linux: 1360 D write /home/kalle/projects/opengis/georama/.tox/py310-edit-linux/pyvenv.cfg [virtualenv/create/pyenv_cfg.py:33]
py310-edit-linux: 1360 D 	home = /home/kalle/.pyenv/versions/3.10.4/bin [virtualenv/create/pyenv_cfg.py:38]
py310-edit-linux: 1360 D 	implementation = CPython [virtualenv/create/pyenv_cfg.py:38]
py310-edit-linux: 1360 D 	version_info = 3.10.4.final.0 [virtualenv/create/pyenv_cfg.py:38]
py310-edit-linux: 1361 D 	virtualenv = 20.27.1 [virtualenv/create/pyenv_cfg.py:38]
py310-edit-linux: 1361 D 	include-system-site-packages = false [virtualenv/create/pyenv_cfg.py:38]
py310-edit-linux: 1361 D 	base-prefix = /home/kalle/.pyenv/versions/3.10.4 [virtualenv/create/pyenv_cfg.py:38]
py310-edit-linux: 1361 D 	base-exec-prefix = /home/kalle/.pyenv/versions/3.10.4 [virtualenv/create/pyenv_cfg.py:38]
py310-edit-linux: 1361 D 	base-executable = /home/kalle/.pyenv/versions/3.10.4/bin/python3.10 [virtualenv/create/pyenv_cfg.py:38]
.pkg-cpython310: 1371 I find interpreter for spec PythonSpec(implementation=cpython, major=3, minor=10) [virtualenv/discovery/builtin.py:73]
.pkg-cpython310: 1371 I proposed PythonInfo(spec=CPython3.12.7.final.0-64, exe=/usr/bin/python, platform=linux, version='3.12.7 (main, Oct  1 2024, 11:15:50) [GCC 14.2.1 20240910]', encoding_fs_io=utf-8-utf-8) [virtualenv/discovery/builtin.py:80]
.pkg-cpython310: 1371 D discover PATH[0]=/home/kalle/projects/opengis/georama/.venv/bin [virtualenv/discovery/builtin.py:149]
.pkg-cpython310: 1371 D discover exe from cache /home/kalle/.pyenv/versions/3.10.4 - exact False: PathPythonInfo({'architecture': 64, 'base_exec_prefix': '/home/kalle/.pyenv/versions/3.10.4', 'base_prefix': '/home/kalle/.pyenv/versions/3.10.4', 'distutils_install': {'data': '', 'headers': 'include/python3.10/UNKNOWN', 'platlib': 'lib/python3.10/site-packages', 'purelib': 'lib/python3.10/site-packages', 'scripts': 'bin'}, 'exec_prefix': '/home/kalle/.pyenv/versions/3.10.4', 'executable': '/home/kalle/projects/opengis/georama/.venv/bin/python3', 'file_system_encoding': 'utf-8', 'has_venv': True, 'implementation': 'CPython', 'max_size': 9223372036854775807, 'original_executable': '/home/kalle/.pyenv/versions/3.10.4/bin/python3.10', 'os': 'posix', 'path': ['/usr/lib/python3.12/site-packages/virtualenv/discovery', '/home/kalle/.pyenv/versions/3.10.4/lib/python310.zip', '/home/kalle/.pyenv/versions/3.10.4/lib/python3.10', '/home/kalle/.pyenv/versions/3.10.4/lib/python3.10/lib-dynload', '/home/kalle/.local/lib/python3.10/site-packages', '/home/kalle/.pyenv/versions/3.10.4/lib/python3.10/site-packages'], 'platform': 'linux', 'prefix': '/home/kalle/.pyenv/versions/3.10.4', 'real_prefix': None, 'stdout_encoding': 'utf-8', 'sysconfig': {'makefile_filename': '/home/kalle/.pyenv/versions/3.10.4/lib/python3.10/config-3.10-x86_64-linux-gnu/Makefile'}, 'sysconfig_paths': {'data': '{base}', 'include': '{installed_base}/include/python{py_version_short}{abiflags}', 'platlib': '{platbase}/{platlibdir}/python{py_version_short}/site-packages', 'platstdlib': '{platbase}/{platlibdir}/python{py_version_short}', 'purelib': '{base}/lib/python{py_version_short}/site-packages', 'scripts': '{base}/bin', 'stdlib': '{installed_base}/{platlibdir}/python{py_version_short}'}, 'sysconfig_scheme': None, 'sysconfig_vars': {'PYTHONFRAMEWORK': '', 'abiflags': '', 'base': '/home/kalle/.pyenv/versions/3.10.4', 'installed_base': '/home/kalle/.pyenv/versions/3.10.4', 'platbase': '/home/kalle/.pyenv/versions/3.10.4', 'platlibdir': 'lib', 'py_version_short': '3.10'}, 'system_executable': '/home/kalle/.pyenv/versions/3.10.4/bin/python3.10', 'system_stdlib': '/home/kalle/.pyenv/versions/3.10.4/lib/python3.10', 'system_stdlib_platform': '/home/kalle/.pyenv/versions/3.10.4/lib/python3.10', 'version': '3.10.4 (main, May 23 2024, 22:41:52) [GCC 14.1.1 20240507]', 'version_info': VersionInfo(major=3, minor=10, micro=4, releaselevel='final', serial=0), 'version_nodot': '310'}) [virtualenv/discovery/py_info.py:435]
.pkg-cpython310: 1371 I proposed PathPythonInfo(spec=CPython3.10.4.final.0-64, system=/home/kalle/.pyenv/versions/3.10.4/bin/python3.10, exe=/home/kalle/projects/opengis/georama/.venv/bin/python3.10, platform=linux, version='3.10.4 (main, May 23 2024, 22:41:52) [GCC 14.1.1 20240507]', encoding_fs_io=utf-8-utf-8) [virtualenv/discovery/builtin.py:80]
.pkg-cpython310: 1371 D accepted PathPythonInfo(spec=CPython3.10.4.final.0-64, system=/home/kalle/.pyenv/versions/3.10.4/bin/python3.10, exe=/home/kalle/projects/opengis/georama/.venv/bin/python3.10, platform=linux, version='3.10.4 (main, May 23 2024, 22:41:52) [GCC 14.1.1 20240507]', encoding_fs_io=utf-8-utf-8) [virtualenv/discovery/builtin.py:82]
.pkg-cpython310: 1372 I create virtual environment via CPython3Posix(dest=/home/kalle/projects/opengis/georama/.tox/.pkg-cpython310, clear=False, no_vcs_ignore=False, global=False) [virtualenv/run/session.py:50]
.pkg-cpython310: 1372 D create folder /home/kalle/projects/opengis/georama/.tox/.pkg-cpython310/bin [virtualenv/util/path/_sync.py:12]
.pkg-cpython310: 1372 D create folder /home/kalle/projects/opengis/georama/.tox/.pkg-cpython310/lib/python3.10/site-packages [virtualenv/util/path/_sync.py:12]
.pkg-cpython310: 1373 D write /home/kalle/projects/opengis/georama/.tox/.pkg-cpython310/pyvenv.cfg [virtualenv/create/pyenv_cfg.py:33]
.pkg-cpython310: 1373 D 	home = /home/kalle/.pyenv/versions/3.10.4/bin [virtualenv/create/pyenv_cfg.py:38]
.pkg-cpython310: 1373 D 	implementation = CPython [virtualenv/create/pyenv_cfg.py:38]
.pkg-cpython310: 1373 D 	version_info = 3.10.4.final.0 [virtualenv/create/pyenv_cfg.py:38]
.pkg-cpython310: 1373 D 	virtualenv = 20.27.1 [virtualenv/create/pyenv_cfg.py:38]
.pkg-cpython310: 1373 D 	include-system-site-packages = false [virtualenv/create/pyenv_cfg.py:38]
.pkg-cpython310: 1373 D 	base-prefix = /home/kalle/.pyenv/versions/3.10.4 [virtualenv/create/pyenv_cfg.py:38]
.pkg-cpython310: 1373 D 	base-exec-prefix = /home/kalle/.pyenv/versions/3.10.4 [virtualenv/create/pyenv_cfg.py:38]
.pkg-cpython310: 1373 D 	base-executable = /home/kalle/.pyenv/versions/3.10.4/bin/python3.10 [virtualenv/create/pyenv_cfg.py:38]
.pkg-cpython310: 1373 D symlink /home/kalle/.pyenv/versions/3.10.4/bin/python3.10 to /home/kalle/projects/opengis/georama/.tox/.pkg-cpython310/bin/python [virtualenv/util/path/_sync.py:32]
.pkg-cpython310: 1374 D create virtualenv import hook file /home/kalle/projects/opengis/georama/.tox/.pkg-cpython310/lib/python3.10/site-packages/_virtualenv.pth [virtualenv/create/via_global_ref/api.py:91]
.pkg-cpython310: 1374 D create /home/kalle/projects/opengis/georama/.tox/.pkg-cpython310/lib/python3.10/site-packages/_virtualenv.py [virtualenv/create/via_global_ref/api.py:94]
.pkg-cpython310: 1374 D ============================== target debug ============================== [virtualenv/run/session.py:52]
.pkg-cpython310: 1374 D debug via /home/kalle/projects/opengis/georama/.tox/.pkg-cpython310/bin/python /usr/lib/python3.12/site-packages/virtualenv/create/debug.py [virtualenv/create/creator.py:200]
.pkg-cpython310: 1374 D {
  "sys": {
    "executable": "/home/kalle/projects/opengis/georama/.tox/.pkg-cpython310/bin/python",
    "_base_executable": "/home/kalle/projects/opengis/georama/.tox/.pkg-cpython310/bin/python",
    "prefix": "/home/kalle/projects/opengis/georama/.tox/.pkg-cpython310",
    "base_prefix": "/home/kalle/.pyenv/versions/3.10.4",
    "real_prefix": null,
    "exec_prefix": "/home/kalle/projects/opengis/georama/.tox/.pkg-cpython310",
    "base_exec_prefix": "/home/kalle/.pyenv/versions/3.10.4",
    "path": [
      "/home/kalle/.pyenv/versions/3.10.4/lib/python310.zip",
      "/home/kalle/.pyenv/versions/3.10.4/lib/python3.10",
      "/home/kalle/.pyenv/versions/3.10.4/lib/python3.10/lib-dynload",
      "/home/kalle/projects/opengis/georama/.tox/.pkg-cpython310/lib/python3.10/site-packages"
    ],
    "meta_path": [
      "<class '_virtualenv._Finder'>",
      "<class '_frozen_importlib.BuiltinImporter'>",
      "<class '_frozen_importlib.FrozenImporter'>",
      "<class '_frozen_importlib_external.PathFinder'>"
    ],
    "fs_encoding": "utf-8",
    "io_encoding": "utf-8"
  },
  "version": "3.10.4 (main, May 23 2024, 22:41:52) [GCC 14.1.1 20240507]",
  "makefile_filename": "/home/kalle/.pyenv/versions/3.10.4/lib/python3.10/config-3.10-x86_64-linux-gnu/Makefile",
  "os": "<module 'os' from '/home/kalle/.pyenv/versions/3.10.4/lib/python3.10/os.py'>",
  "site": "<module 'site' from '/home/kalle/.pyenv/versions/3.10.4/lib/python3.10/site.py'>",
  "datetime": "<module 'datetime' from '/home/kalle/.pyenv/versions/3.10.4/lib/python3.10/datetime.py'>",
  "math": "<module 'math' from '/home/kalle/.pyenv/versions/3.10.4/lib/python3.10/lib-dynload/math.cpython-310-x86_64-linux-gnu.so'>",
  "json": "<module 'json' from '/home/kalle/.pyenv/versions/3.10.4/lib/python3.10/json/__init__.py'>"
} [virtualenv/run/session.py:53]
.pkg-cpython310: 1400 I add seed packages via FromAppData(download=False, pip=bundle, setuptools=bundle, wheel=bundle, via=copy, app_data_dir=/home/kalle/.local/share/virtualenv) [virtualenv/run/session.py:57]
.pkg-cpython310: 1401 D got embed update of distribution %s from ('wheel', PosixPath('/home/kalle/.local/share/virtualenv/wheel/3.10/embed/3/wheel.json')) [virtualenv/app_data/via_disk_folder.py:131]
.pkg-cpython310: 1402 D got embed update of distribution %s from ('pip', PosixPath('/home/kalle/.local/share/virtualenv/wheel/3.10/embed/3/pip.json')) [virtualenv/app_data/via_disk_folder.py:131]
.pkg-cpython310: 1402 D using periodically updated wheel /home/kalle/.local/share/virtualenv/wheel/house/pip-24.2-py3-none-any.whl [virtualenv/seed/wheels/periodic_update.py:48]
.pkg-cpython310: 1402 D got embed update of distribution %s from ('setuptools', PosixPath('/home/kalle/.local/share/virtualenv/wheel/3.10/embed/3/setuptools.json')) [virtualenv/app_data/via_disk_folder.py:131]
.pkg-cpython310: 1403 D using periodically updated wheel /home/kalle/.local/share/virtualenv/wheel/house/setuptools-74.0.0-py3-none-any.whl [virtualenv/seed/wheels/periodic_update.py:48]
.pkg-cpython310: 1403 D install wheel from wheel /usr/lib/python3.12/site-packages/virtualenv/seed/wheels/embed/wheel-0.44.0-py3-none-any.whl via CopyPipInstall [virtualenv/seed/embed/via_app_data/via_app_data.py:49]
.pkg-cpython310: 1403 D install pip from wheel /home/kalle/.local/share/virtualenv/wheel/house/pip-24.2-py3-none-any.whl via CopyPipInstall [virtualenv/seed/embed/via_app_data/via_app_data.py:49]
.pkg-cpython310: 1403 D install setuptools from wheel /home/kalle/.local/share/virtualenv/wheel/house/setuptools-74.0.0-py3-none-any.whl via CopyPipInstall [virtualenv/seed/embed/via_app_data/via_app_data.py:49]
.pkg-cpython310: 1405 D copy /home/kalle/.local/share/virtualenv/wheel/3.10/image/1/CopyPipInstall/setuptools-74.0.0-py3-none-any/setuptools-74.0.0.virtualenv to /home/kalle/projects/opengis/georama/.tox/.pkg-cpython310/lib/python3.10/site-packages/setuptools-74.0.0.virtualenv [virtualenv/util/path/_sync.py:40]
.pkg-cpython310: 1405 D copy /home/kalle/.local/share/virtualenv/wheel/3.10/image/1/CopyPipInstall/wheel-0.44.0-py3-none-any/wheel-0.44.0.virtualenv to /home/kalle/projects/opengis/georama/.tox/.pkg-cpython310/lib/python3.10/site-packages/wheel-0.44.0.virtualenv [virtualenv/util/path/_sync.py:40]
.pkg-cpython310: 1405 D copy directory /home/kalle/.local/share/virtualenv/wheel/3.10/image/1/CopyPipInstall/setuptools-74.0.0-py3-none-any/setuptools-74.0.0.dist-info to /home/kalle/projects/opengis/georama/.tox/.pkg-cpython310/lib/python3.10/site-packages/setuptools-74.0.0.dist-info [virtualenv/util/path/_sync.py:40]
.pkg-cpython310: 1405 D copy directory /home/kalle/.local/share/virtualenv/wheel/3.10/image/1/CopyPipInstall/pip-24.2-py3-none-any/pip-24.2.dist-info to /home/kalle/projects/opengis/georama/.tox/.pkg-cpython310/lib/python3.10/site-packages/pip-24.2.dist-info [virtualenv/util/path/_sync.py:40]
.pkg-cpython310: 1405 D copy directory /home/kalle/.local/share/virtualenv/wheel/3.10/image/1/CopyPipInstall/wheel-0.44.0-py3-none-any/wheel-0.44.0.dist-info to /home/kalle/projects/opengis/georama/.tox/.pkg-cpython310/lib/python3.10/site-packages/wheel-0.44.0.dist-info [virtualenv/util/path/_sync.py:40]
.pkg-cpython310: 1408 D copy directory /home/kalle/.local/share/virtualenv/wheel/3.10/image/1/CopyPipInstall/wheel-0.44.0-py3-none-any/wheel to /home/kalle/projects/opengis/georama/.tox/.pkg-cpython310/lib/python3.10/site-packages/wheel [virtualenv/util/path/_sync.py:40]
.pkg-cpython310: 1409 D copy directory /home/kalle/.local/share/virtualenv/wheel/3.10/image/1/CopyPipInstall/setuptools-74.0.0-py3-none-any/_distutils_hack to /home/kalle/projects/opengis/georama/.tox/.pkg-cpython310/lib/python3.10/site-packages/_distutils_hack [virtualenv/util/path/_sync.py:40]
.pkg-cpython310: 1410 D copy directory /home/kalle/.local/share/virtualenv/wheel/3.10/image/1/CopyPipInstall/pip-24.2-py3-none-any/pip to /home/kalle/projects/opengis/georama/.tox/.pkg-cpython310/lib/python3.10/site-packages/pip [virtualenv/util/path/_sync.py:40]
.pkg-cpython310: 1410 D copy /home/kalle/.local/share/virtualenv/wheel/3.10/image/1/CopyPipInstall/setuptools-74.0.0-py3-none-any/distutils-precedence.pth to /home/kalle/projects/opengis/georama/.tox/.pkg-cpython310/lib/python3.10/site-packages/distutils-precedence.pth [virtualenv/util/path/_sync.py:40]
.pkg-cpython310: 1410 D copy directory /home/kalle/.local/share/virtualenv/wheel/3.10/image/1/CopyPipInstall/setuptools-74.0.0-py3-none-any/pkg_resources to /home/kalle/projects/opengis/georama/.tox/.pkg-cpython310/lib/python3.10/site-packages/pkg_resources [virtualenv/util/path/_sync.py:40]
.pkg-cpython310: 1418 D copy directory /home/kalle/.local/share/virtualenv/wheel/3.10/image/1/CopyPipInstall/setuptools-74.0.0-py3-none-any/setuptools to /home/kalle/projects/opengis/georama/.tox/.pkg-cpython310/lib/python3.10/site-packages/setuptools [virtualenv/util/path/_sync.py:40]
.pkg-cpython310: 1419 D generated console scripts wheel3.10 wheel-3.10 wheel3 wheel [virtualenv/seed/embed/via_app_data/pip_install/base.py:43]
.pkg-cpython310: 1491 D copy /home/kalle/.local/share/virtualenv/wheel/3.10/image/1/CopyPipInstall/pip-24.2-py3-none-any/pip-24.2.virtualenv to /home/kalle/projects/opengis/georama/.tox/.pkg-cpython310/lib/python3.10/site-packages/pip-24.2.virtualenv [virtualenv/util/path/_sync.py:40]
.pkg-cpython310: 1492 D generated console scripts pip-3.10 pip pip3.10 pip3 [virtualenv/seed/embed/via_app_data/pip_install/base.py:43]
.pkg-cpython310: 1504 D generated console scripts  [virtualenv/seed/embed/via_app_data/pip_install/base.py:43]
.pkg-cpython310: 1504 I add activators for Bash, CShell, Fish, Nushell, PowerShell, Python [virtualenv/run/session.py:63]
.pkg-cpython310: 1506 D write /home/kalle/projects/opengis/georama/.tox/.pkg-cpython310/pyvenv.cfg [virtualenv/create/pyenv_cfg.py:33]
.pkg-cpython310: 1506 D 	home = /home/kalle/.pyenv/versions/3.10.4/bin [virtualenv/create/pyenv_cfg.py:38]
.pkg-cpython310: 1506 D 	implementation = CPython [virtualenv/create/pyenv_cfg.py:38]
.pkg-cpython310: 1506 D 	version_info = 3.10.4.final.0 [virtualenv/create/pyenv_cfg.py:38]
.pkg-cpython310: 1506 D 	virtualenv = 20.27.1 [virtualenv/create/pyenv_cfg.py:38]
.pkg-cpython310: 1506 D 	include-system-site-packages = false [virtualenv/create/pyenv_cfg.py:38]
.pkg-cpython310: 1506 D 	base-prefix = /home/kalle/.pyenv/versions/3.10.4 [virtualenv/create/pyenv_cfg.py:38]
.pkg-cpython310: 1506 D 	base-exec-prefix = /home/kalle/.pyenv/versions/3.10.4 [virtualenv/create/pyenv_cfg.py:38]
.pkg-cpython310: 1506 D 	base-executable = /home/kalle/.pyenv/versions/3.10.4/bin/python3.10 [virtualenv/create/pyenv_cfg.py:38]
.pkg-cpython310: 1508 W install_requires> python -I -m pip install setuptools setuptools-scm [tox/tox_env/api.py:427]
Requirement already satisfied: setuptools in ./.tox/.pkg-cpython310/lib/python3.10/site-packages (74.0.0)
Collecting setuptools-scm
  Using cached setuptools_scm-8.1.0-py3-none-any.whl.metadata (6.6 kB)
Collecting packaging>=20 (from setuptools-scm)
  Using cached packaging-24.2-py3-none-any.whl.metadata (3.2 kB)
Collecting tomli>=1 (from setuptools-scm)
  Using cached tomli-2.2.1-py3-none-any.whl.metadata (10 kB)
Using cached setuptools_scm-8.1.0-py3-none-any.whl (43 kB)
Using cached packaging-24.2-py3-none-any.whl (65 kB)
Using cached tomli-2.2.1-py3-none-any.whl (14 kB)
Installing collected packages: tomli, packaging, setuptools-scm
Successfully installed packaging-24.2 setuptools-scm-8.1.0 tomli-2.2.1
.pkg-cpython310: 2528 I exit 0 (1.02 seconds) /home/kalle/projects/opengis/georama> python -I -m pip install setuptools setuptools-scm pid=602550 [tox/execute/api.py:280]
.pkg-cpython310: 2529 W _optional_hooks> python /usr/lib/python3.12/site-packages/pyproject_api/_backend.py True setuptools.build_meta [tox/tox_env/api.py:427]
Backend: run command _optional_hooks with args {}
Backend: Wrote response {'return': {'get_requires_for_build_sdist': True, 'prepare_metadata_for_build_wheel': True, 'get_requires_for_build_wheel': True, 'build_editable': True, 'get_requires_for_build_editable': True, 'prepare_metadata_for_build_editable': True}} to /tmp/pep517__optional_hooks-ede0bgng.json
.pkg-cpython310: 2723 I exit None (0.19 seconds) /home/kalle/projects/opengis/georama> python /usr/lib/python3.12/site-packages/pyproject_api/_backend.py True setuptools.build_meta pid=602569 [tox/execute/api.py:280]
.pkg-cpython310: 2723 W get_requires_for_build_editable> python /usr/lib/python3.12/site-packages/pyproject_api/_backend.py True setuptools.build_meta [tox/tox_env/api.py:427]
Backend: run command get_requires_for_build_editable with args {'config_settings': None}
running egg_info
writing src/georama.egg-info/PKG-INFO
writing dependency_links to src/georama.egg-info/dependency_links.txt
writing requirements to src/georama.egg-info/requires.txt
writing top-level names to src/georama.egg-info/top_level.txt
adding license file 'LICENSE'
writing manifest file 'src/georama.egg-info/SOURCES.txt'
Backend: Wrote response {'return': []} to /tmp/pep517_get_requires_for_build_editable-hevu7nar.json
.pkg-cpython310: 2994 I exit None (0.27 seconds) /home/kalle/projects/opengis/georama> python /usr/lib/python3.12/site-packages/pyproject_api/_backend.py True setuptools.build_meta pid=602569 [tox/execute/api.py:280]
.pkg-cpython310: 2995 W build_editable> python /usr/lib/python3.12/site-packages/pyproject_api/_backend.py True setuptools.build_meta [tox/tox_env/api.py:427]
Backend: run command build_editable with args {'wheel_directory': '/home/kalle/projects/opengis/georama/.tox/.pkg-cpython310/dist', 'config_settings': None, 'metadata_directory': None}
running editable_wheel
creating /home/kalle/projects/opengis/georama/.tox/.pkg-cpython310/dist/.tmp-vye747cw/georama.egg-info
writing /home/kalle/projects/opengis/georama/.tox/.pkg-cpython310/dist/.tmp-vye747cw/georama.egg-info/PKG-INFO
writing dependency_links to /home/kalle/projects/opengis/georama/.tox/.pkg-cpython310/dist/.tmp-vye747cw/georama.egg-info/dependency_links.txt
writing requirements to /home/kalle/projects/opengis/georama/.tox/.pkg-cpython310/dist/.tmp-vye747cw/georama.egg-info/requires.txt
writing top-level names to /home/kalle/projects/opengis/georama/.tox/.pkg-cpython310/dist/.tmp-vye747cw/georama.egg-info/top_level.txt
writing manifest file '/home/kalle/projects/opengis/georama/.tox/.pkg-cpython310/dist/.tmp-vye747cw/georama.egg-info/SOURCES.txt'
adding license file 'LICENSE'
writing manifest file '/home/kalle/projects/opengis/georama/.tox/.pkg-cpython310/dist/.tmp-vye747cw/georama.egg-info/SOURCES.txt'
creating '/home/kalle/projects/opengis/georama/.tox/.pkg-cpython310/dist/.tmp-vye747cw/georama-0.0.1.dist-info'
creating /home/kalle/projects/opengis/georama/.tox/.pkg-cpython310/dist/.tmp-vye747cw/georama-0.0.1.dist-info/WHEEL
running build_py
running egg_info
creating /tmp/tmpfxtmhnko.build-temp/georama.egg-info
writing /tmp/tmpfxtmhnko.build-temp/georama.egg-info/PKG-INFO
writing dependency_links to /tmp/tmpfxtmhnko.build-temp/georama.egg-info/dependency_links.txt
writing requirements to /tmp/tmpfxtmhnko.build-temp/georama.egg-info/requires.txt
writing top-level names to /tmp/tmpfxtmhnko.build-temp/georama.egg-info/top_level.txt
writing manifest file '/tmp/tmpfxtmhnko.build-temp/georama.egg-info/SOURCES.txt'
adding license file 'LICENSE'
writing manifest file '/tmp/tmpfxtmhnko.build-temp/georama.egg-info/SOURCES.txt'
adding '__editable__.georama-0.0.1.pth'
creating '/home/kalle/projects/opengis/georama/.tox/.pkg-cpython310/dist/.tmp-vye747cw/georama-0.0.1-0.editable-py3-none-any.whl' and adding '/tmp/tmp5jq8n023georama-0.0.1-0.editable-py3-none-any.whl' to it
adding 'georama-0.0.1.dist-info/LICENSE'
adding 'georama-0.0.1.dist-info/METADATA'
adding 'georama-0.0.1.dist-info/WHEEL'
adding 'georama-0.0.1.dist-info/top_level.txt'
adding 'georama-0.0.1.dist-info/RECORD'
Backend: Wrote response {'return': 'georama-0.0.1-0.editable-py3-none-any.whl'} to /tmp/pep517_build_editable-qucpxhic.json
.pkg-cpython310: 3182 I exit None (0.19 seconds) /home/kalle/projects/opengis/georama> python /usr/lib/python3.12/site-packages/pyproject_api/_backend.py True setuptools.build_meta pid=602569 [tox/execute/api.py:280]
.pkg-cpython310: 3182 D package .tmp/package/1/georama-0.0.1-0.editable-py3-none-any.whl links to .pkg-cpython310/dist/georama-0.0.1-0.editable-py3-none-any.whl (/home/kalle/projects/opengis/georama/.tox) [tox/util/file_view.py:39]
py310-edit-linux: 3183 W install_package_deps> python -I -m pip install 'SQLAlchemy<2.0.0' async-timeout==4.0.3 click==8.1.7 django-admin-sortable2==2.2.1 django-cors-headers==4.3.1 django-jazzmin==3.0.0 django-ninja==0.22.2 django-simple-history==3.7.0 django-treebeard==4.7.1 django==5.0.6 'djangorestframework-gis@ git+https://github.com/openwisp/django-rest-framework-gis@4f244d5d8a7ad5b453fd04f64150818d15123e01' djangorestframework==3.15.1 gdal==3.9.1 geoalchemy2==0.15.2 psycopg2==2.9.9 pygeoapi==0.17.0 pytest-click==1.1.0 pytest-cov==5.0.0 pytest-explicit==1.0.1 pytest-run-subprocess==0.10.0 pytest-xdist==3.5.0 pytest==8.0.0 'qgis_server_light@ git+https://github.com/opengisch/qgis-server-light.git@e858981252e06fb63d2bb30f3c4281ee11996b3f' redis==5.0.8 'xsdata[cli,lxml,soap]==24.6.1' [tox/tox_env/api.py:427]
Collecting djangorestframework-gis@ git+https://github.com/openwisp/django-rest-framework-gis@4f244d5d8a7ad5b453fd04f64150818d15123e01
  Using cached djangorestframework_gis-1.0-py2.py3-none-any.whl
Collecting qgis_server_light@ git+https://github.com/opengisch/qgis-server-light.git@e858981252e06fb63d2bb30f3c4281ee11996b3f
  Cloning https://github.com/opengisch/qgis-server-light.git (to revision e858981252e06fb63d2bb30f3c4281ee11996b3f) to /tmp/pip-install-5ipxc2yu/qgis-server-light_da4c6329b68042f6b3e92e950eed4d95
  Resolved https://github.com/opengisch/qgis-server-light.git to commit e858981252e06fb63d2bb30f3c4281ee11996b3f
  Preparing metadata (setup.py): started
  Preparing metadata (setup.py): finished with status 'done'
Collecting SQLAlchemy<2.0.0
  Using cached SQLAlchemy-1.4.54-cp310-cp310-manylinux_2_5_x86_64.manylinux1_x86_64.manylinux_2_17_x86_64.manylinux2014_x86_64.whl.metadata (10 kB)
Collecting async-timeout==4.0.3
  Using cached async_timeout-4.0.3-py3-none-any.whl.metadata (4.2 kB)
Collecting click==8.1.7
  Using cached click-8.1.7-py3-none-any.whl.metadata (3.0 kB)
Collecting django-admin-sortable2==2.2.1
  Using cached django_admin_sortable2-2.2.1-py3-none-any.whl.metadata (3.8 kB)
Collecting django-cors-headers==4.3.1
  Using cached django_cors_headers-4.3.1-py3-none-any.whl.metadata (16 kB)
Collecting django-jazzmin==3.0.0
  Using cached django_jazzmin-3.0.0-py3-none-any.whl.metadata (6.2 kB)
Collecting django-ninja==0.22.2
  Using cached django_ninja-0.22.2-py3-none-any.whl.metadata (6.3 kB)
Collecting django-simple-history==3.7.0
  Using cached django_simple_history-3.7.0-py3-none-any.whl.metadata (24 kB)
Collecting django-treebeard==4.7.1
  Using cached django_treebeard-4.7.1-py3-none-any.whl.metadata (2.7 kB)
Collecting django==5.0.6
  Using cached Django-5.0.6-py3-none-any.whl.metadata (4.1 kB)
Collecting djangorestframework==3.15.1
  Using cached djangorestframework-3.15.1-py3-none-any.whl.metadata (11 kB)
Collecting gdal==3.9.1
  Using cached GDAL-3.9.1-cp310-cp310-linux_x86_64.whl
Collecting geoalchemy2==0.15.2
  Using cached GeoAlchemy2-0.15.2-py3-none-any.whl.metadata (2.1 kB)
Collecting psycopg2==2.9.9
  Using cached psycopg2-2.9.9-cp310-cp310-linux_x86_64.whl
Collecting pygeoapi==0.17.0
  Using cached pygeoapi-0.17.0-py2.py3-none-any.whl.metadata (2.4 kB)
Collecting pytest-click==1.1.0
  Using cached pytest_click-1.1.0-py3-none-any.whl.metadata (3.3 kB)
Collecting pytest-cov==5.0.0
  Using cached pytest_cov-5.0.0-py3-none-any.whl.metadata (27 kB)
Collecting pytest-explicit==1.0.1
  Using cached pytest_explicit-1.0.1-py3-none-any.whl.metadata (3.4 kB)
Collecting pytest-run-subprocess==0.10.0
  Using cached pytest_run_subprocess-0.10.0-py3-none-any.whl.metadata (8.3 kB)
Collecting pytest-xdist==3.5.0
  Using cached pytest_xdist-3.5.0-py3-none-any.whl.metadata (3.1 kB)
Collecting pytest==8.0.0
  Using cached pytest-8.0.0-py3-none-any.whl.metadata (7.8 kB)
Collecting redis==5.0.8
  Using cached redis-5.0.8-py3-none-any.whl.metadata (9.2 kB)
Collecting xsdata==24.6.1 (from xsdata[cli,lxml,soap]==24.6.1)
  Using cached xsdata-24.6.1-py3-none-any.whl.metadata (6.3 kB)
Collecting asgiref>=3.6 (from django-cors-headers==4.3.1)
  Using cached asgiref-3.8.1-py3-none-any.whl.metadata (9.3 kB)
Collecting pydantic<2.0.0,>=1.6 (from django-ninja==0.22.2)
  Using cached pydantic-1.10.19-cp310-cp310-manylinux_2_17_x86_64.manylinux2014_x86_64.whl.metadata (152 kB)
Collecting sqlparse>=0.3.1 (from django==5.0.6)
  Using cached sqlparse-0.5.3-py3-none-any.whl.metadata (3.9 kB)
Collecting packaging (from geoalchemy2==0.15.2)
  Using cached packaging-24.2-py3-none-any.whl.metadata (3.2 kB)
Collecting Babel (from pygeoapi==0.17.0)
  Using cached babel-2.16.0-py3-none-any.whl.metadata (1.5 kB)
Collecting filelock (from pygeoapi==0.17.0)
  Using cached filelock-3.16.1-py3-none-any.whl.metadata (2.9 kB)
Collecting Flask (from pygeoapi==0.17.0)
  Using cached flask-3.1.0-py3-none-any.whl.metadata (2.7 kB)
Collecting jinja2 (from pygeoapi==0.17.0)
  Using cached jinja2-3.1.4-py3-none-any.whl.metadata (2.6 kB)
Collecting jsonschema (from pygeoapi==0.17.0)
  Using cached jsonschema-4.23.0-py3-none-any.whl.metadata (7.9 kB)
Collecting pygeofilter (from pygeoapi==0.17.0)
  Using cached pygeofilter-0.2.4-py2.py3-none-any.whl.metadata (14 kB)
Collecting pygeoif (from pygeoapi==0.17.0)
  Using cached pygeoif-1.5.1-py3-none-any.whl.metadata (14 kB)
Collecting pyproj (from pygeoapi==0.17.0)
  Using cached pyproj-3.7.0-cp310-cp310-manylinux_2_17_x86_64.manylinux2014_x86_64.whl.metadata (31 kB)
Collecting python-dateutil (from pygeoapi==0.17.0)
  Using cached python_dateutil-2.9.0.post0-py2.py3-none-any.whl.metadata (8.4 kB)
Collecting pytz (from pygeoapi==0.17.0)
  Using cached pytz-2024.2-py2.py3-none-any.whl.metadata (22 kB)
Collecting PyYAML (from pygeoapi==0.17.0)
  Using cached PyYAML-6.0.2-cp310-cp310-manylinux_2_17_x86_64.manylinux2014_x86_64.whl.metadata (2.1 kB)
Collecting rasterio (from pygeoapi==0.17.0)
  Using cached rasterio-1.4.3-cp310-cp310-manylinux_2_17_x86_64.manylinux2014_x86_64.whl.metadata (9.1 kB)
Collecting requests (from pygeoapi==0.17.0)
  Using cached requests-2.32.3-py3-none-any.whl.metadata (4.6 kB)
Collecting shapely (from pygeoapi==0.17.0)
  Using cached shapely-2.0.6-cp310-cp310-manylinux_2_17_x86_64.manylinux2014_x86_64.whl.metadata (7.0 kB)
Collecting tinydb (from pygeoapi==0.17.0)
  Using cached tinydb-4.8.2-py3-none-any.whl.metadata (6.7 kB)
Collecting unicodecsv (from pygeoapi==0.17.0)
  Using cached unicodecsv-0.14.1-py3-none-any.whl
Collecting coverage>=5.2.1 (from coverage[toml]>=5.2.1->pytest-cov==5.0.0)
  Using cached coverage-7.6.9-cp310-cp310-manylinux_2_5_x86_64.manylinux1_x86_64.manylinux_2_17_x86_64.manylinux2014_x86_64.whl.metadata (8.2 kB)
Collecting execnet>=1.1 (from pytest-xdist==3.5.0)
  Using cached execnet-2.1.1-py3-none-any.whl.metadata (2.9 kB)
Collecting iniconfig (from pytest==8.0.0)
  Using cached iniconfig-2.0.0-py3-none-any.whl.metadata (2.6 kB)
Collecting pluggy<2.0,>=1.3.0 (from pytest==8.0.0)
  Using cached pluggy-1.5.0-py3-none-any.whl.metadata (4.8 kB)
Collecting exceptiongroup>=1.0.0rc8 (from pytest==8.0.0)
  Using cached exceptiongroup-1.2.2-py3-none-any.whl.metadata (6.6 kB)
Collecting tomli>=1.0.0 (from pytest==8.0.0)
  Using cached tomli-2.2.1-py3-none-any.whl.metadata (10 kB)
Collecting typing-extensions>=4.7.0 (from xsdata==24.6.1->xsdata[cli,lxml,soap]==24.6.1)
  Using cached typing_extensions-4.12.2-py3-none-any.whl.metadata (3.0 kB)
Collecting click-default-group>=1.2 (from xsdata[cli,lxml,soap]==24.6.1)
  Using cached click_default_group-1.2.4-py2.py3-none-any.whl.metadata (2.8 kB)
Collecting docformatter>=1.7.2 (from xsdata[cli,lxml,soap]==24.6.1)
  Using cached docformatter-1.7.5-py3-none-any.whl.metadata (8.3 kB)
Collecting toposort>=1.5 (from xsdata[cli,lxml,soap]==24.6.1)
  Using cached toposort-1.10-py3-none-any.whl.metadata (4.1 kB)
Collecting ruff>=0.3.0 (from xsdata[cli,lxml,soap]==24.6.1)
  Using cached ruff-0.8.3-py3-none-manylinux_2_17_x86_64.manylinux2014_x86_64.whl.metadata (25 kB)
Collecting lxml>=4.5.0 (from xsdata[cli,lxml,soap]==24.6.1)
  Using cached lxml-5.3.0-cp310-cp310-manylinux_2_28_x86_64.whl.metadata (3.8 kB)
Collecting greenlet!=0.4.17 (from SQLAlchemy<2.0.0)
  Using cached greenlet-3.1.1-cp310-cp310-manylinux_2_24_x86_64.manylinux_2_28_x86_64.whl.metadata (3.8 kB)
Collecting charset_normalizer<4.0.0,>=3.0.0 (from docformatter>=1.7.2->xsdata[cli,lxml,soap]==24.6.1)
  Using cached charset_normalizer-3.4.0-cp310-cp310-manylinux_2_17_x86_64.manylinux2014_x86_64.whl.metadata (34 kB)
Collecting untokenize<0.2.0,>=0.1.1 (from docformatter>=1.7.2->xsdata[cli,lxml,soap]==24.6.1)
  Using cached untokenize-0.1.1-py3-none-any.whl
Collecting MarkupSafe>=2.0 (from jinja2->pygeoapi==0.17.0)
  Using cached MarkupSafe-3.0.2-cp310-cp310-manylinux_2_17_x86_64.manylinux2014_x86_64.whl.metadata (4.0 kB)
Collecting Werkzeug>=3.1 (from Flask->pygeoapi==0.17.0)
  Using cached werkzeug-3.1.3-py3-none-any.whl.metadata (3.7 kB)
Collecting itsdangerous>=2.2 (from Flask->pygeoapi==0.17.0)
  Using cached itsdangerous-2.2.0-py3-none-any.whl.metadata (1.9 kB)
Collecting blinker>=1.9 (from Flask->pygeoapi==0.17.0)
  Using cached blinker-1.9.0-py3-none-any.whl.metadata (1.6 kB)
Collecting attrs>=22.2.0 (from jsonschema->pygeoapi==0.17.0)
  Using cached attrs-24.2.0-py3-none-any.whl.metadata (11 kB)
Collecting jsonschema-specifications>=2023.03.6 (from jsonschema->pygeoapi==0.17.0)
  Using cached jsonschema_specifications-2024.10.1-py3-none-any.whl.metadata (3.0 kB)
Collecting referencing>=0.28.4 (from jsonschema->pygeoapi==0.17.0)
  Using cached referencing-0.35.1-py3-none-any.whl.metadata (2.8 kB)
Collecting rpds-py>=0.7.1 (from jsonschema->pygeoapi==0.17.0)
  Using cached rpds_py-0.22.3-cp310-cp310-manylinux_2_17_x86_64.manylinux2014_x86_64.whl.metadata (4.2 kB)
Collecting dateparser (from pygeofilter->pygeoapi==0.17.0)
  Using cached dateparser-1.2.0-py2.py3-none-any.whl.metadata (28 kB)
Collecting lark<1.0 (from pygeofilter->pygeoapi==0.17.0)
  Using cached lark-0.12.0-py2.py3-none-any.whl.metadata (1.7 kB)
Collecting certifi (from pyproj->pygeoapi==0.17.0)
  Using cached certifi-2024.8.30-py3-none-any.whl.metadata (2.2 kB)
Collecting six>=1.5 (from python-dateutil->pygeoapi==0.17.0)
  Using cached six-1.17.0-py2.py3-none-any.whl.metadata (1.7 kB)
Collecting affine (from rasterio->pygeoapi==0.17.0)
  Using cached affine-2.4.0-py3-none-any.whl.metadata (4.0 kB)
Collecting cligj>=0.5 (from rasterio->pygeoapi==0.17.0)
  Using cached cligj-0.7.2-py3-none-any.whl.metadata (5.0 kB)
Collecting numpy>=1.24 (from rasterio->pygeoapi==0.17.0)
  Using cached numpy-2.2.0-cp310-cp310-manylinux_2_17_x86_64.manylinux2014_x86_64.whl.metadata (62 kB)
Collecting click-plugins (from rasterio->pygeoapi==0.17.0)
  Using cached click_plugins-1.1.1-py2.py3-none-any.whl.metadata (6.4 kB)
Collecting pyparsing (from rasterio->pygeoapi==0.17.0)
  Using cached pyparsing-3.2.0-py3-none-any.whl.metadata (5.0 kB)
Collecting idna<4,>=2.5 (from requests->pygeoapi==0.17.0)
  Using cached idna-3.10-py3-none-any.whl.metadata (10 kB)
Collecting urllib3<3,>=1.21.1 (from requests->pygeoapi==0.17.0)
  Using cached urllib3-2.2.3-py3-none-any.whl.metadata (6.5 kB)
Collecting regex!=2019.02.19,!=2021.8.27 (from dateparser->pygeofilter->pygeoapi==0.17.0)
  Using cached regex-2024.11.6-cp310-cp310-manylinux_2_17_x86_64.manylinux2014_x86_64.whl.metadata (40 kB)
Collecting tzlocal (from dateparser->pygeofilter->pygeoapi==0.17.0)
  Using cached tzlocal-5.2-py3-none-any.whl.metadata (7.8 kB)
Using cached async_timeout-4.0.3-py3-none-any.whl (5.7 kB)
Using cached click-8.1.7-py3-none-any.whl (97 kB)
Using cached django_admin_sortable2-2.2.1-py3-none-any.whl (77 kB)
Using cached django_cors_headers-4.3.1-py3-none-any.whl (12 kB)
Using cached django_jazzmin-3.0.0-py3-none-any.whl (2.8 MB)
Using cached django_ninja-0.22.2-py3-none-any.whl (2.3 MB)
Using cached django_simple_history-3.7.0-py3-none-any.whl (139 kB)
Using cached django_treebeard-4.7.1-py3-none-any.whl (93 kB)
Using cached Django-5.0.6-py3-none-any.whl (8.2 MB)
Using cached djangorestframework-3.15.1-py3-none-any.whl (1.1 MB)
Using cached GeoAlchemy2-0.15.2-py3-none-any.whl (73 kB)
Using cached pygeoapi-0.17.0-py2.py3-none-any.whl (445 kB)
Using cached pytest_click-1.1.0-py3-none-any.whl (4.1 kB)
Using cached pytest_cov-5.0.0-py3-none-any.whl (21 kB)
Using cached pytest_explicit-1.0.1-py3-none-any.whl (4.4 kB)
Using cached pytest_run_subprocess-0.10.0-py3-none-any.whl (17 kB)
Using cached pytest_xdist-3.5.0-py3-none-any.whl (42 kB)
Using cached pytest-8.0.0-py3-none-any.whl (334 kB)
Using cached redis-5.0.8-py3-none-any.whl (255 kB)
Using cached xsdata-24.6.1-py3-none-any.whl (228 kB)
Using cached SQLAlchemy-1.4.54-cp310-cp310-manylinux_2_5_x86_64.manylinux1_x86_64.manylinux_2_17_x86_64.manylinux2014_x86_64.whl (1.6 MB)
Using cached asgiref-3.8.1-py3-none-any.whl (23 kB)
Using cached click_default_group-1.2.4-py2.py3-none-any.whl (4.1 kB)
Using cached coverage-7.6.9-cp310-cp310-manylinux_2_5_x86_64.manylinux1_x86_64.manylinux_2_17_x86_64.manylinux2014_x86_64.whl (234 kB)
Using cached docformatter-1.7.5-py3-none-any.whl (32 kB)
Using cached exceptiongroup-1.2.2-py3-none-any.whl (16 kB)
Using cached execnet-2.1.1-py3-none-any.whl (40 kB)
Using cached greenlet-3.1.1-cp310-cp310-manylinux_2_24_x86_64.manylinux_2_28_x86_64.whl (599 kB)
Using cached jinja2-3.1.4-py3-none-any.whl (133 kB)
Using cached lxml-5.3.0-cp310-cp310-manylinux_2_28_x86_64.whl (5.0 MB)
Using cached pluggy-1.5.0-py3-none-any.whl (20 kB)
Using cached pydantic-1.10.19-cp310-cp310-manylinux_2_17_x86_64.manylinux2014_x86_64.whl (3.1 MB)
Using cached ruff-0.8.3-py3-none-manylinux_2_17_x86_64.manylinux2014_x86_64.whl (11.2 MB)
Using cached sqlparse-0.5.3-py3-none-any.whl (44 kB)
Using cached tomli-2.2.1-py3-none-any.whl (14 kB)
Using cached toposort-1.10-py3-none-any.whl (8.5 kB)
Using cached typing_extensions-4.12.2-py3-none-any.whl (37 kB)
Using cached babel-2.16.0-py3-none-any.whl (9.6 MB)
Using cached filelock-3.16.1-py3-none-any.whl (16 kB)
Using cached flask-3.1.0-py3-none-any.whl (102 kB)
Using cached iniconfig-2.0.0-py3-none-any.whl (5.9 kB)
Using cached jsonschema-4.23.0-py3-none-any.whl (88 kB)
Using cached packaging-24.2-py3-none-any.whl (65 kB)
Using cached pygeofilter-0.2.4-py2.py3-none-any.whl (81 kB)
Using cached pygeoif-1.5.1-py3-none-any.whl (28 kB)
Using cached pyproj-3.7.0-cp310-cp310-manylinux_2_17_x86_64.manylinux2014_x86_64.whl (9.2 MB)
Using cached python_dateutil-2.9.0.post0-py2.py3-none-any.whl (229 kB)
Using cached pytz-2024.2-py2.py3-none-any.whl (508 kB)
Using cached PyYAML-6.0.2-cp310-cp310-manylinux_2_17_x86_64.manylinux2014_x86_64.whl (751 kB)
Using cached rasterio-1.4.3-cp310-cp310-manylinux_2_17_x86_64.manylinux2014_x86_64.whl (22.2 MB)
Using cached requests-2.32.3-py3-none-any.whl (64 kB)
Using cached shapely-2.0.6-cp310-cp310-manylinux_2_17_x86_64.manylinux2014_x86_64.whl (2.5 MB)
Using cached tinydb-4.8.2-py3-none-any.whl (24 kB)
Using cached attrs-24.2.0-py3-none-any.whl (63 kB)
Using cached blinker-1.9.0-py3-none-any.whl (8.5 kB)
Using cached certifi-2024.8.30-py3-none-any.whl (167 kB)
Using cached charset_normalizer-3.4.0-cp310-cp310-manylinux_2_17_x86_64.manylinux2014_x86_64.whl (144 kB)
Using cached cligj-0.7.2-py3-none-any.whl (7.1 kB)
Using cached idna-3.10-py3-none-any.whl (70 kB)
Using cached itsdangerous-2.2.0-py3-none-any.whl (16 kB)
Using cached jsonschema_specifications-2024.10.1-py3-none-any.whl (18 kB)
Using cached lark-0.12.0-py2.py3-none-any.whl (103 kB)
Using cached MarkupSafe-3.0.2-cp310-cp310-manylinux_2_17_x86_64.manylinux2014_x86_64.whl (20 kB)
Using cached numpy-2.2.0-cp310-cp310-manylinux_2_17_x86_64.manylinux2014_x86_64.whl (16.4 MB)
Using cached referencing-0.35.1-py3-none-any.whl (26 kB)
Using cached rpds_py-0.22.3-cp310-cp310-manylinux_2_17_x86_64.manylinux2014_x86_64.whl (381 kB)
Using cached six-1.17.0-py2.py3-none-any.whl (11 kB)
Using cached urllib3-2.2.3-py3-none-any.whl (126 kB)
Using cached werkzeug-3.1.3-py3-none-any.whl (224 kB)
Using cached affine-2.4.0-py3-none-any.whl (15 kB)
Using cached click_plugins-1.1.1-py2.py3-none-any.whl (7.5 kB)
Using cached dateparser-1.2.0-py2.py3-none-any.whl (294 kB)
Using cached pyparsing-3.2.0-py3-none-any.whl (106 kB)
Using cached regex-2024.11.6-cp310-cp310-manylinux_2_17_x86_64.manylinux2014_x86_64.whl (781 kB)
Using cached tzlocal-5.2-py3-none-any.whl (17 kB)
Building wheels for collected packages: qgis_server_light
  Building wheel for qgis_server_light (setup.py): started
  Building wheel for qgis_server_light (setup.py): finished with status 'done'
  Created wheel for qgis_server_light: filename=qgis_server_light-0.0.2-py2.py3-none-any.whl size=7589 sha256=e30fdca1a834e6685b43600a471f1058222f1b3d8aad0e4b24db77188a960f00
  Stored in directory: /home/kalle/.cache/pip/wheels/48/35/ab/7fd370d48c156531857179261c429bd4600b541425a41113aa
Successfully built qgis_server_light
Installing collected packages: untokenize, unicodecsv, toposort, qgis_server_light, pytz, lark, urllib3, tzlocal, typing-extensions, tomli, tinydb, sqlparse, six, ruff, rpds-py, regex, PyYAML, pyparsing, psycopg2, pluggy, packaging, numpy, MarkupSafe, lxml, itsdangerous, iniconfig, idna, greenlet, gdal, filelock, execnet, exceptiongroup, coverage, click, charset_normalizer, certifi, blinker, Babel, attrs, async-timeout, affine, xsdata, Werkzeug, SQLAlchemy, shapely, requests, referencing, redis, python-dateutil, pytest, pyproj, pygeoif, pydantic, jinja2, docformatter, cligj, click-plugins, click-default-group, asgiref, rasterio, pytest-xdist, pytest-run-subprocess, pytest-explicit, pytest-cov, pytest-click, jsonschema-specifications, geoalchemy2, Flask, django, dateparser, pygeofilter, jsonschema, djangorestframework, django-treebeard, django-simple-history, django-ninja, django-jazzmin, django-cors-headers, django-admin-sortable2, pygeoapi, djangorestframework-gis
Successfully installed Babel-2.16.0 Flask-3.1.0 MarkupSafe-3.0.2 PyYAML-6.0.2 SQLAlchemy-1.4.54 Werkzeug-3.1.3 affine-2.4.0 asgiref-3.8.1 async-timeout-4.0.3 attrs-24.2.0 blinker-1.9.0 certifi-2024.8.30 charset_normalizer-3.4.0 click-8.1.7 click-default-group-1.2.4 click-plugins-1.1.1 cligj-0.7.2 coverage-7.6.9 dateparser-1.2.0 django-5.0.6 django-admin-sortable2-2.2.1 django-cors-headers-4.3.1 django-jazzmin-3.0.0 django-ninja-0.22.2 django-simple-history-3.7.0 django-treebeard-4.7.1 djangorestframework-3.15.1 djangorestframework-gis-1.0 docformatter-1.7.5 exceptiongroup-1.2.2 execnet-2.1.1 filelock-3.16.1 gdal-3.9.1 geoalchemy2-0.15.2 greenlet-3.1.1 idna-3.10 iniconfig-2.0.0 itsdangerous-2.2.0 jinja2-3.1.4 jsonschema-4.23.0 jsonschema-specifications-2024.10.1 lark-0.12.0 lxml-5.3.0 numpy-2.2.0 packaging-24.2 pluggy-1.5.0 psycopg2-2.9.9 pydantic-1.10.19 pygeoapi-0.17.0 pygeofilter-0.2.4 pygeoif-1.5.1 pyparsing-3.2.0 pyproj-3.7.0 pytest-8.0.0 pytest-click-1.1.0 pytest-cov-5.0.0 pytest-explicit-1.0.1 pytest-run-subprocess-0.10.0 pytest-xdist-3.5.0 python-dateutil-2.9.0.post0 pytz-2024.2 qgis_server_light-0.0.2 rasterio-1.4.3 redis-5.0.8 referencing-0.35.1 regex-2024.11.6 requests-2.32.3 rpds-py-0.22.3 ruff-0.8.3 shapely-2.0.6 six-1.17.0 sqlparse-0.5.3 tinydb-4.8.2 tomli-2.2.1 toposort-1.10 typing-extensions-4.12.2 tzlocal-5.2 unicodecsv-0.14.1 untokenize-0.1.1 urllib3-2.2.3 xsdata-24.6.1
py310-edit-linux: 31936 I exit 0 (28.75 seconds) /home/kalle/projects/opengis/georama> python -I -m pip install 'SQLAlchemy<2.0.0' async-timeout==4.0.3 click==8.1.7 django-admin-sortable2==2.2.1 django-cors-headers==4.3.1 django-jazzmin==3.0.0 django-ninja==0.22.2 django-simple-history==3.7.0 django-treebeard==4.7.1 django==5.0.6 'djangorestframework-gis@ git+https://github.com/openwisp/django-rest-framework-gis@4f244d5d8a7ad5b453fd04f64150818d15123e01' djangorestframework==3.15.1 gdal==3.9.1 geoalchemy2==0.15.2 psycopg2==2.9.9 pygeoapi==0.17.0 pytest-click==1.1.0 pytest-cov==5.0.0 pytest-explicit==1.0.1 pytest-run-subprocess==0.10.0 pytest-xdist==3.5.0 pytest==8.0.0 'qgis_server_light@ git+https://github.com/opengisch/qgis-server-light.git@e858981252e06fb63d2bb30f3c4281ee11996b3f' redis==5.0.8 'xsdata[cli,lxml,soap]==24.6.1' pid=602635 [tox/execute/api.py:280]
py310-edit-linux: 31937 W install_package> python -I -m pip install --force-reinstall --no-deps /home/kalle/projects/opengis/georama/.tox/.tmp/package/1/georama-0.0.1-0.editable-py3-none-any.whl [tox/tox_env/api.py:427]
Processing ./.tox/.tmp/package/1/georama-0.0.1-0.editable-py3-none-any.whl
Installing collected packages: georama
Successfully installed georama-0.0.1
py310-edit-linux: 32677 I exit 0 (0.74 seconds) /home/kalle/projects/opengis/georama> python -I -m pip install --force-reinstall --no-deps /home/kalle/projects/opengis/georama/.tox/.tmp/package/1/georama-0.0.1-0.editable-py3-none-any.whl pid=603344 [tox/execute/api.py:280]
py310-edit-linux: 32678 W commands[0]> pytest -ra --cov --cov-report=term-missing --cov-report=html:/home/kalle/projects/opengis/georama/.tox/py310-edit-linux/htmlcov --cov-context=test --cov-report=xml:/home/kalle/projects/opengis/georama/.tox/coverage.py310-edit-linux.xml -n auto tests [tox/tox_env/api.py:427]
============================= test session starts ==============================
platform linux -- Python 3.10.4, pytest-8.0.0, pluggy-1.5.0
cachedir: .tox/py310-edit-linux/.pytest_cache
rootdir: /home/kalle/projects/opengis/georama
configfile: pyproject.toml
plugins: run-subprocess-0.10.0, cov-5.0.0, explicit-1.0.1, click-1.1.0, xdist-3.5.0
created: 16/16 workers
16 workers [1 item]

.                                                                        [100%]
==================================== ERRORS ====================================
____________ ERROR collecting tests/data_integration/smoke_test.py _____________
import file mismatch:
imported module 'smoke_test' has this __file__ attribute:
  /home/kalle/projects/opengis/georama/tests/core/smoke_test.py
which is not the same as the test file we want to collect:
  /home/kalle/projects/opengis/georama/tests/data_integration/smoke_test.py
HINT: remove __pycache__ / .pyc files and/or use a unique basename for your test file modules
________________ ERROR collecting tests/features/smoke_test.py _________________
import file mismatch:
imported module 'smoke_test' has this __file__ attribute:
  /home/kalle/projects/opengis/georama/tests/core/smoke_test.py
which is not the same as the test file we want to collect:
  /home/kalle/projects/opengis/georama/tests/features/smoke_test.py
HINT: remove __pycache__ / .pyc files and/or use a unique basename for your test file modules
__________________ ERROR collecting tests/maps/smoke_test.py ___________________
import file mismatch:
imported module 'smoke_test' has this __file__ attribute:
  /home/kalle/projects/opengis/georama/tests/core/smoke_test.py
which is not the same as the test file we want to collect:
  /home/kalle/projects/opengis/georama/tests/maps/smoke_test.py
HINT: remove __pycache__ / .pyc files and/or use a unique basename for your test file modules
__________________ ERROR collecting tests/shop/smoke_test.py ___________________
import file mismatch:
imported module 'smoke_test' has this __file__ attribute:
  /home/kalle/projects/opengis/georama/tests/core/smoke_test.py
which is not the same as the test file we want to collect:
  /home/kalle/projects/opengis/georama/tests/shop/smoke_test.py
HINT: remove __pycache__ / .pyc files and/or use a unique basename for your test file modules
_________________ ERROR collecting tests/webgis/smoke_test.py __________________
import file mismatch:
imported module 'smoke_test' has this __file__ attribute:
  /home/kalle/projects/opengis/georama/tests/core/smoke_test.py
which is not the same as the test file we want to collect:
  /home/kalle/projects/opengis/georama/tests/webgis/smoke_test.py
HINT: remove __pycache__ / .pyc files and/or use a unique basename for your test file modules

---------- coverage: platform linux, python 3.10.4-final-0 -----------
Name                           Stmts   Miss  Cover   Missing
------------------------------------------------------------
src/georama/__init__.py            1      0   100%
src/georama/core/__init__.py       0      0   100%
tests/core/smoke_test.py           3      0   100%
------------------------------------------------------------
TOTAL                              4      0   100%
Coverage HTML written to dir /home/kalle/projects/opengis/georama/.tox/py310-edit-linux/htmlcov
Coverage XML written to file /home/kalle/projects/opengis/georama/.tox/coverage.py310-edit-linux.xml

=========================== short test summary info ============================
ERROR tests/data_integration/smoke_test.py
ERROR tests/features/smoke_test.py
ERROR tests/maps/smoke_test.py
ERROR tests/shop/smoke_test.py
ERROR tests/webgis/smoke_test.py
========================= 1 passed, 5 errors in 1.59s ==========================
py310-edit-linux: 35003 C exit 1 (2.32 seconds) /home/kalle/projects/opengis/georama> pytest -ra --cov --cov-report=term-missing --cov-report=html:/home/kalle/projects/opengis/georama/.tox/py310-edit-linux/htmlcov --cov-context=test --cov-report=xml:/home/kalle/projects/opengis/georama/.tox/coverage.py310-edit-linux.xml -n auto tests pid=603354 [tox/execute/api.py:280]
py310-edit-linux: FAIL ✖ in 33.85 seconds
py310-edit-macos: 35004 I create virtual environment via CPython3Posix(dest=/home/kalle/projects/opengis/georama/.tox/py310-edit-macos, clear=False, no_vcs_ignore=False, global=False) [virtualenv/run/session.py:50]
py310-edit-macos: 35004 D create folder /home/kalle/projects/opengis/georama/.tox/py310-edit-macos/bin [virtualenv/util/path/_sync.py:12]
py310-edit-macos: 35004 D create folder /home/kalle/projects/opengis/georama/.tox/py310-edit-macos/lib/python3.10/site-packages [virtualenv/util/path/_sync.py:12]
py310-edit-macos: 35004 D write /home/kalle/projects/opengis/georama/.tox/py310-edit-macos/pyvenv.cfg [virtualenv/create/pyenv_cfg.py:33]
py310-edit-macos: 35005 D 	home = /home/kalle/.pyenv/versions/3.10.4/bin [virtualenv/create/pyenv_cfg.py:38]
py310-edit-macos: 35005 D 	implementation = CPython [virtualenv/create/pyenv_cfg.py:38]
py310-edit-macos: 35005 D 	version_info = 3.10.4.final.0 [virtualenv/create/pyenv_cfg.py:38]
py310-edit-macos: 35005 D 	virtualenv = 20.27.1 [virtualenv/create/pyenv_cfg.py:38]
py310-edit-macos: 35005 D 	include-system-site-packages = false [virtualenv/create/pyenv_cfg.py:38]
py310-edit-macos: 35005 D 	base-prefix = /home/kalle/.pyenv/versions/3.10.4 [virtualenv/create/pyenv_cfg.py:38]
py310-edit-macos: 35005 D 	base-exec-prefix = /home/kalle/.pyenv/versions/3.10.4 [virtualenv/create/pyenv_cfg.py:38]
py310-edit-macos: 35005 D 	base-executable = /home/kalle/.pyenv/versions/3.10.4/bin/python3.10 [virtualenv/create/pyenv_cfg.py:38]
py310-edit-macos: 35005 D symlink /home/kalle/.pyenv/versions/3.10.4/bin/python3.10 to /home/kalle/projects/opengis/georama/.tox/py310-edit-macos/bin/python [virtualenv/util/path/_sync.py:32]
py310-edit-macos: 35005 D create virtualenv import hook file /home/kalle/projects/opengis/georama/.tox/py310-edit-macos/lib/python3.10/site-packages/_virtualenv.pth [virtualenv/create/via_global_ref/api.py:91]
py310-edit-macos: 35005 D create /home/kalle/projects/opengis/georama/.tox/py310-edit-macos/lib/python3.10/site-packages/_virtualenv.py [virtualenv/create/via_global_ref/api.py:94]
py310-edit-macos: 35005 D ============================== target debug ============================== [virtualenv/run/session.py:52]
py310-edit-macos: 35005 D debug via /home/kalle/projects/opengis/georama/.tox/py310-edit-macos/bin/python /usr/lib/python3.12/site-packages/virtualenv/create/debug.py [virtualenv/create/creator.py:200]
py310-edit-macos: 35005 D {
  "sys": {
    "executable": "/home/kalle/projects/opengis/georama/.tox/py310-edit-macos/bin/python",
    "_base_executable": "/home/kalle/projects/opengis/georama/.tox/py310-edit-macos/bin/python",
    "prefix": "/home/kalle/projects/opengis/georama/.tox/py310-edit-macos",
    "base_prefix": "/home/kalle/.pyenv/versions/3.10.4",
    "real_prefix": null,
    "exec_prefix": "/home/kalle/projects/opengis/georama/.tox/py310-edit-macos",
    "base_exec_prefix": "/home/kalle/.pyenv/versions/3.10.4",
    "path": [
      "/home/kalle/.pyenv/versions/3.10.4/lib/python310.zip",
      "/home/kalle/.pyenv/versions/3.10.4/lib/python3.10",
      "/home/kalle/.pyenv/versions/3.10.4/lib/python3.10/lib-dynload",
      "/home/kalle/projects/opengis/georama/.tox/py310-edit-macos/lib/python3.10/site-packages"
    ],
    "meta_path": [
      "<class '_virtualenv._Finder'>",
      "<class '_frozen_importlib.BuiltinImporter'>",
      "<class '_frozen_importlib.FrozenImporter'>",
      "<class '_frozen_importlib_external.PathFinder'>"
    ],
    "fs_encoding": "utf-8",
    "io_encoding": "utf-8"
  },
  "version": "3.10.4 (main, May 23 2024, 22:41:52) [GCC 14.1.1 20240507]",
  "makefile_filename": "/home/kalle/.pyenv/versions/3.10.4/lib/python3.10/config-3.10-x86_64-linux-gnu/Makefile",
  "os": "<module 'os' from '/home/kalle/.pyenv/versions/3.10.4/lib/python3.10/os.py'>",
  "site": "<module 'site' from '/home/kalle/.pyenv/versions/3.10.4/lib/python3.10/site.py'>",
  "datetime": "<module 'datetime' from '/home/kalle/.pyenv/versions/3.10.4/lib/python3.10/datetime.py'>",
  "math": "<module 'math' from '/home/kalle/.pyenv/versions/3.10.4/lib/python3.10/lib-dynload/math.cpython-310-x86_64-linux-gnu.so'>",
  "json": "<module 'json' from '/home/kalle/.pyenv/versions/3.10.4/lib/python3.10/json/__init__.py'>"
} [virtualenv/run/session.py:53]
py310-edit-macos: 35029 I add seed packages via FromAppData(download=False, pip=bundle, setuptools=bundle, wheel=bundle, via=copy, app_data_dir=/home/kalle/.local/share/virtualenv) [virtualenv/run/session.py:57]
py310-edit-macos: 35030 D got embed update of distribution %s from ('wheel', PosixPath('/home/kalle/.local/share/virtualenv/wheel/3.10/embed/3/wheel.json')) [virtualenv/app_data/via_disk_folder.py:131]
py310-edit-macos: 35031 D got embed update of distribution %s from ('setuptools', PosixPath('/home/kalle/.local/share/virtualenv/wheel/3.10/embed/3/setuptools.json')) [virtualenv/app_data/via_disk_folder.py:131]
py310-edit-macos: 35031 D using periodically updated wheel /home/kalle/.local/share/virtualenv/wheel/house/setuptools-74.0.0-py3-none-any.whl [virtualenv/seed/wheels/periodic_update.py:48]
py310-edit-macos: 35031 D got embed update of distribution %s from ('pip', PosixPath('/home/kalle/.local/share/virtualenv/wheel/3.10/embed/3/pip.json')) [virtualenv/app_data/via_disk_folder.py:131]
py310-edit-macos: 35031 D using periodically updated wheel /home/kalle/.local/share/virtualenv/wheel/house/pip-24.2-py3-none-any.whl [virtualenv/seed/wheels/periodic_update.py:48]
py310-edit-macos: 35032 D install wheel from wheel /usr/lib/python3.12/site-packages/virtualenv/seed/wheels/embed/wheel-0.44.0-py3-none-any.whl via CopyPipInstall [virtualenv/seed/embed/via_app_data/via_app_data.py:49]
py310-edit-macos: 35032 D install setuptools from wheel /home/kalle/.local/share/virtualenv/wheel/house/setuptools-74.0.0-py3-none-any.whl via CopyPipInstall [virtualenv/seed/embed/via_app_data/via_app_data.py:49]
py310-edit-macos: 35032 D install pip from wheel /home/kalle/.local/share/virtualenv/wheel/house/pip-24.2-py3-none-any.whl via CopyPipInstall [virtualenv/seed/embed/via_app_data/via_app_data.py:49]
py310-edit-macos: 35033 D copy /home/kalle/.local/share/virtualenv/wheel/3.10/image/1/CopyPipInstall/setuptools-74.0.0-py3-none-any/setuptools-74.0.0.virtualenv to /home/kalle/projects/opengis/georama/.tox/py310-edit-macos/lib/python3.10/site-packages/setuptools-74.0.0.virtualenv [virtualenv/util/path/_sync.py:40]
py310-edit-macos: 35034 D copy /home/kalle/.local/share/virtualenv/wheel/3.10/image/1/CopyPipInstall/wheel-0.44.0-py3-none-any/wheel-0.44.0.virtualenv to /home/kalle/projects/opengis/georama/.tox/py310-edit-macos/lib/python3.10/site-packages/wheel-0.44.0.virtualenv [virtualenv/util/path/_sync.py:40]
py310-edit-macos: 35034 D copy directory /home/kalle/.local/share/virtualenv/wheel/3.10/image/1/CopyPipInstall/setuptools-74.0.0-py3-none-any/setuptools-74.0.0.dist-info to /home/kalle/projects/opengis/georama/.tox/py310-edit-macos/lib/python3.10/site-packages/setuptools-74.0.0.dist-info [virtualenv/util/path/_sync.py:40]
py310-edit-macos: 35034 D copy directory /home/kalle/.local/share/virtualenv/wheel/3.10/image/1/CopyPipInstall/wheel-0.44.0-py3-none-any/wheel-0.44.0.dist-info to /home/kalle/projects/opengis/georama/.tox/py310-edit-macos/lib/python3.10/site-packages/wheel-0.44.0.dist-info [virtualenv/util/path/_sync.py:40]
py310-edit-macos: 35034 D copy directory /home/kalle/.local/share/virtualenv/wheel/3.10/image/1/CopyPipInstall/pip-24.2-py3-none-any/pip-24.2.dist-info to /home/kalle/projects/opengis/georama/.tox/py310-edit-macos/lib/python3.10/site-packages/pip-24.2.dist-info [virtualenv/util/path/_sync.py:40]
py310-edit-macos: 35036 D copy directory /home/kalle/.local/share/virtualenv/wheel/3.10/image/1/CopyPipInstall/wheel-0.44.0-py3-none-any/wheel to /home/kalle/projects/opengis/georama/.tox/py310-edit-macos/lib/python3.10/site-packages/wheel [virtualenv/util/path/_sync.py:40]
py310-edit-macos: 35036 D copy directory /home/kalle/.local/share/virtualenv/wheel/3.10/image/1/CopyPipInstall/setuptools-74.0.0-py3-none-any/_distutils_hack to /home/kalle/projects/opengis/georama/.tox/py310-edit-macos/lib/python3.10/site-packages/_distutils_hack [virtualenv/util/path/_sync.py:40]
py310-edit-macos: 35037 D copy directory /home/kalle/.local/share/virtualenv/wheel/3.10/image/1/CopyPipInstall/pip-24.2-py3-none-any/pip to /home/kalle/projects/opengis/georama/.tox/py310-edit-macos/lib/python3.10/site-packages/pip [virtualenv/util/path/_sync.py:40]
py310-edit-macos: 35038 D copy /home/kalle/.local/share/virtualenv/wheel/3.10/image/1/CopyPipInstall/setuptools-74.0.0-py3-none-any/distutils-precedence.pth to /home/kalle/projects/opengis/georama/.tox/py310-edit-macos/lib/python3.10/site-packages/distutils-precedence.pth [virtualenv/util/path/_sync.py:40]
py310-edit-macos: 35038 D copy directory /home/kalle/.local/share/virtualenv/wheel/3.10/image/1/CopyPipInstall/setuptools-74.0.0-py3-none-any/pkg_resources to /home/kalle/projects/opengis/georama/.tox/py310-edit-macos/lib/python3.10/site-packages/pkg_resources [virtualenv/util/path/_sync.py:40]
py310-edit-macos: 35047 D generated console scripts wheel wheel-3.10 wheel3 wheel3.10 [virtualenv/seed/embed/via_app_data/pip_install/base.py:43]
py310-edit-macos: 35047 D copy directory /home/kalle/.local/share/virtualenv/wheel/3.10/image/1/CopyPipInstall/setuptools-74.0.0-py3-none-any/setuptools to /home/kalle/projects/opengis/georama/.tox/py310-edit-macos/lib/python3.10/site-packages/setuptools [virtualenv/util/path/_sync.py:40]
py310-edit-macos: 35124 D copy /home/kalle/.local/share/virtualenv/wheel/3.10/image/1/CopyPipInstall/pip-24.2-py3-none-any/pip-24.2.virtualenv to /home/kalle/projects/opengis/georama/.tox/py310-edit-macos/lib/python3.10/site-packages/pip-24.2.virtualenv [virtualenv/util/path/_sync.py:40]
py310-edit-macos: 35125 D generated console scripts pip-3.10 pip3.10 pip3 pip [virtualenv/seed/embed/via_app_data/pip_install/base.py:43]
py310-edit-macos: 35135 D generated console scripts  [virtualenv/seed/embed/via_app_data/pip_install/base.py:43]
py310-edit-macos: 35136 I add activators for Bash, CShell, Fish, Nushell, PowerShell, Python [virtualenv/run/session.py:63]
py310-edit-macos: 35137 D write /home/kalle/projects/opengis/georama/.tox/py310-edit-macos/pyvenv.cfg [virtualenv/create/pyenv_cfg.py:33]
py310-edit-macos: 35137 D 	home = /home/kalle/.pyenv/versions/3.10.4/bin [virtualenv/create/pyenv_cfg.py:38]
py310-edit-macos: 35137 D 	implementation = CPython [virtualenv/create/pyenv_cfg.py:38]
py310-edit-macos: 35137 D 	version_info = 3.10.4.final.0 [virtualenv/create/pyenv_cfg.py:38]
py310-edit-macos: 35137 D 	virtualenv = 20.27.1 [virtualenv/create/pyenv_cfg.py:38]
py310-edit-macos: 35137 D 	include-system-site-packages = false [virtualenv/create/pyenv_cfg.py:38]
py310-edit-macos: 35137 D 	base-prefix = /home/kalle/.pyenv/versions/3.10.4 [virtualenv/create/pyenv_cfg.py:38]
py310-edit-macos: 35137 D 	base-exec-prefix = /home/kalle/.pyenv/versions/3.10.4 [virtualenv/create/pyenv_cfg.py:38]
py310-edit-macos: 35137 D 	base-executable = /home/kalle/.pyenv/versions/3.10.4/bin/python3.10 [virtualenv/create/pyenv_cfg.py:38]
.pkg-cpython310: 35145 D package .tmp/package/2/georama-0.0.1-0.editable-py3-none-any.whl links to .pkg-cpython310/dist/georama-0.0.1-0.editable-py3-none-any.whl (/home/kalle/projects/opengis/georama/.tox) [tox/util/file_view.py:39]
py310-edit-macos: 35146 W install_package_deps> python -I -m pip install 'SQLAlchemy<2.0.0' async-timeout==4.0.3 click==8.1.7 django-admin-sortable2==2.2.1 django-cors-headers==4.3.1 django-jazzmin==3.0.0 django-ninja==0.22.2 django-simple-history==3.7.0 django-treebeard==4.7.1 django==5.0.6 'djangorestframework-gis@ git+https://github.com/openwisp/django-rest-framework-gis@4f244d5d8a7ad5b453fd04f64150818d15123e01' djangorestframework==3.15.1 gdal==3.9.1 geoalchemy2==0.15.2 psycopg2==2.9.9 pygeoapi==0.17.0 pytest-click==1.1.0 pytest-cov==5.0.0 pytest-explicit==1.0.1 pytest-run-subprocess==0.10.0 pytest-xdist==3.5.0 pytest==8.0.0 'qgis_server_light@ git+https://github.com/opengisch/qgis-server-light.git@e858981252e06fb63d2bb30f3c4281ee11996b3f' redis==5.0.8 'xsdata[cli,lxml,soap]==24.6.1' [tox/tox_env/api.py:427]
Collecting djangorestframework-gis@ git+https://github.com/openwisp/django-rest-framework-gis@4f244d5d8a7ad5b453fd04f64150818d15123e01
  Using cached djangorestframework_gis-1.0-py2.py3-none-any.whl
Collecting qgis_server_light@ git+https://github.com/opengisch/qgis-server-light.git@e858981252e06fb63d2bb30f3c4281ee11996b3f
  Using cached qgis_server_light-0.0.2-py2.py3-none-any.whl
Collecting SQLAlchemy<2.0.0
  Using cached SQLAlchemy-1.4.54-cp310-cp310-manylinux_2_5_x86_64.manylinux1_x86_64.manylinux_2_17_x86_64.manylinux2014_x86_64.whl.metadata (10 kB)
Collecting async-timeout==4.0.3
  Using cached async_timeout-4.0.3-py3-none-any.whl.metadata (4.2 kB)
Collecting click==8.1.7
  Using cached click-8.1.7-py3-none-any.whl.metadata (3.0 kB)
Collecting django-admin-sortable2==2.2.1
  Using cached django_admin_sortable2-2.2.1-py3-none-any.whl.metadata (3.8 kB)
Collecting django-cors-headers==4.3.1
  Using cached django_cors_headers-4.3.1-py3-none-any.whl.metadata (16 kB)
Collecting django-jazzmin==3.0.0
  Using cached django_jazzmin-3.0.0-py3-none-any.whl.metadata (6.2 kB)
Collecting django-ninja==0.22.2
  Using cached django_ninja-0.22.2-py3-none-any.whl.metadata (6.3 kB)
Collecting django-simple-history==3.7.0
  Using cached django_simple_history-3.7.0-py3-none-any.whl.metadata (24 kB)
Collecting django-treebeard==4.7.1
  Using cached django_treebeard-4.7.1-py3-none-any.whl.metadata (2.7 kB)
Collecting django==5.0.6
  Using cached Django-5.0.6-py3-none-any.whl.metadata (4.1 kB)
Collecting djangorestframework==3.15.1
  Using cached djangorestframework-3.15.1-py3-none-any.whl.metadata (11 kB)
Collecting gdal==3.9.1
  Using cached GDAL-3.9.1-cp310-cp310-linux_x86_64.whl
Collecting geoalchemy2==0.15.2
  Using cached GeoAlchemy2-0.15.2-py3-none-any.whl.metadata (2.1 kB)
Collecting psycopg2==2.9.9
  Using cached psycopg2-2.9.9-cp310-cp310-linux_x86_64.whl
Collecting pygeoapi==0.17.0
  Using cached pygeoapi-0.17.0-py2.py3-none-any.whl.metadata (2.4 kB)
Collecting pytest-click==1.1.0
  Using cached pytest_click-1.1.0-py3-none-any.whl.metadata (3.3 kB)
Collecting pytest-cov==5.0.0
  Using cached pytest_cov-5.0.0-py3-none-any.whl.metadata (27 kB)
Collecting pytest-explicit==1.0.1
  Using cached pytest_explicit-1.0.1-py3-none-any.whl.metadata (3.4 kB)
Collecting pytest-run-subprocess==0.10.0
  Using cached pytest_run_subprocess-0.10.0-py3-none-any.whl.metadata (8.3 kB)
Collecting pytest-xdist==3.5.0
  Using cached pytest_xdist-3.5.0-py3-none-any.whl.metadata (3.1 kB)
Collecting pytest==8.0.0
  Using cached pytest-8.0.0-py3-none-any.whl.metadata (7.8 kB)
Collecting redis==5.0.8
  Using cached redis-5.0.8-py3-none-any.whl.metadata (9.2 kB)
Collecting xsdata==24.6.1 (from xsdata[cli,lxml,soap]==24.6.1)
  Using cached xsdata-24.6.1-py3-none-any.whl.metadata (6.3 kB)
Collecting asgiref>=3.6 (from django-cors-headers==4.3.1)
  Using cached asgiref-3.8.1-py3-none-any.whl.metadata (9.3 kB)
Collecting pydantic<2.0.0,>=1.6 (from django-ninja==0.22.2)
  Using cached pydantic-1.10.19-cp310-cp310-manylinux_2_17_x86_64.manylinux2014_x86_64.whl.metadata (152 kB)
Collecting sqlparse>=0.3.1 (from django==5.0.6)
  Using cached sqlparse-0.5.3-py3-none-any.whl.metadata (3.9 kB)
Collecting packaging (from geoalchemy2==0.15.2)
  Using cached packaging-24.2-py3-none-any.whl.metadata (3.2 kB)
Collecting Babel (from pygeoapi==0.17.0)
  Using cached babel-2.16.0-py3-none-any.whl.metadata (1.5 kB)
Collecting filelock (from pygeoapi==0.17.0)
  Using cached filelock-3.16.1-py3-none-any.whl.metadata (2.9 kB)
Collecting Flask (from pygeoapi==0.17.0)
  Using cached flask-3.1.0-py3-none-any.whl.metadata (2.7 kB)
Collecting jinja2 (from pygeoapi==0.17.0)
  Using cached jinja2-3.1.4-py3-none-any.whl.metadata (2.6 kB)
Collecting jsonschema (from pygeoapi==0.17.0)
  Using cached jsonschema-4.23.0-py3-none-any.whl.metadata (7.9 kB)
Collecting pygeofilter (from pygeoapi==0.17.0)
  Using cached pygeofilter-0.2.4-py2.py3-none-any.whl.metadata (14 kB)
Collecting pygeoif (from pygeoapi==0.17.0)
  Using cached pygeoif-1.5.1-py3-none-any.whl.metadata (14 kB)
Collecting pyproj (from pygeoapi==0.17.0)
  Using cached pyproj-3.7.0-cp310-cp310-manylinux_2_17_x86_64.manylinux2014_x86_64.whl.metadata (31 kB)
Collecting python-dateutil (from pygeoapi==0.17.0)
  Using cached python_dateutil-2.9.0.post0-py2.py3-none-any.whl.metadata (8.4 kB)
Collecting pytz (from pygeoapi==0.17.0)
  Using cached pytz-2024.2-py2.py3-none-any.whl.metadata (22 kB)
Collecting PyYAML (from pygeoapi==0.17.0)
  Using cached PyYAML-6.0.2-cp310-cp310-manylinux_2_17_x86_64.manylinux2014_x86_64.whl.metadata (2.1 kB)
Collecting rasterio (from pygeoapi==0.17.0)
  Using cached rasterio-1.4.3-cp310-cp310-manylinux_2_17_x86_64.manylinux2014_x86_64.whl.metadata (9.1 kB)
Collecting requests (from pygeoapi==0.17.0)
  Using cached requests-2.32.3-py3-none-any.whl.metadata (4.6 kB)
Collecting shapely (from pygeoapi==0.17.0)
  Using cached shapely-2.0.6-cp310-cp310-manylinux_2_17_x86_64.manylinux2014_x86_64.whl.metadata (7.0 kB)
Collecting tinydb (from pygeoapi==0.17.0)
  Using cached tinydb-4.8.2-py3-none-any.whl.metadata (6.7 kB)
Collecting unicodecsv (from pygeoapi==0.17.0)
  Using cached unicodecsv-0.14.1-py3-none-any.whl
Collecting coverage>=5.2.1 (from coverage[toml]>=5.2.1->pytest-cov==5.0.0)
  Using cached coverage-7.6.9-cp310-cp310-manylinux_2_5_x86_64.manylinux1_x86_64.manylinux_2_17_x86_64.manylinux2014_x86_64.whl.metadata (8.2 kB)
Collecting execnet>=1.1 (from pytest-xdist==3.5.0)
  Using cached execnet-2.1.1-py3-none-any.whl.metadata (2.9 kB)
Collecting iniconfig (from pytest==8.0.0)
  Using cached iniconfig-2.0.0-py3-none-any.whl.metadata (2.6 kB)
Collecting pluggy<2.0,>=1.3.0 (from pytest==8.0.0)
  Using cached pluggy-1.5.0-py3-none-any.whl.metadata (4.8 kB)
Collecting exceptiongroup>=1.0.0rc8 (from pytest==8.0.0)
  Using cached exceptiongroup-1.2.2-py3-none-any.whl.metadata (6.6 kB)
Collecting tomli>=1.0.0 (from pytest==8.0.0)
  Using cached tomli-2.2.1-py3-none-any.whl.metadata (10 kB)
Collecting typing-extensions>=4.7.0 (from xsdata==24.6.1->xsdata[cli,lxml,soap]==24.6.1)
  Using cached typing_extensions-4.12.2-py3-none-any.whl.metadata (3.0 kB)
Collecting lxml>=4.5.0 (from xsdata[cli,lxml,soap]==24.6.1)
  Using cached lxml-5.3.0-cp310-cp310-manylinux_2_28_x86_64.whl.metadata (3.8 kB)
Collecting click-default-group>=1.2 (from xsdata[cli,lxml,soap]==24.6.1)
  Using cached click_default_group-1.2.4-py2.py3-none-any.whl.metadata (2.8 kB)
Collecting docformatter>=1.7.2 (from xsdata[cli,lxml,soap]==24.6.1)
  Using cached docformatter-1.7.5-py3-none-any.whl.metadata (8.3 kB)
Collecting toposort>=1.5 (from xsdata[cli,lxml,soap]==24.6.1)
  Using cached toposort-1.10-py3-none-any.whl.metadata (4.1 kB)
Collecting ruff>=0.3.0 (from xsdata[cli,lxml,soap]==24.6.1)
  Using cached ruff-0.8.3-py3-none-manylinux_2_17_x86_64.manylinux2014_x86_64.whl.metadata (25 kB)
Collecting greenlet!=0.4.17 (from SQLAlchemy<2.0.0)
  Using cached greenlet-3.1.1-cp310-cp310-manylinux_2_24_x86_64.manylinux_2_28_x86_64.whl.metadata (3.8 kB)
Collecting charset_normalizer<4.0.0,>=3.0.0 (from docformatter>=1.7.2->xsdata[cli,lxml,soap]==24.6.1)
  Using cached charset_normalizer-3.4.0-cp310-cp310-manylinux_2_17_x86_64.manylinux2014_x86_64.whl.metadata (34 kB)
Collecting untokenize<0.2.0,>=0.1.1 (from docformatter>=1.7.2->xsdata[cli,lxml,soap]==24.6.1)
  Using cached untokenize-0.1.1-py3-none-any.whl
Collecting MarkupSafe>=2.0 (from jinja2->pygeoapi==0.17.0)
  Using cached MarkupSafe-3.0.2-cp310-cp310-manylinux_2_17_x86_64.manylinux2014_x86_64.whl.metadata (4.0 kB)
Collecting Werkzeug>=3.1 (from Flask->pygeoapi==0.17.0)
  Using cached werkzeug-3.1.3-py3-none-any.whl.metadata (3.7 kB)
Collecting itsdangerous>=2.2 (from Flask->pygeoapi==0.17.0)
  Using cached itsdangerous-2.2.0-py3-none-any.whl.metadata (1.9 kB)
Collecting blinker>=1.9 (from Flask->pygeoapi==0.17.0)
  Using cached blinker-1.9.0-py3-none-any.whl.metadata (1.6 kB)
Collecting attrs>=22.2.0 (from jsonschema->pygeoapi==0.17.0)
  Using cached attrs-24.2.0-py3-none-any.whl.metadata (11 kB)
Collecting jsonschema-specifications>=2023.03.6 (from jsonschema->pygeoapi==0.17.0)
  Using cached jsonschema_specifications-2024.10.1-py3-none-any.whl.metadata (3.0 kB)
Collecting referencing>=0.28.4 (from jsonschema->pygeoapi==0.17.0)
  Using cached referencing-0.35.1-py3-none-any.whl.metadata (2.8 kB)
Collecting rpds-py>=0.7.1 (from jsonschema->pygeoapi==0.17.0)
  Using cached rpds_py-0.22.3-cp310-cp310-manylinux_2_17_x86_64.manylinux2014_x86_64.whl.metadata (4.2 kB)
Collecting dateparser (from pygeofilter->pygeoapi==0.17.0)
  Using cached dateparser-1.2.0-py2.py3-none-any.whl.metadata (28 kB)
Collecting lark<1.0 (from pygeofilter->pygeoapi==0.17.0)
  Using cached lark-0.12.0-py2.py3-none-any.whl.metadata (1.7 kB)
Collecting certifi (from pyproj->pygeoapi==0.17.0)
  Using cached certifi-2024.8.30-py3-none-any.whl.metadata (2.2 kB)
Collecting six>=1.5 (from python-dateutil->pygeoapi==0.17.0)
  Using cached six-1.17.0-py2.py3-none-any.whl.metadata (1.7 kB)
Collecting affine (from rasterio->pygeoapi==0.17.0)
  Using cached affine-2.4.0-py3-none-any.whl.metadata (4.0 kB)
Collecting cligj>=0.5 (from rasterio->pygeoapi==0.17.0)
  Using cached cligj-0.7.2-py3-none-any.whl.metadata (5.0 kB)
Collecting numpy>=1.24 (from rasterio->pygeoapi==0.17.0)
  Using cached numpy-2.2.0-cp310-cp310-manylinux_2_17_x86_64.manylinux2014_x86_64.whl.metadata (62 kB)
Collecting click-plugins (from rasterio->pygeoapi==0.17.0)
  Using cached click_plugins-1.1.1-py2.py3-none-any.whl.metadata (6.4 kB)
Collecting pyparsing (from rasterio->pygeoapi==0.17.0)
  Using cached pyparsing-3.2.0-py3-none-any.whl.metadata (5.0 kB)
Collecting idna<4,>=2.5 (from requests->pygeoapi==0.17.0)
  Using cached idna-3.10-py3-none-any.whl.metadata (10 kB)
Collecting urllib3<3,>=1.21.1 (from requests->pygeoapi==0.17.0)
  Using cached urllib3-2.2.3-py3-none-any.whl.metadata (6.5 kB)
Collecting regex!=2019.02.19,!=2021.8.27 (from dateparser->pygeofilter->pygeoapi==0.17.0)
  Using cached regex-2024.11.6-cp310-cp310-manylinux_2_17_x86_64.manylinux2014_x86_64.whl.metadata (40 kB)
Collecting tzlocal (from dateparser->pygeofilter->pygeoapi==0.17.0)
  Using cached tzlocal-5.2-py3-none-any.whl.metadata (7.8 kB)
Using cached async_timeout-4.0.3-py3-none-any.whl (5.7 kB)
Using cached click-8.1.7-py3-none-any.whl (97 kB)
Using cached django_admin_sortable2-2.2.1-py3-none-any.whl (77 kB)
Using cached django_cors_headers-4.3.1-py3-none-any.whl (12 kB)
Using cached django_jazzmin-3.0.0-py3-none-any.whl (2.8 MB)
Using cached django_ninja-0.22.2-py3-none-any.whl (2.3 MB)
Using cached django_simple_history-3.7.0-py3-none-any.whl (139 kB)
Using cached django_treebeard-4.7.1-py3-none-any.whl (93 kB)
Using cached Django-5.0.6-py3-none-any.whl (8.2 MB)
Using cached djangorestframework-3.15.1-py3-none-any.whl (1.1 MB)
Using cached GeoAlchemy2-0.15.2-py3-none-any.whl (73 kB)
Using cached pygeoapi-0.17.0-py2.py3-none-any.whl (445 kB)
Using cached pytest_click-1.1.0-py3-none-any.whl (4.1 kB)
Using cached pytest_cov-5.0.0-py3-none-any.whl (21 kB)
Using cached pytest_explicit-1.0.1-py3-none-any.whl (4.4 kB)
Using cached pytest_run_subprocess-0.10.0-py3-none-any.whl (17 kB)
Using cached pytest_xdist-3.5.0-py3-none-any.whl (42 kB)
Using cached pytest-8.0.0-py3-none-any.whl (334 kB)
Using cached redis-5.0.8-py3-none-any.whl (255 kB)
Using cached xsdata-24.6.1-py3-none-any.whl (228 kB)
Using cached SQLAlchemy-1.4.54-cp310-cp310-manylinux_2_5_x86_64.manylinux1_x86_64.manylinux_2_17_x86_64.manylinux2014_x86_64.whl (1.6 MB)
Using cached asgiref-3.8.1-py3-none-any.whl (23 kB)
Using cached click_default_group-1.2.4-py2.py3-none-any.whl (4.1 kB)
Using cached coverage-7.6.9-cp310-cp310-manylinux_2_5_x86_64.manylinux1_x86_64.manylinux_2_17_x86_64.manylinux2014_x86_64.whl (234 kB)
Using cached docformatter-1.7.5-py3-none-any.whl (32 kB)
Using cached exceptiongroup-1.2.2-py3-none-any.whl (16 kB)
Using cached execnet-2.1.1-py3-none-any.whl (40 kB)
Using cached greenlet-3.1.1-cp310-cp310-manylinux_2_24_x86_64.manylinux_2_28_x86_64.whl (599 kB)
Using cached jinja2-3.1.4-py3-none-any.whl (133 kB)
Using cached lxml-5.3.0-cp310-cp310-manylinux_2_28_x86_64.whl (5.0 MB)
Using cached pluggy-1.5.0-py3-none-any.whl (20 kB)
Using cached pydantic-1.10.19-cp310-cp310-manylinux_2_17_x86_64.manylinux2014_x86_64.whl (3.1 MB)
Using cached ruff-0.8.3-py3-none-manylinux_2_17_x86_64.manylinux2014_x86_64.whl (11.2 MB)
Using cached sqlparse-0.5.3-py3-none-any.whl (44 kB)
Using cached tomli-2.2.1-py3-none-any.whl (14 kB)
Using cached toposort-1.10-py3-none-any.whl (8.5 kB)
Using cached typing_extensions-4.12.2-py3-none-any.whl (37 kB)
Using cached babel-2.16.0-py3-none-any.whl (9.6 MB)
Using cached filelock-3.16.1-py3-none-any.whl (16 kB)
Using cached flask-3.1.0-py3-none-any.whl (102 kB)
Using cached iniconfig-2.0.0-py3-none-any.whl (5.9 kB)
Using cached jsonschema-4.23.0-py3-none-any.whl (88 kB)
Using cached packaging-24.2-py3-none-any.whl (65 kB)
Using cached pygeofilter-0.2.4-py2.py3-none-any.whl (81 kB)
Using cached pygeoif-1.5.1-py3-none-any.whl (28 kB)
Using cached pyproj-3.7.0-cp310-cp310-manylinux_2_17_x86_64.manylinux2014_x86_64.whl (9.2 MB)
Using cached python_dateutil-2.9.0.post0-py2.py3-none-any.whl (229 kB)
Using cached pytz-2024.2-py2.py3-none-any.whl (508 kB)
Using cached PyYAML-6.0.2-cp310-cp310-manylinux_2_17_x86_64.manylinux2014_x86_64.whl (751 kB)
Using cached rasterio-1.4.3-cp310-cp310-manylinux_2_17_x86_64.manylinux2014_x86_64.whl (22.2 MB)
Using cached requests-2.32.3-py3-none-any.whl (64 kB)
Using cached shapely-2.0.6-cp310-cp310-manylinux_2_17_x86_64.manylinux2014_x86_64.whl (2.5 MB)
Using cached tinydb-4.8.2-py3-none-any.whl (24 kB)
Using cached attrs-24.2.0-py3-none-any.whl (63 kB)
Using cached blinker-1.9.0-py3-none-any.whl (8.5 kB)
Using cached certifi-2024.8.30-py3-none-any.whl (167 kB)
Using cached charset_normalizer-3.4.0-cp310-cp310-manylinux_2_17_x86_64.manylinux2014_x86_64.whl (144 kB)
Using cached cligj-0.7.2-py3-none-any.whl (7.1 kB)
Using cached idna-3.10-py3-none-any.whl (70 kB)
Using cached itsdangerous-2.2.0-py3-none-any.whl (16 kB)
Using cached jsonschema_specifications-2024.10.1-py3-none-any.whl (18 kB)
Using cached lark-0.12.0-py2.py3-none-any.whl (103 kB)
Using cached MarkupSafe-3.0.2-cp310-cp310-manylinux_2_17_x86_64.manylinux2014_x86_64.whl (20 kB)
Using cached numpy-2.2.0-cp310-cp310-manylinux_2_17_x86_64.manylinux2014_x86_64.whl (16.4 MB)
Using cached referencing-0.35.1-py3-none-any.whl (26 kB)
Using cached rpds_py-0.22.3-cp310-cp310-manylinux_2_17_x86_64.manylinux2014_x86_64.whl (381 kB)
Using cached six-1.17.0-py2.py3-none-any.whl (11 kB)
Using cached urllib3-2.2.3-py3-none-any.whl (126 kB)
Using cached werkzeug-3.1.3-py3-none-any.whl (224 kB)
Using cached affine-2.4.0-py3-none-any.whl (15 kB)
Using cached click_plugins-1.1.1-py2.py3-none-any.whl (7.5 kB)
Using cached dateparser-1.2.0-py2.py3-none-any.whl (294 kB)
Using cached pyparsing-3.2.0-py3-none-any.whl (106 kB)
Using cached regex-2024.11.6-cp310-cp310-manylinux_2_17_x86_64.manylinux2014_x86_64.whl (781 kB)
Using cached tzlocal-5.2-py3-none-any.whl (17 kB)
Installing collected packages: untokenize, unicodecsv, toposort, qgis_server_light, pytz, lark, urllib3, tzlocal, typing-extensions, tomli, tinydb, sqlparse, six, ruff, rpds-py, regex, PyYAML, pyparsing, psycopg2, pluggy, packaging, numpy, MarkupSafe, lxml, itsdangerous, iniconfig, idna, greenlet, gdal, filelock, execnet, exceptiongroup, coverage, click, charset_normalizer, certifi, blinker, Babel, attrs, async-timeout, affine, xsdata, Werkzeug, SQLAlchemy, shapely, requests, referencing, redis, python-dateutil, pytest, pyproj, pygeoif, pydantic, jinja2, docformatter, cligj, click-plugins, click-default-group, asgiref, rasterio, pytest-xdist, pytest-run-subprocess, pytest-explicit, pytest-cov, pytest-click, jsonschema-specifications, geoalchemy2, Flask, django, dateparser, pygeofilter, jsonschema, djangorestframework, django-treebeard, django-simple-history, django-ninja, django-jazzmin, django-cors-headers, django-admin-sortable2, pygeoapi, djangorestframework-gis
Successfully installed Babel-2.16.0 Flask-3.1.0 MarkupSafe-3.0.2 PyYAML-6.0.2 SQLAlchemy-1.4.54 Werkzeug-3.1.3 affine-2.4.0 asgiref-3.8.1 async-timeout-4.0.3 attrs-24.2.0 blinker-1.9.0 certifi-2024.8.30 charset_normalizer-3.4.0 click-8.1.7 click-default-group-1.2.4 click-plugins-1.1.1 cligj-0.7.2 coverage-7.6.9 dateparser-1.2.0 django-5.0.6 django-admin-sortable2-2.2.1 django-cors-headers-4.3.1 django-jazzmin-3.0.0 django-ninja-0.22.2 django-simple-history-3.7.0 django-treebeard-4.7.1 djangorestframework-3.15.1 djangorestframework-gis-1.0 docformatter-1.7.5 exceptiongroup-1.2.2 execnet-2.1.1 filelock-3.16.1 gdal-3.9.1 geoalchemy2-0.15.2 greenlet-3.1.1 idna-3.10 iniconfig-2.0.0 itsdangerous-2.2.0 jinja2-3.1.4 jsonschema-4.23.0 jsonschema-specifications-2024.10.1 lark-0.12.0 lxml-5.3.0 numpy-2.2.0 packaging-24.2 pluggy-1.5.0 psycopg2-2.9.9 pydantic-1.10.19 pygeoapi-0.17.0 pygeofilter-0.2.4 pygeoif-1.5.1 pyparsing-3.2.0 pyproj-3.7.0 pytest-8.0.0 pytest-click-1.1.0 pytest-cov-5.0.0 pytest-explicit-1.0.1 pytest-run-subprocess-0.10.0 pytest-xdist-3.5.0 python-dateutil-2.9.0.post0 pytz-2024.2 qgis_server_light-0.0.2 rasterio-1.4.3 redis-5.0.8 referencing-0.35.1 regex-2024.11.6 requests-2.32.3 rpds-py-0.22.3 ruff-0.8.3 shapely-2.0.6 six-1.17.0 sqlparse-0.5.3 tinydb-4.8.2 tomli-2.2.1 toposort-1.10 typing-extensions-4.12.2 tzlocal-5.2 unicodecsv-0.14.1 untokenize-0.1.1 urllib3-2.2.3 xsdata-24.6.1
py310-edit-macos: 60545 I exit 0 (25.40 seconds) /home/kalle/projects/opengis/georama> python -I -m pip install 'SQLAlchemy<2.0.0' async-timeout==4.0.3 click==8.1.7 django-admin-sortable2==2.2.1 django-cors-headers==4.3.1 django-jazzmin==3.0.0 django-ninja==0.22.2 django-simple-history==3.7.0 django-treebeard==4.7.1 django==5.0.6 'djangorestframework-gis@ git+https://github.com/openwisp/django-rest-framework-gis@4f244d5d8a7ad5b453fd04f64150818d15123e01' djangorestframework==3.15.1 gdal==3.9.1 geoalchemy2==0.15.2 psycopg2==2.9.9 pygeoapi==0.17.0 pytest-click==1.1.0 pytest-cov==5.0.0 pytest-explicit==1.0.1 pytest-run-subprocess==0.10.0 pytest-xdist==3.5.0 pytest==8.0.0 'qgis_server_light@ git+https://github.com/opengisch/qgis-server-light.git@e858981252e06fb63d2bb30f3c4281ee11996b3f' redis==5.0.8 'xsdata[cli,lxml,soap]==24.6.1' pid=603511 [tox/execute/api.py:280]
py310-edit-macos: 60546 W install_package> python -I -m pip install --force-reinstall --no-deps /home/kalle/projects/opengis/georama/.tox/.tmp/package/2/georama-0.0.1-0.editable-py3-none-any.whl [tox/tox_env/api.py:427]
Processing ./.tox/.tmp/package/2/georama-0.0.1-0.editable-py3-none-any.whl
Installing collected packages: georama
Successfully installed georama-0.0.1
py310-edit-macos: 60901 I exit 0 (0.35 seconds) /home/kalle/projects/opengis/georama> python -I -m pip install --force-reinstall --no-deps /home/kalle/projects/opengis/georama/.tox/.tmp/package/2/georama-0.0.1-0.editable-py3-none-any.whl pid=604081 [tox/execute/api.py:280]
py310-edit-macos: 60902 W commands[0]> pytest -ra --cov --cov-report=term-missing --cov-report=html:/home/kalle/projects/opengis/georama/.tox/py310-edit-macos/htmlcov --cov-context=test --cov-report=xml:/home/kalle/projects/opengis/georama/.tox/coverage.py310-edit-macos.xml -n auto tests [tox/tox_env/api.py:427]
============================= test session starts ==============================
platform linux -- Python 3.10.4, pytest-8.0.0, pluggy-1.5.0
cachedir: .tox/py310-edit-macos/.pytest_cache
rootdir: /home/kalle/projects/opengis/georama
configfile: pyproject.toml
plugins: run-subprocess-0.10.0, cov-5.0.0, explicit-1.0.1, click-1.1.0, xdist-3.5.0
created: 16/16 workers
16 workers [1 item]

.                                                                        [100%]
==================================== ERRORS ====================================
____________ ERROR collecting tests/data_integration/smoke_test.py _____________
import file mismatch:
imported module 'smoke_test' has this __file__ attribute:
  /home/kalle/projects/opengis/georama/tests/core/smoke_test.py
which is not the same as the test file we want to collect:
  /home/kalle/projects/opengis/georama/tests/data_integration/smoke_test.py
HINT: remove __pycache__ / .pyc files and/or use a unique basename for your test file modules
________________ ERROR collecting tests/features/smoke_test.py _________________
import file mismatch:
imported module 'smoke_test' has this __file__ attribute:
  /home/kalle/projects/opengis/georama/tests/core/smoke_test.py
which is not the same as the test file we want to collect:
  /home/kalle/projects/opengis/georama/tests/features/smoke_test.py
HINT: remove __pycache__ / .pyc files and/or use a unique basename for your test file modules
__________________ ERROR collecting tests/maps/smoke_test.py ___________________
import file mismatch:
imported module 'smoke_test' has this __file__ attribute:
  /home/kalle/projects/opengis/georama/tests/core/smoke_test.py
which is not the same as the test file we want to collect:
  /home/kalle/projects/opengis/georama/tests/maps/smoke_test.py
HINT: remove __pycache__ / .pyc files and/or use a unique basename for your test file modules
__________________ ERROR collecting tests/shop/smoke_test.py ___________________
import file mismatch:
imported module 'smoke_test' has this __file__ attribute:
  /home/kalle/projects/opengis/georama/tests/core/smoke_test.py
which is not the same as the test file we want to collect:
  /home/kalle/projects/opengis/georama/tests/shop/smoke_test.py
HINT: remove __pycache__ / .pyc files and/or use a unique basename for your test file modules
_________________ ERROR collecting tests/webgis/smoke_test.py __________________
import file mismatch:
imported module 'smoke_test' has this __file__ attribute:
  /home/kalle/projects/opengis/georama/tests/core/smoke_test.py
which is not the same as the test file we want to collect:
  /home/kalle/projects/opengis/georama/tests/webgis/smoke_test.py
HINT: remove __pycache__ / .pyc files and/or use a unique basename for your test file modules

---------- coverage: platform linux, python 3.10.4-final-0 -----------
Name                           Stmts   Miss  Cover   Missing
------------------------------------------------------------
src/georama/__init__.py            1      0   100%
src/georama/core/__init__.py       0      0   100%
tests/core/smoke_test.py           3      0   100%
------------------------------------------------------------
TOTAL                              4      0   100%
Coverage HTML written to dir /home/kalle/projects/opengis/georama/.tox/py310-edit-macos/htmlcov
Coverage XML written to file /home/kalle/projects/opengis/georama/.tox/coverage.py310-edit-macos.xml

=========================== short test summary info ============================
ERROR tests/data_integration/smoke_test.py
ERROR tests/features/smoke_test.py
ERROR tests/maps/smoke_test.py
ERROR tests/shop/smoke_test.py
ERROR tests/webgis/smoke_test.py
========================= 1 passed, 5 errors in 1.35s ==========================
py310-edit-macos: 62598 C exit 1 (1.70 seconds) /home/kalle/projects/opengis/georama> pytest -ra --cov --cov-report=term-missing --cov-report=html:/home/kalle/projects/opengis/georama/.tox/py310-edit-macos/htmlcov --cov-context=test --cov-report=xml:/home/kalle/projects/opengis/georama/.tox/coverage.py310-edit-macos.xml -n auto tests pid=604100 [tox/execute/api.py:280]
py310-edit-macos: FAIL ✖ in 27.6 seconds
py310-edit-windows: 62599 I create virtual environment via CPython3Posix(dest=/home/kalle/projects/opengis/georama/.tox/py310-edit-windows, clear=False, no_vcs_ignore=False, global=False) [virtualenv/run/session.py:50]
py310-edit-windows: 62600 D create folder /home/kalle/projects/opengis/georama/.tox/py310-edit-windows/bin [virtualenv/util/path/_sync.py:12]
py310-edit-windows: 62600 D create folder /home/kalle/projects/opengis/georama/.tox/py310-edit-windows/lib/python3.10/site-packages [virtualenv/util/path/_sync.py:12]
py310-edit-windows: 62600 D write /home/kalle/projects/opengis/georama/.tox/py310-edit-windows/pyvenv.cfg [virtualenv/create/pyenv_cfg.py:33]
py310-edit-windows: 62600 D 	home = /home/kalle/.pyenv/versions/3.10.4/bin [virtualenv/create/pyenv_cfg.py:38]
py310-edit-windows: 62600 D 	implementation = CPython [virtualenv/create/pyenv_cfg.py:38]
py310-edit-windows: 62600 D 	version_info = 3.10.4.final.0 [virtualenv/create/pyenv_cfg.py:38]
py310-edit-windows: 62600 D 	virtualenv = 20.27.1 [virtualenv/create/pyenv_cfg.py:38]
py310-edit-windows: 62600 D 	include-system-site-packages = false [virtualenv/create/pyenv_cfg.py:38]
py310-edit-windows: 62600 D 	base-prefix = /home/kalle/.pyenv/versions/3.10.4 [virtualenv/create/pyenv_cfg.py:38]
py310-edit-windows: 62600 D 	base-exec-prefix = /home/kalle/.pyenv/versions/3.10.4 [virtualenv/create/pyenv_cfg.py:38]
py310-edit-windows: 62600 D 	base-executable = /home/kalle/.pyenv/versions/3.10.4/bin/python3.10 [virtualenv/create/pyenv_cfg.py:38]
py310-edit-windows: 62600 D symlink /home/kalle/.pyenv/versions/3.10.4/bin/python3.10 to /home/kalle/projects/opengis/georama/.tox/py310-edit-windows/bin/python [virtualenv/util/path/_sync.py:32]
py310-edit-windows: 62601 D create virtualenv import hook file /home/kalle/projects/opengis/georama/.tox/py310-edit-windows/lib/python3.10/site-packages/_virtualenv.pth [virtualenv/create/via_global_ref/api.py:91]
py310-edit-windows: 62601 D create /home/kalle/projects/opengis/georama/.tox/py310-edit-windows/lib/python3.10/site-packages/_virtualenv.py [virtualenv/create/via_global_ref/api.py:94]
py310-edit-windows: 62601 D ============================== target debug ============================== [virtualenv/run/session.py:52]
py310-edit-windows: 62601 D debug via /home/kalle/projects/opengis/georama/.tox/py310-edit-windows/bin/python /usr/lib/python3.12/site-packages/virtualenv/create/debug.py [virtualenv/create/creator.py:200]
py310-edit-windows: 62601 D {
  "sys": {
    "executable": "/home/kalle/projects/opengis/georama/.tox/py310-edit-windows/bin/python",
    "_base_executable": "/home/kalle/projects/opengis/georama/.tox/py310-edit-windows/bin/python",
    "prefix": "/home/kalle/projects/opengis/georama/.tox/py310-edit-windows",
    "base_prefix": "/home/kalle/.pyenv/versions/3.10.4",
    "real_prefix": null,
    "exec_prefix": "/home/kalle/projects/opengis/georama/.tox/py310-edit-windows",
    "base_exec_prefix": "/home/kalle/.pyenv/versions/3.10.4",
    "path": [
      "/home/kalle/.pyenv/versions/3.10.4/lib/python310.zip",
      "/home/kalle/.pyenv/versions/3.10.4/lib/python3.10",
      "/home/kalle/.pyenv/versions/3.10.4/lib/python3.10/lib-dynload",
      "/home/kalle/projects/opengis/georama/.tox/py310-edit-windows/lib/python3.10/site-packages"
    ],
    "meta_path": [
      "<class '_virtualenv._Finder'>",
      "<class '_frozen_importlib.BuiltinImporter'>",
      "<class '_frozen_importlib.FrozenImporter'>",
      "<class '_frozen_importlib_external.PathFinder'>"
    ],
    "fs_encoding": "utf-8",
    "io_encoding": "utf-8"
  },
  "version": "3.10.4 (main, May 23 2024, 22:41:52) [GCC 14.1.1 20240507]",
  "makefile_filename": "/home/kalle/.pyenv/versions/3.10.4/lib/python3.10/config-3.10-x86_64-linux-gnu/Makefile",
  "os": "<module 'os' from '/home/kalle/.pyenv/versions/3.10.4/lib/python3.10/os.py'>",
  "site": "<module 'site' from '/home/kalle/.pyenv/versions/3.10.4/lib/python3.10/site.py'>",
  "datetime": "<module 'datetime' from '/home/kalle/.pyenv/versions/3.10.4/lib/python3.10/datetime.py'>",
  "math": "<module 'math' from '/home/kalle/.pyenv/versions/3.10.4/lib/python3.10/lib-dynload/math.cpython-310-x86_64-linux-gnu.so'>",
  "json": "<module 'json' from '/home/kalle/.pyenv/versions/3.10.4/lib/python3.10/json/__init__.py'>"
} [virtualenv/run/session.py:53]
py310-edit-windows: 62623 I add seed packages via FromAppData(download=False, pip=bundle, setuptools=bundle, wheel=bundle, via=copy, app_data_dir=/home/kalle/.local/share/virtualenv) [virtualenv/run/session.py:57]
py310-edit-windows: 62625 D got embed update of distribution %s from ('pip', PosixPath('/home/kalle/.local/share/virtualenv/wheel/3.10/embed/3/pip.json')) [virtualenv/app_data/via_disk_folder.py:131]
py310-edit-windows: 62625 D using periodically updated wheel /home/kalle/.local/share/virtualenv/wheel/house/pip-24.2-py3-none-any.whl [virtualenv/seed/wheels/periodic_update.py:48]
py310-edit-windows: 62626 D got embed update of distribution %s from ('setuptools', PosixPath('/home/kalle/.local/share/virtualenv/wheel/3.10/embed/3/setuptools.json')) [virtualenv/app_data/via_disk_folder.py:131]
py310-edit-windows: 62626 D using periodically updated wheel /home/kalle/.local/share/virtualenv/wheel/house/setuptools-74.0.0-py3-none-any.whl [virtualenv/seed/wheels/periodic_update.py:48]
py310-edit-windows: 62626 D got embed update of distribution %s from ('wheel', PosixPath('/home/kalle/.local/share/virtualenv/wheel/3.10/embed/3/wheel.json')) [virtualenv/app_data/via_disk_folder.py:131]
py310-edit-windows: 62626 D install pip from wheel /home/kalle/.local/share/virtualenv/wheel/house/pip-24.2-py3-none-any.whl via CopyPipInstall [virtualenv/seed/embed/via_app_data/via_app_data.py:49]
py310-edit-windows: 62627 D install setuptools from wheel /home/kalle/.local/share/virtualenv/wheel/house/setuptools-74.0.0-py3-none-any.whl via CopyPipInstall [virtualenv/seed/embed/via_app_data/via_app_data.py:49]
py310-edit-windows: 62627 D install wheel from wheel /usr/lib/python3.12/site-packages/virtualenv/seed/wheels/embed/wheel-0.44.0-py3-none-any.whl via CopyPipInstall [virtualenv/seed/embed/via_app_data/via_app_data.py:49]
py310-edit-windows: 62628 D copy directory /home/kalle/.local/share/virtualenv/wheel/3.10/image/1/CopyPipInstall/pip-24.2-py3-none-any/pip-24.2.dist-info to /home/kalle/projects/opengis/georama/.tox/py310-edit-windows/lib/python3.10/site-packages/pip-24.2.dist-info [virtualenv/util/path/_sync.py:40]
py310-edit-windows: 62628 D copy /home/kalle/.local/share/virtualenv/wheel/3.10/image/1/CopyPipInstall/wheel-0.44.0-py3-none-any/wheel-0.44.0.virtualenv to /home/kalle/projects/opengis/georama/.tox/py310-edit-windows/lib/python3.10/site-packages/wheel-0.44.0.virtualenv [virtualenv/util/path/_sync.py:40]
py310-edit-windows: 62628 D copy directory /home/kalle/.local/share/virtualenv/wheel/3.10/image/1/CopyPipInstall/wheel-0.44.0-py3-none-any/wheel-0.44.0.dist-info to /home/kalle/projects/opengis/georama/.tox/py310-edit-windows/lib/python3.10/site-packages/wheel-0.44.0.dist-info [virtualenv/util/path/_sync.py:40]
py310-edit-windows: 62629 D copy /home/kalle/.local/share/virtualenv/wheel/3.10/image/1/CopyPipInstall/setuptools-74.0.0-py3-none-any/setuptools-74.0.0.virtualenv to /home/kalle/projects/opengis/georama/.tox/py310-edit-windows/lib/python3.10/site-packages/setuptools-74.0.0.virtualenv [virtualenv/util/path/_sync.py:40]
py310-edit-windows: 62629 D copy directory /home/kalle/.local/share/virtualenv/wheel/3.10/image/1/CopyPipInstall/setuptools-74.0.0-py3-none-any/setuptools-74.0.0.dist-info to /home/kalle/projects/opengis/georama/.tox/py310-edit-windows/lib/python3.10/site-packages/setuptools-74.0.0.dist-info [virtualenv/util/path/_sync.py:40]
py310-edit-windows: 62631 D copy directory /home/kalle/.local/share/virtualenv/wheel/3.10/image/1/CopyPipInstall/wheel-0.44.0-py3-none-any/wheel to /home/kalle/projects/opengis/georama/.tox/py310-edit-windows/lib/python3.10/site-packages/wheel [virtualenv/util/path/_sync.py:40]
py310-edit-windows: 62631 D copy directory /home/kalle/.local/share/virtualenv/wheel/3.10/image/1/CopyPipInstall/pip-24.2-py3-none-any/pip to /home/kalle/projects/opengis/georama/.tox/py310-edit-windows/lib/python3.10/site-packages/pip [virtualenv/util/path/_sync.py:40]
py310-edit-windows: 62631 D copy directory /home/kalle/.local/share/virtualenv/wheel/3.10/image/1/CopyPipInstall/setuptools-74.0.0-py3-none-any/_distutils_hack to /home/kalle/projects/opengis/georama/.tox/py310-edit-windows/lib/python3.10/site-packages/_distutils_hack [virtualenv/util/path/_sync.py:40]
py310-edit-windows: 62632 D copy /home/kalle/.local/share/virtualenv/wheel/3.10/image/1/CopyPipInstall/setuptools-74.0.0-py3-none-any/distutils-precedence.pth to /home/kalle/projects/opengis/georama/.tox/py310-edit-windows/lib/python3.10/site-packages/distutils-precedence.pth [virtualenv/util/path/_sync.py:40]
py310-edit-windows: 62632 D copy directory /home/kalle/.local/share/virtualenv/wheel/3.10/image/1/CopyPipInstall/setuptools-74.0.0-py3-none-any/pkg_resources to /home/kalle/projects/opengis/georama/.tox/py310-edit-windows/lib/python3.10/site-packages/pkg_resources [virtualenv/util/path/_sync.py:40]
py310-edit-windows: 62640 D copy directory /home/kalle/.local/share/virtualenv/wheel/3.10/image/1/CopyPipInstall/setuptools-74.0.0-py3-none-any/setuptools to /home/kalle/projects/opengis/georama/.tox/py310-edit-windows/lib/python3.10/site-packages/setuptools [virtualenv/util/path/_sync.py:40]
py310-edit-windows: 62642 D generated console scripts wheel3.10 wheel wheel3 wheel-3.10 [virtualenv/seed/embed/via_app_data/pip_install/base.py:43]
py310-edit-windows: 62718 D copy /home/kalle/.local/share/virtualenv/wheel/3.10/image/1/CopyPipInstall/pip-24.2-py3-none-any/pip-24.2.virtualenv to /home/kalle/projects/opengis/georama/.tox/py310-edit-windows/lib/python3.10/site-packages/pip-24.2.virtualenv [virtualenv/util/path/_sync.py:40]
py310-edit-windows: 62719 D generated console scripts pip-3.10 pip pip3 pip3.10 [virtualenv/seed/embed/via_app_data/pip_install/base.py:43]
py310-edit-windows: 62730 D generated console scripts  [virtualenv/seed/embed/via_app_data/pip_install/base.py:43]
py310-edit-windows: 62730 I add activators for Bash, CShell, Fish, Nushell, PowerShell, Python [virtualenv/run/session.py:63]
py310-edit-windows: 62731 D write /home/kalle/projects/opengis/georama/.tox/py310-edit-windows/pyvenv.cfg [virtualenv/create/pyenv_cfg.py:33]
py310-edit-windows: 62731 D 	home = /home/kalle/.pyenv/versions/3.10.4/bin [virtualenv/create/pyenv_cfg.py:38]
py310-edit-windows: 62731 D 	implementation = CPython [virtualenv/create/pyenv_cfg.py:38]
py310-edit-windows: 62731 D 	version_info = 3.10.4.final.0 [virtualenv/create/pyenv_cfg.py:38]
py310-edit-windows: 62731 D 	virtualenv = 20.27.1 [virtualenv/create/pyenv_cfg.py:38]
py310-edit-windows: 62731 D 	include-system-site-packages = false [virtualenv/create/pyenv_cfg.py:38]
py310-edit-windows: 62732 D 	base-prefix = /home/kalle/.pyenv/versions/3.10.4 [virtualenv/create/pyenv_cfg.py:38]
py310-edit-windows: 62732 D 	base-exec-prefix = /home/kalle/.pyenv/versions/3.10.4 [virtualenv/create/pyenv_cfg.py:38]
py310-edit-windows: 62732 D 	base-executable = /home/kalle/.pyenv/versions/3.10.4/bin/python3.10 [virtualenv/create/pyenv_cfg.py:38]
.pkg-cpython310: 62739 D package .tmp/package/3/georama-0.0.1-0.editable-py3-none-any.whl links to .pkg-cpython310/dist/georama-0.0.1-0.editable-py3-none-any.whl (/home/kalle/projects/opengis/georama/.tox) [tox/util/file_view.py:39]
py310-edit-windows: 62739 W install_package_deps> python -I -m pip install 'SQLAlchemy<2.0.0' async-timeout==4.0.3 click==8.1.7 django-admin-sortable2==2.2.1 django-cors-headers==4.3.1 django-jazzmin==3.0.0 django-ninja==0.22.2 django-simple-history==3.7.0 django-treebeard==4.7.1 django==5.0.6 'djangorestframework-gis@ git+https://github.com/openwisp/django-rest-framework-gis@4f244d5d8a7ad5b453fd04f64150818d15123e01' djangorestframework==3.15.1 gdal==3.9.1 geoalchemy2==0.15.2 psycopg2==2.9.9 pygeoapi==0.17.0 pytest-click==1.1.0 pytest-cov==5.0.0 pytest-explicit==1.0.1 pytest-run-subprocess==0.10.0 pytest-xdist==3.5.0 pytest==8.0.0 'qgis_server_light@ git+https://github.com/opengisch/qgis-server-light.git@e858981252e06fb63d2bb30f3c4281ee11996b3f' redis==5.0.8 'xsdata[cli,lxml,soap]==24.6.1' [tox/tox_env/api.py:427]
Collecting djangorestframework-gis@ git+https://github.com/openwisp/django-rest-framework-gis@4f244d5d8a7ad5b453fd04f64150818d15123e01
  Using cached djangorestframework_gis-1.0-py2.py3-none-any.whl
Collecting qgis_server_light@ git+https://github.com/opengisch/qgis-server-light.git@e858981252e06fb63d2bb30f3c4281ee11996b3f
  Using cached qgis_server_light-0.0.2-py2.py3-none-any.whl
Collecting SQLAlchemy<2.0.0
  Using cached SQLAlchemy-1.4.54-cp310-cp310-manylinux_2_5_x86_64.manylinux1_x86_64.manylinux_2_17_x86_64.manylinux2014_x86_64.whl.metadata (10 kB)
Collecting async-timeout==4.0.3
  Using cached async_timeout-4.0.3-py3-none-any.whl.metadata (4.2 kB)
Collecting click==8.1.7
  Using cached click-8.1.7-py3-none-any.whl.metadata (3.0 kB)
Collecting django-admin-sortable2==2.2.1
  Using cached django_admin_sortable2-2.2.1-py3-none-any.whl.metadata (3.8 kB)
Collecting django-cors-headers==4.3.1
  Using cached django_cors_headers-4.3.1-py3-none-any.whl.metadata (16 kB)
Collecting django-jazzmin==3.0.0
  Using cached django_jazzmin-3.0.0-py3-none-any.whl.metadata (6.2 kB)
Collecting django-ninja==0.22.2
  Using cached django_ninja-0.22.2-py3-none-any.whl.metadata (6.3 kB)
Collecting django-simple-history==3.7.0
  Using cached django_simple_history-3.7.0-py3-none-any.whl.metadata (24 kB)
Collecting django-treebeard==4.7.1
  Using cached django_treebeard-4.7.1-py3-none-any.whl.metadata (2.7 kB)
Collecting django==5.0.6
  Using cached Django-5.0.6-py3-none-any.whl.metadata (4.1 kB)
Collecting djangorestframework==3.15.1
  Using cached djangorestframework-3.15.1-py3-none-any.whl.metadata (11 kB)
Collecting gdal==3.9.1
  Using cached GDAL-3.9.1-cp310-cp310-linux_x86_64.whl
Collecting geoalchemy2==0.15.2
  Using cached GeoAlchemy2-0.15.2-py3-none-any.whl.metadata (2.1 kB)
Collecting psycopg2==2.9.9
  Using cached psycopg2-2.9.9-cp310-cp310-linux_x86_64.whl
Collecting pygeoapi==0.17.0
  Using cached pygeoapi-0.17.0-py2.py3-none-any.whl.metadata (2.4 kB)
Collecting pytest-click==1.1.0
  Using cached pytest_click-1.1.0-py3-none-any.whl.metadata (3.3 kB)
Collecting pytest-cov==5.0.0
  Using cached pytest_cov-5.0.0-py3-none-any.whl.metadata (27 kB)
Collecting pytest-explicit==1.0.1
  Using cached pytest_explicit-1.0.1-py3-none-any.whl.metadata (3.4 kB)
Collecting pytest-run-subprocess==0.10.0
  Using cached pytest_run_subprocess-0.10.0-py3-none-any.whl.metadata (8.3 kB)
Collecting pytest-xdist==3.5.0
  Using cached pytest_xdist-3.5.0-py3-none-any.whl.metadata (3.1 kB)
Collecting pytest==8.0.0
  Using cached pytest-8.0.0-py3-none-any.whl.metadata (7.8 kB)
Collecting redis==5.0.8
  Using cached redis-5.0.8-py3-none-any.whl.metadata (9.2 kB)
Collecting xsdata==24.6.1 (from xsdata[cli,lxml,soap]==24.6.1)
  Using cached xsdata-24.6.1-py3-none-any.whl.metadata (6.3 kB)
Collecting asgiref>=3.6 (from django-cors-headers==4.3.1)
  Using cached asgiref-3.8.1-py3-none-any.whl.metadata (9.3 kB)
Collecting pydantic<2.0.0,>=1.6 (from django-ninja==0.22.2)
  Using cached pydantic-1.10.19-cp310-cp310-manylinux_2_17_x86_64.manylinux2014_x86_64.whl.metadata (152 kB)
Collecting sqlparse>=0.3.1 (from django==5.0.6)
  Using cached sqlparse-0.5.3-py3-none-any.whl.metadata (3.9 kB)
Collecting packaging (from geoalchemy2==0.15.2)
  Using cached packaging-24.2-py3-none-any.whl.metadata (3.2 kB)
Collecting Babel (from pygeoapi==0.17.0)
  Using cached babel-2.16.0-py3-none-any.whl.metadata (1.5 kB)
Collecting filelock (from pygeoapi==0.17.0)
  Using cached filelock-3.16.1-py3-none-any.whl.metadata (2.9 kB)
Collecting Flask (from pygeoapi==0.17.0)
  Using cached flask-3.1.0-py3-none-any.whl.metadata (2.7 kB)
Collecting jinja2 (from pygeoapi==0.17.0)
  Using cached jinja2-3.1.4-py3-none-any.whl.metadata (2.6 kB)
Collecting jsonschema (from pygeoapi==0.17.0)
  Using cached jsonschema-4.23.0-py3-none-any.whl.metadata (7.9 kB)
Collecting pygeofilter (from pygeoapi==0.17.0)
  Using cached pygeofilter-0.2.4-py2.py3-none-any.whl.metadata (14 kB)
Collecting pygeoif (from pygeoapi==0.17.0)
  Using cached pygeoif-1.5.1-py3-none-any.whl.metadata (14 kB)
Collecting pyproj (from pygeoapi==0.17.0)
  Using cached pyproj-3.7.0-cp310-cp310-manylinux_2_17_x86_64.manylinux2014_x86_64.whl.metadata (31 kB)
Collecting python-dateutil (from pygeoapi==0.17.0)
  Using cached python_dateutil-2.9.0.post0-py2.py3-none-any.whl.metadata (8.4 kB)
Collecting pytz (from pygeoapi==0.17.0)
  Using cached pytz-2024.2-py2.py3-none-any.whl.metadata (22 kB)
Collecting PyYAML (from pygeoapi==0.17.0)
  Using cached PyYAML-6.0.2-cp310-cp310-manylinux_2_17_x86_64.manylinux2014_x86_64.whl.metadata (2.1 kB)
Collecting rasterio (from pygeoapi==0.17.0)
  Using cached rasterio-1.4.3-cp310-cp310-manylinux_2_17_x86_64.manylinux2014_x86_64.whl.metadata (9.1 kB)
Collecting requests (from pygeoapi==0.17.0)
  Using cached requests-2.32.3-py3-none-any.whl.metadata (4.6 kB)
Collecting shapely (from pygeoapi==0.17.0)
  Using cached shapely-2.0.6-cp310-cp310-manylinux_2_17_x86_64.manylinux2014_x86_64.whl.metadata (7.0 kB)
Collecting tinydb (from pygeoapi==0.17.0)
  Using cached tinydb-4.8.2-py3-none-any.whl.metadata (6.7 kB)
Collecting unicodecsv (from pygeoapi==0.17.0)
  Using cached unicodecsv-0.14.1-py3-none-any.whl
Collecting coverage>=5.2.1 (from coverage[toml]>=5.2.1->pytest-cov==5.0.0)
  Using cached coverage-7.6.9-cp310-cp310-manylinux_2_5_x86_64.manylinux1_x86_64.manylinux_2_17_x86_64.manylinux2014_x86_64.whl.metadata (8.2 kB)
Collecting execnet>=1.1 (from pytest-xdist==3.5.0)
  Using cached execnet-2.1.1-py3-none-any.whl.metadata (2.9 kB)
Collecting iniconfig (from pytest==8.0.0)
  Using cached iniconfig-2.0.0-py3-none-any.whl.metadata (2.6 kB)
Collecting pluggy<2.0,>=1.3.0 (from pytest==8.0.0)
  Using cached pluggy-1.5.0-py3-none-any.whl.metadata (4.8 kB)
Collecting exceptiongroup>=1.0.0rc8 (from pytest==8.0.0)
  Using cached exceptiongroup-1.2.2-py3-none-any.whl.metadata (6.6 kB)
Collecting tomli>=1.0.0 (from pytest==8.0.0)
  Using cached tomli-2.2.1-py3-none-any.whl.metadata (10 kB)
Collecting typing-extensions>=4.7.0 (from xsdata==24.6.1->xsdata[cli,lxml,soap]==24.6.1)
  Using cached typing_extensions-4.12.2-py3-none-any.whl.metadata (3.0 kB)
Collecting lxml>=4.5.0 (from xsdata[cli,lxml,soap]==24.6.1)
  Using cached lxml-5.3.0-cp310-cp310-manylinux_2_28_x86_64.whl.metadata (3.8 kB)
Collecting click-default-group>=1.2 (from xsdata[cli,lxml,soap]==24.6.1)
  Using cached click_default_group-1.2.4-py2.py3-none-any.whl.metadata (2.8 kB)
Collecting docformatter>=1.7.2 (from xsdata[cli,lxml,soap]==24.6.1)
  Using cached docformatter-1.7.5-py3-none-any.whl.metadata (8.3 kB)
Collecting toposort>=1.5 (from xsdata[cli,lxml,soap]==24.6.1)
  Using cached toposort-1.10-py3-none-any.whl.metadata (4.1 kB)
Collecting ruff>=0.3.0 (from xsdata[cli,lxml,soap]==24.6.1)
  Using cached ruff-0.8.3-py3-none-manylinux_2_17_x86_64.manylinux2014_x86_64.whl.metadata (25 kB)
Collecting greenlet!=0.4.17 (from SQLAlchemy<2.0.0)
  Using cached greenlet-3.1.1-cp310-cp310-manylinux_2_24_x86_64.manylinux_2_28_x86_64.whl.metadata (3.8 kB)
Collecting charset_normalizer<4.0.0,>=3.0.0 (from docformatter>=1.7.2->xsdata[cli,lxml,soap]==24.6.1)
  Using cached charset_normalizer-3.4.0-cp310-cp310-manylinux_2_17_x86_64.manylinux2014_x86_64.whl.metadata (34 kB)
Collecting untokenize<0.2.0,>=0.1.1 (from docformatter>=1.7.2->xsdata[cli,lxml,soap]==24.6.1)
  Using cached untokenize-0.1.1-py3-none-any.whl
Collecting MarkupSafe>=2.0 (from jinja2->pygeoapi==0.17.0)
  Using cached MarkupSafe-3.0.2-cp310-cp310-manylinux_2_17_x86_64.manylinux2014_x86_64.whl.metadata (4.0 kB)
Collecting Werkzeug>=3.1 (from Flask->pygeoapi==0.17.0)
  Using cached werkzeug-3.1.3-py3-none-any.whl.metadata (3.7 kB)
Collecting itsdangerous>=2.2 (from Flask->pygeoapi==0.17.0)
  Using cached itsdangerous-2.2.0-py3-none-any.whl.metadata (1.9 kB)
Collecting blinker>=1.9 (from Flask->pygeoapi==0.17.0)
  Using cached blinker-1.9.0-py3-none-any.whl.metadata (1.6 kB)
Collecting attrs>=22.2.0 (from jsonschema->pygeoapi==0.17.0)
  Using cached attrs-24.2.0-py3-none-any.whl.metadata (11 kB)
Collecting jsonschema-specifications>=2023.03.6 (from jsonschema->pygeoapi==0.17.0)
  Using cached jsonschema_specifications-2024.10.1-py3-none-any.whl.metadata (3.0 kB)
Collecting referencing>=0.28.4 (from jsonschema->pygeoapi==0.17.0)
  Using cached referencing-0.35.1-py3-none-any.whl.metadata (2.8 kB)
Collecting rpds-py>=0.7.1 (from jsonschema->pygeoapi==0.17.0)
  Using cached rpds_py-0.22.3-cp310-cp310-manylinux_2_17_x86_64.manylinux2014_x86_64.whl.metadata (4.2 kB)
Collecting dateparser (from pygeofilter->pygeoapi==0.17.0)
  Using cached dateparser-1.2.0-py2.py3-none-any.whl.metadata (28 kB)
Collecting lark<1.0 (from pygeofilter->pygeoapi==0.17.0)
  Using cached lark-0.12.0-py2.py3-none-any.whl.metadata (1.7 kB)
Collecting certifi (from pyproj->pygeoapi==0.17.0)
  Using cached certifi-2024.8.30-py3-none-any.whl.metadata (2.2 kB)
Collecting six>=1.5 (from python-dateutil->pygeoapi==0.17.0)
  Using cached six-1.17.0-py2.py3-none-any.whl.metadata (1.7 kB)
Collecting affine (from rasterio->pygeoapi==0.17.0)
  Using cached affine-2.4.0-py3-none-any.whl.metadata (4.0 kB)
Collecting cligj>=0.5 (from rasterio->pygeoapi==0.17.0)
  Using cached cligj-0.7.2-py3-none-any.whl.metadata (5.0 kB)
Collecting numpy>=1.24 (from rasterio->pygeoapi==0.17.0)
  Using cached numpy-2.2.0-cp310-cp310-manylinux_2_17_x86_64.manylinux2014_x86_64.whl.metadata (62 kB)
Collecting click-plugins (from rasterio->pygeoapi==0.17.0)
  Using cached click_plugins-1.1.1-py2.py3-none-any.whl.metadata (6.4 kB)
Collecting pyparsing (from rasterio->pygeoapi==0.17.0)
  Using cached pyparsing-3.2.0-py3-none-any.whl.metadata (5.0 kB)
Collecting idna<4,>=2.5 (from requests->pygeoapi==0.17.0)
  Using cached idna-3.10-py3-none-any.whl.metadata (10 kB)
Collecting urllib3<3,>=1.21.1 (from requests->pygeoapi==0.17.0)
  Using cached urllib3-2.2.3-py3-none-any.whl.metadata (6.5 kB)
Collecting regex!=2019.02.19,!=2021.8.27 (from dateparser->pygeofilter->pygeoapi==0.17.0)
  Using cached regex-2024.11.6-cp310-cp310-manylinux_2_17_x86_64.manylinux2014_x86_64.whl.metadata (40 kB)
Collecting tzlocal (from dateparser->pygeofilter->pygeoapi==0.17.0)
  Using cached tzlocal-5.2-py3-none-any.whl.metadata (7.8 kB)
Using cached async_timeout-4.0.3-py3-none-any.whl (5.7 kB)
Using cached click-8.1.7-py3-none-any.whl (97 kB)
Using cached django_admin_sortable2-2.2.1-py3-none-any.whl (77 kB)
Using cached django_cors_headers-4.3.1-py3-none-any.whl (12 kB)
Using cached django_jazzmin-3.0.0-py3-none-any.whl (2.8 MB)
Using cached django_ninja-0.22.2-py3-none-any.whl (2.3 MB)
Using cached django_simple_history-3.7.0-py3-none-any.whl (139 kB)
Using cached django_treebeard-4.7.1-py3-none-any.whl (93 kB)
Using cached Django-5.0.6-py3-none-any.whl (8.2 MB)
Using cached djangorestframework-3.15.1-py3-none-any.whl (1.1 MB)
Using cached GeoAlchemy2-0.15.2-py3-none-any.whl (73 kB)
Using cached pygeoapi-0.17.0-py2.py3-none-any.whl (445 kB)
Using cached pytest_click-1.1.0-py3-none-any.whl (4.1 kB)
Using cached pytest_cov-5.0.0-py3-none-any.whl (21 kB)
Using cached pytest_explicit-1.0.1-py3-none-any.whl (4.4 kB)
Using cached pytest_run_subprocess-0.10.0-py3-none-any.whl (17 kB)
Using cached pytest_xdist-3.5.0-py3-none-any.whl (42 kB)
Using cached pytest-8.0.0-py3-none-any.whl (334 kB)
Using cached redis-5.0.8-py3-none-any.whl (255 kB)
Using cached xsdata-24.6.1-py3-none-any.whl (228 kB)
Using cached SQLAlchemy-1.4.54-cp310-cp310-manylinux_2_5_x86_64.manylinux1_x86_64.manylinux_2_17_x86_64.manylinux2014_x86_64.whl (1.6 MB)
Using cached asgiref-3.8.1-py3-none-any.whl (23 kB)
Using cached click_default_group-1.2.4-py2.py3-none-any.whl (4.1 kB)
Using cached coverage-7.6.9-cp310-cp310-manylinux_2_5_x86_64.manylinux1_x86_64.manylinux_2_17_x86_64.manylinux2014_x86_64.whl (234 kB)
Using cached docformatter-1.7.5-py3-none-any.whl (32 kB)
Using cached exceptiongroup-1.2.2-py3-none-any.whl (16 kB)
Using cached execnet-2.1.1-py3-none-any.whl (40 kB)
Using cached greenlet-3.1.1-cp310-cp310-manylinux_2_24_x86_64.manylinux_2_28_x86_64.whl (599 kB)
Using cached jinja2-3.1.4-py3-none-any.whl (133 kB)
Using cached lxml-5.3.0-cp310-cp310-manylinux_2_28_x86_64.whl (5.0 MB)
Using cached pluggy-1.5.0-py3-none-any.whl (20 kB)
Using cached pydantic-1.10.19-cp310-cp310-manylinux_2_17_x86_64.manylinux2014_x86_64.whl (3.1 MB)
Using cached ruff-0.8.3-py3-none-manylinux_2_17_x86_64.manylinux2014_x86_64.whl (11.2 MB)
Using cached sqlparse-0.5.3-py3-none-any.whl (44 kB)
Using cached tomli-2.2.1-py3-none-any.whl (14 kB)
Using cached toposort-1.10-py3-none-any.whl (8.5 kB)
Using cached typing_extensions-4.12.2-py3-none-any.whl (37 kB)
Using cached babel-2.16.0-py3-none-any.whl (9.6 MB)
Using cached filelock-3.16.1-py3-none-any.whl (16 kB)
Using cached flask-3.1.0-py3-none-any.whl (102 kB)
Using cached iniconfig-2.0.0-py3-none-any.whl (5.9 kB)
Using cached jsonschema-4.23.0-py3-none-any.whl (88 kB)
Using cached packaging-24.2-py3-none-any.whl (65 kB)
Using cached pygeofilter-0.2.4-py2.py3-none-any.whl (81 kB)
Using cached pygeoif-1.5.1-py3-none-any.whl (28 kB)
Using cached pyproj-3.7.0-cp310-cp310-manylinux_2_17_x86_64.manylinux2014_x86_64.whl (9.2 MB)
Using cached python_dateutil-2.9.0.post0-py2.py3-none-any.whl (229 kB)
Using cached pytz-2024.2-py2.py3-none-any.whl (508 kB)
Using cached PyYAML-6.0.2-cp310-cp310-manylinux_2_17_x86_64.manylinux2014_x86_64.whl (751 kB)
Using cached rasterio-1.4.3-cp310-cp310-manylinux_2_17_x86_64.manylinux2014_x86_64.whl (22.2 MB)
Using cached requests-2.32.3-py3-none-any.whl (64 kB)
Using cached shapely-2.0.6-cp310-cp310-manylinux_2_17_x86_64.manylinux2014_x86_64.whl (2.5 MB)
Using cached tinydb-4.8.2-py3-none-any.whl (24 kB)
Using cached attrs-24.2.0-py3-none-any.whl (63 kB)
Using cached blinker-1.9.0-py3-none-any.whl (8.5 kB)
Using cached certifi-2024.8.30-py3-none-any.whl (167 kB)
Using cached charset_normalizer-3.4.0-cp310-cp310-manylinux_2_17_x86_64.manylinux2014_x86_64.whl (144 kB)
Using cached cligj-0.7.2-py3-none-any.whl (7.1 kB)
Using cached idna-3.10-py3-none-any.whl (70 kB)
Using cached itsdangerous-2.2.0-py3-none-any.whl (16 kB)
Using cached jsonschema_specifications-2024.10.1-py3-none-any.whl (18 kB)
Using cached lark-0.12.0-py2.py3-none-any.whl (103 kB)
Using cached MarkupSafe-3.0.2-cp310-cp310-manylinux_2_17_x86_64.manylinux2014_x86_64.whl (20 kB)
Using cached numpy-2.2.0-cp310-cp310-manylinux_2_17_x86_64.manylinux2014_x86_64.whl (16.4 MB)
Using cached referencing-0.35.1-py3-none-any.whl (26 kB)
Using cached rpds_py-0.22.3-cp310-cp310-manylinux_2_17_x86_64.manylinux2014_x86_64.whl (381 kB)
Using cached six-1.17.0-py2.py3-none-any.whl (11 kB)
Using cached urllib3-2.2.3-py3-none-any.whl (126 kB)
Using cached werkzeug-3.1.3-py3-none-any.whl (224 kB)
Using cached affine-2.4.0-py3-none-any.whl (15 kB)
Using cached click_plugins-1.1.1-py2.py3-none-any.whl (7.5 kB)
Using cached dateparser-1.2.0-py2.py3-none-any.whl (294 kB)
Using cached pyparsing-3.2.0-py3-none-any.whl (106 kB)
Using cached regex-2024.11.6-cp310-cp310-manylinux_2_17_x86_64.manylinux2014_x86_64.whl (781 kB)
Using cached tzlocal-5.2-py3-none-any.whl (17 kB)
Installing collected packages: untokenize, unicodecsv, toposort, qgis_server_light, pytz, lark, urllib3, tzlocal, typing-extensions, tomli, tinydb, sqlparse, six, ruff, rpds-py, regex, PyYAML, pyparsing, psycopg2, pluggy, packaging, numpy, MarkupSafe, lxml, itsdangerous, iniconfig, idna, greenlet, gdal, filelock, execnet, exceptiongroup, coverage, click, charset_normalizer, certifi, blinker, Babel, attrs, async-timeout, affine, xsdata, Werkzeug, SQLAlchemy, shapely, requests, referencing, redis, python-dateutil, pytest, pyproj, pygeoif, pydantic, jinja2, docformatter, cligj, click-plugins, click-default-group, asgiref, rasterio, pytest-xdist, pytest-run-subprocess, pytest-explicit, pytest-cov, pytest-click, jsonschema-specifications, geoalchemy2, Flask, django, dateparser, pygeofilter, jsonschema, djangorestframework, django-treebeard, django-simple-history, django-ninja, django-jazzmin, django-cors-headers, django-admin-sortable2, pygeoapi, djangorestframework-gis
Successfully installed Babel-2.16.0 Flask-3.1.0 MarkupSafe-3.0.2 PyYAML-6.0.2 SQLAlchemy-1.4.54 Werkzeug-3.1.3 affine-2.4.0 asgiref-3.8.1 async-timeout-4.0.3 attrs-24.2.0 blinker-1.9.0 certifi-2024.8.30 charset_normalizer-3.4.0 click-8.1.7 click-default-group-1.2.4 click-plugins-1.1.1 cligj-0.7.2 coverage-7.6.9 dateparser-1.2.0 django-5.0.6 django-admin-sortable2-2.2.1 django-cors-headers-4.3.1 django-jazzmin-3.0.0 django-ninja-0.22.2 django-simple-history-3.7.0 django-treebeard-4.7.1 djangorestframework-3.15.1 djangorestframework-gis-1.0 docformatter-1.7.5 exceptiongroup-1.2.2 execnet-2.1.1 filelock-3.16.1 gdal-3.9.1 geoalchemy2-0.15.2 greenlet-3.1.1 idna-3.10 iniconfig-2.0.0 itsdangerous-2.2.0 jinja2-3.1.4 jsonschema-4.23.0 jsonschema-specifications-2024.10.1 lark-0.12.0 lxml-5.3.0 numpy-2.2.0 packaging-24.2 pluggy-1.5.0 psycopg2-2.9.9 pydantic-1.10.19 pygeoapi-0.17.0 pygeofilter-0.2.4 pygeoif-1.5.1 pyparsing-3.2.0 pyproj-3.7.0 pytest-8.0.0 pytest-click-1.1.0 pytest-cov-5.0.0 pytest-explicit-1.0.1 pytest-run-subprocess-0.10.0 pytest-xdist-3.5.0 python-dateutil-2.9.0.post0 pytz-2024.2 qgis_server_light-0.0.2 rasterio-1.4.3 redis-5.0.8 referencing-0.35.1 regex-2024.11.6 requests-2.32.3 rpds-py-0.22.3 ruff-0.8.3 shapely-2.0.6 six-1.17.0 sqlparse-0.5.3 tinydb-4.8.2 tomli-2.2.1 toposort-1.10 typing-extensions-4.12.2 tzlocal-5.2 unicodecsv-0.14.1 untokenize-0.1.1 urllib3-2.2.3 xsdata-24.6.1
py310-edit-windows: 87200 I exit 0 (24.46 seconds) /home/kalle/projects/opengis/georama> python -I -m pip install 'SQLAlchemy<2.0.0' async-timeout==4.0.3 click==8.1.7 django-admin-sortable2==2.2.1 django-cors-headers==4.3.1 django-jazzmin==3.0.0 django-ninja==0.22.2 django-simple-history==3.7.0 django-treebeard==4.7.1 django==5.0.6 'djangorestframework-gis@ git+https://github.com/openwisp/django-rest-framework-gis@4f244d5d8a7ad5b453fd04f64150818d15123e01' djangorestframework==3.15.1 gdal==3.9.1 geoalchemy2==0.15.2 psycopg2==2.9.9 pygeoapi==0.17.0 pytest-click==1.1.0 pytest-cov==5.0.0 pytest-explicit==1.0.1 pytest-run-subprocess==0.10.0 pytest-xdist==3.5.0 pytest==8.0.0 'qgis_server_light@ git+https://github.com/opengisch/qgis-server-light.git@e858981252e06fb63d2bb30f3c4281ee11996b3f' redis==5.0.8 'xsdata[cli,lxml,soap]==24.6.1' pid=604257 [tox/execute/api.py:280]
py310-edit-windows: 87201 W install_package> python -I -m pip install --force-reinstall --no-deps /home/kalle/projects/opengis/georama/.tox/.tmp/package/3/georama-0.0.1-0.editable-py3-none-any.whl [tox/tox_env/api.py:427]
Processing ./.tox/.tmp/package/3/georama-0.0.1-0.editable-py3-none-any.whl
Installing collected packages: georama
Successfully installed georama-0.0.1
py310-edit-windows: 87944 I exit 0 (0.74 seconds) /home/kalle/projects/opengis/georama> python -I -m pip install --force-reinstall --no-deps /home/kalle/projects/opengis/georama/.tox/.tmp/package/3/georama-0.0.1-0.editable-py3-none-any.whl pid=604855 [tox/execute/api.py:280]
py310-edit-windows: 87945 W commands[0]> pytest -ra --cov --cov-report=term-missing --cov-report=html:/home/kalle/projects/opengis/georama/.tox/py310-edit-windows/htmlcov --cov-context=test --cov-report=xml:/home/kalle/projects/opengis/georama/.tox/coverage.py310-edit-windows.xml -n auto tests [tox/tox_env/api.py:427]
============================= test session starts ==============================
platform linux -- Python 3.10.4, pytest-8.0.0, pluggy-1.5.0
cachedir: .tox/py310-edit-windows/.pytest_cache
rootdir: /home/kalle/projects/opengis/georama
configfile: pyproject.toml
plugins: run-subprocess-0.10.0, cov-5.0.0, explicit-1.0.1, click-1.1.0, xdist-3.5.0
created: 16/16 workers
16 workers [1 item]

.                                                                        [100%]
==================================== ERRORS ====================================
____________ ERROR collecting tests/data_integration/smoke_test.py _____________
import file mismatch:
imported module 'smoke_test' has this __file__ attribute:
  /home/kalle/projects/opengis/georama/tests/core/smoke_test.py
which is not the same as the test file we want to collect:
  /home/kalle/projects/opengis/georama/tests/data_integration/smoke_test.py
HINT: remove __pycache__ / .pyc files and/or use a unique basename for your test file modules
________________ ERROR collecting tests/features/smoke_test.py _________________
import file mismatch:
imported module 'smoke_test' has this __file__ attribute:
  /home/kalle/projects/opengis/georama/tests/core/smoke_test.py
which is not the same as the test file we want to collect:
  /home/kalle/projects/opengis/georama/tests/features/smoke_test.py
HINT: remove __pycache__ / .pyc files and/or use a unique basename for your test file modules
__________________ ERROR collecting tests/maps/smoke_test.py ___________________
import file mismatch:
imported module 'smoke_test' has this __file__ attribute:
  /home/kalle/projects/opengis/georama/tests/core/smoke_test.py
which is not the same as the test file we want to collect:
  /home/kalle/projects/opengis/georama/tests/maps/smoke_test.py
HINT: remove __pycache__ / .pyc files and/or use a unique basename for your test file modules
__________________ ERROR collecting tests/shop/smoke_test.py ___________________
import file mismatch:
imported module 'smoke_test' has this __file__ attribute:
  /home/kalle/projects/opengis/georama/tests/core/smoke_test.py
which is not the same as the test file we want to collect:
  /home/kalle/projects/opengis/georama/tests/shop/smoke_test.py
HINT: remove __pycache__ / .pyc files and/or use a unique basename for your test file modules
_________________ ERROR collecting tests/webgis/smoke_test.py __________________
import file mismatch:
imported module 'smoke_test' has this __file__ attribute:
  /home/kalle/projects/opengis/georama/tests/core/smoke_test.py
which is not the same as the test file we want to collect:
  /home/kalle/projects/opengis/georama/tests/webgis/smoke_test.py
HINT: remove __pycache__ / .pyc files and/or use a unique basename for your test file modules

---------- coverage: platform linux, python 3.10.4-final-0 -----------
Name                           Stmts   Miss  Cover   Missing
------------------------------------------------------------
src/georama/__init__.py            1      0   100%
src/georama/core/__init__.py       0      0   100%
tests/core/smoke_test.py           3      0   100%
------------------------------------------------------------
TOTAL                              4      0   100%
Coverage HTML written to dir /home/kalle/projects/opengis/georama/.tox/py310-edit-windows/htmlcov
Coverage XML written to file /home/kalle/projects/opengis/georama/.tox/coverage.py310-edit-windows.xml

=========================== short test summary info ============================
ERROR tests/data_integration/smoke_test.py
ERROR tests/features/smoke_test.py
ERROR tests/maps/smoke_test.py
ERROR tests/shop/smoke_test.py
ERROR tests/webgis/smoke_test.py
========================= 1 passed, 5 errors in 1.40s ==========================
py310-edit-windows: 89697 C exit 1 (1.75 seconds) /home/kalle/projects/opengis/georama> pytest -ra --cov --cov-report=term-missing --cov-report=html:/home/kalle/projects/opengis/georama/.tox/py310-edit-windows/htmlcov --cov-context=test --cov-report=xml:/home/kalle/projects/opengis/georama/.tox/coverage.py310-edit-windows.xml -n auto tests pid=604865 [tox/execute/api.py:280]
py310-edit-windows: FAIL ✖ in 27.1 seconds
py310-sdist-linux: 89700 I find interpreter for spec PythonSpec(major=3, minor=10) [virtualenv/discovery/builtin.py:73]
py310-sdist-linux: 89700 I proposed PythonInfo(spec=CPython3.12.7.final.0-64, exe=/usr/bin/python, platform=linux, version='3.12.7 (main, Oct  1 2024, 11:15:50) [GCC 14.2.1 20240910]', encoding_fs_io=utf-8-utf-8) [virtualenv/discovery/builtin.py:80]
py310-sdist-linux: 89700 D discover PATH[0]=/home/kalle/projects/opengis/georama/.venv/bin [virtualenv/discovery/builtin.py:149]
py310-sdist-linux: 89700 D discover exe from cache /home/kalle/.pyenv/versions/3.10.4 - exact False: PathPythonInfo({'architecture': 64, 'base_exec_prefix': '/home/kalle/.pyenv/versions/3.10.4', 'base_prefix': '/home/kalle/.pyenv/versions/3.10.4', 'distutils_install': {'data': '', 'headers': 'include/python3.10/UNKNOWN', 'platlib': 'lib/python3.10/site-packages', 'purelib': 'lib/python3.10/site-packages', 'scripts': 'bin'}, 'exec_prefix': '/home/kalle/.pyenv/versions/3.10.4', 'executable': '/home/kalle/projects/opengis/georama/.venv/bin/python3.10', 'file_system_encoding': 'utf-8', 'has_venv': True, 'implementation': 'CPython', 'max_size': 9223372036854775807, 'original_executable': '/home/kalle/.pyenv/versions/3.10.4/bin/python3.10', 'os': 'posix', 'path': ['/usr/lib/python3.12/site-packages/virtualenv/discovery', '/home/kalle/.pyenv/versions/3.10.4/lib/python310.zip', '/home/kalle/.pyenv/versions/3.10.4/lib/python3.10', '/home/kalle/.pyenv/versions/3.10.4/lib/python3.10/lib-dynload', '/home/kalle/.local/lib/python3.10/site-packages', '/home/kalle/.pyenv/versions/3.10.4/lib/python3.10/site-packages'], 'platform': 'linux', 'prefix': '/home/kalle/.pyenv/versions/3.10.4', 'real_prefix': None, 'stdout_encoding': 'utf-8', 'sysconfig': {'makefile_filename': '/home/kalle/.pyenv/versions/3.10.4/lib/python3.10/config-3.10-x86_64-linux-gnu/Makefile'}, 'sysconfig_paths': {'data': '{base}', 'include': '{installed_base}/include/python{py_version_short}{abiflags}', 'platlib': '{platbase}/{platlibdir}/python{py_version_short}/site-packages', 'platstdlib': '{platbase}/{platlibdir}/python{py_version_short}', 'purelib': '{base}/lib/python{py_version_short}/site-packages', 'scripts': '{base}/bin', 'stdlib': '{installed_base}/{platlibdir}/python{py_version_short}'}, 'sysconfig_scheme': None, 'sysconfig_vars': {'PYTHONFRAMEWORK': '', 'abiflags': '', 'base': '/home/kalle/.pyenv/versions/3.10.4', 'installed_base': '/home/kalle/.pyenv/versions/3.10.4', 'platbase': '/home/kalle/.pyenv/versions/3.10.4', 'platlibdir': 'lib', 'py_version_short': '3.10'}, 'system_executable': '/home/kalle/.pyenv/versions/3.10.4/bin/python3.10', 'system_stdlib': '/home/kalle/.pyenv/versions/3.10.4/lib/python3.10', 'system_stdlib_platform': '/home/kalle/.pyenv/versions/3.10.4/lib/python3.10', 'version': '3.10.4 (main, May 23 2024, 22:41:52) [GCC 14.1.1 20240507]', 'version_info': VersionInfo(major=3, minor=10, micro=4, releaselevel='final', serial=0), 'version_nodot': '310'}) [virtualenv/discovery/py_info.py:435]
py310-sdist-linux: 89700 I proposed PathPythonInfo(spec=CPython3.10.4.final.0-64, system=/home/kalle/.pyenv/versions/3.10.4/bin/python3.10, exe=/home/kalle/projects/opengis/georama/.venv/bin/python3.10, platform=linux, version='3.10.4 (main, May 23 2024, 22:41:52) [GCC 14.1.1 20240507]', encoding_fs_io=utf-8-utf-8) [virtualenv/discovery/builtin.py:80]
py310-sdist-linux: 89700 D accepted PathPythonInfo(spec=CPython3.10.4.final.0-64, system=/home/kalle/.pyenv/versions/3.10.4/bin/python3.10, exe=/home/kalle/projects/opengis/georama/.venv/bin/python3.10, platform=linux, version='3.10.4 (main, May 23 2024, 22:41:52) [GCC 14.1.1 20240507]', encoding_fs_io=utf-8-utf-8) [virtualenv/discovery/builtin.py:82]
py310-sdist-linux: 89702 I create virtual environment via CPython3Posix(dest=/home/kalle/projects/opengis/georama/.tox/py310-sdist-linux, clear=False, no_vcs_ignore=False, global=False) [virtualenv/run/session.py:50]
py310-sdist-linux: 89702 D create folder /home/kalle/projects/opengis/georama/.tox/py310-sdist-linux/bin [virtualenv/util/path/_sync.py:12]
py310-sdist-linux: 89702 D create folder /home/kalle/projects/opengis/georama/.tox/py310-sdist-linux/lib/python3.10/site-packages [virtualenv/util/path/_sync.py:12]
py310-sdist-linux: 89703 D write /home/kalle/projects/opengis/georama/.tox/py310-sdist-linux/pyvenv.cfg [virtualenv/create/pyenv_cfg.py:33]
py310-sdist-linux: 89703 D 	home = /home/kalle/.pyenv/versions/3.10.4/bin [virtualenv/create/pyenv_cfg.py:38]
py310-sdist-linux: 89703 D 	implementation = CPython [virtualenv/create/pyenv_cfg.py:38]
py310-sdist-linux: 89703 D 	version_info = 3.10.4.final.0 [virtualenv/create/pyenv_cfg.py:38]
py310-sdist-linux: 89703 D 	virtualenv = 20.27.1 [virtualenv/create/pyenv_cfg.py:38]
py310-sdist-linux: 89703 D 	include-system-site-packages = false [virtualenv/create/pyenv_cfg.py:38]
py310-sdist-linux: 89703 D 	base-prefix = /home/kalle/.pyenv/versions/3.10.4 [virtualenv/create/pyenv_cfg.py:38]
py310-sdist-linux: 89703 D 	base-exec-prefix = /home/kalle/.pyenv/versions/3.10.4 [virtualenv/create/pyenv_cfg.py:38]
py310-sdist-linux: 89703 D 	base-executable = /home/kalle/.pyenv/versions/3.10.4/bin/python3.10 [virtualenv/create/pyenv_cfg.py:38]
py310-sdist-linux: 89703 D symlink /home/kalle/.pyenv/versions/3.10.4/bin/python3.10 to /home/kalle/projects/opengis/georama/.tox/py310-sdist-linux/bin/python [virtualenv/util/path/_sync.py:32]
py310-sdist-linux: 89703 D create virtualenv import hook file /home/kalle/projects/opengis/georama/.tox/py310-sdist-linux/lib/python3.10/site-packages/_virtualenv.pth [virtualenv/create/via_global_ref/api.py:91]
py310-sdist-linux: 89703 D create /home/kalle/projects/opengis/georama/.tox/py310-sdist-linux/lib/python3.10/site-packages/_virtualenv.py [virtualenv/create/via_global_ref/api.py:94]
py310-sdist-linux: 89704 D ============================== target debug ============================== [virtualenv/run/session.py:52]
py310-sdist-linux: 89704 D debug via /home/kalle/projects/opengis/georama/.tox/py310-sdist-linux/bin/python /usr/lib/python3.12/site-packages/virtualenv/create/debug.py [virtualenv/create/creator.py:200]
py310-sdist-linux: 89704 D {
  "sys": {
    "executable": "/home/kalle/projects/opengis/georama/.tox/py310-sdist-linux/bin/python",
    "_base_executable": "/home/kalle/projects/opengis/georama/.tox/py310-sdist-linux/bin/python",
    "prefix": "/home/kalle/projects/opengis/georama/.tox/py310-sdist-linux",
    "base_prefix": "/home/kalle/.pyenv/versions/3.10.4",
    "real_prefix": null,
    "exec_prefix": "/home/kalle/projects/opengis/georama/.tox/py310-sdist-linux",
    "base_exec_prefix": "/home/kalle/.pyenv/versions/3.10.4",
    "path": [
      "/home/kalle/.pyenv/versions/3.10.4/lib/python310.zip",
      "/home/kalle/.pyenv/versions/3.10.4/lib/python3.10",
      "/home/kalle/.pyenv/versions/3.10.4/lib/python3.10/lib-dynload",
      "/home/kalle/projects/opengis/georama/.tox/py310-sdist-linux/lib/python3.10/site-packages"
    ],
    "meta_path": [
      "<class '_virtualenv._Finder'>",
      "<class '_frozen_importlib.BuiltinImporter'>",
      "<class '_frozen_importlib.FrozenImporter'>",
      "<class '_frozen_importlib_external.PathFinder'>"
    ],
    "fs_encoding": "utf-8",
    "io_encoding": "utf-8"
  },
  "version": "3.10.4 (main, May 23 2024, 22:41:52) [GCC 14.1.1 20240507]",
  "makefile_filename": "/home/kalle/.pyenv/versions/3.10.4/lib/python3.10/config-3.10-x86_64-linux-gnu/Makefile",
  "os": "<module 'os' from '/home/kalle/.pyenv/versions/3.10.4/lib/python3.10/os.py'>",
  "site": "<module 'site' from '/home/kalle/.pyenv/versions/3.10.4/lib/python3.10/site.py'>",
  "datetime": "<module 'datetime' from '/home/kalle/.pyenv/versions/3.10.4/lib/python3.10/datetime.py'>",
  "math": "<module 'math' from '/home/kalle/.pyenv/versions/3.10.4/lib/python3.10/lib-dynload/math.cpython-310-x86_64-linux-gnu.so'>",
  "json": "<module 'json' from '/home/kalle/.pyenv/versions/3.10.4/lib/python3.10/json/__init__.py'>"
} [virtualenv/run/session.py:53]
py310-sdist-linux: 89729 I add seed packages via FromAppData(download=False, pip=bundle, setuptools=bundle, wheel=bundle, via=copy, app_data_dir=/home/kalle/.local/share/virtualenv) [virtualenv/run/session.py:57]
py310-sdist-linux: 89730 D got embed update of distribution %s from ('setuptools', PosixPath('/home/kalle/.local/share/virtualenv/wheel/3.10/embed/3/setuptools.json')) [virtualenv/app_data/via_disk_folder.py:131]
py310-sdist-linux: 89731 D using periodically updated wheel /home/kalle/.local/share/virtualenv/wheel/house/setuptools-74.0.0-py3-none-any.whl [virtualenv/seed/wheels/periodic_update.py:48]
py310-sdist-linux: 89731 D got embed update of distribution %s from ('pip', PosixPath('/home/kalle/.local/share/virtualenv/wheel/3.10/embed/3/pip.json')) [virtualenv/app_data/via_disk_folder.py:131]
py310-sdist-linux: 89731 D using periodically updated wheel /home/kalle/.local/share/virtualenv/wheel/house/pip-24.2-py3-none-any.whl [virtualenv/seed/wheels/periodic_update.py:48]
py310-sdist-linux: 89731 D got embed update of distribution %s from ('wheel', PosixPath('/home/kalle/.local/share/virtualenv/wheel/3.10/embed/3/wheel.json')) [virtualenv/app_data/via_disk_folder.py:131]
py310-sdist-linux: 89732 D install setuptools from wheel /home/kalle/.local/share/virtualenv/wheel/house/setuptools-74.0.0-py3-none-any.whl via CopyPipInstall [virtualenv/seed/embed/via_app_data/via_app_data.py:49]
py310-sdist-linux: 89732 D install pip from wheel /home/kalle/.local/share/virtualenv/wheel/house/pip-24.2-py3-none-any.whl via CopyPipInstall [virtualenv/seed/embed/via_app_data/via_app_data.py:49]
py310-sdist-linux: 89732 D install wheel from wheel /usr/lib/python3.12/site-packages/virtualenv/seed/wheels/embed/wheel-0.44.0-py3-none-any.whl via CopyPipInstall [virtualenv/seed/embed/via_app_data/via_app_data.py:49]
py310-sdist-linux: 89734 D copy directory /home/kalle/.local/share/virtualenv/wheel/3.10/image/1/CopyPipInstall/pip-24.2-py3-none-any/pip-24.2.dist-info to /home/kalle/projects/opengis/georama/.tox/py310-sdist-linux/lib/python3.10/site-packages/pip-24.2.dist-info [virtualenv/util/path/_sync.py:40]
py310-sdist-linux: 89734 D copy /home/kalle/.local/share/virtualenv/wheel/3.10/image/1/CopyPipInstall/setuptools-74.0.0-py3-none-any/setuptools-74.0.0.virtualenv to /home/kalle/projects/opengis/georama/.tox/py310-sdist-linux/lib/python3.10/site-packages/setuptools-74.0.0.virtualenv [virtualenv/util/path/_sync.py:40]
py310-sdist-linux: 89734 D copy /home/kalle/.local/share/virtualenv/wheel/3.10/image/1/CopyPipInstall/wheel-0.44.0-py3-none-any/wheel-0.44.0.virtualenv to /home/kalle/projects/opengis/georama/.tox/py310-sdist-linux/lib/python3.10/site-packages/wheel-0.44.0.virtualenv [virtualenv/util/path/_sync.py:40]
py310-sdist-linux: 89734 D copy directory /home/kalle/.local/share/virtualenv/wheel/3.10/image/1/CopyPipInstall/setuptools-74.0.0-py3-none-any/setuptools-74.0.0.dist-info to /home/kalle/projects/opengis/georama/.tox/py310-sdist-linux/lib/python3.10/site-packages/setuptools-74.0.0.dist-info [virtualenv/util/path/_sync.py:40]
py310-sdist-linux: 89735 D copy directory /home/kalle/.local/share/virtualenv/wheel/3.10/image/1/CopyPipInstall/wheel-0.44.0-py3-none-any/wheel-0.44.0.dist-info to /home/kalle/projects/opengis/georama/.tox/py310-sdist-linux/lib/python3.10/site-packages/wheel-0.44.0.dist-info [virtualenv/util/path/_sync.py:40]
py310-sdist-linux: 89737 D copy directory /home/kalle/.local/share/virtualenv/wheel/3.10/image/1/CopyPipInstall/wheel-0.44.0-py3-none-any/wheel to /home/kalle/projects/opengis/georama/.tox/py310-sdist-linux/lib/python3.10/site-packages/wheel [virtualenv/util/path/_sync.py:40]
py310-sdist-linux: 89737 D copy directory /home/kalle/.local/share/virtualenv/wheel/3.10/image/1/CopyPipInstall/pip-24.2-py3-none-any/pip to /home/kalle/projects/opengis/georama/.tox/py310-sdist-linux/lib/python3.10/site-packages/pip [virtualenv/util/path/_sync.py:40]
py310-sdist-linux: 89738 D copy directory /home/kalle/.local/share/virtualenv/wheel/3.10/image/1/CopyPipInstall/setuptools-74.0.0-py3-none-any/_distutils_hack to /home/kalle/projects/opengis/georama/.tox/py310-sdist-linux/lib/python3.10/site-packages/_distutils_hack [virtualenv/util/path/_sync.py:40]
py310-sdist-linux: 89738 D copy /home/kalle/.local/share/virtualenv/wheel/3.10/image/1/CopyPipInstall/setuptools-74.0.0-py3-none-any/distutils-precedence.pth to /home/kalle/projects/opengis/georama/.tox/py310-sdist-linux/lib/python3.10/site-packages/distutils-precedence.pth [virtualenv/util/path/_sync.py:40]
py310-sdist-linux: 89739 D copy directory /home/kalle/.local/share/virtualenv/wheel/3.10/image/1/CopyPipInstall/setuptools-74.0.0-py3-none-any/pkg_resources to /home/kalle/projects/opengis/georama/.tox/py310-sdist-linux/lib/python3.10/site-packages/pkg_resources [virtualenv/util/path/_sync.py:40]
py310-sdist-linux: 89747 D copy directory /home/kalle/.local/share/virtualenv/wheel/3.10/image/1/CopyPipInstall/setuptools-74.0.0-py3-none-any/setuptools to /home/kalle/projects/opengis/georama/.tox/py310-sdist-linux/lib/python3.10/site-packages/setuptools [virtualenv/util/path/_sync.py:40]
py310-sdist-linux: 89747 D generated console scripts wheel-3.10 wheel3 wheel wheel3.10 [virtualenv/seed/embed/via_app_data/pip_install/base.py:43]
py310-sdist-linux: 89822 D copy /home/kalle/.local/share/virtualenv/wheel/3.10/image/1/CopyPipInstall/pip-24.2-py3-none-any/pip-24.2.virtualenv to /home/kalle/projects/opengis/georama/.tox/py310-sdist-linux/lib/python3.10/site-packages/pip-24.2.virtualenv [virtualenv/util/path/_sync.py:40]
py310-sdist-linux: 89823 D generated console scripts pip pip3 pip-3.10 pip3.10 [virtualenv/seed/embed/via_app_data/pip_install/base.py:43]
py310-sdist-linux: 89836 D generated console scripts  [virtualenv/seed/embed/via_app_data/pip_install/base.py:43]
py310-sdist-linux: 89837 I add activators for Bash, CShell, Fish, Nushell, PowerShell, Python [virtualenv/run/session.py:63]
py310-sdist-linux: 89838 D write /home/kalle/projects/opengis/georama/.tox/py310-sdist-linux/pyvenv.cfg [virtualenv/create/pyenv_cfg.py:33]
py310-sdist-linux: 89838 D 	home = /home/kalle/.pyenv/versions/3.10.4/bin [virtualenv/create/pyenv_cfg.py:38]
py310-sdist-linux: 89838 D 	implementation = CPython [virtualenv/create/pyenv_cfg.py:38]
py310-sdist-linux: 89838 D 	version_info = 3.10.4.final.0 [virtualenv/create/pyenv_cfg.py:38]
py310-sdist-linux: 89838 D 	virtualenv = 20.27.1 [virtualenv/create/pyenv_cfg.py:38]
py310-sdist-linux: 89838 D 	include-system-site-packages = false [virtualenv/create/pyenv_cfg.py:38]
py310-sdist-linux: 89838 D 	base-prefix = /home/kalle/.pyenv/versions/3.10.4 [virtualenv/create/pyenv_cfg.py:38]
py310-sdist-linux: 89838 D 	base-exec-prefix = /home/kalle/.pyenv/versions/3.10.4 [virtualenv/create/pyenv_cfg.py:38]
py310-sdist-linux: 89838 D 	base-executable = /home/kalle/.pyenv/versions/3.10.4/bin/python3.10 [virtualenv/create/pyenv_cfg.py:38]
.pkg: 89842 I create virtual environment via CPython3Posix(dest=/home/kalle/projects/opengis/georama/.tox/.pkg, clear=False, no_vcs_ignore=False, global=False) [virtualenv/run/session.py:50]
.pkg: 89842 D create folder /home/kalle/projects/opengis/georama/.tox/.pkg/bin [virtualenv/util/path/_sync.py:12]
.pkg: 89842 D create folder /home/kalle/projects/opengis/georama/.tox/.pkg/lib/python3.12/site-packages [virtualenv/util/path/_sync.py:12]
.pkg: 89842 D write /home/kalle/projects/opengis/georama/.tox/.pkg/pyvenv.cfg [virtualenv/create/pyenv_cfg.py:33]
.pkg: 89842 D 	home = /usr/bin [virtualenv/create/pyenv_cfg.py:38]
.pkg: 89842 D 	implementation = CPython [virtualenv/create/pyenv_cfg.py:38]
.pkg: 89843 D 	version_info = 3.12.7.final.0 [virtualenv/create/pyenv_cfg.py:38]
.pkg: 89843 D 	virtualenv = 20.27.1 [virtualenv/create/pyenv_cfg.py:38]
.pkg: 89843 D 	include-system-site-packages = false [virtualenv/create/pyenv_cfg.py:38]
.pkg: 89843 D 	base-prefix = /usr [virtualenv/create/pyenv_cfg.py:38]
.pkg: 89843 D 	base-exec-prefix = /usr [virtualenv/create/pyenv_cfg.py:38]
.pkg: 89843 D 	base-executable = /usr/bin/python3.12 [virtualenv/create/pyenv_cfg.py:38]
.pkg: 89843 D symlink /usr/bin/python to /home/kalle/projects/opengis/georama/.tox/.pkg/bin/python [virtualenv/util/path/_sync.py:32]
.pkg: 89843 D create virtualenv import hook file /home/kalle/projects/opengis/georama/.tox/.pkg/lib/python3.12/site-packages/_virtualenv.pth [virtualenv/create/via_global_ref/api.py:91]
.pkg: 89843 D create /home/kalle/projects/opengis/georama/.tox/.pkg/lib/python3.12/site-packages/_virtualenv.py [virtualenv/create/via_global_ref/api.py:94]
.pkg: 89843 D ============================== target debug ============================== [virtualenv/run/session.py:52]
.pkg: 89844 D debug via /home/kalle/projects/opengis/georama/.tox/.pkg/bin/python /usr/lib/python3.12/site-packages/virtualenv/create/debug.py [virtualenv/create/creator.py:200]
.pkg: 89844 D {
  "sys": {
    "executable": "/home/kalle/projects/opengis/georama/.tox/.pkg/bin/python",
    "_base_executable": "/usr/bin/python3.12",
    "prefix": "/home/kalle/projects/opengis/georama/.tox/.pkg",
    "base_prefix": "/usr",
    "real_prefix": null,
    "exec_prefix": "/home/kalle/projects/opengis/georama/.tox/.pkg",
    "base_exec_prefix": "/usr",
    "path": [
      "/usr/lib/python312.zip",
      "/usr/lib/python3.12",
      "/usr/lib/python3.12/lib-dynload",
      "/home/kalle/projects/opengis/georama/.tox/.pkg/lib/python3.12/site-packages"
    ],
    "meta_path": [
      "<class '_virtualenv._Finder'>",
      "<class '_frozen_importlib.BuiltinImporter'>",
      "<class '_frozen_importlib.FrozenImporter'>",
      "<class '_frozen_importlib_external.PathFinder'>"
    ],
    "fs_encoding": "utf-8",
    "io_encoding": "utf-8"
  },
  "version": "3.12.7 (main, Oct  1 2024, 11:15:50) [GCC 14.2.1 20240910]",
  "makefile_filename": "/usr/lib/python3.12/config-3.12-x86_64-linux-gnu/Makefile",
  "os": "<module 'os' (frozen)>",
  "site": "<module 'site' (frozen)>",
  "datetime": "<module 'datetime' from '/usr/lib/python3.12/datetime.py'>",
  "math": "<module 'math' from '/usr/lib/python3.12/lib-dynload/math.cpython-312-x86_64-linux-gnu.so'>",
  "json": "<module 'json' from '/usr/lib/python3.12/json/__init__.py'>"
} [virtualenv/run/session.py:53]
.pkg: 89866 I add seed packages via FromAppData(download=False, pip=bundle, via=copy, app_data_dir=/home/kalle/.local/share/virtualenv) [virtualenv/run/session.py:57]
.pkg: 89867 D got embed update of distribution %s from ('pip', PosixPath('/home/kalle/.local/share/virtualenv/wheel/3.12/embed/3/pip.json')) [virtualenv/app_data/via_disk_folder.py:131]
.pkg: 89867 D install pip from wheel /usr/lib/python3.12/site-packages/virtualenv/seed/wheels/embed/pip-24.3.1-py3-none-any.whl via CopyPipInstall [virtualenv/seed/embed/via_app_data/via_app_data.py:49]
.pkg: 89868 D copy directory /home/kalle/.local/share/virtualenv/wheel/3.12/image/1/CopyPipInstall/pip-24.3.1-py3-none-any/pip-24.3.1.dist-info to /home/kalle/projects/opengis/georama/.tox/.pkg/lib/python3.12/site-packages/pip-24.3.1.dist-info [virtualenv/util/path/_sync.py:40]
.pkg: 89869 D copy directory /home/kalle/.local/share/virtualenv/wheel/3.12/image/1/CopyPipInstall/pip-24.3.1-py3-none-any/pip to /home/kalle/projects/opengis/georama/.tox/.pkg/lib/python3.12/site-packages/pip [virtualenv/util/path/_sync.py:40]
.pkg: 89906 D copy /home/kalle/.local/share/virtualenv/wheel/3.12/image/1/CopyPipInstall/pip-24.3.1-py3-none-any/pip-24.3.1.virtualenv to /home/kalle/projects/opengis/georama/.tox/.pkg/lib/python3.12/site-packages/pip-24.3.1.virtualenv [virtualenv/util/path/_sync.py:40]
.pkg: 89907 D generated console scripts pip pip3.12 pip-3.12 pip3 [virtualenv/seed/embed/via_app_data/pip_install/base.py:43]
.pkg: 89907 I add activators for Bash, CShell, Fish, Nushell, PowerShell, Python [virtualenv/run/session.py:63]
.pkg: 89908 D write /home/kalle/projects/opengis/georama/.tox/.pkg/pyvenv.cfg [virtualenv/create/pyenv_cfg.py:33]
.pkg: 89908 D 	home = /usr/bin [virtualenv/create/pyenv_cfg.py:38]
.pkg: 89908 D 	implementation = CPython [virtualenv/create/pyenv_cfg.py:38]
.pkg: 89908 D 	version_info = 3.12.7.final.0 [virtualenv/create/pyenv_cfg.py:38]
.pkg: 89908 D 	virtualenv = 20.27.1 [virtualenv/create/pyenv_cfg.py:38]
.pkg: 89908 D 	include-system-site-packages = false [virtualenv/create/pyenv_cfg.py:38]
.pkg: 89908 D 	base-prefix = /usr [virtualenv/create/pyenv_cfg.py:38]
.pkg: 89908 D 	base-exec-prefix = /usr [virtualenv/create/pyenv_cfg.py:38]
.pkg: 89909 D 	base-executable = /usr/bin/python3.12 [virtualenv/create/pyenv_cfg.py:38]
.pkg: 89910 W install_requires> python -I -m pip install setuptools setuptools-scm [tox/tox_env/api.py:427]
Collecting setuptools
  Using cached setuptools-75.6.0-py3-none-any.whl.metadata (6.7 kB)
Collecting setuptools-scm
  Using cached setuptools_scm-8.1.0-py3-none-any.whl.metadata (6.6 kB)
Collecting packaging>=20 (from setuptools-scm)
  Using cached packaging-24.2-py3-none-any.whl.metadata (3.2 kB)
Using cached setuptools-75.6.0-py3-none-any.whl (1.2 MB)
Using cached setuptools_scm-8.1.0-py3-none-any.whl (43 kB)
Using cached packaging-24.2-py3-none-any.whl (65 kB)
Installing collected packages: setuptools, packaging, setuptools-scm
Successfully installed packaging-24.2 setuptools-75.6.0 setuptools-scm-8.1.0
.pkg: 91406 I exit 0 (1.50 seconds) /home/kalle/projects/opengis/georama> python -I -m pip install setuptools setuptools-scm pid=604982 [tox/execute/api.py:280]
.pkg: 91407 W _optional_hooks> python /usr/lib/python3.12/site-packages/pyproject_api/_backend.py True setuptools.build_meta [tox/tox_env/api.py:427]
Backend: run command _optional_hooks with args {}
Backend: Wrote response {'return': {'get_requires_for_build_sdist': True, 'prepare_metadata_for_build_wheel': True, 'get_requires_for_build_wheel': True, 'build_editable': True, 'get_requires_for_build_editable': True, 'prepare_metadata_for_build_editable': True}} to /tmp/pep517__optional_hooks-ziiuo4za.json
.pkg: 91500 I exit None (0.09 seconds) /home/kalle/projects/opengis/georama> python /usr/lib/python3.12/site-packages/pyproject_api/_backend.py True setuptools.build_meta pid=605052 [tox/execute/api.py:280]
.pkg: 91500 W get_requires_for_build_sdist> python /usr/lib/python3.12/site-packages/pyproject_api/_backend.py True setuptools.build_meta [tox/tox_env/api.py:427]
Backend: run command get_requires_for_build_sdist with args {'config_settings': None}
running egg_info
writing src/georama.egg-info/PKG-INFO
writing dependency_links to src/georama.egg-info/dependency_links.txt
writing requirements to src/georama.egg-info/requires.txt
writing top-level names to src/georama.egg-info/top_level.txt
adding license file 'LICENSE'
writing manifest file 'src/georama.egg-info/SOURCES.txt'
Backend: Wrote response {'return': []} to /tmp/pep517_get_requires_for_build_sdist-l0c7c9u2.json
.pkg: 91614 I exit None (0.11 seconds) /home/kalle/projects/opengis/georama> python /usr/lib/python3.12/site-packages/pyproject_api/_backend.py True setuptools.build_meta pid=605052 [tox/execute/api.py:280]
.pkg: 91614 W get_requires_for_build_editable> python /usr/lib/python3.12/site-packages/pyproject_api/_backend.py True setuptools.build_meta [tox/tox_env/api.py:427]
Backend: run command get_requires_for_build_editable with args {'config_settings': None}
running egg_info
writing src/georama.egg-info/PKG-INFO
writing dependency_links to src/georama.egg-info/dependency_links.txt
writing requirements to src/georama.egg-info/requires.txt
writing top-level names to src/georama.egg-info/top_level.txt
adding license file 'LICENSE'
writing manifest file 'src/georama.egg-info/SOURCES.txt'
Backend: Wrote response {'return': []} to /tmp/pep517_get_requires_for_build_editable-x0jogd1y.json
.pkg: 91685 I exit None (0.07 seconds) /home/kalle/projects/opengis/georama> python /usr/lib/python3.12/site-packages/pyproject_api/_backend.py True setuptools.build_meta pid=605052 [tox/execute/api.py:280]
.pkg: 91686 W build_sdist> python /usr/lib/python3.12/site-packages/pyproject_api/_backend.py True setuptools.build_meta [tox/tox_env/api.py:427]
Backend: run command build_sdist with args {'sdist_directory': '/home/kalle/projects/opengis/georama/.tox/.pkg/dist', 'config_settings': None}
running sdist
running egg_info
writing src/georama.egg-info/PKG-INFO
writing dependency_links to src/georama.egg-info/dependency_links.txt
writing requirements to src/georama.egg-info/requires.txt
writing top-level names to src/georama.egg-info/top_level.txt
adding license file 'LICENSE'
writing manifest file 'src/georama.egg-info/SOURCES.txt'
running check
creating georama-0.0.1
creating georama-0.0.1/.github
creating georama-0.0.1/.github/workflows
creating georama-0.0.1/docs
creating georama-0.0.1/docs/scripts
creating georama-0.0.1/docs/src
creating georama-0.0.1/docs/src/assets
creating georama-0.0.1/docs/src/dev_guides
creating georama-0.0.1/geogirafe
creating georama-0.0.1/src/georama
creating georama-0.0.1/src/georama.egg-info
creating georama-0.0.1/src/georama/core
creating georama-0.0.1/src/georama/core/entities
creating georama-0.0.1/src/georama/core/templates
creating georama-0.0.1/src/georama/data_integration
creating georama-0.0.1/src/georama/data_integration/migrations
creating georama-0.0.1/src/georama/data_integration/templates/admin/data_integration/project
creating georama-0.0.1/src/georama/features
creating georama-0.0.1/src/georama/features/interfaces
creating georama-0.0.1/src/georama/features/interfaces/pygeoapi
creating georama-0.0.1/src/georama/features/interfaces/pygeoapi/openapi
creating georama-0.0.1/src/georama/features/interfaces/pygeoapi/server
creating georama-0.0.1/src/georama/features/migrations
creating georama-0.0.1/src/georama/features/static/vectorparrot/css
creating georama-0.0.1/src/georama/features/static/vectorparrot/img
creating georama-0.0.1/src/georama/features/templates/admin/features/publishedasvectorfeature
creating georama-0.0.1/src/georama/maps
creating georama-0.0.1/src/georama/maps/interfaces
creating georama-0.0.1/src/georama/maps/interfaces/ogc
creating georama-0.0.1/src/georama/maps/interfaces/ogc/wms_1_3_0
creating georama-0.0.1/src/georama/maps/interfaces/ogc/wms_1_3_0/capabilities
creating georama-0.0.1/src/georama/maps/interfaces/qsl
creating georama-0.0.1/src/georama/maps/migrations
creating georama-0.0.1/src/georama/maps/static/rasteroctopus/assets/img
creating georama-0.0.1/src/georama/maps/templates/admin/maps/publishedaswms
creating georama-0.0.1/src/georama/shop
creating georama-0.0.1/src/georama/shop/migrations
creating georama-0.0.1/src/georama/shop/static/geohamster/assets/img
creating georama-0.0.1/src/georama/webgis
creating georama-0.0.1/src/georama/webgis/interfaces
creating georama-0.0.1/src/georama/webgis/interfaces/geomapfish
creating georama-0.0.1/src/georama/webgis/interfaces/geomapfish/themes_json_2_8
creating georama-0.0.1/src/georama/webgis/management
creating georama-0.0.1/src/georama/webgis/management/commands
creating georama-0.0.1/src/georama/webgis/migrations
creating georama-0.0.1/src/georama/webgis/static/clogs/assets/css
creating georama-0.0.1/src/georama/webgis/static/clogs/assets/images
creating georama-0.0.1/src/georama/webgis/templates
creating georama-0.0.1/src/georama/webgis/templates/admin/clogs/publishedastheme
creating georama-0.0.1/src/georama/webgis/templates/adminsortable2/clogs/publishedastheme
creating georama-0.0.1/src/georama/webgis/templates/geogirafe
creating georama-0.0.1/src/georama/webgis/templates/gis
creating georama-0.0.1/tests/core
creating georama-0.0.1/tests/data_integration
creating georama-0.0.1/tests/features
creating georama-0.0.1/tests/maps
creating georama-0.0.1/tests/shop
creating georama-0.0.1/tests/webgis
copying files to georama-0.0.1...
copying .coveragerc.core -> georama-0.0.1
copying .dockerignore -> georama-0.0.1
copying .env.example -> georama-0.0.1
copying .gitignore -> georama-0.0.1
copying .pre-commit-config.yaml -> georama-0.0.1
copying .python-version -> georama-0.0.1
copying CHANGES.md -> georama-0.0.1
copying CONTRIBUTING.md -> georama-0.0.1
copying Dockerfile -> georama-0.0.1
copying LICENSE -> georama-0.0.1
copying Makefile -> georama-0.0.1
copying README.md -> georama-0.0.1
copying docker-compose.yml -> georama-0.0.1
copying pyproject.toml -> georama-0.0.1
copying setup.py -> georama-0.0.1
copying tox.ini -> georama-0.0.1
copying .github/labeler.yml -> georama-0.0.1/.github
copying .github/workflows/labeler.yaml -> georama-0.0.1/.github/workflows
copying .github/workflows/policy_lint.yml -> georama-0.0.1/.github/workflows
copying .github/workflows/test.yaml -> georama-0.0.1/.github/workflows
copying docs/mkdocs.yml -> georama-0.0.1/docs
copying docs/scripts/gen_api_refs_pages.py -> georama-0.0.1/docs/scripts
copying docs/scripts/parse_version.py -> georama-0.0.1/docs/scripts
copying docs/scripts/visualize-dockerfile.py -> georama-0.0.1/docs/scripts
copying docs/scripts/visualize-ga-workflow.py -> georama-0.0.1/docs/scripts
copying docs/src/build-process_DAG.md -> georama-0.0.1/docs/src
copying docs/src/cicd.md -> georama-0.0.1/docs/src
copying docs/src/cicd_mermaid.md -> georama-0.0.1/docs/src
copying docs/src/dockerfile_mermaid.md -> georama-0.0.1/docs/src
copying docs/src/index.md -> georama-0.0.1/docs/src
copying docs/src/tags.md -> georama-0.0.1/docs/src
copying docs/src/assets/docker_off.png -> georama-0.0.1/docs/src/assets
copying docs/src/dev_guides/docker.md -> georama-0.0.1/docs/src/dev_guides
copying docs/src/dev_guides/index.md -> georama-0.0.1/docs/src/dev_guides
copying geogirafe/config.json -> georama-0.0.1/geogirafe
copying src/georama/__init__.py -> georama-0.0.1/src/georama
copying src/georama/__main__.py -> georama-0.0.1/src/georama
copying src/georama/_logging.py -> georama-0.0.1/src/georama
copying src/georama/manage.py -> georama-0.0.1/src/georama
copying src/georama/py.typed -> georama-0.0.1/src/georama
copying src/georama/version.py -> georama-0.0.1/src/georama
copying src/georama.egg-info/PKG-INFO -> georama-0.0.1/src/georama.egg-info
copying src/georama.egg-info/SOURCES.txt -> georama-0.0.1/src/georama.egg-info
copying src/georama.egg-info/dependency_links.txt -> georama-0.0.1/src/georama.egg-info
copying src/georama.egg-info/requires.txt -> georama-0.0.1/src/georama.egg-info
copying src/georama.egg-info/top_level.txt -> georama-0.0.1/src/georama.egg-info
copying src/georama/core/__init__.py -> georama-0.0.1/src/georama/core
copying src/georama/core/apps.py -> georama-0.0.1/src/georama/core
copying src/georama/core/asgi.py -> georama-0.0.1/src/georama/core
copying src/georama/core/settings.py -> georama-0.0.1/src/georama/core
copying src/georama/core/urls.py -> georama-0.0.1/src/georama/core
copying src/georama/core/views.py -> georama-0.0.1/src/georama/core
copying src/georama/core/wsgi.py -> georama-0.0.1/src/georama/core
copying src/georama/core/entities/__init__.py -> georama-0.0.1/src/georama/core/entities
copying src/georama/core/entities/models.py -> georama-0.0.1/src/georama/core/entities
copying src/georama/core/templates/login.html -> georama-0.0.1/src/georama/core/templates
copying src/georama/data_integration/README.md -> georama-0.0.1/src/georama/data_integration
copying src/georama/data_integration/__init__.py -> georama-0.0.1/src/georama/data_integration
copying src/georama/data_integration/admin.py -> georama-0.0.1/src/georama/data_integration
copying src/georama/data_integration/apps.py -> georama-0.0.1/src/georama/data_integration
copying src/georama/data_integration/data_integration_config.py -> georama-0.0.1/src/georama/data_integration
copying src/georama/data_integration/models.py -> georama-0.0.1/src/georama/data_integration
copying src/georama/data_integration/tests.py -> georama-0.0.1/src/georama/data_integration
copying src/georama/data_integration/urls.py -> georama-0.0.1/src/georama/data_integration
copying src/georama/data_integration/views.py -> georama-0.0.1/src/georama/data_integration
copying src/georama/data_integration/migrations/0001_initial.py -> georama-0.0.1/src/georama/data_integration/migrations
copying src/georama/data_integration/migrations/0002_alter_project_unique_together.py -> georama-0.0.1/src/georama/data_integration/migrations
copying src/georama/data_integration/migrations/0003_rasterdataset_vectordataset_field_delete_dataset.py -> georama-0.0.1/src/georama/data_integration/migrations
copying src/georama/data_integration/migrations/0004_alter_field_unique_together_and_more.py -> georama-0.0.1/src/georama/data_integration/migrations
copying src/georama/data_integration/migrations/0005_rasterdataset_source_vectordataset_source.py -> georama-0.0.1/src/georama/data_integration/migrations
copying src/georama/data_integration/migrations/0006_project_hash.py -> georama-0.0.1/src/georama/data_integration/migrations
copying src/georama/data_integration/migrations/0007_alter_project_unique_together_project_group_and_more.py -> georama-0.0.1/src/georama/data_integration/migrations
copying src/georama/data_integration/migrations/0008_alter_project_name.py -> georama-0.0.1/src/georama/data_integration/migrations
copying src/georama/data_integration/migrations/0009_alter_rasterdataset_name_alter_vectordataset_name.py -> georama-0.0.1/src/georama/data_integration/migrations
copying src/georama/data_integration/migrations/0010_rasterdataset_qgis_layer_id_and_more.py -> georama-0.0.1/src/georama/data_integration/migrations
copying src/georama/data_integration/migrations/0011_rasterdataset_crs_vectordataset_crs.py -> georama-0.0.1/src/georama/data_integration/migrations
copying src/georama/data_integration/migrations/0012_rasterdataset_bbox_wgs84_vectordataset_bbox_wgs84.py -> georama-0.0.1/src/georama/data_integration/migrations
copying src/georama/data_integration/migrations/0013_customdataset.py -> georama-0.0.1/src/georama/data_integration/migrations
copying src/georama/data_integration/migrations/0014_mandant_alter_project_unique_together_and_more.py -> georama-0.0.1/src/georama/data_integration/migrations
copying src/georama/data_integration/migrations/0015_alter_project_mandant.py -> georama-0.0.1/src/georama/data_integration/migrations
copying src/georama/data_integration/migrations/0016_mandant_description.py -> georama-0.0.1/src/georama/data_integration/migrations
copying src/georama/data_integration/migrations/0017_customdataset_remote_rasterdataset_remote_and_more.py -> georama-0.0.1/src/georama/data_integration/migrations
copying src/georama/data_integration/migrations/0018_remove_customdataset_remote_and_more.py -> georama-0.0.1/src/georama/data_integration/migrations
copying src/georama/data_integration/migrations/0019_vectordataset_extent_buffer.py -> georama-0.0.1/src/georama/data_integration/migrations
copying src/georama/data_integration/migrations/0020_remove_vectordataset_extent_buffer.py -> georama-0.0.1/src/georama/data_integration/migrations
copying src/georama/data_integration/migrations/__init__.py -> georama-0.0.1/src/georama/data_integration/migrations
copying src/georama/data_integration/templates/admin/data_integration/project/change_list.html -> georama-0.0.1/src/georama/data_integration/templates/admin/data_integration/project
copying src/georama/data_integration/templates/admin/data_integration/project/qgis_projects.html -> georama-0.0.1/src/georama/data_integration/templates/admin/data_integration/project
copying src/georama/features/README.md -> georama-0.0.1/src/georama/features
copying src/georama/features/__init__.py -> georama-0.0.1/src/georama/features
copying src/georama/features/admin.py -> georama-0.0.1/src/georama/features
copying src/georama/features/apps.py -> georama-0.0.1/src/georama/features
copying src/georama/features/config_openapi.py -> georama-0.0.1/src/georama/features
copying src/georama/features/config_server.py -> georama-0.0.1/src/georama/features
copying src/georama/features/features_config.py -> georama-0.0.1/src/georama/features
copying src/georama/features/models.py -> georama-0.0.1/src/georama/features
copying src/georama/features/tests.py -> georama-0.0.1/src/georama/features
copying src/georama/features/urls.py -> georama-0.0.1/src/georama/features
copying src/georama/features/views.py -> georama-0.0.1/src/georama/features
copying src/georama/features/interfaces/__init__.py -> georama-0.0.1/src/georama/features/interfaces
copying src/georama/features/interfaces/pygeoapi.zip -> georama-0.0.1/src/georama/features/interfaces
copying src/georama/features/interfaces/pygeoapi/__init__.py -> georama-0.0.1/src/georama/features/interfaces/pygeoapi
copying src/georama/features/interfaces/pygeoapi/openapi/__init__.py -> georama-0.0.1/src/georama/features/interfaces/pygeoapi/openapi
copying src/georama/features/interfaces/pygeoapi/openapi/openapi.py -> georama-0.0.1/src/georama/features/interfaces/pygeoapi/openapi
copying src/georama/features/interfaces/pygeoapi/server/__init__.py -> georama-0.0.1/src/georama/features/interfaces/pygeoapi/server
copying src/georama/features/interfaces/pygeoapi/server/server.py -> georama-0.0.1/src/georama/features/interfaces/pygeoapi/server
copying src/georama/features/migrations/0001_initial.py -> georama-0.0.1/src/georama/features/migrations
copying src/georama/features/migrations/__init__.py -> georama-0.0.1/src/georama/features/migrations
copying src/georama/features/static/vectorparrot/css/default.css -> georama-0.0.1/src/georama/features/static/vectorparrot/css
copying src/georama/features/static/vectorparrot/img/favicon.ico -> georama-0.0.1/src/georama/features/static/vectorparrot/img
copying src/georama/features/static/vectorparrot/img/logo.jpg -> georama-0.0.1/src/georama/features/static/vectorparrot/img
copying src/georama/features/static/vectorparrot/img/logo.png -> georama-0.0.1/src/georama/features/static/vectorparrot/img
copying src/georama/features/static/vectorparrot/img/pygeoapi.png -> georama-0.0.1/src/georama/features/static/vectorparrot/img
copying src/georama/features/templates/admin/features/publishedasvectorfeature/publish.html -> georama-0.0.1/src/georama/features/templates/admin/features/publishedasvectorfeature
copying src/georama/maps/README.md -> georama-0.0.1/src/georama/maps
copying src/georama/maps/__init__.py -> georama-0.0.1/src/georama/maps
copying src/georama/maps/admin.py -> georama-0.0.1/src/georama/maps
copying src/georama/maps/apps.py -> georama-0.0.1/src/georama/maps
copying src/georama/maps/maps_config.py -> georama-0.0.1/src/georama/maps
copying src/georama/maps/models.py -> georama-0.0.1/src/georama/maps
copying src/georama/maps/tests.py -> georama-0.0.1/src/georama/maps
copying src/georama/maps/urls.py -> georama-0.0.1/src/georama/maps
copying src/georama/maps/views.py -> georama-0.0.1/src/georama/maps
copying src/georama/maps/interfaces/__init__.py -> georama-0.0.1/src/georama/maps/interfaces
copying src/georama/maps/interfaces/ogc/__init__.py -> georama-0.0.1/src/georama/maps/interfaces/ogc
copying src/georama/maps/interfaces/ogc/wms_1_3_0/__init__.py -> georama-0.0.1/src/georama/maps/interfaces/ogc/wms_1_3_0
copying src/georama/maps/interfaces/ogc/wms_1_3_0/capabilities/__init__.py -> georama-0.0.1/src/georama/maps/interfaces/ogc/wms_1_3_0/capabilities
copying src/georama/maps/interfaces/ogc/wms_1_3_0/capabilities/capabilities_1_3_0.py -> georama-0.0.1/src/georama/maps/interfaces/ogc/wms_1_3_0/capabilities
copying src/georama/maps/interfaces/ogc/wms_1_3_0/capabilities/xlink.py -> georama-0.0.1/src/georama/maps/interfaces/ogc/wms_1_3_0/capabilities
copying src/georama/maps/interfaces/ogc/wms_1_3_0/capabilities/xml.py -> georama-0.0.1/src/georama/maps/interfaces/ogc/wms_1_3_0/capabilities
copying src/georama/maps/interfaces/qsl/__init__.py -> georama-0.0.1/src/georama/maps/interfaces/qsl
copying src/georama/maps/migrations/0001_initial.py -> georama-0.0.1/src/georama/maps/migrations
copying src/georama/maps/migrations/__init__.py -> georama-0.0.1/src/georama/maps/migrations
copying src/georama/maps/static/rasteroctopus/assets/img/logo.png -> georama-0.0.1/src/georama/maps/static/rasteroctopus/assets/img
copying src/georama/maps/templates/admin/maps/publishedaswms/publish.html -> georama-0.0.1/src/georama/maps/templates/admin/maps/publishedaswms
copying src/georama/shop/README.md -> georama-0.0.1/src/georama/shop
copying src/georama/shop/__init__.py -> georama-0.0.1/src/georama/shop
copying src/georama/shop/admin.py -> georama-0.0.1/src/georama/shop
copying src/georama/shop/apps.py -> georama-0.0.1/src/georama/shop
copying src/georama/shop/models.py -> georama-0.0.1/src/georama/shop
copying src/georama/shop/tests.py -> georama-0.0.1/src/georama/shop
copying src/georama/shop/views.py -> georama-0.0.1/src/georama/shop
copying src/georama/shop/migrations/__init__.py -> georama-0.0.1/src/georama/shop/migrations
copying src/georama/shop/static/geohamster/assets/img/logo.alt.png -> georama-0.0.1/src/georama/shop/static/geohamster/assets/img
copying src/georama/shop/static/geohamster/assets/img/logo.png -> georama-0.0.1/src/georama/shop/static/geohamster/assets/img
copying src/georama/webgis/__init__.py -> georama-0.0.1/src/georama/webgis
copying src/georama/webgis/admin.py -> georama-0.0.1/src/georama/webgis
copying src/georama/webgis/apps.py -> georama-0.0.1/src/georama/webgis
copying src/georama/webgis/forms.py -> georama-0.0.1/src/georama/webgis
copying src/georama/webgis/models.py -> georama-0.0.1/src/georama/webgis
copying src/georama/webgis/tests.py -> georama-0.0.1/src/georama/webgis
copying src/georama/webgis/urls.py -> georama-0.0.1/src/georama/webgis
copying src/georama/webgis/views.py -> georama-0.0.1/src/georama/webgis
copying src/georama/webgis/interfaces/__init__.py -> georama-0.0.1/src/georama/webgis/interfaces
copying src/georama/webgis/interfaces/geomapfish/__init__.py -> georama-0.0.1/src/georama/webgis/interfaces/geomapfish
copying src/georama/webgis/interfaces/geomapfish/themes_json_2_8/__init__.py -> georama-0.0.1/src/georama/webgis/interfaces/geomapfish/themes_json_2_8
copying src/georama/webgis/interfaces/geomapfish/themes_json_2_8/dataclasses.py -> georama-0.0.1/src/georama/webgis/interfaces/geomapfish/themes_json_2_8
copying src/georama/webgis/interfaces/geomapfish/themes_json_2_8/parsers.py -> georama-0.0.1/src/georama/webgis/interfaces/geomapfish/themes_json_2_8
copying src/georama/webgis/management/__init__.py -> georama-0.0.1/src/georama/webgis/management
copying src/georama/webgis/management/commands/__init__.py -> georama-0.0.1/src/georama/webgis/management/commands
copying src/georama/webgis/management/commands/clone_geoportal.py -> georama-0.0.1/src/georama/webgis/management/commands
copying src/georama/webgis/management/commands/populate_themes.py -> georama-0.0.1/src/georama/webgis/management/commands
copying src/georama/webgis/migrations/0001_initial.py -> georama-0.0.1/src/georama/webgis/migrations
copying src/georama/webgis/migrations/__init__.py -> georama-0.0.1/src/georama/webgis/migrations
copying src/georama/webgis/static/clogs/assets/css/main.css -> georama-0.0.1/src/georama/webgis/static/clogs/assets/css
copying src/georama/webgis/static/clogs/assets/images/giraffe.svg -> georama-0.0.1/src/georama/webgis/static/clogs/assets/images
copying src/georama/webgis/static/clogs/assets/images/modern_times.gif -> georama-0.0.1/src/georama/webgis/static/clogs/assets/images
copying src/georama/webgis/templates/home.html -> georama-0.0.1/src/georama/webgis/templates
copying src/georama/webgis/templates/admin/clogs/publishedastheme/projects.html -> georama-0.0.1/src/georama/webgis/templates/admin/clogs/publishedastheme
copying src/georama/webgis/templates/adminsortable2/clogs/publishedastheme/change_list.html -> georama-0.0.1/src/georama/webgis/templates/adminsortable2/clogs/publishedastheme
copying src/georama/webgis/templates/geogirafe/index.html -> georama-0.0.1/src/georama/webgis/templates/geogirafe
copying src/georama/webgis/templates/geogirafe/mobile.html -> georama-0.0.1/src/georama/webgis/templates/geogirafe
copying src/georama/webgis/templates/gis/openlayers.html -> georama-0.0.1/src/georama/webgis/templates/gis
copying tests/core/smoke_test.py -> georama-0.0.1/tests/core
copying tests/data_integration/smoke_test.py -> georama-0.0.1/tests/data_integration
copying tests/features/smoke_test.py -> georama-0.0.1/tests/features
copying tests/maps/smoke_test.py -> georama-0.0.1/tests/maps
copying tests/shop/smoke_test.py -> georama-0.0.1/tests/shop
copying tests/webgis/smoke_test.py -> georama-0.0.1/tests/webgis
copying src/georama.egg-info/SOURCES.txt -> georama-0.0.1/src/georama.egg-info
Writing georama-0.0.1/setup.cfg
Creating tar archive
removing 'georama-0.0.1' (and everything under it)
Backend: Wrote response {'return': 'georama-0.0.1.tar.gz'} to /tmp/pep517_build_sdist-sg3al4jp.json
.pkg: 92032 I exit None (0.35 seconds) /home/kalle/projects/opengis/georama> python /usr/lib/python3.12/site-packages/pyproject_api/_backend.py True setuptools.build_meta pid=605052 [tox/execute/api.py:280]
.pkg: 92032 D package .tmp/package/4/georama-0.0.1.tar.gz links to .pkg/dist/georama-0.0.1.tar.gz (/home/kalle/projects/opengis/georama/.tox) [tox/util/file_view.py:39]
py310-sdist-linux: 92033 W install_package_deps> python -I -m pip install 'SQLAlchemy<2.0.0' async-timeout==4.0.3 click==8.1.7 django-admin-sortable2==2.2.1 django-cors-headers==4.3.1 django-jazzmin==3.0.0 django-ninja==0.22.2 django-simple-history==3.7.0 django-treebeard==4.7.1 django==5.0.6 'djangorestframework-gis@ git+https://github.com/openwisp/django-rest-framework-gis@4f244d5d8a7ad5b453fd04f64150818d15123e01' djangorestframework==3.15.1 gdal==3.9.1 geoalchemy2==0.15.2 psycopg2==2.9.9 pygeoapi==0.17.0 pytest-click==1.1.0 pytest-cov==5.0.0 pytest-explicit==1.0.1 pytest-run-subprocess==0.10.0 pytest-xdist==3.5.0 pytest==8.0.0 'qgis_server_light@ git+https://github.com/opengisch/qgis-server-light.git@e858981252e06fb63d2bb30f3c4281ee11996b3f' redis==5.0.8 'xsdata[cli,lxml,soap]==24.6.1' [tox/tox_env/api.py:427]
Collecting djangorestframework-gis@ git+https://github.com/openwisp/django-rest-framework-gis@4f244d5d8a7ad5b453fd04f64150818d15123e01
  Using cached djangorestframework_gis-1.0-py2.py3-none-any.whl
Collecting qgis_server_light@ git+https://github.com/opengisch/qgis-server-light.git@e858981252e06fb63d2bb30f3c4281ee11996b3f
  Using cached qgis_server_light-0.0.2-py2.py3-none-any.whl
Collecting SQLAlchemy<2.0.0
  Using cached SQLAlchemy-1.4.54-cp310-cp310-manylinux_2_5_x86_64.manylinux1_x86_64.manylinux_2_17_x86_64.manylinux2014_x86_64.whl.metadata (10 kB)
Collecting async-timeout==4.0.3
  Using cached async_timeout-4.0.3-py3-none-any.whl.metadata (4.2 kB)
Collecting click==8.1.7
  Using cached click-8.1.7-py3-none-any.whl.metadata (3.0 kB)
Collecting django-admin-sortable2==2.2.1
  Using cached django_admin_sortable2-2.2.1-py3-none-any.whl.metadata (3.8 kB)
Collecting django-cors-headers==4.3.1
  Using cached django_cors_headers-4.3.1-py3-none-any.whl.metadata (16 kB)
Collecting django-jazzmin==3.0.0
  Using cached django_jazzmin-3.0.0-py3-none-any.whl.metadata (6.2 kB)
Collecting django-ninja==0.22.2
  Using cached django_ninja-0.22.2-py3-none-any.whl.metadata (6.3 kB)
Collecting django-simple-history==3.7.0
  Using cached django_simple_history-3.7.0-py3-none-any.whl.metadata (24 kB)
Collecting django-treebeard==4.7.1
  Using cached django_treebeard-4.7.1-py3-none-any.whl.metadata (2.7 kB)
Collecting django==5.0.6
  Using cached Django-5.0.6-py3-none-any.whl.metadata (4.1 kB)
Collecting djangorestframework==3.15.1
  Using cached djangorestframework-3.15.1-py3-none-any.whl.metadata (11 kB)
Collecting gdal==3.9.1
  Using cached GDAL-3.9.1-cp310-cp310-linux_x86_64.whl
Collecting geoalchemy2==0.15.2
  Using cached GeoAlchemy2-0.15.2-py3-none-any.whl.metadata (2.1 kB)
Collecting psycopg2==2.9.9
  Using cached psycopg2-2.9.9-cp310-cp310-linux_x86_64.whl
Collecting pygeoapi==0.17.0
  Using cached pygeoapi-0.17.0-py2.py3-none-any.whl.metadata (2.4 kB)
Collecting pytest-click==1.1.0
  Using cached pytest_click-1.1.0-py3-none-any.whl.metadata (3.3 kB)
Collecting pytest-cov==5.0.0
  Using cached pytest_cov-5.0.0-py3-none-any.whl.metadata (27 kB)
Collecting pytest-explicit==1.0.1
  Using cached pytest_explicit-1.0.1-py3-none-any.whl.metadata (3.4 kB)
Collecting pytest-run-subprocess==0.10.0
  Using cached pytest_run_subprocess-0.10.0-py3-none-any.whl.metadata (8.3 kB)
Collecting pytest-xdist==3.5.0
  Using cached pytest_xdist-3.5.0-py3-none-any.whl.metadata (3.1 kB)
Collecting pytest==8.0.0
  Using cached pytest-8.0.0-py3-none-any.whl.metadata (7.8 kB)
Collecting redis==5.0.8
  Using cached redis-5.0.8-py3-none-any.whl.metadata (9.2 kB)
Collecting xsdata==24.6.1 (from xsdata[cli,lxml,soap]==24.6.1)
  Using cached xsdata-24.6.1-py3-none-any.whl.metadata (6.3 kB)
Collecting asgiref>=3.6 (from django-cors-headers==4.3.1)
  Using cached asgiref-3.8.1-py3-none-any.whl.metadata (9.3 kB)
Collecting pydantic<2.0.0,>=1.6 (from django-ninja==0.22.2)
  Using cached pydantic-1.10.19-cp310-cp310-manylinux_2_17_x86_64.manylinux2014_x86_64.whl.metadata (152 kB)
Collecting sqlparse>=0.3.1 (from django==5.0.6)
  Using cached sqlparse-0.5.3-py3-none-any.whl.metadata (3.9 kB)
Collecting packaging (from geoalchemy2==0.15.2)
  Using cached packaging-24.2-py3-none-any.whl.metadata (3.2 kB)
Collecting Babel (from pygeoapi==0.17.0)
  Using cached babel-2.16.0-py3-none-any.whl.metadata (1.5 kB)
Collecting filelock (from pygeoapi==0.17.0)
  Using cached filelock-3.16.1-py3-none-any.whl.metadata (2.9 kB)
Collecting Flask (from pygeoapi==0.17.0)
  Using cached flask-3.1.0-py3-none-any.whl.metadata (2.7 kB)
Collecting jinja2 (from pygeoapi==0.17.0)
  Using cached jinja2-3.1.4-py3-none-any.whl.metadata (2.6 kB)
Collecting jsonschema (from pygeoapi==0.17.0)
  Using cached jsonschema-4.23.0-py3-none-any.whl.metadata (7.9 kB)
Collecting pygeofilter (from pygeoapi==0.17.0)
  Using cached pygeofilter-0.2.4-py2.py3-none-any.whl.metadata (14 kB)
Collecting pygeoif (from pygeoapi==0.17.0)
  Using cached pygeoif-1.5.1-py3-none-any.whl.metadata (14 kB)
Collecting pyproj (from pygeoapi==0.17.0)
  Using cached pyproj-3.7.0-cp310-cp310-manylinux_2_17_x86_64.manylinux2014_x86_64.whl.metadata (31 kB)
Collecting python-dateutil (from pygeoapi==0.17.0)
  Using cached python_dateutil-2.9.0.post0-py2.py3-none-any.whl.metadata (8.4 kB)
Collecting pytz (from pygeoapi==0.17.0)
  Using cached pytz-2024.2-py2.py3-none-any.whl.metadata (22 kB)
Collecting PyYAML (from pygeoapi==0.17.0)
  Using cached PyYAML-6.0.2-cp310-cp310-manylinux_2_17_x86_64.manylinux2014_x86_64.whl.metadata (2.1 kB)
Collecting rasterio (from pygeoapi==0.17.0)
  Using cached rasterio-1.4.3-cp310-cp310-manylinux_2_17_x86_64.manylinux2014_x86_64.whl.metadata (9.1 kB)
Collecting requests (from pygeoapi==0.17.0)
  Using cached requests-2.32.3-py3-none-any.whl.metadata (4.6 kB)
Collecting shapely (from pygeoapi==0.17.0)
  Using cached shapely-2.0.6-cp310-cp310-manylinux_2_17_x86_64.manylinux2014_x86_64.whl.metadata (7.0 kB)
Collecting tinydb (from pygeoapi==0.17.0)
  Using cached tinydb-4.8.2-py3-none-any.whl.metadata (6.7 kB)
Collecting unicodecsv (from pygeoapi==0.17.0)
  Using cached unicodecsv-0.14.1-py3-none-any.whl
Collecting coverage>=5.2.1 (from coverage[toml]>=5.2.1->pytest-cov==5.0.0)
  Using cached coverage-7.6.9-cp310-cp310-manylinux_2_5_x86_64.manylinux1_x86_64.manylinux_2_17_x86_64.manylinux2014_x86_64.whl.metadata (8.2 kB)
Collecting execnet>=1.1 (from pytest-xdist==3.5.0)
  Using cached execnet-2.1.1-py3-none-any.whl.metadata (2.9 kB)
Collecting iniconfig (from pytest==8.0.0)
  Using cached iniconfig-2.0.0-py3-none-any.whl.metadata (2.6 kB)
Collecting pluggy<2.0,>=1.3.0 (from pytest==8.0.0)
  Using cached pluggy-1.5.0-py3-none-any.whl.metadata (4.8 kB)
Collecting exceptiongroup>=1.0.0rc8 (from pytest==8.0.0)
  Using cached exceptiongroup-1.2.2-py3-none-any.whl.metadata (6.6 kB)
Collecting tomli>=1.0.0 (from pytest==8.0.0)
  Using cached tomli-2.2.1-py3-none-any.whl.metadata (10 kB)
Collecting typing-extensions>=4.7.0 (from xsdata==24.6.1->xsdata[cli,lxml,soap]==24.6.1)
  Using cached typing_extensions-4.12.2-py3-none-any.whl.metadata (3.0 kB)
Collecting lxml>=4.5.0 (from xsdata[cli,lxml,soap]==24.6.1)
  Using cached lxml-5.3.0-cp310-cp310-manylinux_2_28_x86_64.whl.metadata (3.8 kB)
Collecting click-default-group>=1.2 (from xsdata[cli,lxml,soap]==24.6.1)
  Using cached click_default_group-1.2.4-py2.py3-none-any.whl.metadata (2.8 kB)
Collecting docformatter>=1.7.2 (from xsdata[cli,lxml,soap]==24.6.1)
  Using cached docformatter-1.7.5-py3-none-any.whl.metadata (8.3 kB)
Collecting toposort>=1.5 (from xsdata[cli,lxml,soap]==24.6.1)
  Using cached toposort-1.10-py3-none-any.whl.metadata (4.1 kB)
Collecting ruff>=0.3.0 (from xsdata[cli,lxml,soap]==24.6.1)
  Using cached ruff-0.8.3-py3-none-manylinux_2_17_x86_64.manylinux2014_x86_64.whl.metadata (25 kB)
Collecting greenlet!=0.4.17 (from SQLAlchemy<2.0.0)
  Using cached greenlet-3.1.1-cp310-cp310-manylinux_2_24_x86_64.manylinux_2_28_x86_64.whl.metadata (3.8 kB)
Collecting charset_normalizer<4.0.0,>=3.0.0 (from docformatter>=1.7.2->xsdata[cli,lxml,soap]==24.6.1)
  Using cached charset_normalizer-3.4.0-cp310-cp310-manylinux_2_17_x86_64.manylinux2014_x86_64.whl.metadata (34 kB)
Collecting untokenize<0.2.0,>=0.1.1 (from docformatter>=1.7.2->xsdata[cli,lxml,soap]==24.6.1)
  Using cached untokenize-0.1.1-py3-none-any.whl
Collecting MarkupSafe>=2.0 (from jinja2->pygeoapi==0.17.0)
  Using cached MarkupSafe-3.0.2-cp310-cp310-manylinux_2_17_x86_64.manylinux2014_x86_64.whl.metadata (4.0 kB)
Collecting Werkzeug>=3.1 (from Flask->pygeoapi==0.17.0)
  Using cached werkzeug-3.1.3-py3-none-any.whl.metadata (3.7 kB)
Collecting itsdangerous>=2.2 (from Flask->pygeoapi==0.17.0)
  Using cached itsdangerous-2.2.0-py3-none-any.whl.metadata (1.9 kB)
Collecting blinker>=1.9 (from Flask->pygeoapi==0.17.0)
  Using cached blinker-1.9.0-py3-none-any.whl.metadata (1.6 kB)
Collecting attrs>=22.2.0 (from jsonschema->pygeoapi==0.17.0)
  Using cached attrs-24.2.0-py3-none-any.whl.metadata (11 kB)
Collecting jsonschema-specifications>=2023.03.6 (from jsonschema->pygeoapi==0.17.0)
  Using cached jsonschema_specifications-2024.10.1-py3-none-any.whl.metadata (3.0 kB)
Collecting referencing>=0.28.4 (from jsonschema->pygeoapi==0.17.0)
  Using cached referencing-0.35.1-py3-none-any.whl.metadata (2.8 kB)
Collecting rpds-py>=0.7.1 (from jsonschema->pygeoapi==0.17.0)
  Using cached rpds_py-0.22.3-cp310-cp310-manylinux_2_17_x86_64.manylinux2014_x86_64.whl.metadata (4.2 kB)
Collecting dateparser (from pygeofilter->pygeoapi==0.17.0)
  Using cached dateparser-1.2.0-py2.py3-none-any.whl.metadata (28 kB)
Collecting lark<1.0 (from pygeofilter->pygeoapi==0.17.0)
  Using cached lark-0.12.0-py2.py3-none-any.whl.metadata (1.7 kB)
Collecting certifi (from pyproj->pygeoapi==0.17.0)
  Using cached certifi-2024.8.30-py3-none-any.whl.metadata (2.2 kB)
Collecting six>=1.5 (from python-dateutil->pygeoapi==0.17.0)
  Using cached six-1.17.0-py2.py3-none-any.whl.metadata (1.7 kB)
Collecting affine (from rasterio->pygeoapi==0.17.0)
  Using cached affine-2.4.0-py3-none-any.whl.metadata (4.0 kB)
Collecting cligj>=0.5 (from rasterio->pygeoapi==0.17.0)
  Using cached cligj-0.7.2-py3-none-any.whl.metadata (5.0 kB)
Collecting numpy>=1.24 (from rasterio->pygeoapi==0.17.0)
  Using cached numpy-2.2.0-cp310-cp310-manylinux_2_17_x86_64.manylinux2014_x86_64.whl.metadata (62 kB)
Collecting click-plugins (from rasterio->pygeoapi==0.17.0)
  Using cached click_plugins-1.1.1-py2.py3-none-any.whl.metadata (6.4 kB)
Collecting pyparsing (from rasterio->pygeoapi==0.17.0)
  Using cached pyparsing-3.2.0-py3-none-any.whl.metadata (5.0 kB)
Collecting idna<4,>=2.5 (from requests->pygeoapi==0.17.0)
  Using cached idna-3.10-py3-none-any.whl.metadata (10 kB)
Collecting urllib3<3,>=1.21.1 (from requests->pygeoapi==0.17.0)
  Using cached urllib3-2.2.3-py3-none-any.whl.metadata (6.5 kB)
Collecting regex!=2019.02.19,!=2021.8.27 (from dateparser->pygeofilter->pygeoapi==0.17.0)
  Using cached regex-2024.11.6-cp310-cp310-manylinux_2_17_x86_64.manylinux2014_x86_64.whl.metadata (40 kB)
Collecting tzlocal (from dateparser->pygeofilter->pygeoapi==0.17.0)
  Using cached tzlocal-5.2-py3-none-any.whl.metadata (7.8 kB)
Using cached async_timeout-4.0.3-py3-none-any.whl (5.7 kB)
Using cached click-8.1.7-py3-none-any.whl (97 kB)
Using cached django_admin_sortable2-2.2.1-py3-none-any.whl (77 kB)
Using cached django_cors_headers-4.3.1-py3-none-any.whl (12 kB)
Using cached django_jazzmin-3.0.0-py3-none-any.whl (2.8 MB)
Using cached django_ninja-0.22.2-py3-none-any.whl (2.3 MB)
Using cached django_simple_history-3.7.0-py3-none-any.whl (139 kB)
Using cached django_treebeard-4.7.1-py3-none-any.whl (93 kB)
Using cached Django-5.0.6-py3-none-any.whl (8.2 MB)
Using cached djangorestframework-3.15.1-py3-none-any.whl (1.1 MB)
Using cached GeoAlchemy2-0.15.2-py3-none-any.whl (73 kB)
Using cached pygeoapi-0.17.0-py2.py3-none-any.whl (445 kB)
Using cached pytest_click-1.1.0-py3-none-any.whl (4.1 kB)
Using cached pytest_cov-5.0.0-py3-none-any.whl (21 kB)
Using cached pytest_explicit-1.0.1-py3-none-any.whl (4.4 kB)
Using cached pytest_run_subprocess-0.10.0-py3-none-any.whl (17 kB)
Using cached pytest_xdist-3.5.0-py3-none-any.whl (42 kB)
Using cached pytest-8.0.0-py3-none-any.whl (334 kB)
Using cached redis-5.0.8-py3-none-any.whl (255 kB)
Using cached xsdata-24.6.1-py3-none-any.whl (228 kB)
Using cached SQLAlchemy-1.4.54-cp310-cp310-manylinux_2_5_x86_64.manylinux1_x86_64.manylinux_2_17_x86_64.manylinux2014_x86_64.whl (1.6 MB)
Using cached asgiref-3.8.1-py3-none-any.whl (23 kB)
Using cached click_default_group-1.2.4-py2.py3-none-any.whl (4.1 kB)
Using cached coverage-7.6.9-cp310-cp310-manylinux_2_5_x86_64.manylinux1_x86_64.manylinux_2_17_x86_64.manylinux2014_x86_64.whl (234 kB)
Using cached docformatter-1.7.5-py3-none-any.whl (32 kB)
Using cached exceptiongroup-1.2.2-py3-none-any.whl (16 kB)
Using cached execnet-2.1.1-py3-none-any.whl (40 kB)
Using cached greenlet-3.1.1-cp310-cp310-manylinux_2_24_x86_64.manylinux_2_28_x86_64.whl (599 kB)
Using cached jinja2-3.1.4-py3-none-any.whl (133 kB)
Using cached lxml-5.3.0-cp310-cp310-manylinux_2_28_x86_64.whl (5.0 MB)
Using cached pluggy-1.5.0-py3-none-any.whl (20 kB)
Using cached pydantic-1.10.19-cp310-cp310-manylinux_2_17_x86_64.manylinux2014_x86_64.whl (3.1 MB)
Using cached ruff-0.8.3-py3-none-manylinux_2_17_x86_64.manylinux2014_x86_64.whl (11.2 MB)
Using cached sqlparse-0.5.3-py3-none-any.whl (44 kB)
Using cached tomli-2.2.1-py3-none-any.whl (14 kB)
Using cached toposort-1.10-py3-none-any.whl (8.5 kB)
Using cached typing_extensions-4.12.2-py3-none-any.whl (37 kB)
Using cached babel-2.16.0-py3-none-any.whl (9.6 MB)
Using cached filelock-3.16.1-py3-none-any.whl (16 kB)
Using cached flask-3.1.0-py3-none-any.whl (102 kB)
Using cached iniconfig-2.0.0-py3-none-any.whl (5.9 kB)
Using cached jsonschema-4.23.0-py3-none-any.whl (88 kB)
Using cached packaging-24.2-py3-none-any.whl (65 kB)
Using cached pygeofilter-0.2.4-py2.py3-none-any.whl (81 kB)
Using cached pygeoif-1.5.1-py3-none-any.whl (28 kB)
Using cached pyproj-3.7.0-cp310-cp310-manylinux_2_17_x86_64.manylinux2014_x86_64.whl (9.2 MB)
Using cached python_dateutil-2.9.0.post0-py2.py3-none-any.whl (229 kB)
Using cached pytz-2024.2-py2.py3-none-any.whl (508 kB)
Using cached PyYAML-6.0.2-cp310-cp310-manylinux_2_17_x86_64.manylinux2014_x86_64.whl (751 kB)
Using cached rasterio-1.4.3-cp310-cp310-manylinux_2_17_x86_64.manylinux2014_x86_64.whl (22.2 MB)
Using cached requests-2.32.3-py3-none-any.whl (64 kB)
Using cached shapely-2.0.6-cp310-cp310-manylinux_2_17_x86_64.manylinux2014_x86_64.whl (2.5 MB)
Using cached tinydb-4.8.2-py3-none-any.whl (24 kB)
Using cached attrs-24.2.0-py3-none-any.whl (63 kB)
Using cached blinker-1.9.0-py3-none-any.whl (8.5 kB)
Using cached certifi-2024.8.30-py3-none-any.whl (167 kB)
Using cached charset_normalizer-3.4.0-cp310-cp310-manylinux_2_17_x86_64.manylinux2014_x86_64.whl (144 kB)
Using cached cligj-0.7.2-py3-none-any.whl (7.1 kB)
Using cached idna-3.10-py3-none-any.whl (70 kB)
Using cached itsdangerous-2.2.0-py3-none-any.whl (16 kB)
Using cached jsonschema_specifications-2024.10.1-py3-none-any.whl (18 kB)
Using cached lark-0.12.0-py2.py3-none-any.whl (103 kB)
Using cached MarkupSafe-3.0.2-cp310-cp310-manylinux_2_17_x86_64.manylinux2014_x86_64.whl (20 kB)
Using cached numpy-2.2.0-cp310-cp310-manylinux_2_17_x86_64.manylinux2014_x86_64.whl (16.4 MB)
Using cached referencing-0.35.1-py3-none-any.whl (26 kB)
Using cached rpds_py-0.22.3-cp310-cp310-manylinux_2_17_x86_64.manylinux2014_x86_64.whl (381 kB)
Using cached six-1.17.0-py2.py3-none-any.whl (11 kB)
Using cached urllib3-2.2.3-py3-none-any.whl (126 kB)
Using cached werkzeug-3.1.3-py3-none-any.whl (224 kB)
Using cached affine-2.4.0-py3-none-any.whl (15 kB)
Using cached click_plugins-1.1.1-py2.py3-none-any.whl (7.5 kB)
Using cached dateparser-1.2.0-py2.py3-none-any.whl (294 kB)
Using cached pyparsing-3.2.0-py3-none-any.whl (106 kB)
Using cached regex-2024.11.6-cp310-cp310-manylinux_2_17_x86_64.manylinux2014_x86_64.whl (781 kB)
Using cached tzlocal-5.2-py3-none-any.whl (17 kB)
Installing collected packages: untokenize, unicodecsv, toposort, qgis_server_light, pytz, lark, urllib3, tzlocal, typing-extensions, tomli, tinydb, sqlparse, six, ruff, rpds-py, regex, PyYAML, pyparsing, psycopg2, pluggy, packaging, numpy, MarkupSafe, lxml, itsdangerous, iniconfig, idna, greenlet, gdal, filelock, execnet, exceptiongroup, coverage, click, charset_normalizer, certifi, blinker, Babel, attrs, async-timeout, affine, xsdata, Werkzeug, SQLAlchemy, shapely, requests, referencing, redis, python-dateutil, pytest, pyproj, pygeoif, pydantic, jinja2, docformatter, cligj, click-plugins, click-default-group, asgiref, rasterio, pytest-xdist, pytest-run-subprocess, pytest-explicit, pytest-cov, pytest-click, jsonschema-specifications, geoalchemy2, Flask, django, dateparser, pygeofilter, jsonschema, djangorestframework, django-treebeard, django-simple-history, django-ninja, django-jazzmin, django-cors-headers, django-admin-sortable2, pygeoapi, djangorestframework-gis
Successfully installed Babel-2.16.0 Flask-3.1.0 MarkupSafe-3.0.2 PyYAML-6.0.2 SQLAlchemy-1.4.54 Werkzeug-3.1.3 affine-2.4.0 asgiref-3.8.1 async-timeout-4.0.3 attrs-24.2.0 blinker-1.9.0 certifi-2024.8.30 charset_normalizer-3.4.0 click-8.1.7 click-default-group-1.2.4 click-plugins-1.1.1 cligj-0.7.2 coverage-7.6.9 dateparser-1.2.0 django-5.0.6 django-admin-sortable2-2.2.1 django-cors-headers-4.3.1 django-jazzmin-3.0.0 django-ninja-0.22.2 django-simple-history-3.7.0 django-treebeard-4.7.1 djangorestframework-3.15.1 djangorestframework-gis-1.0 docformatter-1.7.5 exceptiongroup-1.2.2 execnet-2.1.1 filelock-3.16.1 gdal-3.9.1 geoalchemy2-0.15.2 greenlet-3.1.1 idna-3.10 iniconfig-2.0.0 itsdangerous-2.2.0 jinja2-3.1.4 jsonschema-4.23.0 jsonschema-specifications-2024.10.1 lark-0.12.0 lxml-5.3.0 numpy-2.2.0 packaging-24.2 pluggy-1.5.0 psycopg2-2.9.9 pydantic-1.10.19 pygeoapi-0.17.0 pygeofilter-0.2.4 pygeoif-1.5.1 pyparsing-3.2.0 pyproj-3.7.0 pytest-8.0.0 pytest-click-1.1.0 pytest-cov-5.0.0 pytest-explicit-1.0.1 pytest-run-subprocess-0.10.0 pytest-xdist-3.5.0 python-dateutil-2.9.0.post0 pytz-2024.2 qgis_server_light-0.0.2 rasterio-1.4.3 redis-5.0.8 referencing-0.35.1 regex-2024.11.6 requests-2.32.3 rpds-py-0.22.3 ruff-0.8.3 shapely-2.0.6 six-1.17.0 sqlparse-0.5.3 tinydb-4.8.2 tomli-2.2.1 toposort-1.10 typing-extensions-4.12.2 tzlocal-5.2 unicodecsv-0.14.1 untokenize-0.1.1 urllib3-2.2.3 xsdata-24.6.1
py310-sdist-linux: 117810 I exit 0 (25.78 seconds) /home/kalle/projects/opengis/georama> python -I -m pip install 'SQLAlchemy<2.0.0' async-timeout==4.0.3 click==8.1.7 django-admin-sortable2==2.2.1 django-cors-headers==4.3.1 django-jazzmin==3.0.0 django-ninja==0.22.2 django-simple-history==3.7.0 django-treebeard==4.7.1 django==5.0.6 'djangorestframework-gis@ git+https://github.com/openwisp/django-rest-framework-gis@4f244d5d8a7ad5b453fd04f64150818d15123e01' djangorestframework==3.15.1 gdal==3.9.1 geoalchemy2==0.15.2 psycopg2==2.9.9 pygeoapi==0.17.0 pytest-click==1.1.0 pytest-cov==5.0.0 pytest-explicit==1.0.1 pytest-run-subprocess==0.10.0 pytest-xdist==3.5.0 pytest==8.0.0 'qgis_server_light@ git+https://github.com/opengisch/qgis-server-light.git@e858981252e06fb63d2bb30f3c4281ee11996b3f' redis==5.0.8 'xsdata[cli,lxml,soap]==24.6.1' pid=605329 [tox/execute/api.py:280]
py310-sdist-linux: 117811 W install_package> python -I -m pip install --force-reinstall --no-deps /home/kalle/projects/opengis/georama/.tox/.tmp/package/4/georama-0.0.1.tar.gz [tox/tox_env/api.py:427]
Processing ./.tox/.tmp/package/4/georama-0.0.1.tar.gz
  Installing build dependencies: started
  Installing build dependencies: finished with status 'done'
  Getting requirements to build wheel: started
  Getting requirements to build wheel: finished with status 'done'
  Preparing metadata (pyproject.toml): started
  Preparing metadata (pyproject.toml): finished with status 'done'
Building wheels for collected packages: georama
  Building wheel for georama (pyproject.toml): started
  Building wheel for georama (pyproject.toml): finished with status 'done'
  Created wheel for georama: filename=georama-0.0.1-py3-none-any.whl size=4410461 sha256=eaf1396a542023360aa9f4c0089078d8d36f280f63a9852ea2181ea8af895736
  Stored in directory: /home/kalle/.cache/pip/wheels/ed/35/66/87f0bde2a2f1f6bc735759fe74eaa2bff9a9e30c69be81d3c8
Successfully built georama
Installing collected packages: georama
Successfully installed georama-0.0.1
py310-sdist-linux: 123997 I exit 0 (6.19 seconds) /home/kalle/projects/opengis/georama> python -I -m pip install --force-reinstall --no-deps /home/kalle/projects/opengis/georama/.tox/.tmp/package/4/georama-0.0.1.tar.gz pid=605900 [tox/execute/api.py:280]
py310-sdist-linux: 123998 W commands[0]> pytest -ra --cov --cov-report=term-missing --cov-report=html:/home/kalle/projects/opengis/georama/.tox/py310-sdist-linux/htmlcov --cov-context=test --cov-report=xml:/home/kalle/projects/opengis/georama/.tox/coverage.py310-sdist-linux.xml -n auto tests [tox/tox_env/api.py:427]
============================= test session starts ==============================
platform linux -- Python 3.10.4, pytest-8.0.0, pluggy-1.5.0
cachedir: .tox/py310-sdist-linux/.pytest_cache
rootdir: /home/kalle/projects/opengis/georama
configfile: pyproject.toml
plugins: run-subprocess-0.10.0, cov-5.0.0, explicit-1.0.1, click-1.1.0, xdist-3.5.0
created: 16/16 workers
16 workers [1 item]

.                                                                        [100%]
==================================== ERRORS ====================================
____________ ERROR collecting tests/data_integration/smoke_test.py _____________
import file mismatch:
imported module 'smoke_test' has this __file__ attribute:
  /home/kalle/projects/opengis/georama/tests/core/smoke_test.py
which is not the same as the test file we want to collect:
  /home/kalle/projects/opengis/georama/tests/data_integration/smoke_test.py
HINT: remove __pycache__ / .pyc files and/or use a unique basename for your test file modules
________________ ERROR collecting tests/features/smoke_test.py _________________
import file mismatch:
imported module 'smoke_test' has this __file__ attribute:
  /home/kalle/projects/opengis/georama/tests/core/smoke_test.py
which is not the same as the test file we want to collect:
  /home/kalle/projects/opengis/georama/tests/features/smoke_test.py
HINT: remove __pycache__ / .pyc files and/or use a unique basename for your test file modules
__________________ ERROR collecting tests/maps/smoke_test.py ___________________
import file mismatch:
imported module 'smoke_test' has this __file__ attribute:
  /home/kalle/projects/opengis/georama/tests/core/smoke_test.py
which is not the same as the test file we want to collect:
  /home/kalle/projects/opengis/georama/tests/maps/smoke_test.py
HINT: remove __pycache__ / .pyc files and/or use a unique basename for your test file modules
__________________ ERROR collecting tests/shop/smoke_test.py ___________________
import file mismatch:
imported module 'smoke_test' has this __file__ attribute:
  /home/kalle/projects/opengis/georama/tests/core/smoke_test.py
which is not the same as the test file we want to collect:
  /home/kalle/projects/opengis/georama/tests/shop/smoke_test.py
HINT: remove __pycache__ / .pyc files and/or use a unique basename for your test file modules
_________________ ERROR collecting tests/webgis/smoke_test.py __________________
import file mismatch:
imported module 'smoke_test' has this __file__ attribute:
  /home/kalle/projects/opengis/georama/tests/core/smoke_test.py
which is not the same as the test file we want to collect:
  /home/kalle/projects/opengis/georama/tests/webgis/smoke_test.py
HINT: remove __pycache__ / .pyc files and/or use a unique basename for your test file modules

---------- coverage: platform linux, python 3.10.4-final-0 -----------
Name                       Stmts   Miss  Cover   Missing
--------------------------------------------------------
tests/core/smoke_test.py       3      0   100%
--------------------------------------------------------
TOTAL                          3      0   100%
Coverage HTML written to dir /home/kalle/projects/opengis/georama/.tox/py310-sdist-linux/htmlcov
Coverage XML written to file /home/kalle/projects/opengis/georama/.tox/coverage.py310-sdist-linux.xml

=========================== short test summary info ============================
ERROR tests/data_integration/smoke_test.py
ERROR tests/features/smoke_test.py
ERROR tests/maps/smoke_test.py
ERROR tests/shop/smoke_test.py
ERROR tests/webgis/smoke_test.py
========================= 1 passed, 5 errors in 1.64s ==========================
py310-sdist-linux: 126359 C exit 1 (2.36 seconds) /home/kalle/projects/opengis/georama> pytest -ra --cov --cov-report=term-missing --cov-report=html:/home/kalle/projects/opengis/georama/.tox/py310-sdist-linux/htmlcov --cov-context=test --cov-report=xml:/home/kalle/projects/opengis/georama/.tox/coverage.py310-sdist-linux.xml -n auto tests pid=605995 [tox/execute/api.py:280]
py310-sdist-linux: FAIL ✖ in 36.66 seconds
py310-sdist-macos: 126362 I find interpreter for spec PythonSpec(major=3, minor=10) [virtualenv/discovery/builtin.py:73]
py310-sdist-macos: 126362 I proposed PythonInfo(spec=CPython3.12.7.final.0-64, exe=/usr/bin/python, platform=linux, version='3.12.7 (main, Oct  1 2024, 11:15:50) [GCC 14.2.1 20240910]', encoding_fs_io=utf-8-utf-8) [virtualenv/discovery/builtin.py:80]
py310-sdist-macos: 126362 D discover PATH[0]=/home/kalle/projects/opengis/georama/.venv/bin [virtualenv/discovery/builtin.py:149]
py310-sdist-macos: 126362 D discover exe from cache /home/kalle/.pyenv/versions/3.10.4 - exact False: PathPythonInfo({'architecture': 64, 'base_exec_prefix': '/home/kalle/.pyenv/versions/3.10.4', 'base_prefix': '/home/kalle/.pyenv/versions/3.10.4', 'distutils_install': {'data': '', 'headers': 'include/python3.10/UNKNOWN', 'platlib': 'lib/python3.10/site-packages', 'purelib': 'lib/python3.10/site-packages', 'scripts': 'bin'}, 'exec_prefix': '/home/kalle/.pyenv/versions/3.10.4', 'executable': '/home/kalle/projects/opengis/georama/.venv/bin/python3.10', 'file_system_encoding': 'utf-8', 'has_venv': True, 'implementation': 'CPython', 'max_size': 9223372036854775807, 'original_executable': '/home/kalle/.pyenv/versions/3.10.4/bin/python3.10', 'os': 'posix', 'path': ['/usr/lib/python3.12/site-packages/virtualenv/discovery', '/home/kalle/.pyenv/versions/3.10.4/lib/python310.zip', '/home/kalle/.pyenv/versions/3.10.4/lib/python3.10', '/home/kalle/.pyenv/versions/3.10.4/lib/python3.10/lib-dynload', '/home/kalle/.local/lib/python3.10/site-packages', '/home/kalle/.pyenv/versions/3.10.4/lib/python3.10/site-packages'], 'platform': 'linux', 'prefix': '/home/kalle/.pyenv/versions/3.10.4', 'real_prefix': None, 'stdout_encoding': 'utf-8', 'sysconfig': {'makefile_filename': '/home/kalle/.pyenv/versions/3.10.4/lib/python3.10/config-3.10-x86_64-linux-gnu/Makefile'}, 'sysconfig_paths': {'data': '{base}', 'include': '{installed_base}/include/python{py_version_short}{abiflags}', 'platlib': '{platbase}/{platlibdir}/python{py_version_short}/site-packages', 'platstdlib': '{platbase}/{platlibdir}/python{py_version_short}', 'purelib': '{base}/lib/python{py_version_short}/site-packages', 'scripts': '{base}/bin', 'stdlib': '{installed_base}/{platlibdir}/python{py_version_short}'}, 'sysconfig_scheme': None, 'sysconfig_vars': {'PYTHONFRAMEWORK': '', 'abiflags': '', 'base': '/home/kalle/.pyenv/versions/3.10.4', 'installed_base': '/home/kalle/.pyenv/versions/3.10.4', 'platbase': '/home/kalle/.pyenv/versions/3.10.4', 'platlibdir': 'lib', 'py_version_short': '3.10'}, 'system_executable': '/home/kalle/.pyenv/versions/3.10.4/bin/python3.10', 'system_stdlib': '/home/kalle/.pyenv/versions/3.10.4/lib/python3.10', 'system_stdlib_platform': '/home/kalle/.pyenv/versions/3.10.4/lib/python3.10', 'version': '3.10.4 (main, May 23 2024, 22:41:52) [GCC 14.1.1 20240507]', 'version_info': VersionInfo(major=3, minor=10, micro=4, releaselevel='final', serial=0), 'version_nodot': '310'}) [virtualenv/discovery/py_info.py:435]
py310-sdist-macos: 126362 I proposed PathPythonInfo(spec=CPython3.10.4.final.0-64, system=/home/kalle/.pyenv/versions/3.10.4/bin/python3.10, exe=/home/kalle/projects/opengis/georama/.venv/bin/python3.10, platform=linux, version='3.10.4 (main, May 23 2024, 22:41:52) [GCC 14.1.1 20240507]', encoding_fs_io=utf-8-utf-8) [virtualenv/discovery/builtin.py:80]
py310-sdist-macos: 126362 D accepted PathPythonInfo(spec=CPython3.10.4.final.0-64, system=/home/kalle/.pyenv/versions/3.10.4/bin/python3.10, exe=/home/kalle/projects/opengis/georama/.venv/bin/python3.10, platform=linux, version='3.10.4 (main, May 23 2024, 22:41:52) [GCC 14.1.1 20240507]', encoding_fs_io=utf-8-utf-8) [virtualenv/discovery/builtin.py:82]
py310-sdist-macos: 126363 I create virtual environment via CPython3Posix(dest=/home/kalle/projects/opengis/georama/.tox/py310-sdist-macos, clear=False, no_vcs_ignore=False, global=False) [virtualenv/run/session.py:50]
py310-sdist-macos: 126363 D create folder /home/kalle/projects/opengis/georama/.tox/py310-sdist-macos/bin [virtualenv/util/path/_sync.py:12]
py310-sdist-macos: 126363 D create folder /home/kalle/projects/opengis/georama/.tox/py310-sdist-macos/lib/python3.10/site-packages [virtualenv/util/path/_sync.py:12]
py310-sdist-macos: 126363 D write /home/kalle/projects/opengis/georama/.tox/py310-sdist-macos/pyvenv.cfg [virtualenv/create/pyenv_cfg.py:33]
py310-sdist-macos: 126363 D 	home = /home/kalle/.pyenv/versions/3.10.4/bin [virtualenv/create/pyenv_cfg.py:38]
py310-sdist-macos: 126364 D 	implementation = CPython [virtualenv/create/pyenv_cfg.py:38]
py310-sdist-macos: 126364 D 	version_info = 3.10.4.final.0 [virtualenv/create/pyenv_cfg.py:38]
py310-sdist-macos: 126364 D 	virtualenv = 20.27.1 [virtualenv/create/pyenv_cfg.py:38]
py310-sdist-macos: 126364 D 	include-system-site-packages = false [virtualenv/create/pyenv_cfg.py:38]
py310-sdist-macos: 126364 D 	base-prefix = /home/kalle/.pyenv/versions/3.10.4 [virtualenv/create/pyenv_cfg.py:38]
py310-sdist-macos: 126364 D 	base-exec-prefix = /home/kalle/.pyenv/versions/3.10.4 [virtualenv/create/pyenv_cfg.py:38]
py310-sdist-macos: 126364 D 	base-executable = /home/kalle/.pyenv/versions/3.10.4/bin/python3.10 [virtualenv/create/pyenv_cfg.py:38]
py310-sdist-macos: 126364 D symlink /home/kalle/.pyenv/versions/3.10.4/bin/python3.10 to /home/kalle/projects/opengis/georama/.tox/py310-sdist-macos/bin/python [virtualenv/util/path/_sync.py:32]
py310-sdist-macos: 126364 D create virtualenv import hook file /home/kalle/projects/opengis/georama/.tox/py310-sdist-macos/lib/python3.10/site-packages/_virtualenv.pth [virtualenv/create/via_global_ref/api.py:91]
py310-sdist-macos: 126364 D create /home/kalle/projects/opengis/georama/.tox/py310-sdist-macos/lib/python3.10/site-packages/_virtualenv.py [virtualenv/create/via_global_ref/api.py:94]
py310-sdist-macos: 126364 D ============================== target debug ============================== [virtualenv/run/session.py:52]
py310-sdist-macos: 126364 D debug via /home/kalle/projects/opengis/georama/.tox/py310-sdist-macos/bin/python /usr/lib/python3.12/site-packages/virtualenv/create/debug.py [virtualenv/create/creator.py:200]
py310-sdist-macos: 126364 D {
  "sys": {
    "executable": "/home/kalle/projects/opengis/georama/.tox/py310-sdist-macos/bin/python",
    "_base_executable": "/home/kalle/projects/opengis/georama/.tox/py310-sdist-macos/bin/python",
    "prefix": "/home/kalle/projects/opengis/georama/.tox/py310-sdist-macos",
    "base_prefix": "/home/kalle/.pyenv/versions/3.10.4",
    "real_prefix": null,
    "exec_prefix": "/home/kalle/projects/opengis/georama/.tox/py310-sdist-macos",
    "base_exec_prefix": "/home/kalle/.pyenv/versions/3.10.4",
    "path": [
      "/home/kalle/.pyenv/versions/3.10.4/lib/python310.zip",
      "/home/kalle/.pyenv/versions/3.10.4/lib/python3.10",
      "/home/kalle/.pyenv/versions/3.10.4/lib/python3.10/lib-dynload",
      "/home/kalle/projects/opengis/georama/.tox/py310-sdist-macos/lib/python3.10/site-packages"
    ],
    "meta_path": [
      "<class '_virtualenv._Finder'>",
      "<class '_frozen_importlib.BuiltinImporter'>",
      "<class '_frozen_importlib.FrozenImporter'>",
      "<class '_frozen_importlib_external.PathFinder'>"
    ],
    "fs_encoding": "utf-8",
    "io_encoding": "utf-8"
  },
  "version": "3.10.4 (main, May 23 2024, 22:41:52) [GCC 14.1.1 20240507]",
  "makefile_filename": "/home/kalle/.pyenv/versions/3.10.4/lib/python3.10/config-3.10-x86_64-linux-gnu/Makefile",
  "os": "<module 'os' from '/home/kalle/.pyenv/versions/3.10.4/lib/python3.10/os.py'>",
  "site": "<module 'site' from '/home/kalle/.pyenv/versions/3.10.4/lib/python3.10/site.py'>",
  "datetime": "<module 'datetime' from '/home/kalle/.pyenv/versions/3.10.4/lib/python3.10/datetime.py'>",
  "math": "<module 'math' from '/home/kalle/.pyenv/versions/3.10.4/lib/python3.10/lib-dynload/math.cpython-310-x86_64-linux-gnu.so'>",
  "json": "<module 'json' from '/home/kalle/.pyenv/versions/3.10.4/lib/python3.10/json/__init__.py'>"
} [virtualenv/run/session.py:53]
py310-sdist-macos: 126387 I add seed packages via FromAppData(download=False, pip=bundle, setuptools=bundle, wheel=bundle, via=copy, app_data_dir=/home/kalle/.local/share/virtualenv) [virtualenv/run/session.py:57]
py310-sdist-macos: 126389 D got embed update of distribution %s from ('wheel', PosixPath('/home/kalle/.local/share/virtualenv/wheel/3.10/embed/3/wheel.json')) [virtualenv/app_data/via_disk_folder.py:131]
py310-sdist-macos: 126390 D got embed update of distribution %s from ('setuptools', PosixPath('/home/kalle/.local/share/virtualenv/wheel/3.10/embed/3/setuptools.json')) [virtualenv/app_data/via_disk_folder.py:131]
py310-sdist-macos: 126390 D using periodically updated wheel /home/kalle/.local/share/virtualenv/wheel/house/setuptools-74.0.0-py3-none-any.whl [virtualenv/seed/wheels/periodic_update.py:48]
py310-sdist-macos: 126390 D got embed update of distribution %s from ('pip', PosixPath('/home/kalle/.local/share/virtualenv/wheel/3.10/embed/3/pip.json')) [virtualenv/app_data/via_disk_folder.py:131]
py310-sdist-macos: 126390 D using periodically updated wheel /home/kalle/.local/share/virtualenv/wheel/house/pip-24.2-py3-none-any.whl [virtualenv/seed/wheels/periodic_update.py:48]
py310-sdist-macos: 126390 D install wheel from wheel /usr/lib/python3.12/site-packages/virtualenv/seed/wheels/embed/wheel-0.44.0-py3-none-any.whl via CopyPipInstall [virtualenv/seed/embed/via_app_data/via_app_data.py:49]
py310-sdist-macos: 126391 D install setuptools from wheel /home/kalle/.local/share/virtualenv/wheel/house/setuptools-74.0.0-py3-none-any.whl via CopyPipInstall [virtualenv/seed/embed/via_app_data/via_app_data.py:49]
py310-sdist-macos: 126391 D install pip from wheel /home/kalle/.local/share/virtualenv/wheel/house/pip-24.2-py3-none-any.whl via CopyPipInstall [virtualenv/seed/embed/via_app_data/via_app_data.py:49]
py310-sdist-macos: 126392 D copy directory /home/kalle/.local/share/virtualenv/wheel/3.10/image/1/CopyPipInstall/pip-24.2-py3-none-any/pip-24.2.dist-info to /home/kalle/projects/opengis/georama/.tox/py310-sdist-macos/lib/python3.10/site-packages/pip-24.2.dist-info [virtualenv/util/path/_sync.py:40]
py310-sdist-macos: 126393 D copy /home/kalle/.local/share/virtualenv/wheel/3.10/image/1/CopyPipInstall/setuptools-74.0.0-py3-none-any/setuptools-74.0.0.virtualenv to /home/kalle/projects/opengis/georama/.tox/py310-sdist-macos/lib/python3.10/site-packages/setuptools-74.0.0.virtualenv [virtualenv/util/path/_sync.py:40]
py310-sdist-macos: 126393 D copy /home/kalle/.local/share/virtualenv/wheel/3.10/image/1/CopyPipInstall/wheel-0.44.0-py3-none-any/wheel-0.44.0.virtualenv to /home/kalle/projects/opengis/georama/.tox/py310-sdist-macos/lib/python3.10/site-packages/wheel-0.44.0.virtualenv [virtualenv/util/path/_sync.py:40]
py310-sdist-macos: 126393 D copy directory /home/kalle/.local/share/virtualenv/wheel/3.10/image/1/CopyPipInstall/setuptools-74.0.0-py3-none-any/setuptools-74.0.0.dist-info to /home/kalle/projects/opengis/georama/.tox/py310-sdist-macos/lib/python3.10/site-packages/setuptools-74.0.0.dist-info [virtualenv/util/path/_sync.py:40]
py310-sdist-macos: 126393 D copy directory /home/kalle/.local/share/virtualenv/wheel/3.10/image/1/CopyPipInstall/wheel-0.44.0-py3-none-any/wheel-0.44.0.dist-info to /home/kalle/projects/opengis/georama/.tox/py310-sdist-macos/lib/python3.10/site-packages/wheel-0.44.0.dist-info [virtualenv/util/path/_sync.py:40]
py310-sdist-macos: 126395 D copy directory /home/kalle/.local/share/virtualenv/wheel/3.10/image/1/CopyPipInstall/wheel-0.44.0-py3-none-any/wheel to /home/kalle/projects/opengis/georama/.tox/py310-sdist-macos/lib/python3.10/site-packages/wheel [virtualenv/util/path/_sync.py:40]
py310-sdist-macos: 126396 D copy directory /home/kalle/.local/share/virtualenv/wheel/3.10/image/1/CopyPipInstall/setuptools-74.0.0-py3-none-any/_distutils_hack to /home/kalle/projects/opengis/georama/.tox/py310-sdist-macos/lib/python3.10/site-packages/_distutils_hack [virtualenv/util/path/_sync.py:40]
py310-sdist-macos: 126396 D copy directory /home/kalle/.local/share/virtualenv/wheel/3.10/image/1/CopyPipInstall/pip-24.2-py3-none-any/pip to /home/kalle/projects/opengis/georama/.tox/py310-sdist-macos/lib/python3.10/site-packages/pip [virtualenv/util/path/_sync.py:40]
py310-sdist-macos: 126396 D copy /home/kalle/.local/share/virtualenv/wheel/3.10/image/1/CopyPipInstall/setuptools-74.0.0-py3-none-any/distutils-precedence.pth to /home/kalle/projects/opengis/georama/.tox/py310-sdist-macos/lib/python3.10/site-packages/distutils-precedence.pth [virtualenv/util/path/_sync.py:40]
py310-sdist-macos: 126397 D copy directory /home/kalle/.local/share/virtualenv/wheel/3.10/image/1/CopyPipInstall/setuptools-74.0.0-py3-none-any/pkg_resources to /home/kalle/projects/opengis/georama/.tox/py310-sdist-macos/lib/python3.10/site-packages/pkg_resources [virtualenv/util/path/_sync.py:40]
py310-sdist-macos: 126405 D copy directory /home/kalle/.local/share/virtualenv/wheel/3.10/image/1/CopyPipInstall/setuptools-74.0.0-py3-none-any/setuptools to /home/kalle/projects/opengis/georama/.tox/py310-sdist-macos/lib/python3.10/site-packages/setuptools [virtualenv/util/path/_sync.py:40]
py310-sdist-macos: 126407 D generated console scripts wheel wheel3 wheel-3.10 wheel3.10 [virtualenv/seed/embed/via_app_data/pip_install/base.py:43]
py310-sdist-macos: 126485 D copy /home/kalle/.local/share/virtualenv/wheel/3.10/image/1/CopyPipInstall/pip-24.2-py3-none-any/pip-24.2.virtualenv to /home/kalle/projects/opengis/georama/.tox/py310-sdist-macos/lib/python3.10/site-packages/pip-24.2.virtualenv [virtualenv/util/path/_sync.py:40]
py310-sdist-macos: 126486 D generated console scripts pip-3.10 pip3 pip pip3.10 [virtualenv/seed/embed/via_app_data/pip_install/base.py:43]
py310-sdist-macos: 126496 D generated console scripts  [virtualenv/seed/embed/via_app_data/pip_install/base.py:43]
py310-sdist-macos: 126496 I add activators for Bash, CShell, Fish, Nushell, PowerShell, Python [virtualenv/run/session.py:63]
py310-sdist-macos: 126497 D write /home/kalle/projects/opengis/georama/.tox/py310-sdist-macos/pyvenv.cfg [virtualenv/create/pyenv_cfg.py:33]
py310-sdist-macos: 126497 D 	home = /home/kalle/.pyenv/versions/3.10.4/bin [virtualenv/create/pyenv_cfg.py:38]
py310-sdist-macos: 126497 D 	implementation = CPython [virtualenv/create/pyenv_cfg.py:38]
py310-sdist-macos: 126497 D 	version_info = 3.10.4.final.0 [virtualenv/create/pyenv_cfg.py:38]
py310-sdist-macos: 126498 D 	virtualenv = 20.27.1 [virtualenv/create/pyenv_cfg.py:38]
py310-sdist-macos: 126498 D 	include-system-site-packages = false [virtualenv/create/pyenv_cfg.py:38]
py310-sdist-macos: 126498 D 	base-prefix = /home/kalle/.pyenv/versions/3.10.4 [virtualenv/create/pyenv_cfg.py:38]
py310-sdist-macos: 126498 D 	base-exec-prefix = /home/kalle/.pyenv/versions/3.10.4 [virtualenv/create/pyenv_cfg.py:38]
py310-sdist-macos: 126498 D 	base-executable = /home/kalle/.pyenv/versions/3.10.4/bin/python3.10 [virtualenv/create/pyenv_cfg.py:38]
.pkg: 126501 D package .tmp/package/5/georama-0.0.1.tar.gz links to .pkg/dist/georama-0.0.1.tar.gz (/home/kalle/projects/opengis/georama/.tox) [tox/util/file_view.py:39]
py310-sdist-macos: 126502 W install_package_deps> python -I -m pip install 'SQLAlchemy<2.0.0' async-timeout==4.0.3 click==8.1.7 django-admin-sortable2==2.2.1 django-cors-headers==4.3.1 django-jazzmin==3.0.0 django-ninja==0.22.2 django-simple-history==3.7.0 django-treebeard==4.7.1 django==5.0.6 'djangorestframework-gis@ git+https://github.com/openwisp/django-rest-framework-gis@4f244d5d8a7ad5b453fd04f64150818d15123e01' djangorestframework==3.15.1 gdal==3.9.1 geoalchemy2==0.15.2 psycopg2==2.9.9 pygeoapi==0.17.0 pytest-click==1.1.0 pytest-cov==5.0.0 pytest-explicit==1.0.1 pytest-run-subprocess==0.10.0 pytest-xdist==3.5.0 pytest==8.0.0 'qgis_server_light@ git+https://github.com/opengisch/qgis-server-light.git@e858981252e06fb63d2bb30f3c4281ee11996b3f' redis==5.0.8 'xsdata[cli,lxml,soap]==24.6.1' [tox/tox_env/api.py:427]
Collecting djangorestframework-gis@ git+https://github.com/openwisp/django-rest-framework-gis@4f244d5d8a7ad5b453fd04f64150818d15123e01
  Using cached djangorestframework_gis-1.0-py2.py3-none-any.whl
Collecting qgis_server_light@ git+https://github.com/opengisch/qgis-server-light.git@e858981252e06fb63d2bb30f3c4281ee11996b3f
  Using cached qgis_server_light-0.0.2-py2.py3-none-any.whl
Collecting SQLAlchemy<2.0.0
  Using cached SQLAlchemy-1.4.54-cp310-cp310-manylinux_2_5_x86_64.manylinux1_x86_64.manylinux_2_17_x86_64.manylinux2014_x86_64.whl.metadata (10 kB)
Collecting async-timeout==4.0.3
  Using cached async_timeout-4.0.3-py3-none-any.whl.metadata (4.2 kB)
Collecting click==8.1.7
  Using cached click-8.1.7-py3-none-any.whl.metadata (3.0 kB)
Collecting django-admin-sortable2==2.2.1
  Using cached django_admin_sortable2-2.2.1-py3-none-any.whl.metadata (3.8 kB)
Collecting django-cors-headers==4.3.1
  Using cached django_cors_headers-4.3.1-py3-none-any.whl.metadata (16 kB)
Collecting django-jazzmin==3.0.0
  Using cached django_jazzmin-3.0.0-py3-none-any.whl.metadata (6.2 kB)
Collecting django-ninja==0.22.2
  Using cached django_ninja-0.22.2-py3-none-any.whl.metadata (6.3 kB)
Collecting django-simple-history==3.7.0
  Using cached django_simple_history-3.7.0-py3-none-any.whl.metadata (24 kB)
Collecting django-treebeard==4.7.1
  Using cached django_treebeard-4.7.1-py3-none-any.whl.metadata (2.7 kB)
Collecting django==5.0.6
  Using cached Django-5.0.6-py3-none-any.whl.metadata (4.1 kB)
Collecting djangorestframework==3.15.1
  Using cached djangorestframework-3.15.1-py3-none-any.whl.metadata (11 kB)
Collecting gdal==3.9.1
  Using cached GDAL-3.9.1-cp310-cp310-linux_x86_64.whl
Collecting geoalchemy2==0.15.2
  Using cached GeoAlchemy2-0.15.2-py3-none-any.whl.metadata (2.1 kB)
Collecting psycopg2==2.9.9
  Using cached psycopg2-2.9.9-cp310-cp310-linux_x86_64.whl
Collecting pygeoapi==0.17.0
  Using cached pygeoapi-0.17.0-py2.py3-none-any.whl.metadata (2.4 kB)
Collecting pytest-click==1.1.0
  Using cached pytest_click-1.1.0-py3-none-any.whl.metadata (3.3 kB)
Collecting pytest-cov==5.0.0
  Using cached pytest_cov-5.0.0-py3-none-any.whl.metadata (27 kB)
Collecting pytest-explicit==1.0.1
  Using cached pytest_explicit-1.0.1-py3-none-any.whl.metadata (3.4 kB)
Collecting pytest-run-subprocess==0.10.0
  Using cached pytest_run_subprocess-0.10.0-py3-none-any.whl.metadata (8.3 kB)
Collecting pytest-xdist==3.5.0
  Using cached pytest_xdist-3.5.0-py3-none-any.whl.metadata (3.1 kB)
Collecting pytest==8.0.0
  Using cached pytest-8.0.0-py3-none-any.whl.metadata (7.8 kB)
Collecting redis==5.0.8
  Using cached redis-5.0.8-py3-none-any.whl.metadata (9.2 kB)
Collecting xsdata==24.6.1 (from xsdata[cli,lxml,soap]==24.6.1)
  Using cached xsdata-24.6.1-py3-none-any.whl.metadata (6.3 kB)
Collecting asgiref>=3.6 (from django-cors-headers==4.3.1)
  Using cached asgiref-3.8.1-py3-none-any.whl.metadata (9.3 kB)
Collecting pydantic<2.0.0,>=1.6 (from django-ninja==0.22.2)
  Using cached pydantic-1.10.19-cp310-cp310-manylinux_2_17_x86_64.manylinux2014_x86_64.whl.metadata (152 kB)
Collecting sqlparse>=0.3.1 (from django==5.0.6)
  Using cached sqlparse-0.5.3-py3-none-any.whl.metadata (3.9 kB)
Collecting packaging (from geoalchemy2==0.15.2)
  Using cached packaging-24.2-py3-none-any.whl.metadata (3.2 kB)
Collecting Babel (from pygeoapi==0.17.0)
  Using cached babel-2.16.0-py3-none-any.whl.metadata (1.5 kB)
Collecting filelock (from pygeoapi==0.17.0)
  Using cached filelock-3.16.1-py3-none-any.whl.metadata (2.9 kB)
Collecting Flask (from pygeoapi==0.17.0)
  Using cached flask-3.1.0-py3-none-any.whl.metadata (2.7 kB)
Collecting jinja2 (from pygeoapi==0.17.0)
  Using cached jinja2-3.1.4-py3-none-any.whl.metadata (2.6 kB)
Collecting jsonschema (from pygeoapi==0.17.0)
  Using cached jsonschema-4.23.0-py3-none-any.whl.metadata (7.9 kB)
Collecting pygeofilter (from pygeoapi==0.17.0)
  Using cached pygeofilter-0.2.4-py2.py3-none-any.whl.metadata (14 kB)
Collecting pygeoif (from pygeoapi==0.17.0)
  Using cached pygeoif-1.5.1-py3-none-any.whl.metadata (14 kB)
Collecting pyproj (from pygeoapi==0.17.0)
  Using cached pyproj-3.7.0-cp310-cp310-manylinux_2_17_x86_64.manylinux2014_x86_64.whl.metadata (31 kB)
Collecting python-dateutil (from pygeoapi==0.17.0)
  Using cached python_dateutil-2.9.0.post0-py2.py3-none-any.whl.metadata (8.4 kB)
Collecting pytz (from pygeoapi==0.17.0)
  Using cached pytz-2024.2-py2.py3-none-any.whl.metadata (22 kB)
Collecting PyYAML (from pygeoapi==0.17.0)
  Using cached PyYAML-6.0.2-cp310-cp310-manylinux_2_17_x86_64.manylinux2014_x86_64.whl.metadata (2.1 kB)
Collecting rasterio (from pygeoapi==0.17.0)
  Using cached rasterio-1.4.3-cp310-cp310-manylinux_2_17_x86_64.manylinux2014_x86_64.whl.metadata (9.1 kB)
Collecting requests (from pygeoapi==0.17.0)
  Using cached requests-2.32.3-py3-none-any.whl.metadata (4.6 kB)
Collecting shapely (from pygeoapi==0.17.0)
  Using cached shapely-2.0.6-cp310-cp310-manylinux_2_17_x86_64.manylinux2014_x86_64.whl.metadata (7.0 kB)
Collecting tinydb (from pygeoapi==0.17.0)
  Using cached tinydb-4.8.2-py3-none-any.whl.metadata (6.7 kB)
Collecting unicodecsv (from pygeoapi==0.17.0)
  Using cached unicodecsv-0.14.1-py3-none-any.whl
Collecting coverage>=5.2.1 (from coverage[toml]>=5.2.1->pytest-cov==5.0.0)
  Using cached coverage-7.6.9-cp310-cp310-manylinux_2_5_x86_64.manylinux1_x86_64.manylinux_2_17_x86_64.manylinux2014_x86_64.whl.metadata (8.2 kB)
Collecting execnet>=1.1 (from pytest-xdist==3.5.0)
  Using cached execnet-2.1.1-py3-none-any.whl.metadata (2.9 kB)
Collecting iniconfig (from pytest==8.0.0)
  Using cached iniconfig-2.0.0-py3-none-any.whl.metadata (2.6 kB)
Collecting pluggy<2.0,>=1.3.0 (from pytest==8.0.0)
  Using cached pluggy-1.5.0-py3-none-any.whl.metadata (4.8 kB)
Collecting exceptiongroup>=1.0.0rc8 (from pytest==8.0.0)
  Using cached exceptiongroup-1.2.2-py3-none-any.whl.metadata (6.6 kB)
Collecting tomli>=1.0.0 (from pytest==8.0.0)
  Using cached tomli-2.2.1-py3-none-any.whl.metadata (10 kB)
Collecting typing-extensions>=4.7.0 (from xsdata==24.6.1->xsdata[cli,lxml,soap]==24.6.1)
  Using cached typing_extensions-4.12.2-py3-none-any.whl.metadata (3.0 kB)
Collecting click-default-group>=1.2 (from xsdata[cli,lxml,soap]==24.6.1)
  Using cached click_default_group-1.2.4-py2.py3-none-any.whl.metadata (2.8 kB)
Collecting docformatter>=1.7.2 (from xsdata[cli,lxml,soap]==24.6.1)
  Using cached docformatter-1.7.5-py3-none-any.whl.metadata (8.3 kB)
Collecting toposort>=1.5 (from xsdata[cli,lxml,soap]==24.6.1)
  Using cached toposort-1.10-py3-none-any.whl.metadata (4.1 kB)
Collecting ruff>=0.3.0 (from xsdata[cli,lxml,soap]==24.6.1)
  Using cached ruff-0.8.3-py3-none-manylinux_2_17_x86_64.manylinux2014_x86_64.whl.metadata (25 kB)
Collecting lxml>=4.5.0 (from xsdata[cli,lxml,soap]==24.6.1)
  Using cached lxml-5.3.0-cp310-cp310-manylinux_2_28_x86_64.whl.metadata (3.8 kB)
Collecting greenlet!=0.4.17 (from SQLAlchemy<2.0.0)
  Using cached greenlet-3.1.1-cp310-cp310-manylinux_2_24_x86_64.manylinux_2_28_x86_64.whl.metadata (3.8 kB)
Collecting charset_normalizer<4.0.0,>=3.0.0 (from docformatter>=1.7.2->xsdata[cli,lxml,soap]==24.6.1)
  Using cached charset_normalizer-3.4.0-cp310-cp310-manylinux_2_17_x86_64.manylinux2014_x86_64.whl.metadata (34 kB)
Collecting untokenize<0.2.0,>=0.1.1 (from docformatter>=1.7.2->xsdata[cli,lxml,soap]==24.6.1)
  Using cached untokenize-0.1.1-py3-none-any.whl
Collecting MarkupSafe>=2.0 (from jinja2->pygeoapi==0.17.0)
  Using cached MarkupSafe-3.0.2-cp310-cp310-manylinux_2_17_x86_64.manylinux2014_x86_64.whl.metadata (4.0 kB)
Collecting Werkzeug>=3.1 (from Flask->pygeoapi==0.17.0)
  Using cached werkzeug-3.1.3-py3-none-any.whl.metadata (3.7 kB)
Collecting itsdangerous>=2.2 (from Flask->pygeoapi==0.17.0)
  Using cached itsdangerous-2.2.0-py3-none-any.whl.metadata (1.9 kB)
Collecting blinker>=1.9 (from Flask->pygeoapi==0.17.0)
  Using cached blinker-1.9.0-py3-none-any.whl.metadata (1.6 kB)
Collecting attrs>=22.2.0 (from jsonschema->pygeoapi==0.17.0)
  Using cached attrs-24.2.0-py3-none-any.whl.metadata (11 kB)
Collecting jsonschema-specifications>=2023.03.6 (from jsonschema->pygeoapi==0.17.0)
  Using cached jsonschema_specifications-2024.10.1-py3-none-any.whl.metadata (3.0 kB)
Collecting referencing>=0.28.4 (from jsonschema->pygeoapi==0.17.0)
  Using cached referencing-0.35.1-py3-none-any.whl.metadata (2.8 kB)
Collecting rpds-py>=0.7.1 (from jsonschema->pygeoapi==0.17.0)
  Using cached rpds_py-0.22.3-cp310-cp310-manylinux_2_17_x86_64.manylinux2014_x86_64.whl.metadata (4.2 kB)
Collecting dateparser (from pygeofilter->pygeoapi==0.17.0)
  Using cached dateparser-1.2.0-py2.py3-none-any.whl.metadata (28 kB)
Collecting lark<1.0 (from pygeofilter->pygeoapi==0.17.0)
  Using cached lark-0.12.0-py2.py3-none-any.whl.metadata (1.7 kB)
Collecting certifi (from pyproj->pygeoapi==0.17.0)
  Using cached certifi-2024.8.30-py3-none-any.whl.metadata (2.2 kB)
Collecting six>=1.5 (from python-dateutil->pygeoapi==0.17.0)
  Using cached six-1.17.0-py2.py3-none-any.whl.metadata (1.7 kB)
Collecting affine (from rasterio->pygeoapi==0.17.0)
  Using cached affine-2.4.0-py3-none-any.whl.metadata (4.0 kB)
Collecting cligj>=0.5 (from rasterio->pygeoapi==0.17.0)
  Using cached cligj-0.7.2-py3-none-any.whl.metadata (5.0 kB)
Collecting numpy>=1.24 (from rasterio->pygeoapi==0.17.0)
  Using cached numpy-2.2.0-cp310-cp310-manylinux_2_17_x86_64.manylinux2014_x86_64.whl.metadata (62 kB)
Collecting click-plugins (from rasterio->pygeoapi==0.17.0)
  Using cached click_plugins-1.1.1-py2.py3-none-any.whl.metadata (6.4 kB)
Collecting pyparsing (from rasterio->pygeoapi==0.17.0)
  Using cached pyparsing-3.2.0-py3-none-any.whl.metadata (5.0 kB)
Collecting idna<4,>=2.5 (from requests->pygeoapi==0.17.0)
  Using cached idna-3.10-py3-none-any.whl.metadata (10 kB)
Collecting urllib3<3,>=1.21.1 (from requests->pygeoapi==0.17.0)
  Using cached urllib3-2.2.3-py3-none-any.whl.metadata (6.5 kB)
Collecting regex!=2019.02.19,!=2021.8.27 (from dateparser->pygeofilter->pygeoapi==0.17.0)
  Using cached regex-2024.11.6-cp310-cp310-manylinux_2_17_x86_64.manylinux2014_x86_64.whl.metadata (40 kB)
Collecting tzlocal (from dateparser->pygeofilter->pygeoapi==0.17.0)
  Using cached tzlocal-5.2-py3-none-any.whl.metadata (7.8 kB)
Using cached async_timeout-4.0.3-py3-none-any.whl (5.7 kB)
Using cached click-8.1.7-py3-none-any.whl (97 kB)
Using cached django_admin_sortable2-2.2.1-py3-none-any.whl (77 kB)
Using cached django_cors_headers-4.3.1-py3-none-any.whl (12 kB)
Using cached django_jazzmin-3.0.0-py3-none-any.whl (2.8 MB)
Using cached django_ninja-0.22.2-py3-none-any.whl (2.3 MB)
Using cached django_simple_history-3.7.0-py3-none-any.whl (139 kB)
Using cached django_treebeard-4.7.1-py3-none-any.whl (93 kB)
Using cached Django-5.0.6-py3-none-any.whl (8.2 MB)
Using cached djangorestframework-3.15.1-py3-none-any.whl (1.1 MB)
Using cached GeoAlchemy2-0.15.2-py3-none-any.whl (73 kB)
Using cached pygeoapi-0.17.0-py2.py3-none-any.whl (445 kB)
Using cached pytest_click-1.1.0-py3-none-any.whl (4.1 kB)
Using cached pytest_cov-5.0.0-py3-none-any.whl (21 kB)
Using cached pytest_explicit-1.0.1-py3-none-any.whl (4.4 kB)
Using cached pytest_run_subprocess-0.10.0-py3-none-any.whl (17 kB)
Using cached pytest_xdist-3.5.0-py3-none-any.whl (42 kB)
Using cached pytest-8.0.0-py3-none-any.whl (334 kB)
Using cached redis-5.0.8-py3-none-any.whl (255 kB)
Using cached xsdata-24.6.1-py3-none-any.whl (228 kB)
Using cached SQLAlchemy-1.4.54-cp310-cp310-manylinux_2_5_x86_64.manylinux1_x86_64.manylinux_2_17_x86_64.manylinux2014_x86_64.whl (1.6 MB)
Using cached asgiref-3.8.1-py3-none-any.whl (23 kB)
Using cached click_default_group-1.2.4-py2.py3-none-any.whl (4.1 kB)
Using cached coverage-7.6.9-cp310-cp310-manylinux_2_5_x86_64.manylinux1_x86_64.manylinux_2_17_x86_64.manylinux2014_x86_64.whl (234 kB)
Using cached docformatter-1.7.5-py3-none-any.whl (32 kB)
Using cached exceptiongroup-1.2.2-py3-none-any.whl (16 kB)
Using cached execnet-2.1.1-py3-none-any.whl (40 kB)
Using cached greenlet-3.1.1-cp310-cp310-manylinux_2_24_x86_64.manylinux_2_28_x86_64.whl (599 kB)
Using cached jinja2-3.1.4-py3-none-any.whl (133 kB)
Using cached lxml-5.3.0-cp310-cp310-manylinux_2_28_x86_64.whl (5.0 MB)
Using cached pluggy-1.5.0-py3-none-any.whl (20 kB)
Using cached pydantic-1.10.19-cp310-cp310-manylinux_2_17_x86_64.manylinux2014_x86_64.whl (3.1 MB)
Using cached ruff-0.8.3-py3-none-manylinux_2_17_x86_64.manylinux2014_x86_64.whl (11.2 MB)
Using cached sqlparse-0.5.3-py3-none-any.whl (44 kB)
Using cached tomli-2.2.1-py3-none-any.whl (14 kB)
Using cached toposort-1.10-py3-none-any.whl (8.5 kB)
Using cached typing_extensions-4.12.2-py3-none-any.whl (37 kB)
Using cached babel-2.16.0-py3-none-any.whl (9.6 MB)
Using cached filelock-3.16.1-py3-none-any.whl (16 kB)
Using cached flask-3.1.0-py3-none-any.whl (102 kB)
Using cached iniconfig-2.0.0-py3-none-any.whl (5.9 kB)
Using cached jsonschema-4.23.0-py3-none-any.whl (88 kB)
Using cached packaging-24.2-py3-none-any.whl (65 kB)
Using cached pygeofilter-0.2.4-py2.py3-none-any.whl (81 kB)
Using cached pygeoif-1.5.1-py3-none-any.whl (28 kB)
Using cached pyproj-3.7.0-cp310-cp310-manylinux_2_17_x86_64.manylinux2014_x86_64.whl (9.2 MB)
Using cached python_dateutil-2.9.0.post0-py2.py3-none-any.whl (229 kB)
Using cached pytz-2024.2-py2.py3-none-any.whl (508 kB)
Using cached PyYAML-6.0.2-cp310-cp310-manylinux_2_17_x86_64.manylinux2014_x86_64.whl (751 kB)
Using cached rasterio-1.4.3-cp310-cp310-manylinux_2_17_x86_64.manylinux2014_x86_64.whl (22.2 MB)
Using cached requests-2.32.3-py3-none-any.whl (64 kB)
Using cached shapely-2.0.6-cp310-cp310-manylinux_2_17_x86_64.manylinux2014_x86_64.whl (2.5 MB)
Using cached tinydb-4.8.2-py3-none-any.whl (24 kB)
Using cached attrs-24.2.0-py3-none-any.whl (63 kB)
Using cached blinker-1.9.0-py3-none-any.whl (8.5 kB)
Using cached certifi-2024.8.30-py3-none-any.whl (167 kB)
Using cached charset_normalizer-3.4.0-cp310-cp310-manylinux_2_17_x86_64.manylinux2014_x86_64.whl (144 kB)
Using cached cligj-0.7.2-py3-none-any.whl (7.1 kB)
Using cached idna-3.10-py3-none-any.whl (70 kB)
Using cached itsdangerous-2.2.0-py3-none-any.whl (16 kB)
Using cached jsonschema_specifications-2024.10.1-py3-none-any.whl (18 kB)
Using cached lark-0.12.0-py2.py3-none-any.whl (103 kB)
Using cached MarkupSafe-3.0.2-cp310-cp310-manylinux_2_17_x86_64.manylinux2014_x86_64.whl (20 kB)
Using cached numpy-2.2.0-cp310-cp310-manylinux_2_17_x86_64.manylinux2014_x86_64.whl (16.4 MB)
Using cached referencing-0.35.1-py3-none-any.whl (26 kB)
Using cached rpds_py-0.22.3-cp310-cp310-manylinux_2_17_x86_64.manylinux2014_x86_64.whl (381 kB)
Using cached six-1.17.0-py2.py3-none-any.whl (11 kB)
Using cached urllib3-2.2.3-py3-none-any.whl (126 kB)
Using cached werkzeug-3.1.3-py3-none-any.whl (224 kB)
Using cached affine-2.4.0-py3-none-any.whl (15 kB)
Using cached click_plugins-1.1.1-py2.py3-none-any.whl (7.5 kB)
Using cached dateparser-1.2.0-py2.py3-none-any.whl (294 kB)
Using cached pyparsing-3.2.0-py3-none-any.whl (106 kB)
Using cached regex-2024.11.6-cp310-cp310-manylinux_2_17_x86_64.manylinux2014_x86_64.whl (781 kB)
Using cached tzlocal-5.2-py3-none-any.whl (17 kB)
Installing collected packages: untokenize, unicodecsv, toposort, qgis_server_light, pytz, lark, urllib3, tzlocal, typing-extensions, tomli, tinydb, sqlparse, six, ruff, rpds-py, regex, PyYAML, pyparsing, psycopg2, pluggy, packaging, numpy, MarkupSafe, lxml, itsdangerous, iniconfig, idna, greenlet, gdal, filelock, execnet, exceptiongroup, coverage, click, charset_normalizer, certifi, blinker, Babel, attrs, async-timeout, affine, xsdata, Werkzeug, SQLAlchemy, shapely, requests, referencing, redis, python-dateutil, pytest, pyproj, pygeoif, pydantic, jinja2, docformatter, cligj, click-plugins, click-default-group, asgiref, rasterio, pytest-xdist, pytest-run-subprocess, pytest-explicit, pytest-cov, pytest-click, jsonschema-specifications, geoalchemy2, Flask, django, dateparser, pygeofilter, jsonschema, djangorestframework, django-treebeard, django-simple-history, django-ninja, django-jazzmin, django-cors-headers, django-admin-sortable2, pygeoapi, djangorestframework-gis
Successfully installed Babel-2.16.0 Flask-3.1.0 MarkupSafe-3.0.2 PyYAML-6.0.2 SQLAlchemy-1.4.54 Werkzeug-3.1.3 affine-2.4.0 asgiref-3.8.1 async-timeout-4.0.3 attrs-24.2.0 blinker-1.9.0 certifi-2024.8.30 charset_normalizer-3.4.0 click-8.1.7 click-default-group-1.2.4 click-plugins-1.1.1 cligj-0.7.2 coverage-7.6.9 dateparser-1.2.0 django-5.0.6 django-admin-sortable2-2.2.1 django-cors-headers-4.3.1 django-jazzmin-3.0.0 django-ninja-0.22.2 django-simple-history-3.7.0 django-treebeard-4.7.1 djangorestframework-3.15.1 djangorestframework-gis-1.0 docformatter-1.7.5 exceptiongroup-1.2.2 execnet-2.1.1 filelock-3.16.1 gdal-3.9.1 geoalchemy2-0.15.2 greenlet-3.1.1 idna-3.10 iniconfig-2.0.0 itsdangerous-2.2.0 jinja2-3.1.4 jsonschema-4.23.0 jsonschema-specifications-2024.10.1 lark-0.12.0 lxml-5.3.0 numpy-2.2.0 packaging-24.2 pluggy-1.5.0 psycopg2-2.9.9 pydantic-1.10.19 pygeoapi-0.17.0 pygeofilter-0.2.4 pygeoif-1.5.1 pyparsing-3.2.0 pyproj-3.7.0 pytest-8.0.0 pytest-click-1.1.0 pytest-cov-5.0.0 pytest-explicit-1.0.1 pytest-run-subprocess-0.10.0 pytest-xdist-3.5.0 python-dateutil-2.9.0.post0 pytz-2024.2 qgis_server_light-0.0.2 rasterio-1.4.3 redis-5.0.8 referencing-0.35.1 regex-2024.11.6 requests-2.32.3 rpds-py-0.22.3 ruff-0.8.3 shapely-2.0.6 six-1.17.0 sqlparse-0.5.3 tinydb-4.8.2 tomli-2.2.1 toposort-1.10 typing-extensions-4.12.2 tzlocal-5.2 unicodecsv-0.14.1 untokenize-0.1.1 urllib3-2.2.3 xsdata-24.6.1
py310-sdist-macos: 151943 I exit 0 (25.44 seconds) /home/kalle/projects/opengis/georama> python -I -m pip install 'SQLAlchemy<2.0.0' async-timeout==4.0.3 click==8.1.7 django-admin-sortable2==2.2.1 django-cors-headers==4.3.1 django-jazzmin==3.0.0 django-ninja==0.22.2 django-simple-history==3.7.0 django-treebeard==4.7.1 django==5.0.6 'djangorestframework-gis@ git+https://github.com/openwisp/django-rest-framework-gis@4f244d5d8a7ad5b453fd04f64150818d15123e01' djangorestframework==3.15.1 gdal==3.9.1 geoalchemy2==0.15.2 psycopg2==2.9.9 pygeoapi==0.17.0 pytest-click==1.1.0 pytest-cov==5.0.0 pytest-explicit==1.0.1 pytest-run-subprocess==0.10.0 pytest-xdist==3.5.0 pytest==8.0.0 'qgis_server_light@ git+https://github.com/opengisch/qgis-server-light.git@e858981252e06fb63d2bb30f3c4281ee11996b3f' redis==5.0.8 'xsdata[cli,lxml,soap]==24.6.1' pid=606159 [tox/execute/api.py:280]
py310-sdist-macos: 151943 W install_package> python -I -m pip install --force-reinstall --no-deps /home/kalle/projects/opengis/georama/.tox/.tmp/package/5/georama-0.0.1.tar.gz [tox/tox_env/api.py:427]
Processing ./.tox/.tmp/package/5/georama-0.0.1.tar.gz
  Installing build dependencies: started
  Installing build dependencies: finished with status 'done'
  Getting requirements to build wheel: started
  Getting requirements to build wheel: finished with status 'done'
  Preparing metadata (pyproject.toml): started
  Preparing metadata (pyproject.toml): finished with status 'done'
Building wheels for collected packages: georama
  Building wheel for georama (pyproject.toml): started
  Building wheel for georama (pyproject.toml): finished with status 'done'
  Created wheel for georama: filename=georama-0.0.1-py3-none-any.whl size=4410461 sha256=c31b5297f2a8f6b35e6825da4f554aa0d714e1cb7e221a28ba35c5a269d0c161
  Stored in directory: /home/kalle/.cache/pip/wheels/e8/41/f3/c60fb7be6433cecf7fa6a26a062ac9fae98c2d58dd1099d7a2
Successfully built georama
Installing collected packages: georama
Successfully installed georama-0.0.1
py310-sdist-macos: 155468 I exit 0 (3.52 seconds) /home/kalle/projects/opengis/georama> python -I -m pip install --force-reinstall --no-deps /home/kalle/projects/opengis/georama/.tox/.tmp/package/5/georama-0.0.1.tar.gz pid=606750 [tox/execute/api.py:280]
py310-sdist-macos: 155470 W commands[0]> pytest -ra --cov --cov-report=term-missing --cov-report=html:/home/kalle/projects/opengis/georama/.tox/py310-sdist-macos/htmlcov --cov-context=test --cov-report=xml:/home/kalle/projects/opengis/georama/.tox/coverage.py310-sdist-macos.xml -n auto tests [tox/tox_env/api.py:427]
============================= test session starts ==============================
platform linux -- Python 3.10.4, pytest-8.0.0, pluggy-1.5.0
cachedir: .tox/py310-sdist-macos/.pytest_cache
rootdir: /home/kalle/projects/opengis/georama
configfile: pyproject.toml
plugins: run-subprocess-0.10.0, cov-5.0.0, explicit-1.0.1, click-1.1.0, xdist-3.5.0
created: 16/16 workers
16 workers [1 item]

.                                                                        [100%]
==================================== ERRORS ====================================
____________ ERROR collecting tests/data_integration/smoke_test.py _____________
import file mismatch:
imported module 'smoke_test' has this __file__ attribute:
  /home/kalle/projects/opengis/georama/tests/core/smoke_test.py
which is not the same as the test file we want to collect:
  /home/kalle/projects/opengis/georama/tests/data_integration/smoke_test.py
HINT: remove __pycache__ / .pyc files and/or use a unique basename for your test file modules
________________ ERROR collecting tests/features/smoke_test.py _________________
import file mismatch:
imported module 'smoke_test' has this __file__ attribute:
  /home/kalle/projects/opengis/georama/tests/core/smoke_test.py
which is not the same as the test file we want to collect:
  /home/kalle/projects/opengis/georama/tests/features/smoke_test.py
HINT: remove __pycache__ / .pyc files and/or use a unique basename for your test file modules
__________________ ERROR collecting tests/maps/smoke_test.py ___________________
import file mismatch:
imported module 'smoke_test' has this __file__ attribute:
  /home/kalle/projects/opengis/georama/tests/core/smoke_test.py
which is not the same as the test file we want to collect:
  /home/kalle/projects/opengis/georama/tests/maps/smoke_test.py
HINT: remove __pycache__ / .pyc files and/or use a unique basename for your test file modules
__________________ ERROR collecting tests/shop/smoke_test.py ___________________
import file mismatch:
imported module 'smoke_test' has this __file__ attribute:
  /home/kalle/projects/opengis/georama/tests/core/smoke_test.py
which is not the same as the test file we want to collect:
  /home/kalle/projects/opengis/georama/tests/shop/smoke_test.py
HINT: remove __pycache__ / .pyc files and/or use a unique basename for your test file modules
_________________ ERROR collecting tests/webgis/smoke_test.py __________________
import file mismatch:
imported module 'smoke_test' has this __file__ attribute:
  /home/kalle/projects/opengis/georama/tests/core/smoke_test.py
which is not the same as the test file we want to collect:
  /home/kalle/projects/opengis/georama/tests/webgis/smoke_test.py
HINT: remove __pycache__ / .pyc files and/or use a unique basename for your test file modules

---------- coverage: platform linux, python 3.10.4-final-0 -----------
Name                       Stmts   Miss  Cover   Missing
--------------------------------------------------------
tests/core/smoke_test.py       3      0   100%
--------------------------------------------------------
TOTAL                          3      0   100%
Coverage HTML written to dir /home/kalle/projects/opengis/georama/.tox/py310-sdist-macos/htmlcov
Coverage XML written to file /home/kalle/projects/opengis/georama/.tox/coverage.py310-sdist-macos.xml

=========================== short test summary info ============================
ERROR tests/data_integration/smoke_test.py
ERROR tests/features/smoke_test.py
ERROR tests/maps/smoke_test.py
ERROR tests/shop/smoke_test.py
ERROR tests/webgis/smoke_test.py
========================= 1 passed, 5 errors in 2.15s ==========================
py310-sdist-macos: 158360 C exit 1 (2.89 seconds) /home/kalle/projects/opengis/georama> pytest -ra --cov --cov-report=term-missing --cov-report=html:/home/kalle/projects/opengis/georama/.tox/py310-sdist-macos/htmlcov --cov-context=test --cov-report=xml:/home/kalle/projects/opengis/georama/.tox/coverage.py310-sdist-macos.xml -n auto tests pid=606836 [tox/execute/api.py:280]
py310-sdist-macos: FAIL ✖ in 32 seconds
py310-sdist-windows: 158367 I find interpreter for spec PythonSpec(major=3, minor=10) [virtualenv/discovery/builtin.py:73]
py310-sdist-windows: 158367 I proposed PythonInfo(spec=CPython3.12.7.final.0-64, exe=/usr/bin/python, platform=linux, version='3.12.7 (main, Oct  1 2024, 11:15:50) [GCC 14.2.1 20240910]', encoding_fs_io=utf-8-utf-8) [virtualenv/discovery/builtin.py:80]
py310-sdist-windows: 158367 D discover PATH[0]=/home/kalle/projects/opengis/georama/.venv/bin [virtualenv/discovery/builtin.py:149]
py310-sdist-windows: 158367 D discover exe from cache /home/kalle/.pyenv/versions/3.10.4 - exact False: PathPythonInfo({'architecture': 64, 'base_exec_prefix': '/home/kalle/.pyenv/versions/3.10.4', 'base_prefix': '/home/kalle/.pyenv/versions/3.10.4', 'distutils_install': {'data': '', 'headers': 'include/python3.10/UNKNOWN', 'platlib': 'lib/python3.10/site-packages', 'purelib': 'lib/python3.10/site-packages', 'scripts': 'bin'}, 'exec_prefix': '/home/kalle/.pyenv/versions/3.10.4', 'executable': '/home/kalle/projects/opengis/georama/.venv/bin/python3.10', 'file_system_encoding': 'utf-8', 'has_venv': True, 'implementation': 'CPython', 'max_size': 9223372036854775807, 'original_executable': '/home/kalle/.pyenv/versions/3.10.4/bin/python3.10', 'os': 'posix', 'path': ['/usr/lib/python3.12/site-packages/virtualenv/discovery', '/home/kalle/.pyenv/versions/3.10.4/lib/python310.zip', '/home/kalle/.pyenv/versions/3.10.4/lib/python3.10', '/home/kalle/.pyenv/versions/3.10.4/lib/python3.10/lib-dynload', '/home/kalle/.local/lib/python3.10/site-packages', '/home/kalle/.pyenv/versions/3.10.4/lib/python3.10/site-packages'], 'platform': 'linux', 'prefix': '/home/kalle/.pyenv/versions/3.10.4', 'real_prefix': None, 'stdout_encoding': 'utf-8', 'sysconfig': {'makefile_filename': '/home/kalle/.pyenv/versions/3.10.4/lib/python3.10/config-3.10-x86_64-linux-gnu/Makefile'}, 'sysconfig_paths': {'data': '{base}', 'include': '{installed_base}/include/python{py_version_short}{abiflags}', 'platlib': '{platbase}/{platlibdir}/python{py_version_short}/site-packages', 'platstdlib': '{platbase}/{platlibdir}/python{py_version_short}', 'purelib': '{base}/lib/python{py_version_short}/site-packages', 'scripts': '{base}/bin', 'stdlib': '{installed_base}/{platlibdir}/python{py_version_short}'}, 'sysconfig_scheme': None, 'sysconfig_vars': {'PYTHONFRAMEWORK': '', 'abiflags': '', 'base': '/home/kalle/.pyenv/versions/3.10.4', 'installed_base': '/home/kalle/.pyenv/versions/3.10.4', 'platbase': '/home/kalle/.pyenv/versions/3.10.4', 'platlibdir': 'lib', 'py_version_short': '3.10'}, 'system_executable': '/home/kalle/.pyenv/versions/3.10.4/bin/python3.10', 'system_stdlib': '/home/kalle/.pyenv/versions/3.10.4/lib/python3.10', 'system_stdlib_platform': '/home/kalle/.pyenv/versions/3.10.4/lib/python3.10', 'version': '3.10.4 (main, May 23 2024, 22:41:52) [GCC 14.1.1 20240507]', 'version_info': VersionInfo(major=3, minor=10, micro=4, releaselevel='final', serial=0), 'version_nodot': '310'}) [virtualenv/discovery/py_info.py:435]
py310-sdist-windows: 158368 I proposed PathPythonInfo(spec=CPython3.10.4.final.0-64, system=/home/kalle/.pyenv/versions/3.10.4/bin/python3.10, exe=/home/kalle/projects/opengis/georama/.venv/bin/python3.10, platform=linux, version='3.10.4 (main, May 23 2024, 22:41:52) [GCC 14.1.1 20240507]', encoding_fs_io=utf-8-utf-8) [virtualenv/discovery/builtin.py:80]
py310-sdist-windows: 158368 D accepted PathPythonInfo(spec=CPython3.10.4.final.0-64, system=/home/kalle/.pyenv/versions/3.10.4/bin/python3.10, exe=/home/kalle/projects/opengis/georama/.venv/bin/python3.10, platform=linux, version='3.10.4 (main, May 23 2024, 22:41:52) [GCC 14.1.1 20240507]', encoding_fs_io=utf-8-utf-8) [virtualenv/discovery/builtin.py:82]
py310-sdist-windows: 158370 I create virtual environment via CPython3Posix(dest=/home/kalle/projects/opengis/georama/.tox/py310-sdist-windows, clear=False, no_vcs_ignore=False, global=False) [virtualenv/run/session.py:50]
py310-sdist-windows: 158370 D create folder /home/kalle/projects/opengis/georama/.tox/py310-sdist-windows/bin [virtualenv/util/path/_sync.py:12]
py310-sdist-windows: 158370 D create folder /home/kalle/projects/opengis/georama/.tox/py310-sdist-windows/lib/python3.10/site-packages [virtualenv/util/path/_sync.py:12]
py310-sdist-windows: 158370 D write /home/kalle/projects/opengis/georama/.tox/py310-sdist-windows/pyvenv.cfg [virtualenv/create/pyenv_cfg.py:33]
py310-sdist-windows: 158371 D 	home = /home/kalle/.pyenv/versions/3.10.4/bin [virtualenv/create/pyenv_cfg.py:38]
py310-sdist-windows: 158371 D 	implementation = CPython [virtualenv/create/pyenv_cfg.py:38]
py310-sdist-windows: 158371 D 	version_info = 3.10.4.final.0 [virtualenv/create/pyenv_cfg.py:38]
py310-sdist-windows: 158371 D 	virtualenv = 20.27.1 [virtualenv/create/pyenv_cfg.py:38]
py310-sdist-windows: 158371 D 	include-system-site-packages = false [virtualenv/create/pyenv_cfg.py:38]
py310-sdist-windows: 158371 D 	base-prefix = /home/kalle/.pyenv/versions/3.10.4 [virtualenv/create/pyenv_cfg.py:38]
py310-sdist-windows: 158371 D 	base-exec-prefix = /home/kalle/.pyenv/versions/3.10.4 [virtualenv/create/pyenv_cfg.py:38]
py310-sdist-windows: 158371 D 	base-executable = /home/kalle/.pyenv/versions/3.10.4/bin/python3.10 [virtualenv/create/pyenv_cfg.py:38]
py310-sdist-windows: 158372 D symlink /home/kalle/.pyenv/versions/3.10.4/bin/python3.10 to /home/kalle/projects/opengis/georama/.tox/py310-sdist-windows/bin/python [virtualenv/util/path/_sync.py:32]
py310-sdist-windows: 158372 D create virtualenv import hook file /home/kalle/projects/opengis/georama/.tox/py310-sdist-windows/lib/python3.10/site-packages/_virtualenv.pth [virtualenv/create/via_global_ref/api.py:91]
py310-sdist-windows: 158372 D create /home/kalle/projects/opengis/georama/.tox/py310-sdist-windows/lib/python3.10/site-packages/_virtualenv.py [virtualenv/create/via_global_ref/api.py:94]
py310-sdist-windows: 158373 D ============================== target debug ============================== [virtualenv/run/session.py:52]
py310-sdist-windows: 158373 D debug via /home/kalle/projects/opengis/georama/.tox/py310-sdist-windows/bin/python /usr/lib/python3.12/site-packages/virtualenv/create/debug.py [virtualenv/create/creator.py:200]
py310-sdist-windows: 158373 D {
  "sys": {
    "executable": "/home/kalle/projects/opengis/georama/.tox/py310-sdist-windows/bin/python",
    "_base_executable": "/home/kalle/projects/opengis/georama/.tox/py310-sdist-windows/bin/python",
    "prefix": "/home/kalle/projects/opengis/georama/.tox/py310-sdist-windows",
    "base_prefix": "/home/kalle/.pyenv/versions/3.10.4",
    "real_prefix": null,
    "exec_prefix": "/home/kalle/projects/opengis/georama/.tox/py310-sdist-windows",
    "base_exec_prefix": "/home/kalle/.pyenv/versions/3.10.4",
    "path": [
      "/home/kalle/.pyenv/versions/3.10.4/lib/python310.zip",
      "/home/kalle/.pyenv/versions/3.10.4/lib/python3.10",
      "/home/kalle/.pyenv/versions/3.10.4/lib/python3.10/lib-dynload",
      "/home/kalle/projects/opengis/georama/.tox/py310-sdist-windows/lib/python3.10/site-packages"
    ],
    "meta_path": [
      "<class '_virtualenv._Finder'>",
      "<class '_frozen_importlib.BuiltinImporter'>",
      "<class '_frozen_importlib.FrozenImporter'>",
      "<class '_frozen_importlib_external.PathFinder'>"
    ],
    "fs_encoding": "utf-8",
    "io_encoding": "utf-8"
  },
  "version": "3.10.4 (main, May 23 2024, 22:41:52) [GCC 14.1.1 20240507]",
  "makefile_filename": "/home/kalle/.pyenv/versions/3.10.4/lib/python3.10/config-3.10-x86_64-linux-gnu/Makefile",
  "os": "<module 'os' from '/home/kalle/.pyenv/versions/3.10.4/lib/python3.10/os.py'>",
  "site": "<module 'site' from '/home/kalle/.pyenv/versions/3.10.4/lib/python3.10/site.py'>",
  "datetime": "<module 'datetime' from '/home/kalle/.pyenv/versions/3.10.4/lib/python3.10/datetime.py'>",
  "math": "<module 'math' from '/home/kalle/.pyenv/versions/3.10.4/lib/python3.10/lib-dynload/math.cpython-310-x86_64-linux-gnu.so'>",
  "json": "<module 'json' from '/home/kalle/.pyenv/versions/3.10.4/lib/python3.10/json/__init__.py'>"
} [virtualenv/run/session.py:53]
py310-sdist-windows: 158420 I add seed packages via FromAppData(download=False, pip=bundle, setuptools=bundle, wheel=bundle, via=copy, app_data_dir=/home/kalle/.local/share/virtualenv) [virtualenv/run/session.py:57]
py310-sdist-windows: 158424 D got embed update of distribution %s from ('wheel', PosixPath('/home/kalle/.local/share/virtualenv/wheel/3.10/embed/3/wheel.json')) [virtualenv/app_data/via_disk_folder.py:131]
py310-sdist-windows: 158424 D got embed update of distribution %s from ('pip', PosixPath('/home/kalle/.local/share/virtualenv/wheel/3.10/embed/3/pip.json')) [virtualenv/app_data/via_disk_folder.py:131]
py310-sdist-windows: 158425 D using periodically updated wheel /home/kalle/.local/share/virtualenv/wheel/house/pip-24.2-py3-none-any.whl [virtualenv/seed/wheels/periodic_update.py:48]
py310-sdist-windows: 158425 D got embed update of distribution %s from ('setuptools', PosixPath('/home/kalle/.local/share/virtualenv/wheel/3.10/embed/3/setuptools.json')) [virtualenv/app_data/via_disk_folder.py:131]
py310-sdist-windows: 158426 D using periodically updated wheel /home/kalle/.local/share/virtualenv/wheel/house/setuptools-74.0.0-py3-none-any.whl [virtualenv/seed/wheels/periodic_update.py:48]
py310-sdist-windows: 158426 D install wheel from wheel /usr/lib/python3.12/site-packages/virtualenv/seed/wheels/embed/wheel-0.44.0-py3-none-any.whl via CopyPipInstall [virtualenv/seed/embed/via_app_data/via_app_data.py:49]
py310-sdist-windows: 158426 D install pip from wheel /home/kalle/.local/share/virtualenv/wheel/house/pip-24.2-py3-none-any.whl via CopyPipInstall [virtualenv/seed/embed/via_app_data/via_app_data.py:49]
py310-sdist-windows: 158427 D install setuptools from wheel /home/kalle/.local/share/virtualenv/wheel/house/setuptools-74.0.0-py3-none-any.whl via CopyPipInstall [virtualenv/seed/embed/via_app_data/via_app_data.py:49]
py310-sdist-windows: 158430 D copy /home/kalle/.local/share/virtualenv/wheel/3.10/image/1/CopyPipInstall/wheel-0.44.0-py3-none-any/wheel-0.44.0.virtualenv to /home/kalle/projects/opengis/georama/.tox/py310-sdist-windows/lib/python3.10/site-packages/wheel-0.44.0.virtualenv [virtualenv/util/path/_sync.py:40]
py310-sdist-windows: 158430 D copy directory /home/kalle/.local/share/virtualenv/wheel/3.10/image/1/CopyPipInstall/pip-24.2-py3-none-any/pip-24.2.dist-info to /home/kalle/projects/opengis/georama/.tox/py310-sdist-windows/lib/python3.10/site-packages/pip-24.2.dist-info [virtualenv/util/path/_sync.py:40]
py310-sdist-windows: 158431 D copy directory /home/kalle/.local/share/virtualenv/wheel/3.10/image/1/CopyPipInstall/wheel-0.44.0-py3-none-any/wheel-0.44.0.dist-info to /home/kalle/projects/opengis/georama/.tox/py310-sdist-windows/lib/python3.10/site-packages/wheel-0.44.0.dist-info [virtualenv/util/path/_sync.py:40]
py310-sdist-windows: 158431 D copy /home/kalle/.local/share/virtualenv/wheel/3.10/image/1/CopyPipInstall/setuptools-74.0.0-py3-none-any/setuptools-74.0.0.virtualenv to /home/kalle/projects/opengis/georama/.tox/py310-sdist-windows/lib/python3.10/site-packages/setuptools-74.0.0.virtualenv [virtualenv/util/path/_sync.py:40]
py310-sdist-windows: 158432 D copy directory /home/kalle/.local/share/virtualenv/wheel/3.10/image/1/CopyPipInstall/setuptools-74.0.0-py3-none-any/setuptools-74.0.0.dist-info to /home/kalle/projects/opengis/georama/.tox/py310-sdist-windows/lib/python3.10/site-packages/setuptools-74.0.0.dist-info [virtualenv/util/path/_sync.py:40]
py310-sdist-windows: 158435 D copy directory /home/kalle/.local/share/virtualenv/wheel/3.10/image/1/CopyPipInstall/wheel-0.44.0-py3-none-any/wheel to /home/kalle/projects/opengis/georama/.tox/py310-sdist-windows/lib/python3.10/site-packages/wheel [virtualenv/util/path/_sync.py:40]
py310-sdist-windows: 158437 D copy directory /home/kalle/.local/share/virtualenv/wheel/3.10/image/1/CopyPipInstall/pip-24.2-py3-none-any/pip to /home/kalle/projects/opengis/georama/.tox/py310-sdist-windows/lib/python3.10/site-packages/pip [virtualenv/util/path/_sync.py:40]
py310-sdist-windows: 158438 D copy directory /home/kalle/.local/share/virtualenv/wheel/3.10/image/1/CopyPipInstall/setuptools-74.0.0-py3-none-any/_distutils_hack to /home/kalle/projects/opengis/georama/.tox/py310-sdist-windows/lib/python3.10/site-packages/_distutils_hack [virtualenv/util/path/_sync.py:40]
py310-sdist-windows: 158440 D copy /home/kalle/.local/share/virtualenv/wheel/3.10/image/1/CopyPipInstall/setuptools-74.0.0-py3-none-any/distutils-precedence.pth to /home/kalle/projects/opengis/georama/.tox/py310-sdist-windows/lib/python3.10/site-packages/distutils-precedence.pth [virtualenv/util/path/_sync.py:40]
py310-sdist-windows: 158441 D copy directory /home/kalle/.local/share/virtualenv/wheel/3.10/image/1/CopyPipInstall/setuptools-74.0.0-py3-none-any/pkg_resources to /home/kalle/projects/opengis/georama/.tox/py310-sdist-windows/lib/python3.10/site-packages/pkg_resources [virtualenv/util/path/_sync.py:40]
py310-sdist-windows: 158456 D copy directory /home/kalle/.local/share/virtualenv/wheel/3.10/image/1/CopyPipInstall/setuptools-74.0.0-py3-none-any/setuptools to /home/kalle/projects/opengis/georama/.tox/py310-sdist-windows/lib/python3.10/site-packages/setuptools [virtualenv/util/path/_sync.py:40]
py310-sdist-windows: 158457 D generated console scripts wheel wheel3.10 wheel-3.10 wheel3 [virtualenv/seed/embed/via_app_data/pip_install/base.py:43]
py310-sdist-windows: 158633 D copy /home/kalle/.local/share/virtualenv/wheel/3.10/image/1/CopyPipInstall/pip-24.2-py3-none-any/pip-24.2.virtualenv to /home/kalle/projects/opengis/georama/.tox/py310-sdist-windows/lib/python3.10/site-packages/pip-24.2.virtualenv [virtualenv/util/path/_sync.py:40]
py310-sdist-windows: 158635 D generated console scripts pip-3.10 pip3 pip pip3.10 [virtualenv/seed/embed/via_app_data/pip_install/base.py:43]
py310-sdist-windows: 158661 D generated console scripts  [virtualenv/seed/embed/via_app_data/pip_install/base.py:43]
py310-sdist-windows: 158662 I add activators for Bash, CShell, Fish, Nushell, PowerShell, Python [virtualenv/run/session.py:63]
py310-sdist-windows: 158664 D write /home/kalle/projects/opengis/georama/.tox/py310-sdist-windows/pyvenv.cfg [virtualenv/create/pyenv_cfg.py:33]
py310-sdist-windows: 158664 D 	home = /home/kalle/.pyenv/versions/3.10.4/bin [virtualenv/create/pyenv_cfg.py:38]
py310-sdist-windows: 158664 D 	implementation = CPython [virtualenv/create/pyenv_cfg.py:38]
py310-sdist-windows: 158664 D 	version_info = 3.10.4.final.0 [virtualenv/create/pyenv_cfg.py:38]
py310-sdist-windows: 158665 D 	virtualenv = 20.27.1 [virtualenv/create/pyenv_cfg.py:38]
py310-sdist-windows: 158665 D 	include-system-site-packages = false [virtualenv/create/pyenv_cfg.py:38]
py310-sdist-windows: 158665 D 	base-prefix = /home/kalle/.pyenv/versions/3.10.4 [virtualenv/create/pyenv_cfg.py:38]
py310-sdist-windows: 158665 D 	base-exec-prefix = /home/kalle/.pyenv/versions/3.10.4 [virtualenv/create/pyenv_cfg.py:38]
py310-sdist-windows: 158665 D 	base-executable = /home/kalle/.pyenv/versions/3.10.4/bin/python3.10 [virtualenv/create/pyenv_cfg.py:38]
.pkg: 158673 D package .tmp/package/6/georama-0.0.1.tar.gz links to .pkg/dist/georama-0.0.1.tar.gz (/home/kalle/projects/opengis/georama/.tox) [tox/util/file_view.py:39]
py310-sdist-windows: 158674 W install_package_deps> python -I -m pip install 'SQLAlchemy<2.0.0' async-timeout==4.0.3 click==8.1.7 django-admin-sortable2==2.2.1 django-cors-headers==4.3.1 django-jazzmin==3.0.0 django-ninja==0.22.2 django-simple-history==3.7.0 django-treebeard==4.7.1 django==5.0.6 'djangorestframework-gis@ git+https://github.com/openwisp/django-rest-framework-gis@4f244d5d8a7ad5b453fd04f64150818d15123e01' djangorestframework==3.15.1 gdal==3.9.1 geoalchemy2==0.15.2 psycopg2==2.9.9 pygeoapi==0.17.0 pytest-click==1.1.0 pytest-cov==5.0.0 pytest-explicit==1.0.1 pytest-run-subprocess==0.10.0 pytest-xdist==3.5.0 pytest==8.0.0 'qgis_server_light@ git+https://github.com/opengisch/qgis-server-light.git@e858981252e06fb63d2bb30f3c4281ee11996b3f' redis==5.0.8 'xsdata[cli,lxml,soap]==24.6.1' [tox/tox_env/api.py:427]
Collecting djangorestframework-gis@ git+https://github.com/openwisp/django-rest-framework-gis@4f244d5d8a7ad5b453fd04f64150818d15123e01
  Using cached djangorestframework_gis-1.0-py2.py3-none-any.whl
Collecting qgis_server_light@ git+https://github.com/opengisch/qgis-server-light.git@e858981252e06fb63d2bb30f3c4281ee11996b3f
  Using cached qgis_server_light-0.0.2-py2.py3-none-any.whl
Collecting SQLAlchemy<2.0.0
  Using cached SQLAlchemy-1.4.54-cp310-cp310-manylinux_2_5_x86_64.manylinux1_x86_64.manylinux_2_17_x86_64.manylinux2014_x86_64.whl.metadata (10 kB)
Collecting async-timeout==4.0.3
  Using cached async_timeout-4.0.3-py3-none-any.whl.metadata (4.2 kB)
Collecting click==8.1.7
  Using cached click-8.1.7-py3-none-any.whl.metadata (3.0 kB)
Collecting django-admin-sortable2==2.2.1
  Using cached django_admin_sortable2-2.2.1-py3-none-any.whl.metadata (3.8 kB)
Collecting django-cors-headers==4.3.1
  Using cached django_cors_headers-4.3.1-py3-none-any.whl.metadata (16 kB)
Collecting django-jazzmin==3.0.0
  Using cached django_jazzmin-3.0.0-py3-none-any.whl.metadata (6.2 kB)
Collecting django-ninja==0.22.2
  Using cached django_ninja-0.22.2-py3-none-any.whl.metadata (6.3 kB)
Collecting django-simple-history==3.7.0
  Using cached django_simple_history-3.7.0-py3-none-any.whl.metadata (24 kB)
Collecting django-treebeard==4.7.1
  Using cached django_treebeard-4.7.1-py3-none-any.whl.metadata (2.7 kB)
Collecting django==5.0.6
  Using cached Django-5.0.6-py3-none-any.whl.metadata (4.1 kB)
Collecting djangorestframework==3.15.1
  Using cached djangorestframework-3.15.1-py3-none-any.whl.metadata (11 kB)
Collecting gdal==3.9.1
  Using cached GDAL-3.9.1-cp310-cp310-linux_x86_64.whl
Collecting geoalchemy2==0.15.2
  Using cached GeoAlchemy2-0.15.2-py3-none-any.whl.metadata (2.1 kB)
Collecting psycopg2==2.9.9
  Using cached psycopg2-2.9.9-cp310-cp310-linux_x86_64.whl
Collecting pygeoapi==0.17.0
  Using cached pygeoapi-0.17.0-py2.py3-none-any.whl.metadata (2.4 kB)
Collecting pytest-click==1.1.0
  Using cached pytest_click-1.1.0-py3-none-any.whl.metadata (3.3 kB)
Collecting pytest-cov==5.0.0
  Using cached pytest_cov-5.0.0-py3-none-any.whl.metadata (27 kB)
Collecting pytest-explicit==1.0.1
  Using cached pytest_explicit-1.0.1-py3-none-any.whl.metadata (3.4 kB)
Collecting pytest-run-subprocess==0.10.0
  Using cached pytest_run_subprocess-0.10.0-py3-none-any.whl.metadata (8.3 kB)
Collecting pytest-xdist==3.5.0
  Using cached pytest_xdist-3.5.0-py3-none-any.whl.metadata (3.1 kB)
Collecting pytest==8.0.0
  Using cached pytest-8.0.0-py3-none-any.whl.metadata (7.8 kB)
Collecting redis==5.0.8
  Using cached redis-5.0.8-py3-none-any.whl.metadata (9.2 kB)
Collecting xsdata==24.6.1 (from xsdata[cli,lxml,soap]==24.6.1)
  Using cached xsdata-24.6.1-py3-none-any.whl.metadata (6.3 kB)
Collecting asgiref>=3.6 (from django-cors-headers==4.3.1)
  Using cached asgiref-3.8.1-py3-none-any.whl.metadata (9.3 kB)
Collecting pydantic<2.0.0,>=1.6 (from django-ninja==0.22.2)
  Using cached pydantic-1.10.19-cp310-cp310-manylinux_2_17_x86_64.manylinux2014_x86_64.whl.metadata (152 kB)
Collecting sqlparse>=0.3.1 (from django==5.0.6)
  Using cached sqlparse-0.5.3-py3-none-any.whl.metadata (3.9 kB)
Collecting packaging (from geoalchemy2==0.15.2)
  Using cached packaging-24.2-py3-none-any.whl.metadata (3.2 kB)
Collecting Babel (from pygeoapi==0.17.0)
  Using cached babel-2.16.0-py3-none-any.whl.metadata (1.5 kB)
Collecting filelock (from pygeoapi==0.17.0)
  Using cached filelock-3.16.1-py3-none-any.whl.metadata (2.9 kB)
Collecting Flask (from pygeoapi==0.17.0)
  Using cached flask-3.1.0-py3-none-any.whl.metadata (2.7 kB)
Collecting jinja2 (from pygeoapi==0.17.0)
  Using cached jinja2-3.1.4-py3-none-any.whl.metadata (2.6 kB)
Collecting jsonschema (from pygeoapi==0.17.0)
  Using cached jsonschema-4.23.0-py3-none-any.whl.metadata (7.9 kB)
Collecting pygeofilter (from pygeoapi==0.17.0)
  Using cached pygeofilter-0.2.4-py2.py3-none-any.whl.metadata (14 kB)
Collecting pygeoif (from pygeoapi==0.17.0)
  Using cached pygeoif-1.5.1-py3-none-any.whl.metadata (14 kB)
Collecting pyproj (from pygeoapi==0.17.0)
  Using cached pyproj-3.7.0-cp310-cp310-manylinux_2_17_x86_64.manylinux2014_x86_64.whl.metadata (31 kB)
Collecting python-dateutil (from pygeoapi==0.17.0)
  Using cached python_dateutil-2.9.0.post0-py2.py3-none-any.whl.metadata (8.4 kB)
Collecting pytz (from pygeoapi==0.17.0)
  Using cached pytz-2024.2-py2.py3-none-any.whl.metadata (22 kB)
Collecting PyYAML (from pygeoapi==0.17.0)
  Using cached PyYAML-6.0.2-cp310-cp310-manylinux_2_17_x86_64.manylinux2014_x86_64.whl.metadata (2.1 kB)
Collecting rasterio (from pygeoapi==0.17.0)
  Using cached rasterio-1.4.3-cp310-cp310-manylinux_2_17_x86_64.manylinux2014_x86_64.whl.metadata (9.1 kB)
Collecting requests (from pygeoapi==0.17.0)
  Using cached requests-2.32.3-py3-none-any.whl.metadata (4.6 kB)
Collecting shapely (from pygeoapi==0.17.0)
  Using cached shapely-2.0.6-cp310-cp310-manylinux_2_17_x86_64.manylinux2014_x86_64.whl.metadata (7.0 kB)
Collecting tinydb (from pygeoapi==0.17.0)
  Using cached tinydb-4.8.2-py3-none-any.whl.metadata (6.7 kB)
Collecting unicodecsv (from pygeoapi==0.17.0)
  Using cached unicodecsv-0.14.1-py3-none-any.whl
Collecting coverage>=5.2.1 (from coverage[toml]>=5.2.1->pytest-cov==5.0.0)
  Using cached coverage-7.6.9-cp310-cp310-manylinux_2_5_x86_64.manylinux1_x86_64.manylinux_2_17_x86_64.manylinux2014_x86_64.whl.metadata (8.2 kB)
Collecting execnet>=1.1 (from pytest-xdist==3.5.0)
  Using cached execnet-2.1.1-py3-none-any.whl.metadata (2.9 kB)
Collecting iniconfig (from pytest==8.0.0)
  Using cached iniconfig-2.0.0-py3-none-any.whl.metadata (2.6 kB)
Collecting pluggy<2.0,>=1.3.0 (from pytest==8.0.0)
  Using cached pluggy-1.5.0-py3-none-any.whl.metadata (4.8 kB)
Collecting exceptiongroup>=1.0.0rc8 (from pytest==8.0.0)
  Using cached exceptiongroup-1.2.2-py3-none-any.whl.metadata (6.6 kB)
Collecting tomli>=1.0.0 (from pytest==8.0.0)
  Using cached tomli-2.2.1-py3-none-any.whl.metadata (10 kB)
Collecting typing-extensions>=4.7.0 (from xsdata==24.6.1->xsdata[cli,lxml,soap]==24.6.1)
  Using cached typing_extensions-4.12.2-py3-none-any.whl.metadata (3.0 kB)
Collecting click-default-group>=1.2 (from xsdata[cli,lxml,soap]==24.6.1)
  Using cached click_default_group-1.2.4-py2.py3-none-any.whl.metadata (2.8 kB)
Collecting docformatter>=1.7.2 (from xsdata[cli,lxml,soap]==24.6.1)
  Using cached docformatter-1.7.5-py3-none-any.whl.metadata (8.3 kB)
Collecting toposort>=1.5 (from xsdata[cli,lxml,soap]==24.6.1)
  Using cached toposort-1.10-py3-none-any.whl.metadata (4.1 kB)
Collecting ruff>=0.3.0 (from xsdata[cli,lxml,soap]==24.6.1)
  Using cached ruff-0.8.3-py3-none-manylinux_2_17_x86_64.manylinux2014_x86_64.whl.metadata (25 kB)
Collecting lxml>=4.5.0 (from xsdata[cli,lxml,soap]==24.6.1)
  Using cached lxml-5.3.0-cp310-cp310-manylinux_2_28_x86_64.whl.metadata (3.8 kB)
Collecting greenlet!=0.4.17 (from SQLAlchemy<2.0.0)
  Using cached greenlet-3.1.1-cp310-cp310-manylinux_2_24_x86_64.manylinux_2_28_x86_64.whl.metadata (3.8 kB)
Collecting charset_normalizer<4.0.0,>=3.0.0 (from docformatter>=1.7.2->xsdata[cli,lxml,soap]==24.6.1)
  Using cached charset_normalizer-3.4.0-cp310-cp310-manylinux_2_17_x86_64.manylinux2014_x86_64.whl.metadata (34 kB)
Collecting untokenize<0.2.0,>=0.1.1 (from docformatter>=1.7.2->xsdata[cli,lxml,soap]==24.6.1)
  Using cached untokenize-0.1.1-py3-none-any.whl
Collecting MarkupSafe>=2.0 (from jinja2->pygeoapi==0.17.0)
  Using cached MarkupSafe-3.0.2-cp310-cp310-manylinux_2_17_x86_64.manylinux2014_x86_64.whl.metadata (4.0 kB)
Collecting Werkzeug>=3.1 (from Flask->pygeoapi==0.17.0)
  Using cached werkzeug-3.1.3-py3-none-any.whl.metadata (3.7 kB)
Collecting itsdangerous>=2.2 (from Flask->pygeoapi==0.17.0)
  Using cached itsdangerous-2.2.0-py3-none-any.whl.metadata (1.9 kB)
Collecting blinker>=1.9 (from Flask->pygeoapi==0.17.0)
  Using cached blinker-1.9.0-py3-none-any.whl.metadata (1.6 kB)
Collecting attrs>=22.2.0 (from jsonschema->pygeoapi==0.17.0)
  Using cached attrs-24.2.0-py3-none-any.whl.metadata (11 kB)
Collecting jsonschema-specifications>=2023.03.6 (from jsonschema->pygeoapi==0.17.0)
  Using cached jsonschema_specifications-2024.10.1-py3-none-any.whl.metadata (3.0 kB)
Collecting referencing>=0.28.4 (from jsonschema->pygeoapi==0.17.0)
  Using cached referencing-0.35.1-py3-none-any.whl.metadata (2.8 kB)
Collecting rpds-py>=0.7.1 (from jsonschema->pygeoapi==0.17.0)
  Using cached rpds_py-0.22.3-cp310-cp310-manylinux_2_17_x86_64.manylinux2014_x86_64.whl.metadata (4.2 kB)
Collecting dateparser (from pygeofilter->pygeoapi==0.17.0)
  Using cached dateparser-1.2.0-py2.py3-none-any.whl.metadata (28 kB)
Collecting lark<1.0 (from pygeofilter->pygeoapi==0.17.0)
  Using cached lark-0.12.0-py2.py3-none-any.whl.metadata (1.7 kB)
Collecting certifi (from pyproj->pygeoapi==0.17.0)
  Using cached certifi-2024.8.30-py3-none-any.whl.metadata (2.2 kB)
Collecting six>=1.5 (from python-dateutil->pygeoapi==0.17.0)
  Using cached six-1.17.0-py2.py3-none-any.whl.metadata (1.7 kB)
Collecting affine (from rasterio->pygeoapi==0.17.0)
  Using cached affine-2.4.0-py3-none-any.whl.metadata (4.0 kB)
Collecting cligj>=0.5 (from rasterio->pygeoapi==0.17.0)
  Using cached cligj-0.7.2-py3-none-any.whl.metadata (5.0 kB)
Collecting numpy>=1.24 (from rasterio->pygeoapi==0.17.0)
  Using cached numpy-2.2.0-cp310-cp310-manylinux_2_17_x86_64.manylinux2014_x86_64.whl.metadata (62 kB)
Collecting click-plugins (from rasterio->pygeoapi==0.17.0)
  Using cached click_plugins-1.1.1-py2.py3-none-any.whl.metadata (6.4 kB)
Collecting pyparsing (from rasterio->pygeoapi==0.17.0)
  Using cached pyparsing-3.2.0-py3-none-any.whl.metadata (5.0 kB)
Collecting idna<4,>=2.5 (from requests->pygeoapi==0.17.0)
  Using cached idna-3.10-py3-none-any.whl.metadata (10 kB)
Collecting urllib3<3,>=1.21.1 (from requests->pygeoapi==0.17.0)
  Using cached urllib3-2.2.3-py3-none-any.whl.metadata (6.5 kB)
Collecting regex!=2019.02.19,!=2021.8.27 (from dateparser->pygeofilter->pygeoapi==0.17.0)
  Using cached regex-2024.11.6-cp310-cp310-manylinux_2_17_x86_64.manylinux2014_x86_64.whl.metadata (40 kB)
Collecting tzlocal (from dateparser->pygeofilter->pygeoapi==0.17.0)
  Using cached tzlocal-5.2-py3-none-any.whl.metadata (7.8 kB)
Using cached async_timeout-4.0.3-py3-none-any.whl (5.7 kB)
Using cached click-8.1.7-py3-none-any.whl (97 kB)
Using cached django_admin_sortable2-2.2.1-py3-none-any.whl (77 kB)
Using cached django_cors_headers-4.3.1-py3-none-any.whl (12 kB)
Using cached django_jazzmin-3.0.0-py3-none-any.whl (2.8 MB)
Using cached django_ninja-0.22.2-py3-none-any.whl (2.3 MB)
Using cached django_simple_history-3.7.0-py3-none-any.whl (139 kB)
Using cached django_treebeard-4.7.1-py3-none-any.whl (93 kB)
Using cached Django-5.0.6-py3-none-any.whl (8.2 MB)
Using cached djangorestframework-3.15.1-py3-none-any.whl (1.1 MB)
Using cached GeoAlchemy2-0.15.2-py3-none-any.whl (73 kB)
Using cached pygeoapi-0.17.0-py2.py3-none-any.whl (445 kB)
Using cached pytest_click-1.1.0-py3-none-any.whl (4.1 kB)
Using cached pytest_cov-5.0.0-py3-none-any.whl (21 kB)
Using cached pytest_explicit-1.0.1-py3-none-any.whl (4.4 kB)
Using cached pytest_run_subprocess-0.10.0-py3-none-any.whl (17 kB)
Using cached pytest_xdist-3.5.0-py3-none-any.whl (42 kB)
Using cached pytest-8.0.0-py3-none-any.whl (334 kB)
Using cached redis-5.0.8-py3-none-any.whl (255 kB)
Using cached xsdata-24.6.1-py3-none-any.whl (228 kB)
Using cached SQLAlchemy-1.4.54-cp310-cp310-manylinux_2_5_x86_64.manylinux1_x86_64.manylinux_2_17_x86_64.manylinux2014_x86_64.whl (1.6 MB)
Using cached asgiref-3.8.1-py3-none-any.whl (23 kB)
Using cached click_default_group-1.2.4-py2.py3-none-any.whl (4.1 kB)
Using cached coverage-7.6.9-cp310-cp310-manylinux_2_5_x86_64.manylinux1_x86_64.manylinux_2_17_x86_64.manylinux2014_x86_64.whl (234 kB)
Using cached docformatter-1.7.5-py3-none-any.whl (32 kB)
Using cached exceptiongroup-1.2.2-py3-none-any.whl (16 kB)
Using cached execnet-2.1.1-py3-none-any.whl (40 kB)
Using cached greenlet-3.1.1-cp310-cp310-manylinux_2_24_x86_64.manylinux_2_28_x86_64.whl (599 kB)
Using cached jinja2-3.1.4-py3-none-any.whl (133 kB)
Using cached lxml-5.3.0-cp310-cp310-manylinux_2_28_x86_64.whl (5.0 MB)
Using cached pluggy-1.5.0-py3-none-any.whl (20 kB)
Using cached pydantic-1.10.19-cp310-cp310-manylinux_2_17_x86_64.manylinux2014_x86_64.whl (3.1 MB)
Using cached ruff-0.8.3-py3-none-manylinux_2_17_x86_64.manylinux2014_x86_64.whl (11.2 MB)
Using cached sqlparse-0.5.3-py3-none-any.whl (44 kB)
Using cached tomli-2.2.1-py3-none-any.whl (14 kB)
Using cached toposort-1.10-py3-none-any.whl (8.5 kB)
Using cached typing_extensions-4.12.2-py3-none-any.whl (37 kB)
Using cached babel-2.16.0-py3-none-any.whl (9.6 MB)
Using cached filelock-3.16.1-py3-none-any.whl (16 kB)
Using cached flask-3.1.0-py3-none-any.whl (102 kB)
Using cached iniconfig-2.0.0-py3-none-any.whl (5.9 kB)
Using cached jsonschema-4.23.0-py3-none-any.whl (88 kB)
Using cached packaging-24.2-py3-none-any.whl (65 kB)
Using cached pygeofilter-0.2.4-py2.py3-none-any.whl (81 kB)
Using cached pygeoif-1.5.1-py3-none-any.whl (28 kB)
Using cached pyproj-3.7.0-cp310-cp310-manylinux_2_17_x86_64.manylinux2014_x86_64.whl (9.2 MB)
Using cached python_dateutil-2.9.0.post0-py2.py3-none-any.whl (229 kB)
Using cached pytz-2024.2-py2.py3-none-any.whl (508 kB)
Using cached PyYAML-6.0.2-cp310-cp310-manylinux_2_17_x86_64.manylinux2014_x86_64.whl (751 kB)
Using cached rasterio-1.4.3-cp310-cp310-manylinux_2_17_x86_64.manylinux2014_x86_64.whl (22.2 MB)
Using cached requests-2.32.3-py3-none-any.whl (64 kB)
Using cached shapely-2.0.6-cp310-cp310-manylinux_2_17_x86_64.manylinux2014_x86_64.whl (2.5 MB)
Using cached tinydb-4.8.2-py3-none-any.whl (24 kB)
Using cached attrs-24.2.0-py3-none-any.whl (63 kB)
Using cached blinker-1.9.0-py3-none-any.whl (8.5 kB)
Using cached certifi-2024.8.30-py3-none-any.whl (167 kB)
Using cached charset_normalizer-3.4.0-cp310-cp310-manylinux_2_17_x86_64.manylinux2014_x86_64.whl (144 kB)
Using cached cligj-0.7.2-py3-none-any.whl (7.1 kB)
Using cached idna-3.10-py3-none-any.whl (70 kB)
Using cached itsdangerous-2.2.0-py3-none-any.whl (16 kB)
Using cached jsonschema_specifications-2024.10.1-py3-none-any.whl (18 kB)
Using cached lark-0.12.0-py2.py3-none-any.whl (103 kB)
Using cached MarkupSafe-3.0.2-cp310-cp310-manylinux_2_17_x86_64.manylinux2014_x86_64.whl (20 kB)
Using cached numpy-2.2.0-cp310-cp310-manylinux_2_17_x86_64.manylinux2014_x86_64.whl (16.4 MB)
Using cached referencing-0.35.1-py3-none-any.whl (26 kB)
Using cached rpds_py-0.22.3-cp310-cp310-manylinux_2_17_x86_64.manylinux2014_x86_64.whl (381 kB)
Using cached six-1.17.0-py2.py3-none-any.whl (11 kB)
Using cached urllib3-2.2.3-py3-none-any.whl (126 kB)
Using cached werkzeug-3.1.3-py3-none-any.whl (224 kB)
Using cached affine-2.4.0-py3-none-any.whl (15 kB)
Using cached click_plugins-1.1.1-py2.py3-none-any.whl (7.5 kB)
Using cached dateparser-1.2.0-py2.py3-none-any.whl (294 kB)
Using cached pyparsing-3.2.0-py3-none-any.whl (106 kB)
Using cached regex-2024.11.6-cp310-cp310-manylinux_2_17_x86_64.manylinux2014_x86_64.whl (781 kB)
Using cached tzlocal-5.2-py3-none-any.whl (17 kB)
Installing collected packages: untokenize, unicodecsv, toposort, qgis_server_light, pytz, lark, urllib3, tzlocal, typing-extensions, tomli, tinydb, sqlparse, six, ruff, rpds-py, regex, PyYAML, pyparsing, psycopg2, pluggy, packaging, numpy, MarkupSafe, lxml, itsdangerous, iniconfig, idna, greenlet, gdal, filelock, execnet, exceptiongroup, coverage, click, charset_normalizer, certifi, blinker, Babel, attrs, async-timeout, affine, xsdata, Werkzeug, SQLAlchemy, shapely, requests, referencing, redis, python-dateutil, pytest, pyproj, pygeoif, pydantic, jinja2, docformatter, cligj, click-plugins, click-default-group, asgiref, rasterio, pytest-xdist, pytest-run-subprocess, pytest-explicit, pytest-cov, pytest-click, jsonschema-specifications, geoalchemy2, Flask, django, dateparser, pygeofilter, jsonschema, djangorestframework, django-treebeard, django-simple-history, django-ninja, django-jazzmin, django-cors-headers, django-admin-sortable2, pygeoapi, djangorestframework-gis
Successfully installed Babel-2.16.0 Flask-3.1.0 MarkupSafe-3.0.2 PyYAML-6.0.2 SQLAlchemy-1.4.54 Werkzeug-3.1.3 affine-2.4.0 asgiref-3.8.1 async-timeout-4.0.3 attrs-24.2.0 blinker-1.9.0 certifi-2024.8.30 charset_normalizer-3.4.0 click-8.1.7 click-default-group-1.2.4 click-plugins-1.1.1 cligj-0.7.2 coverage-7.6.9 dateparser-1.2.0 django-5.0.6 django-admin-sortable2-2.2.1 django-cors-headers-4.3.1 django-jazzmin-3.0.0 django-ninja-0.22.2 django-simple-history-3.7.0 django-treebeard-4.7.1 djangorestframework-3.15.1 djangorestframework-gis-1.0 docformatter-1.7.5 exceptiongroup-1.2.2 execnet-2.1.1 filelock-3.16.1 gdal-3.9.1 geoalchemy2-0.15.2 greenlet-3.1.1 idna-3.10 iniconfig-2.0.0 itsdangerous-2.2.0 jinja2-3.1.4 jsonschema-4.23.0 jsonschema-specifications-2024.10.1 lark-0.12.0 lxml-5.3.0 numpy-2.2.0 packaging-24.2 pluggy-1.5.0 psycopg2-2.9.9 pydantic-1.10.19 pygeoapi-0.17.0 pygeofilter-0.2.4 pygeoif-1.5.1 pyparsing-3.2.0 pyproj-3.7.0 pytest-8.0.0 pytest-click-1.1.0 pytest-cov-5.0.0 pytest-explicit-1.0.1 pytest-run-subprocess-0.10.0 pytest-xdist-3.5.0 python-dateutil-2.9.0.post0 pytz-2024.2 qgis_server_light-0.0.2 rasterio-1.4.3 redis-5.0.8 referencing-0.35.1 regex-2024.11.6 requests-2.32.3 rpds-py-0.22.3 ruff-0.8.3 shapely-2.0.6 six-1.17.0 sqlparse-0.5.3 tinydb-4.8.2 tomli-2.2.1 toposort-1.10 typing-extensions-4.12.2 tzlocal-5.2 unicodecsv-0.14.1 untokenize-0.1.1 urllib3-2.2.3 xsdata-24.6.1
py310-sdist-windows: 184041 I exit 0 (25.37 seconds) /home/kalle/projects/opengis/georama> python -I -m pip install 'SQLAlchemy<2.0.0' async-timeout==4.0.3 click==8.1.7 django-admin-sortable2==2.2.1 django-cors-headers==4.3.1 django-jazzmin==3.0.0 django-ninja==0.22.2 django-simple-history==3.7.0 django-treebeard==4.7.1 django==5.0.6 'djangorestframework-gis@ git+https://github.com/openwisp/django-rest-framework-gis@4f244d5d8a7ad5b453fd04f64150818d15123e01' djangorestframework==3.15.1 gdal==3.9.1 geoalchemy2==0.15.2 psycopg2==2.9.9 pygeoapi==0.17.0 pytest-click==1.1.0 pytest-cov==5.0.0 pytest-explicit==1.0.1 pytest-run-subprocess==0.10.0 pytest-xdist==3.5.0 pytest==8.0.0 'qgis_server_light@ git+https://github.com/opengisch/qgis-server-light.git@e858981252e06fb63d2bb30f3c4281ee11996b3f' redis==5.0.8 'xsdata[cli,lxml,soap]==24.6.1' pid=607003 [tox/execute/api.py:280]
py310-sdist-windows: 184042 W install_package> python -I -m pip install --force-reinstall --no-deps /home/kalle/projects/opengis/georama/.tox/.tmp/package/6/georama-0.0.1.tar.gz [tox/tox_env/api.py:427]
Processing ./.tox/.tmp/package/6/georama-0.0.1.tar.gz
  Installing build dependencies: started
  Installing build dependencies: finished with status 'done'
  Getting requirements to build wheel: started
  Getting requirements to build wheel: finished with status 'done'
  Preparing metadata (pyproject.toml): started
  Preparing metadata (pyproject.toml): finished with status 'done'
Building wheels for collected packages: georama
  Building wheel for georama (pyproject.toml): started
  Building wheel for georama (pyproject.toml): finished with status 'done'
  Created wheel for georama: filename=georama-0.0.1-py3-none-any.whl size=4410461 sha256=b36377cbba5334718beded91923a32c276d041a916198275d635d8ace18372ee
  Stored in directory: /home/kalle/.cache/pip/wheels/ca/b2/9f/418ef60b8a1a2b8a5192fb4040fcd9e1dd0fd3a44865561dde
Successfully built georama
Installing collected packages: georama
Successfully installed georama-0.0.1
py310-sdist-windows: 187051 I exit 0 (3.01 seconds) /home/kalle/projects/opengis/georama> python -I -m pip install --force-reinstall --no-deps /home/kalle/projects/opengis/georama/.tox/.tmp/package/6/georama-0.0.1.tar.gz pid=607576 [tox/execute/api.py:280]
py310-sdist-windows: 187052 W commands[0]> pytest -ra --cov --cov-report=term-missing --cov-report=html:/home/kalle/projects/opengis/georama/.tox/py310-sdist-windows/htmlcov --cov-context=test --cov-report=xml:/home/kalle/projects/opengis/georama/.tox/coverage.py310-sdist-windows.xml -n auto tests [tox/tox_env/api.py:427]
============================= test session starts ==============================
platform linux -- Python 3.10.4, pytest-8.0.0, pluggy-1.5.0
cachedir: .tox/py310-sdist-windows/.pytest_cache
rootdir: /home/kalle/projects/opengis/georama
configfile: pyproject.toml
plugins: run-subprocess-0.10.0, cov-5.0.0, explicit-1.0.1, click-1.1.0, xdist-3.5.0
created: 16/16 workers
16 workers [1 item]

.                                                                        [100%]
==================================== ERRORS ====================================
____________ ERROR collecting tests/data_integration/smoke_test.py _____________
import file mismatch:
imported module 'smoke_test' has this __file__ attribute:
  /home/kalle/projects/opengis/georama/tests/core/smoke_test.py
which is not the same as the test file we want to collect:
  /home/kalle/projects/opengis/georama/tests/data_integration/smoke_test.py
HINT: remove __pycache__ / .pyc files and/or use a unique basename for your test file modules
________________ ERROR collecting tests/features/smoke_test.py _________________
import file mismatch:
imported module 'smoke_test' has this __file__ attribute:
  /home/kalle/projects/opengis/georama/tests/core/smoke_test.py
which is not the same as the test file we want to collect:
  /home/kalle/projects/opengis/georama/tests/features/smoke_test.py
HINT: remove __pycache__ / .pyc files and/or use a unique basename for your test file modules
__________________ ERROR collecting tests/maps/smoke_test.py ___________________
import file mismatch:
imported module 'smoke_test' has this __file__ attribute:
  /home/kalle/projects/opengis/georama/tests/core/smoke_test.py
which is not the same as the test file we want to collect:
  /home/kalle/projects/opengis/georama/tests/maps/smoke_test.py
HINT: remove __pycache__ / .pyc files and/or use a unique basename for your test file modules
__________________ ERROR collecting tests/shop/smoke_test.py ___________________
import file mismatch:
imported module 'smoke_test' has this __file__ attribute:
  /home/kalle/projects/opengis/georama/tests/core/smoke_test.py
which is not the same as the test file we want to collect:
  /home/kalle/projects/opengis/georama/tests/shop/smoke_test.py
HINT: remove __pycache__ / .pyc files and/or use a unique basename for your test file modules
_________________ ERROR collecting tests/webgis/smoke_test.py __________________
import file mismatch:
imported module 'smoke_test' has this __file__ attribute:
  /home/kalle/projects/opengis/georama/tests/core/smoke_test.py
which is not the same as the test file we want to collect:
  /home/kalle/projects/opengis/georama/tests/webgis/smoke_test.py
HINT: remove __pycache__ / .pyc files and/or use a unique basename for your test file modules

---------- coverage: platform linux, python 3.10.4-final-0 -----------
Name                       Stmts   Miss  Cover   Missing
--------------------------------------------------------
tests/core/smoke_test.py       3      0   100%
--------------------------------------------------------
TOTAL                          3      0   100%
Coverage HTML written to dir /home/kalle/projects/opengis/georama/.tox/py310-sdist-windows/htmlcov
Coverage XML written to file /home/kalle/projects/opengis/georama/.tox/coverage.py310-sdist-windows.xml

=========================== short test summary info ============================
ERROR tests/data_integration/smoke_test.py
ERROR tests/features/smoke_test.py
ERROR tests/maps/smoke_test.py
ERROR tests/shop/smoke_test.py
ERROR tests/webgis/smoke_test.py
========================= 1 passed, 5 errors in 1.88s ==========================
py310-sdist-windows: 189302 C exit 1 (2.25 seconds) /home/kalle/projects/opengis/georama> pytest -ra --cov --cov-report=term-missing --cov-report=html:/home/kalle/projects/opengis/georama/.tox/py310-sdist-windows/htmlcov --cov-context=test --cov-report=xml:/home/kalle/projects/opengis/georama/.tox/coverage.py310-sdist-windows.xml -n auto tests pid=607669 [tox/execute/api.py:280]
py310-sdist-windows: FAIL ✖ in 30.94 seconds
py310-wheel-linux: 189306 E failed with env name py310-wheel-linux conflicting with base python python3 [tox/session/cmd/run/single.py:57]
py310-wheel-linux: FAIL ✖ in 0 seconds
py310-wheel-macos: 189311 E failed with env name py310-wheel-macos conflicting with base python python3 [tox/session/cmd/run/single.py:57]
py310-wheel-macos: FAIL ✖ in 0 seconds
py310-wheel-windows: 189314 E failed with env name py310-wheel-windows conflicting with base python python3 [tox/session/cmd/run/single.py:57]
py310-wheel-windows: FAIL ✖ in 0 seconds
py39-edit-linux: 189315 E failed with could not find python interpreter matching any of the specs py39 [tox/session/cmd/run/single.py:57]
py39-edit-linux: FAIL ✖ in 0 seconds
py39-edit-macos: 189316 E failed with could not find python interpreter matching any of the specs py39 [tox/session/cmd/run/single.py:57]
py39-edit-macos: FAIL ✖ in 0 seconds
py39-edit-windows: 189327 E failed with could not find python interpreter matching any of the specs py39 [tox/session/cmd/run/single.py:57]
py39-edit-windows: FAIL ✖ in 0.01 seconds
py39-sdist-linux: 189333 I find interpreter for spec PythonSpec(major=3, minor=9) [virtualenv/discovery/builtin.py:73]
py39-sdist-linux: 189333 I proposed PythonInfo(spec=CPython3.12.7.final.0-64, exe=/usr/bin/python, platform=linux, version='3.12.7 (main, Oct  1 2024, 11:15:50) [GCC 14.2.1 20240910]', encoding_fs_io=utf-8-utf-8) [virtualenv/discovery/builtin.py:80]
py39-sdist-linux: 189333 D discover PATH[0]=/home/kalle/projects/opengis/georama/.venv/bin [virtualenv/discovery/builtin.py:149]
py39-sdist-linux: 189334 D discover exe from cache /home/kalle/.pyenv/versions/3.10.4 - exact False: PathPythonInfo({'architecture': 64, 'base_exec_prefix': '/home/kalle/.pyenv/versions/3.10.4', 'base_prefix': '/home/kalle/.pyenv/versions/3.10.4', 'distutils_install': {'data': '', 'headers': 'include/python3.10/UNKNOWN', 'platlib': 'lib/python3.10/site-packages', 'purelib': 'lib/python3.10/site-packages', 'scripts': 'bin'}, 'exec_prefix': '/home/kalle/.pyenv/versions/3.10.4', 'executable': '/home/kalle/projects/opengis/georama/.venv/bin/python3.10', 'file_system_encoding': 'utf-8', 'has_venv': True, 'implementation': 'CPython', 'max_size': 9223372036854775807, 'original_executable': '/home/kalle/.pyenv/versions/3.10.4/bin/python3.10', 'os': 'posix', 'path': ['/usr/lib/python3.12/site-packages/virtualenv/discovery', '/home/kalle/.pyenv/versions/3.10.4/lib/python310.zip', '/home/kalle/.pyenv/versions/3.10.4/lib/python3.10', '/home/kalle/.pyenv/versions/3.10.4/lib/python3.10/lib-dynload', '/home/kalle/.local/lib/python3.10/site-packages', '/home/kalle/.pyenv/versions/3.10.4/lib/python3.10/site-packages'], 'platform': 'linux', 'prefix': '/home/kalle/.pyenv/versions/3.10.4', 'real_prefix': None, 'stdout_encoding': 'utf-8', 'sysconfig': {'makefile_filename': '/home/kalle/.pyenv/versions/3.10.4/lib/python3.10/config-3.10-x86_64-linux-gnu/Makefile'}, 'sysconfig_paths': {'data': '{base}', 'include': '{installed_base}/include/python{py_version_short}{abiflags}', 'platlib': '{platbase}/{platlibdir}/python{py_version_short}/site-packages', 'platstdlib': '{platbase}/{platlibdir}/python{py_version_short}', 'purelib': '{base}/lib/python{py_version_short}/site-packages', 'scripts': '{base}/bin', 'stdlib': '{installed_base}/{platlibdir}/python{py_version_short}'}, 'sysconfig_scheme': None, 'sysconfig_vars': {'PYTHONFRAMEWORK': '', 'abiflags': '', 'base': '/home/kalle/.pyenv/versions/3.10.4', 'installed_base': '/home/kalle/.pyenv/versions/3.10.4', 'platbase': '/home/kalle/.pyenv/versions/3.10.4', 'platlibdir': 'lib', 'py_version_short': '3.10'}, 'system_executable': '/home/kalle/.pyenv/versions/3.10.4/bin/python3.10', 'system_stdlib': '/home/kalle/.pyenv/versions/3.10.4/lib/python3.10', 'system_stdlib_platform': '/home/kalle/.pyenv/versions/3.10.4/lib/python3.10', 'version': '3.10.4 (main, May 23 2024, 22:41:52) [GCC 14.1.1 20240507]', 'version_info': VersionInfo(major=3, minor=10, micro=4, releaselevel='final', serial=0), 'version_nodot': '310'}) [virtualenv/discovery/py_info.py:435]
py39-sdist-linux: 189334 I proposed PathPythonInfo(spec=CPython3.10.4.final.0-64, system=/home/kalle/.pyenv/versions/3.10.4/bin/python3.10, exe=/home/kalle/projects/opengis/georama/.venv/bin/python3, platform=linux, version='3.10.4 (main, May 23 2024, 22:41:52) [GCC 14.1.1 20240507]', encoding_fs_io=utf-8-utf-8) [virtualenv/discovery/builtin.py:80]
py39-sdist-linux: 189334 D discover PATH[1]=/home/kalle/.nvm/versions/node/v20.18.0/bin [virtualenv/discovery/builtin.py:149]
py39-sdist-linux: 189335 D discover PATH[2]=/home/kalle/.pyenv/shims [virtualenv/discovery/builtin.py:149]
py39-sdist-linux: 189335 I proposed PathPythonInfo(spec=CPython3.10.4.final.0-64, system=/home/kalle/.pyenv/versions/3.10.4/bin/python3, exe=/home/kalle/.pyenv/shims/python3, platform=linux, version='3.10.4 (main, May 23 2024, 22:41:52) [GCC 14.1.1 20240507]', encoding_fs_io=utf-8-utf-8) [virtualenv/discovery/builtin.py:80]
py39-sdist-linux: 189335 D discover PATH[3]=/home/kalle/perl5/bin [virtualenv/discovery/builtin.py:149]
py39-sdist-linux: 189336 D discover PATH[4]=/home/kalle/.local/bin [virtualenv/discovery/builtin.py:149]
py39-sdist-linux: 189336 D discover PATH[5]=/usr/local/sbin [virtualenv/discovery/builtin.py:149]
py39-sdist-linux: 189337 D discover PATH[6]=/usr/local/bin [virtualenv/discovery/builtin.py:149]
py39-sdist-linux: 189337 D discover PATH[7]=/usr/bin [virtualenv/discovery/builtin.py:149]
py39-sdist-linux: 189360 I proposed PathPythonInfo(spec=CPython3.12.7.final.0-64, exe=/usr/bin/python3, platform=linux, version='3.12.7 (main, Oct  1 2024, 11:15:50) [GCC 14.2.1 20240910]', encoding_fs_io=utf-8-utf-8) [virtualenv/discovery/builtin.py:80]
py39-sdist-linux: 189361 D discover PATH[8]=/var/lib/flatpak/exports/bin [virtualenv/discovery/builtin.py:149]
py39-sdist-linux: 189362 D discover PATH[9]=/usr/lib/jvm/default/bin [virtualenv/discovery/builtin.py:149]
py39-sdist-linux: 189362 D discover PATH[10]=/usr/bin/site_perl [virtualenv/discovery/builtin.py:149]
py39-sdist-linux: 189362 D discover PATH[11]=/usr/bin/vendor_perl [virtualenv/discovery/builtin.py:149]
py39-sdist-linux: 189362 D discover PATH[12]=/usr/bin/core_perl [virtualenv/discovery/builtin.py:149]
py39-sdist-linux: 189363 D discover PATH[13]=/home/kalle/.local/share/JetBrains/Toolbox/scripts [virtualenv/discovery/builtin.py:149]
py39-sdist-linux: 189363 E failed with could not find python interpreter matching any of the specs py39 [tox/session/cmd/run/single.py:57]
py39-sdist-linux: FAIL ✖ in 0.04 seconds
py39-sdist-macos: 189368 I find interpreter for spec PythonSpec(major=3, minor=9) [virtualenv/discovery/builtin.py:73]
py39-sdist-macos: 189368 I proposed PythonInfo(spec=CPython3.12.7.final.0-64, exe=/usr/bin/python, platform=linux, version='3.12.7 (main, Oct  1 2024, 11:15:50) [GCC 14.2.1 20240910]', encoding_fs_io=utf-8-utf-8) [virtualenv/discovery/builtin.py:80]
py39-sdist-macos: 189369 D discover PATH[0]=/home/kalle/projects/opengis/georama/.venv/bin [virtualenv/discovery/builtin.py:149]
py39-sdist-macos: 189369 D discover exe from cache /home/kalle/.pyenv/versions/3.10.4 - exact False: PathPythonInfo({'architecture': 64, 'base_exec_prefix': '/home/kalle/.pyenv/versions/3.10.4', 'base_prefix': '/home/kalle/.pyenv/versions/3.10.4', 'distutils_install': {'data': '', 'headers': 'include/python3.10/UNKNOWN', 'platlib': 'lib/python3.10/site-packages', 'purelib': 'lib/python3.10/site-packages', 'scripts': 'bin'}, 'exec_prefix': '/home/kalle/.pyenv/versions/3.10.4', 'executable': '/home/kalle/projects/opengis/georama/.venv/bin/python3', 'file_system_encoding': 'utf-8', 'has_venv': True, 'implementation': 'CPython', 'max_size': 9223372036854775807, 'original_executable': '/home/kalle/.pyenv/versions/3.10.4/bin/python3.10', 'os': 'posix', 'path': ['/usr/lib/python3.12/site-packages/virtualenv/discovery', '/home/kalle/.pyenv/versions/3.10.4/lib/python310.zip', '/home/kalle/.pyenv/versions/3.10.4/lib/python3.10', '/home/kalle/.pyenv/versions/3.10.4/lib/python3.10/lib-dynload', '/home/kalle/.local/lib/python3.10/site-packages', '/home/kalle/.pyenv/versions/3.10.4/lib/python3.10/site-packages'], 'platform': 'linux', 'prefix': '/home/kalle/.pyenv/versions/3.10.4', 'real_prefix': None, 'stdout_encoding': 'utf-8', 'sysconfig': {'makefile_filename': '/home/kalle/.pyenv/versions/3.10.4/lib/python3.10/config-3.10-x86_64-linux-gnu/Makefile'}, 'sysconfig_paths': {'data': '{base}', 'include': '{installed_base}/include/python{py_version_short}{abiflags}', 'platlib': '{platbase}/{platlibdir}/python{py_version_short}/site-packages', 'platstdlib': '{platbase}/{platlibdir}/python{py_version_short}', 'purelib': '{base}/lib/python{py_version_short}/site-packages', 'scripts': '{base}/bin', 'stdlib': '{installed_base}/{platlibdir}/python{py_version_short}'}, 'sysconfig_scheme': None, 'sysconfig_vars': {'PYTHONFRAMEWORK': '', 'abiflags': '', 'base': '/home/kalle/.pyenv/versions/3.10.4', 'installed_base': '/home/kalle/.pyenv/versions/3.10.4', 'platbase': '/home/kalle/.pyenv/versions/3.10.4', 'platlibdir': 'lib', 'py_version_short': '3.10'}, 'system_executable': '/home/kalle/.pyenv/versions/3.10.4/bin/python3.10', 'system_stdlib': '/home/kalle/.pyenv/versions/3.10.4/lib/python3.10', 'system_stdlib_platform': '/home/kalle/.pyenv/versions/3.10.4/lib/python3.10', 'version': '3.10.4 (main, May 23 2024, 22:41:52) [GCC 14.1.1 20240507]', 'version_info': VersionInfo(major=3, minor=10, micro=4, releaselevel='final', serial=0), 'version_nodot': '310'}) [virtualenv/discovery/py_info.py:435]
py39-sdist-macos: 189369 I proposed PathPythonInfo(spec=CPython3.10.4.final.0-64, system=/home/kalle/.pyenv/versions/3.10.4/bin/python3.10, exe=/home/kalle/projects/opengis/georama/.venv/bin/python3, platform=linux, version='3.10.4 (main, May 23 2024, 22:41:52) [GCC 14.1.1 20240507]', encoding_fs_io=utf-8-utf-8) [virtualenv/discovery/builtin.py:80]
py39-sdist-macos: 189370 D discover PATH[1]=/home/kalle/.nvm/versions/node/v20.18.0/bin [virtualenv/discovery/builtin.py:149]
py39-sdist-macos: 189370 D discover PATH[2]=/home/kalle/.pyenv/shims [virtualenv/discovery/builtin.py:149]
py39-sdist-macos: 189370 I proposed PathPythonInfo(spec=CPython3.10.4.final.0-64, system=/home/kalle/.pyenv/versions/3.10.4/bin/python3, exe=/home/kalle/.pyenv/shims/python3, platform=linux, version='3.10.4 (main, May 23 2024, 22:41:52) [GCC 14.1.1 20240507]', encoding_fs_io=utf-8-utf-8) [virtualenv/discovery/builtin.py:80]
py39-sdist-macos: 189370 D discover PATH[3]=/home/kalle/perl5/bin [virtualenv/discovery/builtin.py:149]
py39-sdist-macos: 189371 D discover PATH[4]=/home/kalle/.local/bin [virtualenv/discovery/builtin.py:149]
py39-sdist-macos: 189371 D discover PATH[5]=/usr/local/sbin [virtualenv/discovery/builtin.py:149]
py39-sdist-macos: 189371 D discover PATH[6]=/usr/local/bin [virtualenv/discovery/builtin.py:149]
py39-sdist-macos: 189371 D discover PATH[7]=/usr/bin [virtualenv/discovery/builtin.py:149]
py39-sdist-macos: 189394 I proposed PathPythonInfo(spec=CPython3.12.7.final.0-64, exe=/usr/bin/python3, platform=linux, version='3.12.7 (main, Oct  1 2024, 11:15:50) [GCC 14.2.1 20240910]', encoding_fs_io=utf-8-utf-8) [virtualenv/discovery/builtin.py:80]
py39-sdist-macos: 189396 D discover PATH[8]=/var/lib/flatpak/exports/bin [virtualenv/discovery/builtin.py:149]
py39-sdist-macos: 189396 D discover PATH[9]=/usr/lib/jvm/default/bin [virtualenv/discovery/builtin.py:149]
py39-sdist-macos: 189396 D discover PATH[10]=/usr/bin/site_perl [virtualenv/discovery/builtin.py:149]
py39-sdist-macos: 189396 D discover PATH[11]=/usr/bin/vendor_perl [virtualenv/discovery/builtin.py:149]
py39-sdist-macos: 189397 D discover PATH[12]=/usr/bin/core_perl [virtualenv/discovery/builtin.py:149]
py39-sdist-macos: 189397 D discover PATH[13]=/home/kalle/.local/share/JetBrains/Toolbox/scripts [virtualenv/discovery/builtin.py:149]
py39-sdist-macos: 189397 E failed with could not find python interpreter matching any of the specs py39 [tox/session/cmd/run/single.py:57]
py39-sdist-macos: FAIL ✖ in 0.03 seconds
py39-sdist-windows: 189403 I find interpreter for spec PythonSpec(major=3, minor=9) [virtualenv/discovery/builtin.py:73]
py39-sdist-windows: 189403 I proposed PythonInfo(spec=CPython3.12.7.final.0-64, exe=/usr/bin/python, platform=linux, version='3.12.7 (main, Oct  1 2024, 11:15:50) [GCC 14.2.1 20240910]', encoding_fs_io=utf-8-utf-8) [virtualenv/discovery/builtin.py:80]
py39-sdist-windows: 189403 D discover PATH[0]=/home/kalle/projects/opengis/georama/.venv/bin [virtualenv/discovery/builtin.py:149]
py39-sdist-windows: 189404 D discover exe from cache /home/kalle/.pyenv/versions/3.10.4 - exact False: PathPythonInfo({'architecture': 64, 'base_exec_prefix': '/home/kalle/.pyenv/versions/3.10.4', 'base_prefix': '/home/kalle/.pyenv/versions/3.10.4', 'distutils_install': {'data': '', 'headers': 'include/python3.10/UNKNOWN', 'platlib': 'lib/python3.10/site-packages', 'purelib': 'lib/python3.10/site-packages', 'scripts': 'bin'}, 'exec_prefix': '/home/kalle/.pyenv/versions/3.10.4', 'executable': '/home/kalle/projects/opengis/georama/.venv/bin/python3', 'file_system_encoding': 'utf-8', 'has_venv': True, 'implementation': 'CPython', 'max_size': 9223372036854775807, 'original_executable': '/home/kalle/.pyenv/versions/3.10.4/bin/python3.10', 'os': 'posix', 'path': ['/usr/lib/python3.12/site-packages/virtualenv/discovery', '/home/kalle/.pyenv/versions/3.10.4/lib/python310.zip', '/home/kalle/.pyenv/versions/3.10.4/lib/python3.10', '/home/kalle/.pyenv/versions/3.10.4/lib/python3.10/lib-dynload', '/home/kalle/.local/lib/python3.10/site-packages', '/home/kalle/.pyenv/versions/3.10.4/lib/python3.10/site-packages'], 'platform': 'linux', 'prefix': '/home/kalle/.pyenv/versions/3.10.4', 'real_prefix': None, 'stdout_encoding': 'utf-8', 'sysconfig': {'makefile_filename': '/home/kalle/.pyenv/versions/3.10.4/lib/python3.10/config-3.10-x86_64-linux-gnu/Makefile'}, 'sysconfig_paths': {'data': '{base}', 'include': '{installed_base}/include/python{py_version_short}{abiflags}', 'platlib': '{platbase}/{platlibdir}/python{py_version_short}/site-packages', 'platstdlib': '{platbase}/{platlibdir}/python{py_version_short}', 'purelib': '{base}/lib/python{py_version_short}/site-packages', 'scripts': '{base}/bin', 'stdlib': '{installed_base}/{platlibdir}/python{py_version_short}'}, 'sysconfig_scheme': None, 'sysconfig_vars': {'PYTHONFRAMEWORK': '', 'abiflags': '', 'base': '/home/kalle/.pyenv/versions/3.10.4', 'installed_base': '/home/kalle/.pyenv/versions/3.10.4', 'platbase': '/home/kalle/.pyenv/versions/3.10.4', 'platlibdir': 'lib', 'py_version_short': '3.10'}, 'system_executable': '/home/kalle/.pyenv/versions/3.10.4/bin/python3.10', 'system_stdlib': '/home/kalle/.pyenv/versions/3.10.4/lib/python3.10', 'system_stdlib_platform': '/home/kalle/.pyenv/versions/3.10.4/lib/python3.10', 'version': '3.10.4 (main, May 23 2024, 22:41:52) [GCC 14.1.1 20240507]', 'version_info': VersionInfo(major=3, minor=10, micro=4, releaselevel='final', serial=0), 'version_nodot': '310'}) [virtualenv/discovery/py_info.py:435]
py39-sdist-windows: 189404 I proposed PathPythonInfo(spec=CPython3.10.4.final.0-64, system=/home/kalle/.pyenv/versions/3.10.4/bin/python3.10, exe=/home/kalle/projects/opengis/georama/.venv/bin/python3, platform=linux, version='3.10.4 (main, May 23 2024, 22:41:52) [GCC 14.1.1 20240507]', encoding_fs_io=utf-8-utf-8) [virtualenv/discovery/builtin.py:80]
py39-sdist-windows: 189404 D discover PATH[1]=/home/kalle/.nvm/versions/node/v20.18.0/bin [virtualenv/discovery/builtin.py:149]
py39-sdist-windows: 189404 D discover PATH[2]=/home/kalle/.pyenv/shims [virtualenv/discovery/builtin.py:149]
py39-sdist-windows: 189405 I proposed PathPythonInfo(spec=CPython3.10.4.final.0-64, system=/home/kalle/.pyenv/versions/3.10.4/bin/python3, exe=/home/kalle/.pyenv/shims/python3, platform=linux, version='3.10.4 (main, May 23 2024, 22:41:52) [GCC 14.1.1 20240507]', encoding_fs_io=utf-8-utf-8) [virtualenv/discovery/builtin.py:80]
py39-sdist-windows: 189405 D discover PATH[3]=/home/kalle/perl5/bin [virtualenv/discovery/builtin.py:149]
py39-sdist-windows: 189405 D discover PATH[4]=/home/kalle/.local/bin [virtualenv/discovery/builtin.py:149]
py39-sdist-windows: 189405 D discover PATH[5]=/usr/local/sbin [virtualenv/discovery/builtin.py:149]
py39-sdist-windows: 189405 D discover PATH[6]=/usr/local/bin [virtualenv/discovery/builtin.py:149]
py39-sdist-windows: 189406 D discover PATH[7]=/usr/bin [virtualenv/discovery/builtin.py:149]
py39-sdist-windows: 189429 I proposed PathPythonInfo(spec=CPython3.12.7.final.0-64, exe=/usr/bin/python3, platform=linux, version='3.12.7 (main, Oct  1 2024, 11:15:50) [GCC 14.2.1 20240910]', encoding_fs_io=utf-8-utf-8) [virtualenv/discovery/builtin.py:80]
py39-sdist-windows: 189430 D discover PATH[8]=/var/lib/flatpak/exports/bin [virtualenv/discovery/builtin.py:149]
py39-sdist-windows: 189431 D discover PATH[9]=/usr/lib/jvm/default/bin [virtualenv/discovery/builtin.py:149]
py39-sdist-windows: 189431 D discover PATH[10]=/usr/bin/site_perl [virtualenv/discovery/builtin.py:149]
py39-sdist-windows: 189431 D discover PATH[11]=/usr/bin/vendor_perl [virtualenv/discovery/builtin.py:149]
py39-sdist-windows: 189431 D discover PATH[12]=/usr/bin/core_perl [virtualenv/discovery/builtin.py:149]
py39-sdist-windows: 189432 D discover PATH[13]=/home/kalle/.local/share/JetBrains/Toolbox/scripts [virtualenv/discovery/builtin.py:149]
py39-sdist-windows: 189432 E failed with could not find python interpreter matching any of the specs py39 [tox/session/cmd/run/single.py:57]
py39-sdist-windows: FAIL ✖ in 0.03 seconds
py39-wheel-linux: 189435 E failed with env name py39-wheel-linux conflicting with base python python3 [tox/session/cmd/run/single.py:57]
py39-wheel-linux: FAIL ✖ in 0 seconds
py39-wheel-macos: 189438 E failed with env name py39-wheel-macos conflicting with base python python3 [tox/session/cmd/run/single.py:57]
py39-wheel-macos: FAIL ✖ in 0 seconds
py39-wheel-windows: 189442 E failed with env name py39-wheel-windows conflicting with base python python3 [tox/session/cmd/run/single.py:57]
py39-wheel-windows: FAIL ✖ in 0 seconds
py38-edit-linux: 189442 E failed with could not find python interpreter matching any of the specs py38 [tox/session/cmd/run/single.py:57]
py38-edit-linux: FAIL ✖ in 0 seconds
py38-edit-macos: 189444 E failed with could not find python interpreter matching any of the specs py38 [tox/session/cmd/run/single.py:57]
py38-edit-macos: FAIL ✖ in 0 seconds
py38-edit-windows: 189445 E failed with could not find python interpreter matching any of the specs py38 [tox/session/cmd/run/single.py:57]
py38-edit-windows: FAIL ✖ in 0 seconds
py38-sdist-linux: 189451 I find interpreter for spec PythonSpec(major=3, minor=8) [virtualenv/discovery/builtin.py:73]
py38-sdist-linux: 189451 I proposed PythonInfo(spec=CPython3.12.7.final.0-64, exe=/usr/bin/python, platform=linux, version='3.12.7 (main, Oct  1 2024, 11:15:50) [GCC 14.2.1 20240910]', encoding_fs_io=utf-8-utf-8) [virtualenv/discovery/builtin.py:80]
py38-sdist-linux: 189451 D discover PATH[0]=/home/kalle/projects/opengis/georama/.venv/bin [virtualenv/discovery/builtin.py:149]
py38-sdist-linux: 189452 D discover exe from cache /home/kalle/.pyenv/versions/3.10.4 - exact False: PathPythonInfo({'architecture': 64, 'base_exec_prefix': '/home/kalle/.pyenv/versions/3.10.4', 'base_prefix': '/home/kalle/.pyenv/versions/3.10.4', 'distutils_install': {'data': '', 'headers': 'include/python3.10/UNKNOWN', 'platlib': 'lib/python3.10/site-packages', 'purelib': 'lib/python3.10/site-packages', 'scripts': 'bin'}, 'exec_prefix': '/home/kalle/.pyenv/versions/3.10.4', 'executable': '/home/kalle/projects/opengis/georama/.venv/bin/python3', 'file_system_encoding': 'utf-8', 'has_venv': True, 'implementation': 'CPython', 'max_size': 9223372036854775807, 'original_executable': '/home/kalle/.pyenv/versions/3.10.4/bin/python3.10', 'os': 'posix', 'path': ['/usr/lib/python3.12/site-packages/virtualenv/discovery', '/home/kalle/.pyenv/versions/3.10.4/lib/python310.zip', '/home/kalle/.pyenv/versions/3.10.4/lib/python3.10', '/home/kalle/.pyenv/versions/3.10.4/lib/python3.10/lib-dynload', '/home/kalle/.local/lib/python3.10/site-packages', '/home/kalle/.pyenv/versions/3.10.4/lib/python3.10/site-packages'], 'platform': 'linux', 'prefix': '/home/kalle/.pyenv/versions/3.10.4', 'real_prefix': None, 'stdout_encoding': 'utf-8', 'sysconfig': {'makefile_filename': '/home/kalle/.pyenv/versions/3.10.4/lib/python3.10/config-3.10-x86_64-linux-gnu/Makefile'}, 'sysconfig_paths': {'data': '{base}', 'include': '{installed_base}/include/python{py_version_short}{abiflags}', 'platlib': '{platbase}/{platlibdir}/python{py_version_short}/site-packages', 'platstdlib': '{platbase}/{platlibdir}/python{py_version_short}', 'purelib': '{base}/lib/python{py_version_short}/site-packages', 'scripts': '{base}/bin', 'stdlib': '{installed_base}/{platlibdir}/python{py_version_short}'}, 'sysconfig_scheme': None, 'sysconfig_vars': {'PYTHONFRAMEWORK': '', 'abiflags': '', 'base': '/home/kalle/.pyenv/versions/3.10.4', 'installed_base': '/home/kalle/.pyenv/versions/3.10.4', 'platbase': '/home/kalle/.pyenv/versions/3.10.4', 'platlibdir': 'lib', 'py_version_short': '3.10'}, 'system_executable': '/home/kalle/.pyenv/versions/3.10.4/bin/python3.10', 'system_stdlib': '/home/kalle/.pyenv/versions/3.10.4/lib/python3.10', 'system_stdlib_platform': '/home/kalle/.pyenv/versions/3.10.4/lib/python3.10', 'version': '3.10.4 (main, May 23 2024, 22:41:52) [GCC 14.1.1 20240507]', 'version_info': VersionInfo(major=3, minor=10, micro=4, releaselevel='final', serial=0), 'version_nodot': '310'}) [virtualenv/discovery/py_info.py:435]
py38-sdist-linux: 189452 I proposed PathPythonInfo(spec=CPython3.10.4.final.0-64, system=/home/kalle/.pyenv/versions/3.10.4/bin/python3.10, exe=/home/kalle/projects/opengis/georama/.venv/bin/python3, platform=linux, version='3.10.4 (main, May 23 2024, 22:41:52) [GCC 14.1.1 20240507]', encoding_fs_io=utf-8-utf-8) [virtualenv/discovery/builtin.py:80]
py38-sdist-linux: 189452 D discover PATH[1]=/home/kalle/.nvm/versions/node/v20.18.0/bin [virtualenv/discovery/builtin.py:149]
py38-sdist-linux: 189452 D discover PATH[2]=/home/kalle/.pyenv/shims [virtualenv/discovery/builtin.py:149]
py38-sdist-linux: 189453 I proposed PathPythonInfo(spec=CPython3.10.4.final.0-64, system=/home/kalle/.pyenv/versions/3.10.4/bin/python3, exe=/home/kalle/.pyenv/shims/python3, platform=linux, version='3.10.4 (main, May 23 2024, 22:41:52) [GCC 14.1.1 20240507]', encoding_fs_io=utf-8-utf-8) [virtualenv/discovery/builtin.py:80]
py38-sdist-linux: 189453 D discover PATH[3]=/home/kalle/perl5/bin [virtualenv/discovery/builtin.py:149]
py38-sdist-linux: 189453 D discover PATH[4]=/home/kalle/.local/bin [virtualenv/discovery/builtin.py:149]
py38-sdist-linux: 189454 D discover PATH[5]=/usr/local/sbin [virtualenv/discovery/builtin.py:149]
py38-sdist-linux: 189454 D discover PATH[6]=/usr/local/bin [virtualenv/discovery/builtin.py:149]
py38-sdist-linux: 189454 D discover PATH[7]=/usr/bin [virtualenv/discovery/builtin.py:149]
py38-sdist-linux: 189476 I proposed PathPythonInfo(spec=CPython3.12.7.final.0-64, exe=/usr/bin/python3, platform=linux, version='3.12.7 (main, Oct  1 2024, 11:15:50) [GCC 14.2.1 20240910]', encoding_fs_io=utf-8-utf-8) [virtualenv/discovery/builtin.py:80]
py38-sdist-linux: 189478 D discover PATH[8]=/var/lib/flatpak/exports/bin [virtualenv/discovery/builtin.py:149]
py38-sdist-linux: 189478 D discover PATH[9]=/usr/lib/jvm/default/bin [virtualenv/discovery/builtin.py:149]
py38-sdist-linux: 189478 D discover PATH[10]=/usr/bin/site_perl [virtualenv/discovery/builtin.py:149]
py38-sdist-linux: 189479 D discover PATH[11]=/usr/bin/vendor_perl [virtualenv/discovery/builtin.py:149]
py38-sdist-linux: 189479 D discover PATH[12]=/usr/bin/core_perl [virtualenv/discovery/builtin.py:149]
py38-sdist-linux: 189479 D discover PATH[13]=/home/kalle/.local/share/JetBrains/Toolbox/scripts [virtualenv/discovery/builtin.py:149]
py38-sdist-linux: 189479 E failed with could not find python interpreter matching any of the specs py38 [tox/session/cmd/run/single.py:57]
py38-sdist-linux: FAIL ✖ in 0.03 seconds
py38-sdist-macos: 189485 I find interpreter for spec PythonSpec(major=3, minor=8) [virtualenv/discovery/builtin.py:73]
py38-sdist-macos: 189486 I proposed PythonInfo(spec=CPython3.12.7.final.0-64, exe=/usr/bin/python, platform=linux, version='3.12.7 (main, Oct  1 2024, 11:15:50) [GCC 14.2.1 20240910]', encoding_fs_io=utf-8-utf-8) [virtualenv/discovery/builtin.py:80]
py38-sdist-macos: 189486 D discover PATH[0]=/home/kalle/projects/opengis/georama/.venv/bin [virtualenv/discovery/builtin.py:149]
py38-sdist-macos: 189486 D discover exe from cache /home/kalle/.pyenv/versions/3.10.4 - exact False: PathPythonInfo({'architecture': 64, 'base_exec_prefix': '/home/kalle/.pyenv/versions/3.10.4', 'base_prefix': '/home/kalle/.pyenv/versions/3.10.4', 'distutils_install': {'data': '', 'headers': 'include/python3.10/UNKNOWN', 'platlib': 'lib/python3.10/site-packages', 'purelib': 'lib/python3.10/site-packages', 'scripts': 'bin'}, 'exec_prefix': '/home/kalle/.pyenv/versions/3.10.4', 'executable': '/home/kalle/projects/opengis/georama/.venv/bin/python3', 'file_system_encoding': 'utf-8', 'has_venv': True, 'implementation': 'CPython', 'max_size': 9223372036854775807, 'original_executable': '/home/kalle/.pyenv/versions/3.10.4/bin/python3.10', 'os': 'posix', 'path': ['/usr/lib/python3.12/site-packages/virtualenv/discovery', '/home/kalle/.pyenv/versions/3.10.4/lib/python310.zip', '/home/kalle/.pyenv/versions/3.10.4/lib/python3.10', '/home/kalle/.pyenv/versions/3.10.4/lib/python3.10/lib-dynload', '/home/kalle/.local/lib/python3.10/site-packages', '/home/kalle/.pyenv/versions/3.10.4/lib/python3.10/site-packages'], 'platform': 'linux', 'prefix': '/home/kalle/.pyenv/versions/3.10.4', 'real_prefix': None, 'stdout_encoding': 'utf-8', 'sysconfig': {'makefile_filename': '/home/kalle/.pyenv/versions/3.10.4/lib/python3.10/config-3.10-x86_64-linux-gnu/Makefile'}, 'sysconfig_paths': {'data': '{base}', 'include': '{installed_base}/include/python{py_version_short}{abiflags}', 'platlib': '{platbase}/{platlibdir}/python{py_version_short}/site-packages', 'platstdlib': '{platbase}/{platlibdir}/python{py_version_short}', 'purelib': '{base}/lib/python{py_version_short}/site-packages', 'scripts': '{base}/bin', 'stdlib': '{installed_base}/{platlibdir}/python{py_version_short}'}, 'sysconfig_scheme': None, 'sysconfig_vars': {'PYTHONFRAMEWORK': '', 'abiflags': '', 'base': '/home/kalle/.pyenv/versions/3.10.4', 'installed_base': '/home/kalle/.pyenv/versions/3.10.4', 'platbase': '/home/kalle/.pyenv/versions/3.10.4', 'platlibdir': 'lib', 'py_version_short': '3.10'}, 'system_executable': '/home/kalle/.pyenv/versions/3.10.4/bin/python3.10', 'system_stdlib': '/home/kalle/.pyenv/versions/3.10.4/lib/python3.10', 'system_stdlib_platform': '/home/kalle/.pyenv/versions/3.10.4/lib/python3.10', 'version': '3.10.4 (main, May 23 2024, 22:41:52) [GCC 14.1.1 20240507]', 'version_info': VersionInfo(major=3, minor=10, micro=4, releaselevel='final', serial=0), 'version_nodot': '310'}) [virtualenv/discovery/py_info.py:435]
py38-sdist-macos: 189486 I proposed PathPythonInfo(spec=CPython3.10.4.final.0-64, system=/home/kalle/.pyenv/versions/3.10.4/bin/python3.10, exe=/home/kalle/projects/opengis/georama/.venv/bin/python3, platform=linux, version='3.10.4 (main, May 23 2024, 22:41:52) [GCC 14.1.1 20240507]', encoding_fs_io=utf-8-utf-8) [virtualenv/discovery/builtin.py:80]
py38-sdist-macos: 189487 D discover PATH[1]=/home/kalle/.nvm/versions/node/v20.18.0/bin [virtualenv/discovery/builtin.py:149]
py38-sdist-macos: 189487 D discover PATH[2]=/home/kalle/.pyenv/shims [virtualenv/discovery/builtin.py:149]
py38-sdist-macos: 189487 I proposed PathPythonInfo(spec=CPython3.10.4.final.0-64, system=/home/kalle/.pyenv/versions/3.10.4/bin/python3, exe=/home/kalle/.pyenv/shims/python3, platform=linux, version='3.10.4 (main, May 23 2024, 22:41:52) [GCC 14.1.1 20240507]', encoding_fs_io=utf-8-utf-8) [virtualenv/discovery/builtin.py:80]
py38-sdist-macos: 189487 D discover PATH[3]=/home/kalle/perl5/bin [virtualenv/discovery/builtin.py:149]
py38-sdist-macos: 189487 D discover PATH[4]=/home/kalle/.local/bin [virtualenv/discovery/builtin.py:149]
py38-sdist-macos: 189488 D discover PATH[5]=/usr/local/sbin [virtualenv/discovery/builtin.py:149]
py38-sdist-macos: 189488 D discover PATH[6]=/usr/local/bin [virtualenv/discovery/builtin.py:149]
py38-sdist-macos: 189488 D discover PATH[7]=/usr/bin [virtualenv/discovery/builtin.py:149]
py38-sdist-macos: 189510 I proposed PathPythonInfo(spec=CPython3.12.7.final.0-64, exe=/usr/bin/python3, platform=linux, version='3.12.7 (main, Oct  1 2024, 11:15:50) [GCC 14.2.1 20240910]', encoding_fs_io=utf-8-utf-8) [virtualenv/discovery/builtin.py:80]
py38-sdist-macos: 189512 D discover PATH[8]=/var/lib/flatpak/exports/bin [virtualenv/discovery/builtin.py:149]
py38-sdist-macos: 189512 D discover PATH[9]=/usr/lib/jvm/default/bin [virtualenv/discovery/builtin.py:149]
py38-sdist-macos: 189512 D discover PATH[10]=/usr/bin/site_perl [virtualenv/discovery/builtin.py:149]
py38-sdist-macos: 189513 D discover PATH[11]=/usr/bin/vendor_perl [virtualenv/discovery/builtin.py:149]
py38-sdist-macos: 189513 D discover PATH[12]=/usr/bin/core_perl [virtualenv/discovery/builtin.py:149]
py38-sdist-macos: 189513 D discover PATH[13]=/home/kalle/.local/share/JetBrains/Toolbox/scripts [virtualenv/discovery/builtin.py:149]
py38-sdist-macos: 189513 E failed with could not find python interpreter matching any of the specs py38 [tox/session/cmd/run/single.py:57]
py38-sdist-macos: FAIL ✖ in 0.03 seconds
py38-sdist-windows: 189519 I find interpreter for spec PythonSpec(major=3, minor=8) [virtualenv/discovery/builtin.py:73]
py38-sdist-windows: 189519 I proposed PythonInfo(spec=CPython3.12.7.final.0-64, exe=/usr/bin/python, platform=linux, version='3.12.7 (main, Oct  1 2024, 11:15:50) [GCC 14.2.1 20240910]', encoding_fs_io=utf-8-utf-8) [virtualenv/discovery/builtin.py:80]
py38-sdist-windows: 189519 D discover PATH[0]=/home/kalle/projects/opengis/georama/.venv/bin [virtualenv/discovery/builtin.py:149]
py38-sdist-windows: 189520 D discover exe from cache /home/kalle/.pyenv/versions/3.10.4 - exact False: PathPythonInfo({'architecture': 64, 'base_exec_prefix': '/home/kalle/.pyenv/versions/3.10.4', 'base_prefix': '/home/kalle/.pyenv/versions/3.10.4', 'distutils_install': {'data': '', 'headers': 'include/python3.10/UNKNOWN', 'platlib': 'lib/python3.10/site-packages', 'purelib': 'lib/python3.10/site-packages', 'scripts': 'bin'}, 'exec_prefix': '/home/kalle/.pyenv/versions/3.10.4', 'executable': '/home/kalle/projects/opengis/georama/.venv/bin/python3', 'file_system_encoding': 'utf-8', 'has_venv': True, 'implementation': 'CPython', 'max_size': 9223372036854775807, 'original_executable': '/home/kalle/.pyenv/versions/3.10.4/bin/python3.10', 'os': 'posix', 'path': ['/usr/lib/python3.12/site-packages/virtualenv/discovery', '/home/kalle/.pyenv/versions/3.10.4/lib/python310.zip', '/home/kalle/.pyenv/versions/3.10.4/lib/python3.10', '/home/kalle/.pyenv/versions/3.10.4/lib/python3.10/lib-dynload', '/home/kalle/.local/lib/python3.10/site-packages', '/home/kalle/.pyenv/versions/3.10.4/lib/python3.10/site-packages'], 'platform': 'linux', 'prefix': '/home/kalle/.pyenv/versions/3.10.4', 'real_prefix': None, 'stdout_encoding': 'utf-8', 'sysconfig': {'makefile_filename': '/home/kalle/.pyenv/versions/3.10.4/lib/python3.10/config-3.10-x86_64-linux-gnu/Makefile'}, 'sysconfig_paths': {'data': '{base}', 'include': '{installed_base}/include/python{py_version_short}{abiflags}', 'platlib': '{platbase}/{platlibdir}/python{py_version_short}/site-packages', 'platstdlib': '{platbase}/{platlibdir}/python{py_version_short}', 'purelib': '{base}/lib/python{py_version_short}/site-packages', 'scripts': '{base}/bin', 'stdlib': '{installed_base}/{platlibdir}/python{py_version_short}'}, 'sysconfig_scheme': None, 'sysconfig_vars': {'PYTHONFRAMEWORK': '', 'abiflags': '', 'base': '/home/kalle/.pyenv/versions/3.10.4', 'installed_base': '/home/kalle/.pyenv/versions/3.10.4', 'platbase': '/home/kalle/.pyenv/versions/3.10.4', 'platlibdir': 'lib', 'py_version_short': '3.10'}, 'system_executable': '/home/kalle/.pyenv/versions/3.10.4/bin/python3.10', 'system_stdlib': '/home/kalle/.pyenv/versions/3.10.4/lib/python3.10', 'system_stdlib_platform': '/home/kalle/.pyenv/versions/3.10.4/lib/python3.10', 'version': '3.10.4 (main, May 23 2024, 22:41:52) [GCC 14.1.1 20240507]', 'version_info': VersionInfo(major=3, minor=10, micro=4, releaselevel='final', serial=0), 'version_nodot': '310'}) [virtualenv/discovery/py_info.py:435]
py38-sdist-windows: 189520 I proposed PathPythonInfo(spec=CPython3.10.4.final.0-64, system=/home/kalle/.pyenv/versions/3.10.4/bin/python3.10, exe=/home/kalle/projects/opengis/georama/.venv/bin/python3, platform=linux, version='3.10.4 (main, May 23 2024, 22:41:52) [GCC 14.1.1 20240507]', encoding_fs_io=utf-8-utf-8) [virtualenv/discovery/builtin.py:80]
py38-sdist-windows: 189520 D discover PATH[1]=/home/kalle/.nvm/versions/node/v20.18.0/bin [virtualenv/discovery/builtin.py:149]
py38-sdist-windows: 189520 D discover PATH[2]=/home/kalle/.pyenv/shims [virtualenv/discovery/builtin.py:149]
py38-sdist-windows: 189521 I proposed PathPythonInfo(spec=CPython3.10.4.final.0-64, system=/home/kalle/.pyenv/versions/3.10.4/bin/python3, exe=/home/kalle/.pyenv/shims/python3, platform=linux, version='3.10.4 (main, May 23 2024, 22:41:52) [GCC 14.1.1 20240507]', encoding_fs_io=utf-8-utf-8) [virtualenv/discovery/builtin.py:80]
py38-sdist-windows: 189521 D discover PATH[3]=/home/kalle/perl5/bin [virtualenv/discovery/builtin.py:149]
py38-sdist-windows: 189521 D discover PATH[4]=/home/kalle/.local/bin [virtualenv/discovery/builtin.py:149]
py38-sdist-windows: 189521 D discover PATH[5]=/usr/local/sbin [virtualenv/discovery/builtin.py:149]
py38-sdist-windows: 189522 D discover PATH[6]=/usr/local/bin [virtualenv/discovery/builtin.py:149]
py38-sdist-windows: 189522 D discover PATH[7]=/usr/bin [virtualenv/discovery/builtin.py:149]
py38-sdist-windows: 189544 I proposed PathPythonInfo(spec=CPython3.12.7.final.0-64, exe=/usr/bin/python3, platform=linux, version='3.12.7 (main, Oct  1 2024, 11:15:50) [GCC 14.2.1 20240910]', encoding_fs_io=utf-8-utf-8) [virtualenv/discovery/builtin.py:80]
py38-sdist-windows: 189545 D discover PATH[8]=/var/lib/flatpak/exports/bin [virtualenv/discovery/builtin.py:149]
py38-sdist-windows: 189546 D discover PATH[9]=/usr/lib/jvm/default/bin [virtualenv/discovery/builtin.py:149]
py38-sdist-windows: 189546 D discover PATH[10]=/usr/bin/site_perl [virtualenv/discovery/builtin.py:149]
py38-sdist-windows: 189546 D discover PATH[11]=/usr/bin/vendor_perl [virtualenv/discovery/builtin.py:149]
py38-sdist-windows: 189546 D discover PATH[12]=/usr/bin/core_perl [virtualenv/discovery/builtin.py:149]
py38-sdist-windows: 189547 D discover PATH[13]=/home/kalle/.local/share/JetBrains/Toolbox/scripts [virtualenv/discovery/builtin.py:149]
py38-sdist-windows: 189547 E failed with could not find python interpreter matching any of the specs py38 [tox/session/cmd/run/single.py:57]
py38-sdist-windows: FAIL ✖ in 0.03 seconds
py38-wheel-linux: 189552 E failed with env name py38-wheel-linux conflicting with base python python3 [tox/session/cmd/run/single.py:57]
py38-wheel-linux: FAIL ✖ in 0 seconds
py38-wheel-macos: 189554 E failed with env name py38-wheel-macos conflicting with base python python3 [tox/session/cmd/run/single.py:57]
py38-wheel-macos: FAIL ✖ in 0 seconds
py38-wheel-windows: 189557 E failed with env name py38-wheel-windows conflicting with base python python3 [tox/session/cmd/run/single.py:57]
py38-wheel-windows: FAIL ✖ in 0 seconds
py37-edit-linux: 189558 E failed with could not find python interpreter matching any of the specs py37 [tox/session/cmd/run/single.py:57]
py37-edit-linux: FAIL ✖ in 0 seconds
py37-edit-macos: 189560 E failed with could not find python interpreter matching any of the specs py37 [tox/session/cmd/run/single.py:57]
py37-edit-macos: FAIL ✖ in 0 seconds
py37-edit-windows: 189561 E failed with could not find python interpreter matching any of the specs py37 [tox/session/cmd/run/single.py:57]
py37-edit-windows: FAIL ✖ in 0 seconds
py37-sdist-linux: 189566 I find interpreter for spec PythonSpec(major=3, minor=7) [virtualenv/discovery/builtin.py:73]
py37-sdist-linux: 189566 I proposed PythonInfo(spec=CPython3.12.7.final.0-64, exe=/usr/bin/python, platform=linux, version='3.12.7 (main, Oct  1 2024, 11:15:50) [GCC 14.2.1 20240910]', encoding_fs_io=utf-8-utf-8) [virtualenv/discovery/builtin.py:80]
py37-sdist-linux: 189567 D discover PATH[0]=/home/kalle/projects/opengis/georama/.venv/bin [virtualenv/discovery/builtin.py:149]
py37-sdist-linux: 189567 D discover exe from cache /home/kalle/.pyenv/versions/3.10.4 - exact False: PathPythonInfo({'architecture': 64, 'base_exec_prefix': '/home/kalle/.pyenv/versions/3.10.4', 'base_prefix': '/home/kalle/.pyenv/versions/3.10.4', 'distutils_install': {'data': '', 'headers': 'include/python3.10/UNKNOWN', 'platlib': 'lib/python3.10/site-packages', 'purelib': 'lib/python3.10/site-packages', 'scripts': 'bin'}, 'exec_prefix': '/home/kalle/.pyenv/versions/3.10.4', 'executable': '/home/kalle/projects/opengis/georama/.venv/bin/python3', 'file_system_encoding': 'utf-8', 'has_venv': True, 'implementation': 'CPython', 'max_size': 9223372036854775807, 'original_executable': '/home/kalle/.pyenv/versions/3.10.4/bin/python3.10', 'os': 'posix', 'path': ['/usr/lib/python3.12/site-packages/virtualenv/discovery', '/home/kalle/.pyenv/versions/3.10.4/lib/python310.zip', '/home/kalle/.pyenv/versions/3.10.4/lib/python3.10', '/home/kalle/.pyenv/versions/3.10.4/lib/python3.10/lib-dynload', '/home/kalle/.local/lib/python3.10/site-packages', '/home/kalle/.pyenv/versions/3.10.4/lib/python3.10/site-packages'], 'platform': 'linux', 'prefix': '/home/kalle/.pyenv/versions/3.10.4', 'real_prefix': None, 'stdout_encoding': 'utf-8', 'sysconfig': {'makefile_filename': '/home/kalle/.pyenv/versions/3.10.4/lib/python3.10/config-3.10-x86_64-linux-gnu/Makefile'}, 'sysconfig_paths': {'data': '{base}', 'include': '{installed_base}/include/python{py_version_short}{abiflags}', 'platlib': '{platbase}/{platlibdir}/python{py_version_short}/site-packages', 'platstdlib': '{platbase}/{platlibdir}/python{py_version_short}', 'purelib': '{base}/lib/python{py_version_short}/site-packages', 'scripts': '{base}/bin', 'stdlib': '{installed_base}/{platlibdir}/python{py_version_short}'}, 'sysconfig_scheme': None, 'sysconfig_vars': {'PYTHONFRAMEWORK': '', 'abiflags': '', 'base': '/home/kalle/.pyenv/versions/3.10.4', 'installed_base': '/home/kalle/.pyenv/versions/3.10.4', 'platbase': '/home/kalle/.pyenv/versions/3.10.4', 'platlibdir': 'lib', 'py_version_short': '3.10'}, 'system_executable': '/home/kalle/.pyenv/versions/3.10.4/bin/python3.10', 'system_stdlib': '/home/kalle/.pyenv/versions/3.10.4/lib/python3.10', 'system_stdlib_platform': '/home/kalle/.pyenv/versions/3.10.4/lib/python3.10', 'version': '3.10.4 (main, May 23 2024, 22:41:52) [GCC 14.1.1 20240507]', 'version_info': VersionInfo(major=3, minor=10, micro=4, releaselevel='final', serial=0), 'version_nodot': '310'}) [virtualenv/discovery/py_info.py:435]
py37-sdist-linux: 189567 I proposed PathPythonInfo(spec=CPython3.10.4.final.0-64, system=/home/kalle/.pyenv/versions/3.10.4/bin/python3.10, exe=/home/kalle/projects/opengis/georama/.venv/bin/python3, platform=linux, version='3.10.4 (main, May 23 2024, 22:41:52) [GCC 14.1.1 20240507]', encoding_fs_io=utf-8-utf-8) [virtualenv/discovery/builtin.py:80]
py37-sdist-linux: 189567 D discover PATH[1]=/home/kalle/.nvm/versions/node/v20.18.0/bin [virtualenv/discovery/builtin.py:149]
py37-sdist-linux: 189568 D discover PATH[2]=/home/kalle/.pyenv/shims [virtualenv/discovery/builtin.py:149]
py37-sdist-linux: 189568 I proposed PathPythonInfo(spec=CPython3.10.4.final.0-64, system=/home/kalle/.pyenv/versions/3.10.4/bin/python3, exe=/home/kalle/.pyenv/shims/python3, platform=linux, version='3.10.4 (main, May 23 2024, 22:41:52) [GCC 14.1.1 20240507]', encoding_fs_io=utf-8-utf-8) [virtualenv/discovery/builtin.py:80]
py37-sdist-linux: 189568 D discover PATH[3]=/home/kalle/perl5/bin [virtualenv/discovery/builtin.py:149]
py37-sdist-linux: 189568 D discover PATH[4]=/home/kalle/.local/bin [virtualenv/discovery/builtin.py:149]
py37-sdist-linux: 189569 D discover PATH[5]=/usr/local/sbin [virtualenv/discovery/builtin.py:149]
py37-sdist-linux: 189569 D discover PATH[6]=/usr/local/bin [virtualenv/discovery/builtin.py:149]
py37-sdist-linux: 189569 D discover PATH[7]=/usr/bin [virtualenv/discovery/builtin.py:149]
py37-sdist-linux: 189592 I proposed PathPythonInfo(spec=CPython3.12.7.final.0-64, exe=/usr/bin/python3, platform=linux, version='3.12.7 (main, Oct  1 2024, 11:15:50) [GCC 14.2.1 20240910]', encoding_fs_io=utf-8-utf-8) [virtualenv/discovery/builtin.py:80]
py37-sdist-linux: 189594 D discover PATH[8]=/var/lib/flatpak/exports/bin [virtualenv/discovery/builtin.py:149]
py37-sdist-linux: 189594 D discover PATH[9]=/usr/lib/jvm/default/bin [virtualenv/discovery/builtin.py:149]
py37-sdist-linux: 189594 D discover PATH[10]=/usr/bin/site_perl [virtualenv/discovery/builtin.py:149]
py37-sdist-linux: 189595 D discover PATH[11]=/usr/bin/vendor_perl [virtualenv/discovery/builtin.py:149]
py37-sdist-linux: 189595 D discover PATH[12]=/usr/bin/core_perl [virtualenv/discovery/builtin.py:149]
py37-sdist-linux: 189595 D discover PATH[13]=/home/kalle/.local/share/JetBrains/Toolbox/scripts [virtualenv/discovery/builtin.py:149]
py37-sdist-linux: 189595 E failed with could not find python interpreter matching any of the specs py37 [tox/session/cmd/run/single.py:57]
py37-sdist-linux: FAIL ✖ in 0.03 seconds
py37-sdist-macos: 189601 I find interpreter for spec PythonSpec(major=3, minor=7) [virtualenv/discovery/builtin.py:73]
py37-sdist-macos: 189601 I proposed PythonInfo(spec=CPython3.12.7.final.0-64, exe=/usr/bin/python, platform=linux, version='3.12.7 (main, Oct  1 2024, 11:15:50) [GCC 14.2.1 20240910]', encoding_fs_io=utf-8-utf-8) [virtualenv/discovery/builtin.py:80]
py37-sdist-macos: 189601 D discover PATH[0]=/home/kalle/projects/opengis/georama/.venv/bin [virtualenv/discovery/builtin.py:149]
py37-sdist-macos: 189602 D discover exe from cache /home/kalle/.pyenv/versions/3.10.4 - exact False: PathPythonInfo({'architecture': 64, 'base_exec_prefix': '/home/kalle/.pyenv/versions/3.10.4', 'base_prefix': '/home/kalle/.pyenv/versions/3.10.4', 'distutils_install': {'data': '', 'headers': 'include/python3.10/UNKNOWN', 'platlib': 'lib/python3.10/site-packages', 'purelib': 'lib/python3.10/site-packages', 'scripts': 'bin'}, 'exec_prefix': '/home/kalle/.pyenv/versions/3.10.4', 'executable': '/home/kalle/projects/opengis/georama/.venv/bin/python3', 'file_system_encoding': 'utf-8', 'has_venv': True, 'implementation': 'CPython', 'max_size': 9223372036854775807, 'original_executable': '/home/kalle/.pyenv/versions/3.10.4/bin/python3.10', 'os': 'posix', 'path': ['/usr/lib/python3.12/site-packages/virtualenv/discovery', '/home/kalle/.pyenv/versions/3.10.4/lib/python310.zip', '/home/kalle/.pyenv/versions/3.10.4/lib/python3.10', '/home/kalle/.pyenv/versions/3.10.4/lib/python3.10/lib-dynload', '/home/kalle/.local/lib/python3.10/site-packages', '/home/kalle/.pyenv/versions/3.10.4/lib/python3.10/site-packages'], 'platform': 'linux', 'prefix': '/home/kalle/.pyenv/versions/3.10.4', 'real_prefix': None, 'stdout_encoding': 'utf-8', 'sysconfig': {'makefile_filename': '/home/kalle/.pyenv/versions/3.10.4/lib/python3.10/config-3.10-x86_64-linux-gnu/Makefile'}, 'sysconfig_paths': {'data': '{base}', 'include': '{installed_base}/include/python{py_version_short}{abiflags}', 'platlib': '{platbase}/{platlibdir}/python{py_version_short}/site-packages', 'platstdlib': '{platbase}/{platlibdir}/python{py_version_short}', 'purelib': '{base}/lib/python{py_version_short}/site-packages', 'scripts': '{base}/bin', 'stdlib': '{installed_base}/{platlibdir}/python{py_version_short}'}, 'sysconfig_scheme': None, 'sysconfig_vars': {'PYTHONFRAMEWORK': '', 'abiflags': '', 'base': '/home/kalle/.pyenv/versions/3.10.4', 'installed_base': '/home/kalle/.pyenv/versions/3.10.4', 'platbase': '/home/kalle/.pyenv/versions/3.10.4', 'platlibdir': 'lib', 'py_version_short': '3.10'}, 'system_executable': '/home/kalle/.pyenv/versions/3.10.4/bin/python3.10', 'system_stdlib': '/home/kalle/.pyenv/versions/3.10.4/lib/python3.10', 'system_stdlib_platform': '/home/kalle/.pyenv/versions/3.10.4/lib/python3.10', 'version': '3.10.4 (main, May 23 2024, 22:41:52) [GCC 14.1.1 20240507]', 'version_info': VersionInfo(major=3, minor=10, micro=4, releaselevel='final', serial=0), 'version_nodot': '310'}) [virtualenv/discovery/py_info.py:435]
py37-sdist-macos: 189602 I proposed PathPythonInfo(spec=CPython3.10.4.final.0-64, system=/home/kalle/.pyenv/versions/3.10.4/bin/python3.10, exe=/home/kalle/projects/opengis/georama/.venv/bin/python3, platform=linux, version='3.10.4 (main, May 23 2024, 22:41:52) [GCC 14.1.1 20240507]', encoding_fs_io=utf-8-utf-8) [virtualenv/discovery/builtin.py:80]
py37-sdist-macos: 189602 D discover PATH[1]=/home/kalle/.nvm/versions/node/v20.18.0/bin [virtualenv/discovery/builtin.py:149]
py37-sdist-macos: 189602 D discover PATH[2]=/home/kalle/.pyenv/shims [virtualenv/discovery/builtin.py:149]
py37-sdist-macos: 189603 I proposed PathPythonInfo(spec=CPython3.10.4.final.0-64, system=/home/kalle/.pyenv/versions/3.10.4/bin/python3, exe=/home/kalle/.pyenv/shims/python3, platform=linux, version='3.10.4 (main, May 23 2024, 22:41:52) [GCC 14.1.1 20240507]', encoding_fs_io=utf-8-utf-8) [virtualenv/discovery/builtin.py:80]
py37-sdist-macos: 189603 D discover PATH[3]=/home/kalle/perl5/bin [virtualenv/discovery/builtin.py:149]
py37-sdist-macos: 189603 D discover PATH[4]=/home/kalle/.local/bin [virtualenv/discovery/builtin.py:149]
py37-sdist-macos: 189604 D discover PATH[5]=/usr/local/sbin [virtualenv/discovery/builtin.py:149]
py37-sdist-macos: 189604 D discover PATH[6]=/usr/local/bin [virtualenv/discovery/builtin.py:149]
py37-sdist-macos: 189604 D discover PATH[7]=/usr/bin [virtualenv/discovery/builtin.py:149]
py37-sdist-macos: 189627 I proposed PathPythonInfo(spec=CPython3.12.7.final.0-64, exe=/usr/bin/python3, platform=linux, version='3.12.7 (main, Oct  1 2024, 11:15:50) [GCC 14.2.1 20240910]', encoding_fs_io=utf-8-utf-8) [virtualenv/discovery/builtin.py:80]
py37-sdist-macos: 189629 D discover PATH[8]=/var/lib/flatpak/exports/bin [virtualenv/discovery/builtin.py:149]
py37-sdist-macos: 189629 D discover PATH[9]=/usr/lib/jvm/default/bin [virtualenv/discovery/builtin.py:149]
py37-sdist-macos: 189629 D discover PATH[10]=/usr/bin/site_perl [virtualenv/discovery/builtin.py:149]
py37-sdist-macos: 189629 D discover PATH[11]=/usr/bin/vendor_perl [virtualenv/discovery/builtin.py:149]
py37-sdist-macos: 189630 D discover PATH[12]=/usr/bin/core_perl [virtualenv/discovery/builtin.py:149]
py37-sdist-macos: 189630 D discover PATH[13]=/home/kalle/.local/share/JetBrains/Toolbox/scripts [virtualenv/discovery/builtin.py:149]
py37-sdist-macos: 189630 E failed with could not find python interpreter matching any of the specs py37 [tox/session/cmd/run/single.py:57]
py37-sdist-macos: FAIL ✖ in 0.04 seconds
py37-sdist-windows: 189636 I find interpreter for spec PythonSpec(major=3, minor=7) [virtualenv/discovery/builtin.py:73]
py37-sdist-windows: 189636 I proposed PythonInfo(spec=CPython3.12.7.final.0-64, exe=/usr/bin/python, platform=linux, version='3.12.7 (main, Oct  1 2024, 11:15:50) [GCC 14.2.1 20240910]', encoding_fs_io=utf-8-utf-8) [virtualenv/discovery/builtin.py:80]
py37-sdist-windows: 189636 D discover PATH[0]=/home/kalle/projects/opengis/georama/.venv/bin [virtualenv/discovery/builtin.py:149]
py37-sdist-windows: 189637 D discover exe from cache /home/kalle/.pyenv/versions/3.10.4 - exact False: PathPythonInfo({'architecture': 64, 'base_exec_prefix': '/home/kalle/.pyenv/versions/3.10.4', 'base_prefix': '/home/kalle/.pyenv/versions/3.10.4', 'distutils_install': {'data': '', 'headers': 'include/python3.10/UNKNOWN', 'platlib': 'lib/python3.10/site-packages', 'purelib': 'lib/python3.10/site-packages', 'scripts': 'bin'}, 'exec_prefix': '/home/kalle/.pyenv/versions/3.10.4', 'executable': '/home/kalle/projects/opengis/georama/.venv/bin/python3', 'file_system_encoding': 'utf-8', 'has_venv': True, 'implementation': 'CPython', 'max_size': 9223372036854775807, 'original_executable': '/home/kalle/.pyenv/versions/3.10.4/bin/python3.10', 'os': 'posix', 'path': ['/usr/lib/python3.12/site-packages/virtualenv/discovery', '/home/kalle/.pyenv/versions/3.10.4/lib/python310.zip', '/home/kalle/.pyenv/versions/3.10.4/lib/python3.10', '/home/kalle/.pyenv/versions/3.10.4/lib/python3.10/lib-dynload', '/home/kalle/.local/lib/python3.10/site-packages', '/home/kalle/.pyenv/versions/3.10.4/lib/python3.10/site-packages'], 'platform': 'linux', 'prefix': '/home/kalle/.pyenv/versions/3.10.4', 'real_prefix': None, 'stdout_encoding': 'utf-8', 'sysconfig': {'makefile_filename': '/home/kalle/.pyenv/versions/3.10.4/lib/python3.10/config-3.10-x86_64-linux-gnu/Makefile'}, 'sysconfig_paths': {'data': '{base}', 'include': '{installed_base}/include/python{py_version_short}{abiflags}', 'platlib': '{platbase}/{platlibdir}/python{py_version_short}/site-packages', 'platstdlib': '{platbase}/{platlibdir}/python{py_version_short}', 'purelib': '{base}/lib/python{py_version_short}/site-packages', 'scripts': '{base}/bin', 'stdlib': '{installed_base}/{platlibdir}/python{py_version_short}'}, 'sysconfig_scheme': None, 'sysconfig_vars': {'PYTHONFRAMEWORK': '', 'abiflags': '', 'base': '/home/kalle/.pyenv/versions/3.10.4', 'installed_base': '/home/kalle/.pyenv/versions/3.10.4', 'platbase': '/home/kalle/.pyenv/versions/3.10.4', 'platlibdir': 'lib', 'py_version_short': '3.10'}, 'system_executable': '/home/kalle/.pyenv/versions/3.10.4/bin/python3.10', 'system_stdlib': '/home/kalle/.pyenv/versions/3.10.4/lib/python3.10', 'system_stdlib_platform': '/home/kalle/.pyenv/versions/3.10.4/lib/python3.10', 'version': '3.10.4 (main, May 23 2024, 22:41:52) [GCC 14.1.1 20240507]', 'version_info': VersionInfo(major=3, minor=10, micro=4, releaselevel='final', serial=0), 'version_nodot': '310'}) [virtualenv/discovery/py_info.py:435]
py37-sdist-windows: 189637 I proposed PathPythonInfo(spec=CPython3.10.4.final.0-64, system=/home/kalle/.pyenv/versions/3.10.4/bin/python3.10, exe=/home/kalle/projects/opengis/georama/.venv/bin/python3, platform=linux, version='3.10.4 (main, May 23 2024, 22:41:52) [GCC 14.1.1 20240507]', encoding_fs_io=utf-8-utf-8) [virtualenv/discovery/builtin.py:80]
py37-sdist-windows: 189637 D discover PATH[1]=/home/kalle/.nvm/versions/node/v20.18.0/bin [virtualenv/discovery/builtin.py:149]
py37-sdist-windows: 189637 D discover PATH[2]=/home/kalle/.pyenv/shims [virtualenv/discovery/builtin.py:149]
py37-sdist-windows: 189638 I proposed PathPythonInfo(spec=CPython3.10.4.final.0-64, system=/home/kalle/.pyenv/versions/3.10.4/bin/python3, exe=/home/kalle/.pyenv/shims/python3, platform=linux, version='3.10.4 (main, May 23 2024, 22:41:52) [GCC 14.1.1 20240507]', encoding_fs_io=utf-8-utf-8) [virtualenv/discovery/builtin.py:80]
py37-sdist-windows: 189638 D discover PATH[3]=/home/kalle/perl5/bin [virtualenv/discovery/builtin.py:149]
py37-sdist-windows: 189638 D discover PATH[4]=/home/kalle/.local/bin [virtualenv/discovery/builtin.py:149]
py37-sdist-windows: 189638 D discover PATH[5]=/usr/local/sbin [virtualenv/discovery/builtin.py:149]
py37-sdist-windows: 189638 D discover PATH[6]=/usr/local/bin [virtualenv/discovery/builtin.py:149]
py37-sdist-windows: 189639 D discover PATH[7]=/usr/bin [virtualenv/discovery/builtin.py:149]
py37-sdist-windows: 189662 I proposed PathPythonInfo(spec=CPython3.12.7.final.0-64, exe=/usr/bin/python3, platform=linux, version='3.12.7 (main, Oct  1 2024, 11:15:50) [GCC 14.2.1 20240910]', encoding_fs_io=utf-8-utf-8) [virtualenv/discovery/builtin.py:80]
py37-sdist-windows: 189663 D discover PATH[8]=/var/lib/flatpak/exports/bin [virtualenv/discovery/builtin.py:149]
py37-sdist-windows: 189664 D discover PATH[9]=/usr/lib/jvm/default/bin [virtualenv/discovery/builtin.py:149]
py37-sdist-windows: 189664 D discover PATH[10]=/usr/bin/site_perl [virtualenv/discovery/builtin.py:149]
py37-sdist-windows: 189664 D discover PATH[11]=/usr/bin/vendor_perl [virtualenv/discovery/builtin.py:149]
py37-sdist-windows: 189664 D discover PATH[12]=/usr/bin/core_perl [virtualenv/discovery/builtin.py:149]
py37-sdist-windows: 189665 D discover PATH[13]=/home/kalle/.local/share/JetBrains/Toolbox/scripts [virtualenv/discovery/builtin.py:149]
py37-sdist-windows: 189665 E failed with could not find python interpreter matching any of the specs py37 [tox/session/cmd/run/single.py:57]
py37-sdist-windows: FAIL ✖ in 0.03 seconds
py37-wheel-linux: 189668 E failed with env name py37-wheel-linux conflicting with base python python3 [tox/session/cmd/run/single.py:57]
py37-wheel-linux: FAIL ✖ in 0 seconds
py37-wheel-macos: 189671 E failed with env name py37-wheel-macos conflicting with base python python3 [tox/session/cmd/run/single.py:57]
py37-wheel-macos: FAIL ✖ in 0 seconds
py37-wheel-windows: 189675 E failed with env name py37-wheel-windows conflicting with base python python3 [tox/session/cmd/run/single.py:57]
py37-wheel-windows: FAIL ✖ in 0 seconds
py36-edit-linux: 189676 E failed with could not find python interpreter matching any of the specs py36 [tox/session/cmd/run/single.py:57]
py36-edit-linux: FAIL ✖ in 0 seconds
py36-edit-macos: 189677 E failed with could not find python interpreter matching any of the specs py36 [tox/session/cmd/run/single.py:57]
py36-edit-macos: FAIL ✖ in 0 seconds
py36-edit-windows: 189679 E failed with could not find python interpreter matching any of the specs py36 [tox/session/cmd/run/single.py:57]
py36-edit-windows: FAIL ✖ in 0 seconds
py36-sdist-linux: 189685 I find interpreter for spec PythonSpec(major=3, minor=6) [virtualenv/discovery/builtin.py:73]
py36-sdist-linux: 189685 I proposed PythonInfo(spec=CPython3.12.7.final.0-64, exe=/usr/bin/python, platform=linux, version='3.12.7 (main, Oct  1 2024, 11:15:50) [GCC 14.2.1 20240910]', encoding_fs_io=utf-8-utf-8) [virtualenv/discovery/builtin.py:80]
py36-sdist-linux: 189685 D discover PATH[0]=/home/kalle/projects/opengis/georama/.venv/bin [virtualenv/discovery/builtin.py:149]
py36-sdist-linux: 189685 D discover exe from cache /home/kalle/.pyenv/versions/3.10.4 - exact False: PathPythonInfo({'architecture': 64, 'base_exec_prefix': '/home/kalle/.pyenv/versions/3.10.4', 'base_prefix': '/home/kalle/.pyenv/versions/3.10.4', 'distutils_install': {'data': '', 'headers': 'include/python3.10/UNKNOWN', 'platlib': 'lib/python3.10/site-packages', 'purelib': 'lib/python3.10/site-packages', 'scripts': 'bin'}, 'exec_prefix': '/home/kalle/.pyenv/versions/3.10.4', 'executable': '/home/kalle/projects/opengis/georama/.venv/bin/python3', 'file_system_encoding': 'utf-8', 'has_venv': True, 'implementation': 'CPython', 'max_size': 9223372036854775807, 'original_executable': '/home/kalle/.pyenv/versions/3.10.4/bin/python3.10', 'os': 'posix', 'path': ['/usr/lib/python3.12/site-packages/virtualenv/discovery', '/home/kalle/.pyenv/versions/3.10.4/lib/python310.zip', '/home/kalle/.pyenv/versions/3.10.4/lib/python3.10', '/home/kalle/.pyenv/versions/3.10.4/lib/python3.10/lib-dynload', '/home/kalle/.local/lib/python3.10/site-packages', '/home/kalle/.pyenv/versions/3.10.4/lib/python3.10/site-packages'], 'platform': 'linux', 'prefix': '/home/kalle/.pyenv/versions/3.10.4', 'real_prefix': None, 'stdout_encoding': 'utf-8', 'sysconfig': {'makefile_filename': '/home/kalle/.pyenv/versions/3.10.4/lib/python3.10/config-3.10-x86_64-linux-gnu/Makefile'}, 'sysconfig_paths': {'data': '{base}', 'include': '{installed_base}/include/python{py_version_short}{abiflags}', 'platlib': '{platbase}/{platlibdir}/python{py_version_short}/site-packages', 'platstdlib': '{platbase}/{platlibdir}/python{py_version_short}', 'purelib': '{base}/lib/python{py_version_short}/site-packages', 'scripts': '{base}/bin', 'stdlib': '{installed_base}/{platlibdir}/python{py_version_short}'}, 'sysconfig_scheme': None, 'sysconfig_vars': {'PYTHONFRAMEWORK': '', 'abiflags': '', 'base': '/home/kalle/.pyenv/versions/3.10.4', 'installed_base': '/home/kalle/.pyenv/versions/3.10.4', 'platbase': '/home/kalle/.pyenv/versions/3.10.4', 'platlibdir': 'lib', 'py_version_short': '3.10'}, 'system_executable': '/home/kalle/.pyenv/versions/3.10.4/bin/python3.10', 'system_stdlib': '/home/kalle/.pyenv/versions/3.10.4/lib/python3.10', 'system_stdlib_platform': '/home/kalle/.pyenv/versions/3.10.4/lib/python3.10', 'version': '3.10.4 (main, May 23 2024, 22:41:52) [GCC 14.1.1 20240507]', 'version_info': VersionInfo(major=3, minor=10, micro=4, releaselevel='final', serial=0), 'version_nodot': '310'}) [virtualenv/discovery/py_info.py:435]
py36-sdist-linux: 189685 I proposed PathPythonInfo(spec=CPython3.10.4.final.0-64, system=/home/kalle/.pyenv/versions/3.10.4/bin/python3.10, exe=/home/kalle/projects/opengis/georama/.venv/bin/python3, platform=linux, version='3.10.4 (main, May 23 2024, 22:41:52) [GCC 14.1.1 20240507]', encoding_fs_io=utf-8-utf-8) [virtualenv/discovery/builtin.py:80]
py36-sdist-linux: 189686 D discover PATH[1]=/home/kalle/.nvm/versions/node/v20.18.0/bin [virtualenv/discovery/builtin.py:149]
py36-sdist-linux: 189686 D discover PATH[2]=/home/kalle/.pyenv/shims [virtualenv/discovery/builtin.py:149]
py36-sdist-linux: 189686 I proposed PathPythonInfo(spec=CPython3.10.4.final.0-64, system=/home/kalle/.pyenv/versions/3.10.4/bin/python3, exe=/home/kalle/.pyenv/shims/python3, platform=linux, version='3.10.4 (main, May 23 2024, 22:41:52) [GCC 14.1.1 20240507]', encoding_fs_io=utf-8-utf-8) [virtualenv/discovery/builtin.py:80]
py36-sdist-linux: 189686 D discover PATH[3]=/home/kalle/perl5/bin [virtualenv/discovery/builtin.py:149]
py36-sdist-linux: 189687 D discover PATH[4]=/home/kalle/.local/bin [virtualenv/discovery/builtin.py:149]
py36-sdist-linux: 189687 D discover PATH[5]=/usr/local/sbin [virtualenv/discovery/builtin.py:149]
py36-sdist-linux: 189687 D discover PATH[6]=/usr/local/bin [virtualenv/discovery/builtin.py:149]
py36-sdist-linux: 189687 D discover PATH[7]=/usr/bin [virtualenv/discovery/builtin.py:149]
py36-sdist-linux: 189710 I proposed PathPythonInfo(spec=CPython3.12.7.final.0-64, exe=/usr/bin/python3, platform=linux, version='3.12.7 (main, Oct  1 2024, 11:15:50) [GCC 14.2.1 20240910]', encoding_fs_io=utf-8-utf-8) [virtualenv/discovery/builtin.py:80]
py36-sdist-linux: 189711 D discover PATH[8]=/var/lib/flatpak/exports/bin [virtualenv/discovery/builtin.py:149]
py36-sdist-linux: 189712 D discover PATH[9]=/usr/lib/jvm/default/bin [virtualenv/discovery/builtin.py:149]
py36-sdist-linux: 189712 D discover PATH[10]=/usr/bin/site_perl [virtualenv/discovery/builtin.py:149]
py36-sdist-linux: 189712 D discover PATH[11]=/usr/bin/vendor_perl [virtualenv/discovery/builtin.py:149]
py36-sdist-linux: 189712 D discover PATH[12]=/usr/bin/core_perl [virtualenv/discovery/builtin.py:149]
py36-sdist-linux: 189712 D discover PATH[13]=/home/kalle/.local/share/JetBrains/Toolbox/scripts [virtualenv/discovery/builtin.py:149]
py36-sdist-linux: 189713 E failed with could not find python interpreter matching any of the specs py36 [tox/session/cmd/run/single.py:57]
py36-sdist-linux: FAIL ✖ in 0.03 seconds
py36-sdist-macos: 189719 I find interpreter for spec PythonSpec(major=3, minor=6) [virtualenv/discovery/builtin.py:73]
py36-sdist-macos: 189719 I proposed PythonInfo(spec=CPython3.12.7.final.0-64, exe=/usr/bin/python, platform=linux, version='3.12.7 (main, Oct  1 2024, 11:15:50) [GCC 14.2.1 20240910]', encoding_fs_io=utf-8-utf-8) [virtualenv/discovery/builtin.py:80]
py36-sdist-macos: 189719 D discover PATH[0]=/home/kalle/projects/opengis/georama/.venv/bin [virtualenv/discovery/builtin.py:149]
py36-sdist-macos: 189720 D discover exe from cache /home/kalle/.pyenv/versions/3.10.4 - exact False: PathPythonInfo({'architecture': 64, 'base_exec_prefix': '/home/kalle/.pyenv/versions/3.10.4', 'base_prefix': '/home/kalle/.pyenv/versions/3.10.4', 'distutils_install': {'data': '', 'headers': 'include/python3.10/UNKNOWN', 'platlib': 'lib/python3.10/site-packages', 'purelib': 'lib/python3.10/site-packages', 'scripts': 'bin'}, 'exec_prefix': '/home/kalle/.pyenv/versions/3.10.4', 'executable': '/home/kalle/projects/opengis/georama/.venv/bin/python3', 'file_system_encoding': 'utf-8', 'has_venv': True, 'implementation': 'CPython', 'max_size': 9223372036854775807, 'original_executable': '/home/kalle/.pyenv/versions/3.10.4/bin/python3.10', 'os': 'posix', 'path': ['/usr/lib/python3.12/site-packages/virtualenv/discovery', '/home/kalle/.pyenv/versions/3.10.4/lib/python310.zip', '/home/kalle/.pyenv/versions/3.10.4/lib/python3.10', '/home/kalle/.pyenv/versions/3.10.4/lib/python3.10/lib-dynload', '/home/kalle/.local/lib/python3.10/site-packages', '/home/kalle/.pyenv/versions/3.10.4/lib/python3.10/site-packages'], 'platform': 'linux', 'prefix': '/home/kalle/.pyenv/versions/3.10.4', 'real_prefix': None, 'stdout_encoding': 'utf-8', 'sysconfig': {'makefile_filename': '/home/kalle/.pyenv/versions/3.10.4/lib/python3.10/config-3.10-x86_64-linux-gnu/Makefile'}, 'sysconfig_paths': {'data': '{base}', 'include': '{installed_base}/include/python{py_version_short}{abiflags}', 'platlib': '{platbase}/{platlibdir}/python{py_version_short}/site-packages', 'platstdlib': '{platbase}/{platlibdir}/python{py_version_short}', 'purelib': '{base}/lib/python{py_version_short}/site-packages', 'scripts': '{base}/bin', 'stdlib': '{installed_base}/{platlibdir}/python{py_version_short}'}, 'sysconfig_scheme': None, 'sysconfig_vars': {'PYTHONFRAMEWORK': '', 'abiflags': '', 'base': '/home/kalle/.pyenv/versions/3.10.4', 'installed_base': '/home/kalle/.pyenv/versions/3.10.4', 'platbase': '/home/kalle/.pyenv/versions/3.10.4', 'platlibdir': 'lib', 'py_version_short': '3.10'}, 'system_executable': '/home/kalle/.pyenv/versions/3.10.4/bin/python3.10', 'system_stdlib': '/home/kalle/.pyenv/versions/3.10.4/lib/python3.10', 'system_stdlib_platform': '/home/kalle/.pyenv/versions/3.10.4/lib/python3.10', 'version': '3.10.4 (main, May 23 2024, 22:41:52) [GCC 14.1.1 20240507]', 'version_info': VersionInfo(major=3, minor=10, micro=4, releaselevel='final', serial=0), 'version_nodot': '310'}) [virtualenv/discovery/py_info.py:435]
py36-sdist-macos: 189720 I proposed PathPythonInfo(spec=CPython3.10.4.final.0-64, system=/home/kalle/.pyenv/versions/3.10.4/bin/python3.10, exe=/home/kalle/projects/opengis/georama/.venv/bin/python3, platform=linux, version='3.10.4 (main, May 23 2024, 22:41:52) [GCC 14.1.1 20240507]', encoding_fs_io=utf-8-utf-8) [virtualenv/discovery/builtin.py:80]
py36-sdist-macos: 189720 D discover PATH[1]=/home/kalle/.nvm/versions/node/v20.18.0/bin [virtualenv/discovery/builtin.py:149]
py36-sdist-macos: 189720 D discover PATH[2]=/home/kalle/.pyenv/shims [virtualenv/discovery/builtin.py:149]
py36-sdist-macos: 189720 I proposed PathPythonInfo(spec=CPython3.10.4.final.0-64, system=/home/kalle/.pyenv/versions/3.10.4/bin/python3, exe=/home/kalle/.pyenv/shims/python3, platform=linux, version='3.10.4 (main, May 23 2024, 22:41:52) [GCC 14.1.1 20240507]', encoding_fs_io=utf-8-utf-8) [virtualenv/discovery/builtin.py:80]
py36-sdist-macos: 189721 D discover PATH[3]=/home/kalle/perl5/bin [virtualenv/discovery/builtin.py:149]
py36-sdist-macos: 189721 D discover PATH[4]=/home/kalle/.local/bin [virtualenv/discovery/builtin.py:149]
py36-sdist-macos: 189721 D discover PATH[5]=/usr/local/sbin [virtualenv/discovery/builtin.py:149]
py36-sdist-macos: 189721 D discover PATH[6]=/usr/local/bin [virtualenv/discovery/builtin.py:149]
py36-sdist-macos: 189721 D discover PATH[7]=/usr/bin [virtualenv/discovery/builtin.py:149]
py36-sdist-macos: 189744 I proposed PathPythonInfo(spec=CPython3.12.7.final.0-64, exe=/usr/bin/python3, platform=linux, version='3.12.7 (main, Oct  1 2024, 11:15:50) [GCC 14.2.1 20240910]', encoding_fs_io=utf-8-utf-8) [virtualenv/discovery/builtin.py:80]
py36-sdist-macos: 189745 D discover PATH[8]=/var/lib/flatpak/exports/bin [virtualenv/discovery/builtin.py:149]
py36-sdist-macos: 189745 D discover PATH[9]=/usr/lib/jvm/default/bin [virtualenv/discovery/builtin.py:149]
py36-sdist-macos: 189746 D discover PATH[10]=/usr/bin/site_perl [virtualenv/discovery/builtin.py:149]
py36-sdist-macos: 189746 D discover PATH[11]=/usr/bin/vendor_perl [virtualenv/discovery/builtin.py:149]
py36-sdist-macos: 189746 D discover PATH[12]=/usr/bin/core_perl [virtualenv/discovery/builtin.py:149]
py36-sdist-macos: 189746 D discover PATH[13]=/home/kalle/.local/share/JetBrains/Toolbox/scripts [virtualenv/discovery/builtin.py:149]
py36-sdist-macos: 189747 E failed with could not find python interpreter matching any of the specs py36 [tox/session/cmd/run/single.py:57]
py36-sdist-macos: FAIL ✖ in 0.03 seconds
py36-sdist-windows: 189753 I find interpreter for spec PythonSpec(major=3, minor=6) [virtualenv/discovery/builtin.py:73]
py36-sdist-windows: 189753 I proposed PythonInfo(spec=CPython3.12.7.final.0-64, exe=/usr/bin/python, platform=linux, version='3.12.7 (main, Oct  1 2024, 11:15:50) [GCC 14.2.1 20240910]', encoding_fs_io=utf-8-utf-8) [virtualenv/discovery/builtin.py:80]
py36-sdist-windows: 189754 D discover PATH[0]=/home/kalle/projects/opengis/georama/.venv/bin [virtualenv/discovery/builtin.py:149]
py36-sdist-windows: 189755 D discover exe from cache /home/kalle/.pyenv/versions/3.10.4 - exact False: PathPythonInfo({'architecture': 64, 'base_exec_prefix': '/home/kalle/.pyenv/versions/3.10.4', 'base_prefix': '/home/kalle/.pyenv/versions/3.10.4', 'distutils_install': {'data': '', 'headers': 'include/python3.10/UNKNOWN', 'platlib': 'lib/python3.10/site-packages', 'purelib': 'lib/python3.10/site-packages', 'scripts': 'bin'}, 'exec_prefix': '/home/kalle/.pyenv/versions/3.10.4', 'executable': '/home/kalle/projects/opengis/georama/.venv/bin/python3', 'file_system_encoding': 'utf-8', 'has_venv': True, 'implementation': 'CPython', 'max_size': 9223372036854775807, 'original_executable': '/home/kalle/.pyenv/versions/3.10.4/bin/python3.10', 'os': 'posix', 'path': ['/usr/lib/python3.12/site-packages/virtualenv/discovery', '/home/kalle/.pyenv/versions/3.10.4/lib/python310.zip', '/home/kalle/.pyenv/versions/3.10.4/lib/python3.10', '/home/kalle/.pyenv/versions/3.10.4/lib/python3.10/lib-dynload', '/home/kalle/.local/lib/python3.10/site-packages', '/home/kalle/.pyenv/versions/3.10.4/lib/python3.10/site-packages'], 'platform': 'linux', 'prefix': '/home/kalle/.pyenv/versions/3.10.4', 'real_prefix': None, 'stdout_encoding': 'utf-8', 'sysconfig': {'makefile_filename': '/home/kalle/.pyenv/versions/3.10.4/lib/python3.10/config-3.10-x86_64-linux-gnu/Makefile'}, 'sysconfig_paths': {'data': '{base}', 'include': '{installed_base}/include/python{py_version_short}{abiflags}', 'platlib': '{platbase}/{platlibdir}/python{py_version_short}/site-packages', 'platstdlib': '{platbase}/{platlibdir}/python{py_version_short}', 'purelib': '{base}/lib/python{py_version_short}/site-packages', 'scripts': '{base}/bin', 'stdlib': '{installed_base}/{platlibdir}/python{py_version_short}'}, 'sysconfig_scheme': None, 'sysconfig_vars': {'PYTHONFRAMEWORK': '', 'abiflags': '', 'base': '/home/kalle/.pyenv/versions/3.10.4', 'installed_base': '/home/kalle/.pyenv/versions/3.10.4', 'platbase': '/home/kalle/.pyenv/versions/3.10.4', 'platlibdir': 'lib', 'py_version_short': '3.10'}, 'system_executable': '/home/kalle/.pyenv/versions/3.10.4/bin/python3.10', 'system_stdlib': '/home/kalle/.pyenv/versions/3.10.4/lib/python3.10', 'system_stdlib_platform': '/home/kalle/.pyenv/versions/3.10.4/lib/python3.10', 'version': '3.10.4 (main, May 23 2024, 22:41:52) [GCC 14.1.1 20240507]', 'version_info': VersionInfo(major=3, minor=10, micro=4, releaselevel='final', serial=0), 'version_nodot': '310'}) [virtualenv/discovery/py_info.py:435]
py36-sdist-windows: 189755 I proposed PathPythonInfo(spec=CPython3.10.4.final.0-64, system=/home/kalle/.pyenv/versions/3.10.4/bin/python3.10, exe=/home/kalle/projects/opengis/georama/.venv/bin/python3, platform=linux, version='3.10.4 (main, May 23 2024, 22:41:52) [GCC 14.1.1 20240507]', encoding_fs_io=utf-8-utf-8) [virtualenv/discovery/builtin.py:80]
py36-sdist-windows: 189755 D discover PATH[1]=/home/kalle/.nvm/versions/node/v20.18.0/bin [virtualenv/discovery/builtin.py:149]
py36-sdist-windows: 189756 D discover PATH[2]=/home/kalle/.pyenv/shims [virtualenv/discovery/builtin.py:149]
py36-sdist-windows: 189756 I proposed PathPythonInfo(spec=CPython3.10.4.final.0-64, system=/home/kalle/.pyenv/versions/3.10.4/bin/python3, exe=/home/kalle/.pyenv/shims/python3, platform=linux, version='3.10.4 (main, May 23 2024, 22:41:52) [GCC 14.1.1 20240507]', encoding_fs_io=utf-8-utf-8) [virtualenv/discovery/builtin.py:80]
py36-sdist-windows: 189756 D discover PATH[3]=/home/kalle/perl5/bin [virtualenv/discovery/builtin.py:149]
py36-sdist-windows: 189756 D discover PATH[4]=/home/kalle/.local/bin [virtualenv/discovery/builtin.py:149]
py36-sdist-windows: 189757 D discover PATH[5]=/usr/local/sbin [virtualenv/discovery/builtin.py:149]
py36-sdist-windows: 189757 D discover PATH[6]=/usr/local/bin [virtualenv/discovery/builtin.py:149]
py36-sdist-windows: 189757 D discover PATH[7]=/usr/bin [virtualenv/discovery/builtin.py:149]
py36-sdist-windows: 189780 I proposed PathPythonInfo(spec=CPython3.12.7.final.0-64, exe=/usr/bin/python3, platform=linux, version='3.12.7 (main, Oct  1 2024, 11:15:50) [GCC 14.2.1 20240910]', encoding_fs_io=utf-8-utf-8) [virtualenv/discovery/builtin.py:80]
py36-sdist-windows: 189781 D discover PATH[8]=/var/lib/flatpak/exports/bin [virtualenv/discovery/builtin.py:149]
py36-sdist-windows: 189782 D discover PATH[9]=/usr/lib/jvm/default/bin [virtualenv/discovery/builtin.py:149]
py36-sdist-windows: 189783 D discover PATH[10]=/usr/bin/site_perl [virtualenv/discovery/builtin.py:149]
py36-sdist-windows: 189783 D discover PATH[11]=/usr/bin/vendor_perl [virtualenv/discovery/builtin.py:149]
py36-sdist-windows: 189783 D discover PATH[12]=/usr/bin/core_perl [virtualenv/discovery/builtin.py:149]
py36-sdist-windows: 189784 D discover PATH[13]=/home/kalle/.local/share/JetBrains/Toolbox/scripts [virtualenv/discovery/builtin.py:149]
py36-sdist-windows: 189784 E failed with could not find python interpreter matching any of the specs py36 [tox/session/cmd/run/single.py:57]
.pkg: 189785 W _exit> python /usr/lib/python3.12/site-packages/pyproject_api/_backend.py True setuptools.build_meta [tox/tox_env/api.py:427]
Backend: run command _exit with args {}
Backend: Wrote response {'return': 0} to /tmp/pep517__exit-q71lx3fg.json
.pkg: 189787 I exit None (0.00 seconds) /home/kalle/projects/opengis/georama> python /usr/lib/python3.12/site-packages/pyproject_api/_backend.py True setuptools.build_meta pid=605052 [tox/execute/api.py:280]
.pkg: 189828 D delete package /home/kalle/projects/opengis/georama/.tox/.tmp/package/4/georama-0.0.1.tar.gz [tox/tox_env/python/virtual_env/package/pyproject.py:206]
.pkg: 189828 D delete package /home/kalle/projects/opengis/georama/.tox/.tmp/package/5/georama-0.0.1.tar.gz [tox/tox_env/python/virtual_env/package/pyproject.py:206]
.pkg: 189828 D delete package /home/kalle/projects/opengis/georama/.tox/.tmp/package/6/georama-0.0.1.tar.gz [tox/tox_env/python/virtual_env/package/pyproject.py:206]
.pkg-cpython310: 189829 W _exit> python /usr/lib/python3.12/site-packages/pyproject_api/_backend.py True setuptools.build_meta [tox/tox_env/api.py:427]
Backend: run command _exit with args {}
Backend: Wrote response {'return': 0} to /tmp/pep517__exit-jwpyamxo.json
.pkg-cpython310: 189831 I exit None (0.00 seconds) /home/kalle/projects/opengis/georama> python /usr/lib/python3.12/site-packages/pyproject_api/_backend.py True setuptools.build_meta pid=602569 [tox/execute/api.py:280]
.pkg-cpython310: 189904 D delete package /home/kalle/projects/opengis/georama/.tox/.tmp/package/2/georama-0.0.1-0.editable-py3-none-any.whl [tox/tox_env/python/virtual_env/package/pyproject.py:206]
.pkg-cpython310: 189904 D delete package /home/kalle/projects/opengis/georama/.tox/.tmp/package/1/georama-0.0.1-0.editable-py3-none-any.whl [tox/tox_env/python/virtual_env/package/pyproject.py:206]
.pkg-cpython310: 189905 D delete package /home/kalle/projects/opengis/georama/.tox/.tmp/package/3/georama-0.0.1-0.editable-py3-none-any.whl [tox/tox_env/python/virtual_env/package/pyproject.py:206]
py36-sdist-windows: FAIL ✖ in 0.16 seconds
py36-wheel-linux: 189908 E failed with env name py36-wheel-linux conflicting with base python python3 [tox/session/cmd/run/single.py:57]
py36-wheel-linux: FAIL ✖ in 0 seconds
py36-wheel-macos: 189911 E failed with env name py36-wheel-macos conflicting with base python python3 [tox/session/cmd/run/single.py:57]
py36-wheel-macos: FAIL ✖ in 0 seconds
py36-wheel-windows: 189914 E failed with env name py36-wheel-windows conflicting with base python python3 [tox/session/cmd/run/single.py:57]
py36-wheel-windows: FAIL ✖ in 0 seconds
coverage: 189919 I find interpreter for spec PythonSpec(path=/usr/bin/python) [virtualenv/discovery/builtin.py:73]
coverage: 189919 I proposed PythonInfo(spec=CPython3.12.7.final.0-64, exe=/usr/bin/python, platform=linux, version='3.12.7 (main, Oct  1 2024, 11:15:50) [GCC 14.2.1 20240910]', encoding_fs_io=utf-8-utf-8) [virtualenv/discovery/builtin.py:80]
coverage: 189919 D accepted PythonInfo(spec=CPython3.12.7.final.0-64, exe=/usr/bin/python, platform=linux, version='3.12.7 (main, Oct  1 2024, 11:15:50) [GCC 14.2.1 20240910]', encoding_fs_io=utf-8-utf-8) [virtualenv/discovery/builtin.py:82]
coverage: 189921 I create virtual environment via CPython3Posix(dest=/home/kalle/projects/opengis/georama/.tox/coverage, clear=False, no_vcs_ignore=False, global=False) [virtualenv/run/session.py:50]
coverage: 189921 D create folder /home/kalle/projects/opengis/georama/.tox/coverage/bin [virtualenv/util/path/_sync.py:12]
coverage: 189922 D create folder /home/kalle/projects/opengis/georama/.tox/coverage/lib/python3.12/site-packages [virtualenv/util/path/_sync.py:12]
coverage: 189922 D write /home/kalle/projects/opengis/georama/.tox/coverage/pyvenv.cfg [virtualenv/create/pyenv_cfg.py:33]
coverage: 189922 D 	home = /usr/bin [virtualenv/create/pyenv_cfg.py:38]
coverage: 189922 D 	implementation = CPython [virtualenv/create/pyenv_cfg.py:38]
coverage: 189922 D 	version_info = 3.12.7.final.0 [virtualenv/create/pyenv_cfg.py:38]
coverage: 189922 D 	virtualenv = 20.27.1 [virtualenv/create/pyenv_cfg.py:38]
coverage: 189922 D 	include-system-site-packages = false [virtualenv/create/pyenv_cfg.py:38]
coverage: 189922 D 	base-prefix = /usr [virtualenv/create/pyenv_cfg.py:38]
coverage: 189923 D 	base-exec-prefix = /usr [virtualenv/create/pyenv_cfg.py:38]
coverage: 189923 D 	base-executable = /usr/bin/python3.12 [virtualenv/create/pyenv_cfg.py:38]
coverage: 189923 D symlink /usr/bin/python to /home/kalle/projects/opengis/georama/.tox/coverage/bin/python [virtualenv/util/path/_sync.py:32]
coverage: 189923 D create virtualenv import hook file /home/kalle/projects/opengis/georama/.tox/coverage/lib/python3.12/site-packages/_virtualenv.pth [virtualenv/create/via_global_ref/api.py:91]
coverage: 189924 D create /home/kalle/projects/opengis/georama/.tox/coverage/lib/python3.12/site-packages/_virtualenv.py [virtualenv/create/via_global_ref/api.py:94]
coverage: 189924 D ============================== target debug ============================== [virtualenv/run/session.py:52]
coverage: 189924 D debug via /home/kalle/projects/opengis/georama/.tox/coverage/bin/python /usr/lib/python3.12/site-packages/virtualenv/create/debug.py [virtualenv/create/creator.py:200]
coverage: 189924 D {
  "sys": {
    "executable": "/home/kalle/projects/opengis/georama/.tox/coverage/bin/python",
    "_base_executable": "/usr/bin/python3.12",
    "prefix": "/home/kalle/projects/opengis/georama/.tox/coverage",
    "base_prefix": "/usr",
    "real_prefix": null,
    "exec_prefix": "/home/kalle/projects/opengis/georama/.tox/coverage",
    "base_exec_prefix": "/usr",
    "path": [
      "/usr/lib/python312.zip",
      "/usr/lib/python3.12",
      "/usr/lib/python3.12/lib-dynload",
      "/home/kalle/projects/opengis/georama/.tox/coverage/lib/python3.12/site-packages"
    ],
    "meta_path": [
      "<class '_virtualenv._Finder'>",
      "<class '_frozen_importlib.BuiltinImporter'>",
      "<class '_frozen_importlib.FrozenImporter'>",
      "<class '_frozen_importlib_external.PathFinder'>"
    ],
    "fs_encoding": "utf-8",
    "io_encoding": "utf-8"
  },
  "version": "3.12.7 (main, Oct  1 2024, 11:15:50) [GCC 14.2.1 20240910]",
  "makefile_filename": "/usr/lib/python3.12/config-3.12-x86_64-linux-gnu/Makefile",
  "os": "<module 'os' (frozen)>",
  "site": "<module 'site' (frozen)>",
  "datetime": "<module 'datetime' from '/usr/lib/python3.12/datetime.py'>",
  "math": "<module 'math' from '/usr/lib/python3.12/lib-dynload/math.cpython-312-x86_64-linux-gnu.so'>",
  "json": "<module 'json' from '/usr/lib/python3.12/json/__init__.py'>"
} [virtualenv/run/session.py:53]
coverage: 189971 I add seed packages via FromAppData(download=False, pip=bundle, via=copy, app_data_dir=/home/kalle/.local/share/virtualenv) [virtualenv/run/session.py:57]
coverage: 189972 D got embed update of distribution %s from ('pip', PosixPath('/home/kalle/.local/share/virtualenv/wheel/3.12/embed/3/pip.json')) [virtualenv/app_data/via_disk_folder.py:131]
coverage: 189973 D install pip from wheel /usr/lib/python3.12/site-packages/virtualenv/seed/wheels/embed/pip-24.3.1-py3-none-any.whl via CopyPipInstall [virtualenv/seed/embed/via_app_data/via_app_data.py:49]
coverage: 189974 D copy directory /home/kalle/.local/share/virtualenv/wheel/3.12/image/1/CopyPipInstall/pip-24.3.1-py3-none-any/pip-24.3.1.dist-info to /home/kalle/projects/opengis/georama/.tox/coverage/lib/python3.12/site-packages/pip-24.3.1.dist-info [virtualenv/util/path/_sync.py:40]
coverage: 189976 D copy directory /home/kalle/.local/share/virtualenv/wheel/3.12/image/1/CopyPipInstall/pip-24.3.1-py3-none-any/pip to /home/kalle/projects/opengis/georama/.tox/coverage/lib/python3.12/site-packages/pip [virtualenv/util/path/_sync.py:40]
coverage: 190052 D copy /home/kalle/.local/share/virtualenv/wheel/3.12/image/1/CopyPipInstall/pip-24.3.1-py3-none-any/pip-24.3.1.virtualenv to /home/kalle/projects/opengis/georama/.tox/coverage/lib/python3.12/site-packages/pip-24.3.1.virtualenv [virtualenv/util/path/_sync.py:40]
coverage: 190053 D generated console scripts pip-3.12 pip3 pip pip3.12 [virtualenv/seed/embed/via_app_data/pip_install/base.py:43]
coverage: 190054 I add activators for Bash, CShell, Fish, Nushell, PowerShell, Python [virtualenv/run/session.py:63]
coverage: 190056 D write /home/kalle/projects/opengis/georama/.tox/coverage/pyvenv.cfg [virtualenv/create/pyenv_cfg.py:33]
coverage: 190057 D 	home = /usr/bin [virtualenv/create/pyenv_cfg.py:38]
coverage: 190057 D 	implementation = CPython [virtualenv/create/pyenv_cfg.py:38]
coverage: 190057 D 	version_info = 3.12.7.final.0 [virtualenv/create/pyenv_cfg.py:38]
coverage: 190057 D 	virtualenv = 20.27.1 [virtualenv/create/pyenv_cfg.py:38]
coverage: 190057 D 	include-system-site-packages = false [virtualenv/create/pyenv_cfg.py:38]
coverage: 190057 D 	base-prefix = /usr [virtualenv/create/pyenv_cfg.py:38]
coverage: 190057 D 	base-exec-prefix = /usr [virtualenv/create/pyenv_cfg.py:38]
coverage: 190057 D 	base-executable = /usr/bin/python3.12 [virtualenv/create/pyenv_cfg.py:38]
coverage: 190060 W install_deps> python -I -m pip install 'coverage[toml]>=5.1' 'diff_cover>=6' [tox/tox_env/api.py:427]
Collecting coverage>=5.1 (from coverage[toml]>=5.1)
  Using cached coverage-7.6.9-cp312-cp312-manylinux_2_5_x86_64.manylinux1_x86_64.manylinux_2_17_x86_64.manylinux2014_x86_64.whl.metadata (8.2 kB)
Collecting diff_cover>=6
  Downloading diff_cover-9.2.0-py3-none-any.whl.metadata (18 kB)
Collecting Jinja2>=2.7.1 (from diff_cover>=6)
  Using cached jinja2-3.1.4-py3-none-any.whl.metadata (2.6 kB)
Collecting Pygments<3.0.0,>=2.9.0 (from diff_cover>=6)
  Using cached pygments-2.18.0-py3-none-any.whl.metadata (2.5 kB)
Collecting chardet>=3.0.0 (from diff_cover>=6)
  Using cached chardet-5.2.0-py3-none-any.whl.metadata (3.4 kB)
Collecting pluggy<2,>=0.13.1 (from diff_cover>=6)
  Using cached pluggy-1.5.0-py3-none-any.whl.metadata (4.8 kB)
Collecting MarkupSafe>=2.0 (from Jinja2>=2.7.1->diff_cover>=6)
  Using cached MarkupSafe-3.0.2-cp312-cp312-manylinux_2_17_x86_64.manylinux2014_x86_64.whl.metadata (4.0 kB)
Using cached coverage-7.6.9-cp312-cp312-manylinux_2_5_x86_64.manylinux1_x86_64.manylinux_2_17_x86_64.manylinux2014_x86_64.whl (239 kB)
Downloading diff_cover-9.2.0-py3-none-any.whl (52 kB)
Using cached chardet-5.2.0-py3-none-any.whl (199 kB)
Using cached jinja2-3.1.4-py3-none-any.whl (133 kB)
Using cached pluggy-1.5.0-py3-none-any.whl (20 kB)
Using cached pygments-2.18.0-py3-none-any.whl (1.2 MB)
Using cached MarkupSafe-3.0.2-cp312-cp312-manylinux_2_17_x86_64.manylinux2014_x86_64.whl (23 kB)
Installing collected packages: Pygments, pluggy, MarkupSafe, coverage, chardet, Jinja2, diff_cover
Successfully installed Jinja2-3.1.4 MarkupSafe-3.0.2 Pygments-2.18.0 chardet-5.2.0 coverage-7.6.9 diff_cover-9.2.0 pluggy-1.5.0
coverage: 194308 I exit 0 (4.25 seconds) /home/kalle/projects/opengis/georama> python -I -m pip install 'coverage[toml]>=5.1' 'diff_cover>=6' pid=607795 [tox/execute/api.py:280]
coverage: 194310 W commands[0]> coverage combine [tox/tox_env/api.py:427]
Combined data file .tox/.coverage.py310-edit-linux
Skipping duplicate data .tox/.coverage.py310-edit-macos
Skipping duplicate data .tox/.coverage.py310-edit-windows
Combined data file .tox/.coverage.py310-sdist-linux
Skipping duplicate data .tox/.coverage.py310-sdist-macos
Skipping duplicate data .tox/.coverage.py310-sdist-windows
coverage: 194500 I exit 0 (0.19 seconds) /home/kalle/projects/opengis/georama> coverage combine pid=607877 [tox/execute/api.py:280]
coverage: 194500 W commands[1]> coverage report --skip-covered --show-missing -i [tox/tox_env/api.py:427]
Name    Stmts   Miss  Cover   Missing
-------------------------------------
TOTAL       4      0   100%

3 files skipped due to complete coverage.
coverage: 194679 I exit 0 (0.18 seconds) /home/kalle/projects/opengis/georama> coverage report --skip-covered --show-missing -i pid=607883 [tox/execute/api.py:280]
coverage: 194680 W commands[2]> coverage xml -o /home/kalle/projects/opengis/georama/.tox/coverage.xml -i [tox/tox_env/api.py:427]
Wrote XML report to /home/kalle/projects/opengis/georama/.tox/coverage.xml
coverage: 194857 I exit 0 (0.18 seconds) /home/kalle/projects/opengis/georama> coverage xml -o /home/kalle/projects/opengis/georama/.tox/coverage.xml -i pid=607889 [tox/execute/api.py:280]
coverage: 194857 W commands[3]> coverage html -d /home/kalle/projects/opengis/georama/.tox/htmlcov -i [tox/tox_env/api.py:427]
Wrote HTML report to /home/kalle/projects/opengis/georama/.tox/htmlcov/index.html
coverage: 195044 I exit 0 (0.19 seconds) /home/kalle/projects/opengis/georama> coverage html -d /home/kalle/projects/opengis/georama/.tox/htmlcov -i pid=607895 [tox/execute/api.py:280]
  py311-edit-linux: FAIL code 1 (0.00 seconds)
  py311-edit-macos: FAIL code 1 (0.00 seconds)
  py311-edit-windows: FAIL code 1 (0.00 seconds)
  py311-sdist-linux: FAIL code 1 (0.02 seconds)
  py311-sdist-macos: FAIL code 1 (0.02 seconds)
  py311-sdist-windows: FAIL code 1 (0.02 seconds)
  py311-wheel-linux: FAIL code 1 (0.00 seconds)
  py311-wheel-macos: FAIL code 1 (0.00 seconds)
  py311-wheel-windows: FAIL code 1 (0.00 seconds)
  py310-edit-linux: FAIL code 1 (33.85=setup[31.53]+cmd[2.32] seconds)
  py310-edit-macos: FAIL code 1 (27.60=setup[25.90]+cmd[1.70] seconds)
  py310-edit-windows: FAIL code 1 (27.10=setup[25.35]+cmd[1.75] seconds)
  py310-sdist-linux: FAIL code 1 (36.66=setup[34.30]+cmd[2.36] seconds)
  py310-sdist-macos: FAIL code 1 (32.00=setup[29.11]+cmd[2.89] seconds)
  py310-sdist-windows: FAIL code 1 (30.94=setup[28.69]+cmd[2.25] seconds)
  py310-wheel-linux: FAIL code 1 (0.00 seconds)
  py310-wheel-macos: FAIL code 1 (0.00 seconds)
  py310-wheel-windows: FAIL code 1 (0.00 seconds)
  py39-edit-linux: FAIL code 1 (0.00 seconds)
  py39-edit-macos: FAIL code 1 (0.00 seconds)
  py39-edit-windows: FAIL code 1 (0.01 seconds)
  py39-sdist-linux: FAIL code 1 (0.04 seconds)
  py39-sdist-macos: FAIL code 1 (0.03 seconds)
  py39-sdist-windows: FAIL code 1 (0.03 seconds)
  py39-wheel-linux: FAIL code 1 (0.00 seconds)
  py39-wheel-macos: FAIL code 1 (0.00 seconds)
  py39-wheel-windows: FAIL code 1 (0.00 seconds)
  py38-edit-linux: FAIL code 1 (0.00 seconds)
  py38-edit-macos: FAIL code 1 (0.00 seconds)
  py38-edit-windows: FAIL code 1 (0.00 seconds)
  py38-sdist-linux: FAIL code 1 (0.03 seconds)
  py38-sdist-macos: FAIL code 1 (0.03 seconds)
  py38-sdist-windows: FAIL code 1 (0.03 seconds)
  py38-wheel-linux: FAIL code 1 (0.00 seconds)
  py38-wheel-macos: FAIL code 1 (0.00 seconds)
  py38-wheel-windows: FAIL code 1 (0.00 seconds)
  py37-edit-linux: FAIL code 1 (0.00 seconds)
  py37-edit-macos: FAIL code 1 (0.00 seconds)
  py37-edit-windows: FAIL code 1 (0.00 seconds)
  py37-sdist-linux: FAIL code 1 (0.03 seconds)
  py37-sdist-macos: FAIL code 1 (0.03 seconds)
  py37-sdist-windows: FAIL code 1 (0.03 seconds)
  py37-wheel-linux: FAIL code 1 (0.00 seconds)
  py37-wheel-macos: FAIL code 1 (0.00 seconds)
  py37-wheel-windows: FAIL code 1 (0.00 seconds)
  py36-edit-linux: FAIL code 1 (0.00 seconds)
  py36-edit-macos: FAIL code 1 (0.00 seconds)
  py36-edit-windows: FAIL code 1 (0.00 seconds)
  py36-sdist-linux: FAIL code 1 (0.03 seconds)
  py36-sdist-macos: FAIL code 1 (0.03 seconds)
  py36-sdist-windows: FAIL code 1 (0.16 seconds)
  py36-wheel-linux: FAIL code 1 (0.00 seconds)
  py36-wheel-macos: FAIL code 1 (0.00 seconds)
  py36-wheel-windows: FAIL code 1 (0.00 seconds)
  coverage: OK (5.13=setup[4.40]+cmd[0.19,0.18,0.18,0.19] seconds)
  evaluation failed :( (194.84 seconds)
